Archive member included because of file (symbol)

.\CortexM3\ARM_GCC_493\Debug\car.a(cyfitter_cfg.o)
                              .\CortexM3\ARM_GCC_493\Debug\Cm3Start.o (cyfitter_cfg)
.\CortexM3\ARM_GCC_493\Debug\car.a(CyBootAsmGnu.o)
                              .\CortexM3\ARM_GCC_493\Debug\car.a(cyfitter_cfg.o) (CyDelayCycles)
.\CortexM3\ARM_GCC_493\Debug\car.a(CyDmac.o)
                              .\CortexM3\ARM_GCC_493\Debug\Cm3Start.o (CyDmacConfigure)
.\CortexM3\ARM_GCC_493\Debug\car.a(CyLib.o)
                              .\CortexM3\ARM_GCC_493\Debug\Cm3Start.o (CyHalt)
.\CortexM3\ARM_GCC_493\Debug\car.a(cyPm.o)
                              .\CortexM3\ARM_GCC_493\Debug\car.a(CyLib.o) (CyPmReadStatus)
.\CortexM3\ARM_GCC_493\Debug\car.a(UART_net.o)
                              .\CortexM3\ARM_GCC_493\Debug\main.o (UART_net_Start)
.\CortexM3\ARM_GCC_493\Debug\car.a(UART_net_IntClock.o)
                              .\CortexM3\ARM_GCC_493\Debug\car.a(UART_net.o) (UART_net_IntClock_Start)
.\CortexM3\ARM_GCC_493\Debug\car.a(isr_tx_net.o)
                              .\CortexM3\ARM_GCC_493\Debug\main.o (isr_tx_net_Start)
.\CortexM3\ARM_GCC_493\Debug\car.a(isr_rx_net.o)
                              .\CortexM3\ARM_GCC_493\Debug\main.o (isr_rx_net_Start)
.\CortexM3\ARM_GCC_493\Debug\car.a(L_IN_1.o)
                              .\CortexM3\ARM_GCC_493\Debug\car.o (L_IN_1_Write)
.\CortexM3\ARM_GCC_493\Debug\car.a(L_IN_2.o)
                              .\CortexM3\ARM_GCC_493\Debug\car.o (L_IN_2_Write)
.\CortexM3\ARM_GCC_493\Debug\car.a(R_IN_1.o)
                              .\CortexM3\ARM_GCC_493\Debug\car.o (R_IN_1_Write)
.\CortexM3\ARM_GCC_493\Debug\car.a(R_IN_2.o)
                              .\CortexM3\ARM_GCC_493\Debug\car.o (R_IN_2_Write)
.\CortexM3\ARM_GCC_493\Debug\car.a(PWM_MOTOR.o)
                              .\CortexM3\ARM_GCC_493\Debug\car.o (PWM_MOTOR_WriteCompare1)
.\CortexM3\ARM_GCC_493\Debug\car.a(Timer_1.o)
                              .\CortexM3\ARM_GCC_493\Debug\main.o (Timer_1_Start)
.\CortexM3\ARM_GCC_493\Debug\car.a(isr_timer.o)
                              .\CortexM3\ARM_GCC_493\Debug\main.o (time_1s_state)
.\CortexM3\ARM_GCC_493\Debug\car.a(UART_JY.o)
                              .\CortexM3\ARM_GCC_493\Debug\main.o (UART_JY_Start)
.\CortexM3\ARM_GCC_493\Debug\car.a(isr_rx_jy.o)
                              .\CortexM3\ARM_GCC_493\Debug\main.o (isr_rx_jy_Start)
.\CortexM3\ARM_GCC_493\Debug\car.a(UART_JY_IntClock.o)
                              .\CortexM3\ARM_GCC_493\Debug\car.a(UART_JY.o) (UART_JY_IntClock_Start)
.\CortexM3\ARM_GCC_493\Debug\car.a(PWM_LED.o)
                              .\CortexM3\ARM_GCC_493\Debug\Transfer.o (PWM_LED_WriteCompare1)
.\CortexM3\ARM_GCC_493\Debug\car.a(PWM_LED_1.o)
                              .\CortexM3\ARM_GCC_493\Debug\Transfer.o (PWM_LED_1_WriteCompare1)
.\CortexM3\ARM_GCC_493\Debug\car.a(PWM_STEERING.o)
                              .\CortexM3\ARM_GCC_493\Debug\main.o (PWM_STEERING_Init)
.\CortexM3\ARM_GCC_493\Debug\car.a(ADC.o)
                              .\CortexM3\ARM_GCC_493\Debug\battery.o (ADC_Start)
.\CortexM3\ARM_GCC_493\Debug\car.a(ADC_INT.o)
                              .\CortexM3\ARM_GCC_493\Debug\car.a(ADC.o) (ADC_ISR)
.\CortexM3\ARM_GCC_493\Debug\car.a(ADC_SAR.o)
                              .\CortexM3\ARM_GCC_493\Debug\car.a(ADC.o) (ADC_SAR_shift)
.\CortexM3\ARM_GCC_493\Debug\car.a(ADC_TempBuf_dma.o)
                              .\CortexM3\ARM_GCC_493\Debug\car.a(ADC.o) (ADC_TempBuf_DmaInitialize)
.\CortexM3\ARM_GCC_493\Debug\car.a(ADC_FinalBuf_dma.o)
                              .\CortexM3\ARM_GCC_493\Debug\car.a(ADC.o) (ADC_FinalBuf_DmaInitialize)
.\CortexM3\ARM_GCC_493\Debug\car.a(ADC_IRQ.o)
                              .\CortexM3\ARM_GCC_493\Debug\car.a(ADC.o) (ADC_IRQ_SetVector)
.\CortexM3\ARM_GCC_493\Debug\car.a(UART_LIDAR.o)
                              .\CortexM3\ARM_GCC_493\Debug\main.o (UART_LIDAR_Start)
.\CortexM3\ARM_GCC_493\Debug\car.a(UART_LIDAR_INT.o)
                              .\CortexM3\ARM_GCC_493\Debug\car.a(UART_LIDAR.o) (UART_LIDAR_RXISR)
.\CortexM3\ARM_GCC_493\Debug\car.a(isr_rx_LIDAR.o)
                              .\CortexM3\ARM_GCC_493\Debug\main.o (isr_rx_LIDAR_Start)
.\CortexM3\ARM_GCC_493\Debug\car.a(UART_LIDAR_IntClock.o)
                              .\CortexM3\ARM_GCC_493\Debug\car.a(UART_LIDAR.o) (UART_LIDAR_IntClock_Start)
.\CortexM3\ARM_GCC_493\Debug\car.a(debug_time.o)
                              .\CortexM3\ARM_GCC_493\Debug\main.o (debug_time_Write)
.\CortexM3\ARM_GCC_493\Debug\car.a(CyFlash.o)
                              .\CortexM3\ARM_GCC_493\Debug\car.a(cyPm.o) (CyFlash_SetWaitCycles)
.\CortexM3\ARM_GCC_493\Debug\car.a(CySpc.o)
                              .\CortexM3\ARM_GCC_493\Debug\car.a(CyFlash.o) (CySpcStart)
c:/program files (x86)/cypress/psoc creator/3.3/psoc creator/import/gnu/arm/4.9.3/bin/../lib/gcc/arm-none-eabi/4.9.3/armv7-m\libgcc.a(_arm_addsubdf3.o)
[...]
Memory Configuration

Name             Origin             Length             Attributes
rom              0x00000000         0x00020000         xr
ram              0x1fffc000         0x00008000         xrw
*default*        0x00000000         0xffffffff

Linker script and memory map

LOAD c:/program files (x86)/cypress/psoc creator/3.3/psoc creator/import/gnu/arm/4.9.3/bin/../lib/gcc/arm-none-eabi/4.9.3/armv7-m/crti.o
LOAD c:/program files (x86)/cypress/psoc creator/3.3/psoc creator/import/gnu/arm/4.9.3/bin/../lib/gcc/arm-none-eabi/4.9.3/armv7-m/crtbegin.o
LOAD c:/program files (x86)/cypress/psoc creator/3.3/psoc creator/import/gnu/arm/4.9.3/bin/../lib/gcc/arm-none-eabi/4.9.3/../../../../arm-none-eabi/lib/armv7-m/crt0.o
START GROUP
LOAD .\CortexM3\ARM_GCC_493\Debug\main.o
LOAD .\CortexM3\ARM_GCC_493\Debug\Transfer.o
LOAD .\CortexM3\ARM_GCC_493\Debug\car.o
LOAD .\CortexM3\ARM_GCC_493\Debug\battery.o
LOAD .\CortexM3\ARM_GCC_493\Debug\Lidar.o
LOAD .\CortexM3\ARM_GCC_493\Debug\cymetadata.o
LOAD .\CortexM3\ARM_GCC_493\Debug\Cm3Start.o
LOAD .\CortexM3\ARM_GCC_493\Debug\car.a
LOAD C:\Program Files (x86)\Cypress\PSoC Creator\3.3\PSoC Creator\psoc\content\cycomponentlibrary\CyComponentLibrary.cylib\CortexM3\ARM_GCC_493\Debug\CyComponentLibrary.a
END GROUP
START GROUP
LOAD c:/program files (x86)/cypress/psoc creator/3.3/psoc creator/import/gnu/arm/4.9.3/bin/../lib/gcc/arm-none-eabi/4.9.3/armv7-m\libgcc.a
LOAD c:/program files (x86)/cypress/psoc creator/3.3/psoc creator/import/gnu/arm/4.9.3/bin/../lib/gcc/arm-none-eabi/4.9.3/../../../../arm-none-eabi/lib/armv7-m\libg_nano.a
LOAD c:/program files (x86)/cypress/psoc creator/3.3/psoc creator/import/gnu/arm/4.9.3/bin/../lib/gcc/arm-none-eabi/4.9.3/../../../../arm-none-eabi/lib/armv7-m\libc_nano.a
END GROUP
START GROUP
LOAD c:/program files (x86)/cypress/psoc creator/3.3/psoc creator/import/gnu/arm/4.9.3/bin/../lib/gcc/arm-none-eabi/4.9.3/armv7-m\libgcc.a
LOAD c:/program files (x86)/cypress/psoc creator/3.3/psoc creator/import/gnu/arm/4.9.3/bin/../lib/gcc/arm-none-eabi/4.9.3/../../../../arm-none-eabi/lib/armv7-m\libc_nano.a
END GROUP
LOAD c:/program files (x86)/cypress/psoc creator/3.3/psoc creator/import/gnu/arm/4.9.3/bin/../lib/gcc/arm-none-eabi/4.9.3/armv7-m/crtend.o
LOAD c:/program files (x86)/cypress/psoc creator/3.3/psoc creator/import/gnu/arm/4.9.3/bin/../lib/gcc/arm-none-eabi/4.9.3/armv7-m/crtn.o
START GROUP
LOAD c:/program files (x86)/cypress/psoc creator/3.3/psoc creator/import/gnu/arm/4.9.3/bin/../lib/gcc/arm-none-eabi/4.9.3/armv7-m\libgcc.a
LOAD c:/program files (x86)/cypress/psoc creator/3.3/psoc creator/import/gnu/arm/4.9.3/bin/../lib/gcc/arm-none-eabi/4.9.3/../../../../arm-none-eabi/lib/armv7-m\libc.a
LOAD c:/program files (x86)/cypress/psoc creator/3.3/psoc creator/import/gnu/arm/4.9.3/bin/../lib/gcc/arm-none-eabi/4.9.3/../../../../arm-none-eabi/lib/armv7-m\libnosys.a
END GROUP
                0x00000000                CY_APPL_ORIGIN = 0x0
                0x00000100                CY_FLASH_ROW_SIZE = 0x100
                0x00000020                CY_ECC_ROW_SIZE = 0x20
                0x00000000                CY_EE_IN_BTLDR = 0x0
                0x00000000                CY_APPL_LOADABLE = 0x0
                0x00000800                CY_EE_SIZE = 0x800
                0x00000001                CY_APPL_NUM = 0x1
                0x00000001                CY_APPL_MAX = 0x1
                0x00000040                CY_METADATA_SIZE = 0x40
                0x00000000                CY_APPL_LOADABLE = 0x0
                0x00000000                CY_CHECKSUM_EXCLUDE_SIZE = ALIGN (0x0, CY_FLASH_ROW_SIZE)
                0x1fffea40                PROVIDE (__cy_heap_start, _end)
                0x00000001                PROVIDE (__cy_region_num, ((__cy_regions_end - __cy_regions) / 0x10))
                0x20004000                PROVIDE (__cy_stack, (ORIGIN (ram) + 0x8000))
                0x20003800                PROVIDE (__cy_heap_end, (__cy_stack - 0x800))

.cybootloader   0x00000000        0x0
 *(.cybootloader)
                0x00000000                appl1_start = CY_APPL_ORIGIN?CY_APPL_ORIGIN:ALIGN (CY_FLASH_ROW_SIZE)
                0x0000ff00                appl2_start = (appl1_start + ALIGN ((((0x20000 - appl1_start) - (0x2 * CY_FLASH_ROW_SIZE)) / 0x2), CY_FLASH_ROW_SIZE))
                0x00000000                appl_start = (CY_APPL_NUM == 0x1)?appl1_start:appl2_start
                0x00000000                ecc_offset = ((appl_start / CY_FLASH_ROW_SIZE) * CY_ECC_ROW_SIZE)
                0x00000000                ee_offset = (CY_APPL_LOADABLE && ! (CY_EE_IN_BTLDR))?((CY_EE_SIZE / CY_APPL_MAX) * (CY_APPL_NUM - 0x1)):0x0
                0x00000800                ee_size = (CY_APPL_LOADABLE && ! (CY_EE_IN_BTLDR))?(CY_EE_SIZE / CY_APPL_MAX):CY_EE_SIZE
                0x00000000                PROVIDE (CY_ECC_OFFSET, ecc_offset)

.text           0x00000000     0x1f06
 CREATE_OBJECT_SYMBOLS
                0x00000000                PROVIDE (__cy_interrupt_vector, RomVectors)
 *(.romvectors)
 .romvectors    0x00000000       0x10 .\CortexM3\ARM_GCC_493\Debug\Cm3Start.o
                0x00000000                RomVectors
                0x00000001                ASSERT ((. != __cy_interrupt_vector), No interrupt vector)
                0x00000001                ASSERT (CY_APPL_ORIGIN?(SIZEOF (.cybootloader) <= CY_APPL_ORIGIN):0x1, Wrong image location)
                0x00000010                PROVIDE (__cy_reset, Reset)
 *(.text.Reset)
 .text.Reset    0x00000010       0x18 .\CortexM3\ARM_GCC_493\Debug\Cm3Start.o
                0x00000010                Reset
                0x00000001                ASSERT ((. != __cy_reset), No reset code)
 *(.dma_init)
                0x00000001                ASSERT ((((appl_start + .) <= 0x10000) || 0x1), DMA Init must be within the first 64k of flash)
 *(.text .text.* .gnu.linkonce.t.*)
 .text          0x00000028       0x5c c:/program files (x86)/cypress/psoc creator/3.3/psoc creator/import/gnu/arm/4.9.3/bin/../lib/gcc/arm-none-eabi/4.9.3/armv7-m/crtbegin.o
 .text.main     0x00000084       0xe8 .\CortexM3\ARM_GCC_493\Debug\main.o
                0x00000084                main
 .text.DT_Send_Data
                0x0000016c        0x8 .\CortexM3\ARM_GCC_493\Debug\Transfer.o
                0x0000016c                DT_Send_Data
 .text.DT_Send_Check
                0x00000174       0x3c .\CortexM3\ARM_GCC_493\Debug\Transfer.o
 .text.DT_Data_Receive_Anl
                0x000001b0      0x1a4 .\CortexM3\ARM_GCC_493\Debug\Transfer.o
                0x000001b0                DT_Data_Receive_Anl
 .text.DT_Data_Receive_Prepare
                0x00000354       0xac .\CortexM3\ARM_GCC_493\Debug\Transfer.o
                0x00000354                DT_Data_Receive_Prepare
 .text.DT_Send_Lidar_normal
                0x00000400       0xa0 .\CortexM3\ARM_GCC_493\Debug\Transfer.o
                0x00000400                DT_Send_Lidar_normal
 .text.Set_Left_Front_Speed_Turn
                0x000004a0       0x38 .\CortexM3\ARM_GCC_493\Debug\car.o
 .text.Set_Left_Behind_Speed_Turn
                0x000004d8       0x38 .\CortexM3\ARM_GCC_493\Debug\car.o
 .text.Set_Right_Behind_Speed_Turn
                0x00000510       0x38 .\CortexM3\ARM_GCC_493\Debug\car.o
 .text.Command_Car_UP
                0x00000548       0x24 .\CortexM3\ARM_GCC_493\Debug\car.o
 .text.Command_Car_Down
                0x0000056c       0x24 .\CortexM3\ARM_GCC_493\Debug\car.o
 .text.Command_Car_Left
                0x00000590       0x28 .\CortexM3\ARM_GCC_493\Debug\car.o
                0x00000590                Command_Car_Left
 .text.Command_Car_Right
                0x000005b8       0x28 .\CortexM3\ARM_GCC_493\Debug\car.o
                0x000005b8                Command_Car_Right
 .text.Command_Car_brake
                0x000005e0       0x24 .\CortexM3\ARM_GCC_493\Debug\car.o
                0x000005e0                Command_Car_brake
 .text.Car_Dir  0x00000604       0x4c .\CortexM3\ARM_GCC_493\Debug\car.o
                0x00000604                Car_Dir
 .text.Control_Car
                0x00000650       0x34 .\CortexM3\ARM_GCC_493\Debug\car.o
                0x00000650                Control_Car
 .text.Monitor_Battery_Init
                0x00000684        0xc .\CortexM3\ARM_GCC_493\Debug\battery.o
                0x00000684                Monitor_Battery_Init
 .text.Get_Battery_ADvalue
                0x00000690       0x4c .\CortexM3\ARM_GCC_493\Debug\battery.o
                0x00000690                Get_Battery_ADvalue
 .text.Lidar_init
                0x000006dc       0x2c .\CortexM3\ARM_GCC_493\Debug\Lidar.o
                0x000006dc                Lidar_init
 .text.Lidar_Normal_Data_Receive_Prepare_4
                0x00000708       0xcc .\CortexM3\ARM_GCC_493\Debug\Lidar.o
                0x00000708                Lidar_Normal_Data_Receive_Prepare_4
 .text.IntDefaultHandler
                0x000007d4        0x4 .\CortexM3\ARM_GCC_493\Debug\Cm3Start.o
                0x000007d4                IntDefaultHandler
 .text.Start_c  0x000007d8       0x4c .\CortexM3\ARM_GCC_493\Debug\Cm3Start.o
                0x000007d8                Start_c
 .text.initialize_psoc
                0x00000824       0x78 .\CortexM3\ARM_GCC_493\Debug\Cm3Start.o
                0x00000824                initialize_psoc
 .text.cfg_write_bytes32
                0x0000089c       0x34 .\CortexM3\ARM_GCC_493\Debug\car.a(cyfitter_cfg.o)
 .text.AnalogSetDefault
                0x000008d0       0x80 .\CortexM3\ARM_GCC_493\Debug\car.a(cyfitter_cfg.o)
 .text.CYMEMZERO
                0x00000950        0xc .\CortexM3\ARM_GCC_493\Debug\car.a(cyfitter_cfg.o)
 .text.ClockSetup
                0x0000095c       0xe4 .\CortexM3\ARM_GCC_493\Debug\car.a(cyfitter_cfg.o)
 .text.CYCONFIGCPY
                0x00000a40        0x8 .\CortexM3\ARM_GCC_493\Debug\car.a(cyfitter_cfg.o)
 .text.cyfitter_cfg
                0x00000a48      0x18c .\CortexM3\ARM_GCC_493\Debug\car.a(cyfitter_cfg.o)
                0x00000a48                cyfitter_cfg
 *fill*         0x00000bd4        0x4 
 .text          0x00000bd8       0x20 .\CortexM3\ARM_GCC_493\Debug\car.a(CyBootAsmGnu.o)
                0x00000bd8                CyDelayCycles
                0x00000be8                CyEnterCriticalSection
                0x00000bf0                CyExitCriticalSection
 .text.CyDmacConfigure
                0x00000bf8       0x34 .\CortexM3\ARM_GCC_493\Debug\car.a(CyDmac.o)
                0x00000bf8                CyDmacConfigure
 .text.CyDmaChEnable
                0x00000c2c       0x38 .\CortexM3\ARM_GCC_493\Debug\car.a(CyDmac.o)
                0x00000c2c                CyDmaChEnable
 .text.CyDmaClearPendingDrq
                0x00000c64       0x28 .\CortexM3\ARM_GCC_493\Debug\car.a(CyDmac.o)
                0x00000c64                CyDmaClearPendingDrq
 .text.CyDmaChPriority
                0x00000c8c       0x24 .\CortexM3\ARM_GCC_493\Debug\car.a(CyDmac.o)
                0x00000c8c                CyDmaChPriority
 .text.CyDmaChSetExtendedAddress
                0x00000cb0       0x34 .\CortexM3\ARM_GCC_493\Debug\car.a(CyDmac.o)
                0x00000cb0                CyDmaChSetExtendedAddress
 .text.CyDmaChSetInitialTd
                0x00000ce4       0x18 .\CortexM3\ARM_GCC_493\Debug\car.a(CyDmac.o)
                0x00000ce4                CyDmaChSetInitialTd
 .text.CyDmaChSetConfiguration
                0x00000cfc       0x48 .\CortexM3\ARM_GCC_493\Debug\car.a(CyDmac.o)
                0x00000cfc                CyDmaChSetConfiguration
 .text.CyDmaTdAllocate
                0x00000d44       0x34 .\CortexM3\ARM_GCC_493\Debug\car.a(CyDmac.o)
                0x00000d44                CyDmaTdAllocate
 .text.CyDmaTdSetConfiguration
                0x00000d78       0x28 .\CortexM3\ARM_GCC_493\Debug\car.a(CyDmac.o)
                0x00000d78                CyDmaTdSetConfiguration
 .text.CyDmaTdSetAddress
                0x00000da0       0x1c .\CortexM3\ARM_GCC_493\Debug\car.a(CyDmac.o)
                0x00000da0                CyDmaTdSetAddress
 .text.CyHalt   0x00000dbc        0x4 .\CortexM3\ARM_GCC_493\Debug\car.a(CyLib.o)
                0x00000dbc                CyHalt
 .text.CyDelay  0x00000dc0       0x2c .\CortexM3\ARM_GCC_493\Debug\car.a(CyLib.o)
                0x00000dc0                CyDelay
 .text.CyDelayUs
                0x00000dec       0x14 .\CortexM3\ARM_GCC_493\Debug\car.a(CyLib.o)
                0x00000dec                CyDelayUs
 .text.CyIntSetVector
                0x00000e00       0x28 .\CortexM3\ARM_GCC_493\Debug\car.a(CyLib.o)
                0x00000e00                CyIntSetVector
 .text.CyIntSetPriority
                0x00000e28       0x30 .\CortexM3\ARM_GCC_493\Debug\car.a(CyLib.o)
                0x00000e28                CyIntSetPriority
 .text.UART_net_Init
                0x00000e58       0x24 .\CortexM3\ARM_GCC_493\Debug\car.a(UART_net.o)
                0x00000e58                UART_net_Init
 .text.UART_net_Enable
                0x00000e7c       0x38 .\CortexM3\ARM_GCC_493\Debug\car.a(UART_net.o)
                0x00000e7c                UART_net_Enable
 .text.UART_net_Start
                0x00000eb4       0x1c .\CortexM3\ARM_GCC_493\Debug\car.a(UART_net.o)
                0x00000eb4                UART_net_Start
 .text.UART_net_GetChar
                0x00000ed0       0x2c .\CortexM3\ARM_GCC_493\Debug\car.a(UART_net.o)
                0x00000ed0                UART_net_GetChar
 .text.UART_net_PutChar
                0x00000efc       0x18 .\CortexM3\ARM_GCC_493\Debug\car.a(UART_net.o)
                0x00000efc                UART_net_PutChar
 .text.UART_net_PutArray
                0x00000f14       0x28 .\CortexM3\ARM_GCC_493\Debug\car.a(UART_net.o)
                0x00000f14                UART_net_PutArray
 .text.UART_net_IntClock_Start
                0x00000f3c       0x1c .\CortexM3\ARM_GCC_493\Debug\car.a(UART_net_IntClock.o)
                0x00000f3c                UART_net_IntClock_Start
 .text.isr_tx_net_Interrupt
                0x00000f58        0x4 .\CortexM3\ARM_GCC_493\Debug\car.a(isr_tx_net.o)
                0x00000f58                isr_tx_net_Interrupt
 .text.isr_tx_net_SetVector
                0x00000f5c        0xc .\CortexM3\ARM_GCC_493\Debug\car.a(isr_tx_net.o)
                0x00000f5c                isr_tx_net_SetVector
 .text.isr_tx_net_SetPriority
                0x00000f68       0x10 .\CortexM3\ARM_GCC_493\Debug\car.a(isr_tx_net.o)
                0x00000f68                isr_tx_net_SetPriority
 .text.isr_tx_net_Enable
                0x00000f78       0x10 .\CortexM3\ARM_GCC_493\Debug\car.a(isr_tx_net.o)
                0x00000f78                isr_tx_net_Enable
 .text.isr_tx_net_Disable
                0x00000f88       0x10 .\CortexM3\ARM_GCC_493\Debug\car.a(isr_tx_net.o)
                0x00000f88                isr_tx_net_Disable
 .text.isr_tx_net_Start
                0x00000f98       0x1c .\CortexM3\ARM_GCC_493\Debug\car.a(isr_tx_net.o)
                0x00000f98                isr_tx_net_Start
 .text.isr_rx_net_Interrupt
                0x00000fb4        0xc .\CortexM3\ARM_GCC_493\Debug\car.a(isr_rx_net.o)
                0x00000fb4                isr_rx_net_Interrupt
 .text.isr_rx_net_SetVector
                0x00000fc0        0xc .\CortexM3\ARM_GCC_493\Debug\car.a(isr_rx_net.o)
                0x00000fc0                isr_rx_net_SetVector
 .text.isr_rx_net_SetPriority
                0x00000fcc       0x10 .\CortexM3\ARM_GCC_493\Debug\car.a(isr_rx_net.o)
                0x00000fcc                isr_rx_net_SetPriority
 .text.isr_rx_net_Enable
                0x00000fdc        0xc .\CortexM3\ARM_GCC_493\Debug\car.a(isr_rx_net.o)
                0x00000fdc                isr_rx_net_Enable
 .text.isr_rx_net_Disable
                0x00000fe8        0xc .\CortexM3\ARM_GCC_493\Debug\car.a(isr_rx_net.o)
                0x00000fe8                isr_rx_net_Disable
 .text.isr_rx_net_Start
                0x00000ff4       0x1c .\CortexM3\ARM_GCC_493\Debug\car.a(isr_rx_net.o)
                0x00000ff4                isr_rx_net_Start
 .text.L_IN_1_Write
                0x00001010       0x18 .\CortexM3\ARM_GCC_493\Debug\car.a(L_IN_1.o)
                0x00001010                L_IN_1_Write
 .text.L_IN_2_Write
                0x00001028       0x18 .\CortexM3\ARM_GCC_493\Debug\car.a(L_IN_2.o)
                0x00001028                L_IN_2_Write
 .text.R_IN_1_Write
                0x00001040       0x18 .\CortexM3\ARM_GCC_493\Debug\car.a(R_IN_1.o)
                0x00001040                R_IN_1_Write
 .text.R_IN_2_Write
                0x00001058       0x18 .\CortexM3\ARM_GCC_493\Debug\car.a(R_IN_2.o)
                0x00001058                R_IN_2_Write
 .text.PWM_MOTOR_Enable
                0x00001070       0x10 .\CortexM3\ARM_GCC_493\Debug\car.a(PWM_MOTOR.o)
                0x00001070                PWM_MOTOR_Enable
 .text.PWM_MOTOR_WriteCounter
                0x00001080        0xc .\CortexM3\ARM_GCC_493\Debug\car.a(PWM_MOTOR.o)
                0x00001080                PWM_MOTOR_WriteCounter
 .text.PWM_MOTOR_WritePeriod
                0x0000108c        0xc .\CortexM3\ARM_GCC_493\Debug\car.a(PWM_MOTOR.o)
                0x0000108c                PWM_MOTOR_WritePeriod
 .text.PWM_MOTOR_WriteCompare1
                0x00001098        0xc .\CortexM3\ARM_GCC_493\Debug\car.a(PWM_MOTOR.o)
                0x00001098                PWM_MOTOR_WriteCompare1
 .text.PWM_MOTOR_WriteCompare2
                0x000010a4        0xc .\CortexM3\ARM_GCC_493\Debug\car.a(PWM_MOTOR.o)
                0x000010a4                PWM_MOTOR_WriteCompare2
 .text.PWM_MOTOR_SetInterruptMode
                0x000010b0        0xc .\CortexM3\ARM_GCC_493\Debug\car.a(PWM_MOTOR.o)
                0x000010b0                PWM_MOTOR_SetInterruptMode
 .text.PWM_MOTOR_ReadStatusRegister
                0x000010bc        0xc .\CortexM3\ARM_GCC_493\Debug\car.a(PWM_MOTOR.o)
                0x000010bc                PWM_MOTOR_ReadStatusRegister
 .text.PWM_MOTOR_ReadCapture
                0x000010c8        0xc .\CortexM3\ARM_GCC_493\Debug\car.a(PWM_MOTOR.o)
                0x000010c8                PWM_MOTOR_ReadCapture
 .text.PWM_MOTOR_ClearFIFO
                0x000010d4       0x14 .\CortexM3\ARM_GCC_493\Debug\car.a(PWM_MOTOR.o)
                0x000010d4                PWM_MOTOR_ClearFIFO
 .text.PWM_MOTOR_Init
                0x000010e8       0x68 .\CortexM3\ARM_GCC_493\Debug\car.a(PWM_MOTOR.o)
                0x000010e8                PWM_MOTOR_Init
 .text.PWM_MOTOR_Start
                0x00001150       0x1c .\CortexM3\ARM_GCC_493\Debug\car.a(PWM_MOTOR.o)
                0x00001150                PWM_MOTOR_Start
 .text.Timer_1_Enable
                0x0000116c       0x28 .\CortexM3\ARM_GCC_493\Debug\car.a(Timer_1.o)
                0x0000116c                Timer_1_Enable
 .text.Timer_1_SetInterruptMode
                0x00001194        0xc .\CortexM3\ARM_GCC_493\Debug\car.a(Timer_1.o)
                0x00001194                Timer_1_SetInterruptMode
 .text.Timer_1_WritePeriod
                0x000011a0        0xc .\CortexM3\ARM_GCC_493\Debug\car.a(Timer_1.o)
                0x000011a0                Timer_1_WritePeriod
 .text.Timer_1_WriteCounter
                0x000011ac        0xc .\CortexM3\ARM_GCC_493\Debug\car.a(Timer_1.o)
                0x000011ac                Timer_1_WriteCounter
 .text.Timer_1_Init
                0x000011b8       0x68 .\CortexM3\ARM_GCC_493\Debug\car.a(Timer_1.o)
                0x000011b8                Timer_1_Init
 .text.Timer_1_Start
                0x00001220       0x1c .\CortexM3\ARM_GCC_493\Debug\car.a(Timer_1.o)
                0x00001220                Timer_1_Start
 .text.isr_timer_Interrupt
                0x0000123c       0x74 .\CortexM3\ARM_GCC_493\Debug\car.a(isr_timer.o)
                0x0000123c                isr_timer_Interrupt
 .text.isr_timer_SetVector
                0x000012b0        0xc .\CortexM3\ARM_GCC_493\Debug\car.a(isr_timer.o)
                0x000012b0                isr_timer_SetVector
 .text.isr_timer_SetPriority
                0x000012bc       0x10 .\CortexM3\ARM_GCC_493\Debug\car.a(isr_timer.o)
                0x000012bc                isr_timer_SetPriority
 .text.isr_timer_Enable
                0x000012cc        0xc .\CortexM3\ARM_GCC_493\Debug\car.a(isr_timer.o)
                0x000012cc                isr_timer_Enable
 .text.isr_timer_Disable
                0x000012d8        0xc .\CortexM3\ARM_GCC_493\Debug\car.a(isr_timer.o)
                0x000012d8                isr_timer_Disable
 .text.isr_timer_Start
                0x000012e4       0x1c .\CortexM3\ARM_GCC_493\Debug\car.a(isr_timer.o)
                0x000012e4                isr_timer_Start
 .text.UART_JY_Init
                0x00001300       0x28 .\CortexM3\ARM_GCC_493\Debug\car.a(UART_JY.o)
                0x00001300                UART_JY_Init
 .text.UART_JY_Enable
                0x00001328       0x38 .\CortexM3\ARM_GCC_493\Debug\car.a(UART_JY.o)
                0x00001328                UART_JY_Enable
 .text.UART_JY_Start
                0x00001360       0x1c .\CortexM3\ARM_GCC_493\Debug\car.a(UART_JY.o)
                0x00001360                UART_JY_Start
 .text.UART_JY_GetChar
                0x0000137c       0x2c .\CortexM3\ARM_GCC_493\Debug\car.a(UART_JY.o)
                0x0000137c                UART_JY_GetChar
 .text.isr_rx_jy_Interrupt
                0x000013a8       0xd4 .\CortexM3\ARM_GCC_493\Debug\car.a(isr_rx_jy.o)
                0x000013a8                isr_rx_jy_Interrupt
 .text.isr_rx_jy_SetVector
                0x0000147c        0xc .\CortexM3\ARM_GCC_493\Debug\car.a(isr_rx_jy.o)
                0x0000147c                isr_rx_jy_SetVector
 .text.isr_rx_jy_SetPriority
                0x00001488       0x10 .\CortexM3\ARM_GCC_493\Debug\car.a(isr_rx_jy.o)
                0x00001488                isr_rx_jy_SetPriority
 .text.isr_rx_jy_Enable
                0x00001498        0xc .\CortexM3\ARM_GCC_493\Debug\car.a(isr_rx_jy.o)
                0x00001498                isr_rx_jy_Enable
 .text.isr_rx_jy_Disable
                0x000014a4        0xc .\CortexM3\ARM_GCC_493\Debug\car.a(isr_rx_jy.o)
                0x000014a4                isr_rx_jy_Disable
 .text.isr_rx_jy_Start
                0x000014b0       0x1c .\CortexM3\ARM_GCC_493\Debug\car.a(isr_rx_jy.o)
                0x000014b0                isr_rx_jy_Start
 .text.UART_JY_IntClock_Start
                0x000014cc       0x1c .\CortexM3\ARM_GCC_493\Debug\car.a(UART_JY_IntClock.o)
                0x000014cc                UART_JY_IntClock_Start
 .text.PWM_LED_Enable
                0x000014e8       0x10 .\CortexM3\ARM_GCC_493\Debug\car.a(PWM_LED.o)
                0x000014e8                PWM_LED_Enable
 .text.PWM_LED_WriteCounter
                0x000014f8        0xc .\CortexM3\ARM_GCC_493\Debug\car.a(PWM_LED.o)
                0x000014f8                PWM_LED_WriteCounter
 .text.PWM_LED_WritePeriod
                0x00001504        0xc .\CortexM3\ARM_GCC_493\Debug\car.a(PWM_LED.o)
                0x00001504                PWM_LED_WritePeriod
 .text.PWM_LED_WriteCompare1
                0x00001510        0xc .\CortexM3\ARM_GCC_493\Debug\car.a(PWM_LED.o)
                0x00001510                PWM_LED_WriteCompare1
 .text.PWM_LED_WriteCompare2
                0x0000151c        0xc .\CortexM3\ARM_GCC_493\Debug\car.a(PWM_LED.o)
                0x0000151c                PWM_LED_WriteCompare2
 .text.PWM_LED_SetInterruptMode
                0x00001528        0xc .\CortexM3\ARM_GCC_493\Debug\car.a(PWM_LED.o)
                0x00001528                PWM_LED_SetInterruptMode
 .text.PWM_LED_ReadStatusRegister
                0x00001534        0xc .\CortexM3\ARM_GCC_493\Debug\car.a(PWM_LED.o)
                0x00001534                PWM_LED_ReadStatusRegister
 .text.PWM_LED_ReadCapture
                0x00001540        0xc .\CortexM3\ARM_GCC_493\Debug\car.a(PWM_LED.o)
                0x00001540                PWM_LED_ReadCapture
 .text.PWM_LED_ClearFIFO
                0x0000154c       0x14 .\CortexM3\ARM_GCC_493\Debug\car.a(PWM_LED.o)
                0x0000154c                PWM_LED_ClearFIFO
 .text.PWM_LED_Init
                0x00001560       0x6c .\CortexM3\ARM_GCC_493\Debug\car.a(PWM_LED.o)
                0x00001560                PWM_LED_Init
 .text.PWM_LED_Start
                0x000015cc       0x1c .\CortexM3\ARM_GCC_493\Debug\car.a(PWM_LED.o)
                0x000015cc                PWM_LED_Start
 .text.PWM_LED_1_Enable
                0x000015e8       0x10 .\CortexM3\ARM_GCC_493\Debug\car.a(PWM_LED_1.o)
                0x000015e8                PWM_LED_1_Enable
 .text.PWM_LED_1_WriteCounter
                0x000015f8        0xc .\CortexM3\ARM_GCC_493\Debug\car.a(PWM_LED_1.o)
                0x000015f8                PWM_LED_1_WriteCounter
 .text.PWM_LED_1_WritePeriod
                0x00001604        0xc .\CortexM3\ARM_GCC_493\Debug\car.a(PWM_LED_1.o)
                0x00001604                PWM_LED_1_WritePeriod
 .text.PWM_LED_1_WriteCompare1
                0x00001610        0xc .\CortexM3\ARM_GCC_493\Debug\car.a(PWM_LED_1.o)
                0x00001610                PWM_LED_1_WriteCompare1
 .text.PWM_LED_1_WriteCompare2
                0x0000161c        0xc .\CortexM3\ARM_GCC_493\Debug\car.a(PWM_LED_1.o)
                0x0000161c                PWM_LED_1_WriteCompare2
 .text.PWM_LED_1_SetInterruptMode
                0x00001628        0xc .\CortexM3\ARM_GCC_493\Debug\car.a(PWM_LED_1.o)
                0x00001628                PWM_LED_1_SetInterruptMode
 .text.PWM_LED_1_ReadStatusRegister
                0x00001634        0xc .\CortexM3\ARM_GCC_493\Debug\car.a(PWM_LED_1.o)
                0x00001634                PWM_LED_1_ReadStatusRegister
 .text.PWM_LED_1_ReadCapture
                0x00001640        0xc .\CortexM3\ARM_GCC_493\Debug\car.a(PWM_LED_1.o)
                0x00001640                PWM_LED_1_ReadCapture
 .text.PWM_LED_1_ClearFIFO
                0x0000164c       0x14 .\CortexM3\ARM_GCC_493\Debug\car.a(PWM_LED_1.o)
                0x0000164c                PWM_LED_1_ClearFIFO
 .text.PWM_LED_1_Init
                0x00001660       0x6c .\CortexM3\ARM_GCC_493\Debug\car.a(PWM_LED_1.o)
                0x00001660                PWM_LED_1_Init
 .text.PWM_LED_1_Start
                0x000016cc       0x1c .\CortexM3\ARM_GCC_493\Debug\car.a(PWM_LED_1.o)
                0x000016cc                PWM_LED_1_Start
 .text.PWM_STEERING_Enable
                0x000016e8       0x10 .\CortexM3\ARM_GCC_493\Debug\car.a(PWM_STEERING.o)
                0x000016e8                PWM_STEERING_Enable
 .text.PWM_STEERING_WriteCounter
                0x000016f8        0xc .\CortexM3\ARM_GCC_493\Debug\car.a(PWM_STEERING.o)
                0x000016f8                PWM_STEERING_WriteCounter
 .text.PWM_STEERING_WritePeriod
                0x00001704        0xc .\CortexM3\ARM_GCC_493\Debug\car.a(PWM_STEERING.o)
                0x00001704                PWM_STEERING_WritePeriod
 .text.PWM_STEERING_WriteCompare1
                0x00001710        0xc .\CortexM3\ARM_GCC_493\Debug\car.a(PWM_STEERING.o)
                0x00001710                PWM_STEERING_WriteCompare1
 .text.PWM_STEERING_WriteCompare2
                0x0000171c        0xc .\CortexM3\ARM_GCC_493\Debug\car.a(PWM_STEERING.o)
                0x0000171c                PWM_STEERING_WriteCompare2
 .text.PWM_STEERING_SetInterruptMode
                0x00001728        0xc .\CortexM3\ARM_GCC_493\Debug\car.a(PWM_STEERING.o)
                0x00001728                PWM_STEERING_SetInterruptMode
 .text.PWM_STEERING_ReadStatusRegister
                0x00001734        0xc .\CortexM3\ARM_GCC_493\Debug\car.a(PWM_STEERING.o)
                0x00001734                PWM_STEERING_ReadStatusRegister
 .text.PWM_STEERING_ReadCapture
                0x00001740        0xc .\CortexM3\ARM_GCC_493\Debug\car.a(PWM_STEERING.o)
                0x00001740                PWM_STEERING_ReadCapture
 .text.PWM_STEERING_ClearFIFO
                0x0000174c       0x14 .\CortexM3\ARM_GCC_493\Debug\car.a(PWM_STEERING.o)
                0x0000174c                PWM_STEERING_ClearFIFO
 .text.PWM_STEERING_Init
                0x00001760       0x68 .\CortexM3\ARM_GCC_493\Debug\car.a(PWM_STEERING.o)
                0x00001760                PWM_STEERING_Init
 .text.PWM_STEERING_Start
                0x000017c8       0x1c .\CortexM3\ARM_GCC_493\Debug\car.a(PWM_STEERING.o)
                0x000017c8                PWM_STEERING_Start
 .text.ADC_Init
                0x000017e4       0x3c .\CortexM3\ARM_GCC_493\Debug\car.a(ADC.o)
                0x000017e4                ADC_Init
 .text.ADC_Enable
                0x00001820       0xcc .\CortexM3\ARM_GCC_493\Debug\car.a(ADC.o)
                0x00001820                ADC_Enable
 .text.ADC_Start
                0x000018ec       0x28 .\CortexM3\ARM_GCC_493\Debug\car.a(ADC.o)
                0x000018ec                ADC_Start
 .text.ADC_StartConvert
                0x00001914        0x8 .\CortexM3\ARM_GCC_493\Debug\car.a(ADC.o)
                0x00001914                ADC_StartConvert
 .text.ADC_GetResult16
                0x0000191c       0x1c .\CortexM3\ARM_GCC_493\Debug\car.a(ADC.o)
                0x0000191c                ADC_GetResult16
 .text.ADC_ISR  0x00001938        0x4 .\CortexM3\ARM_GCC_493\Debug\car.a(ADC_INT.o)
                0x00001938                ADC_ISR
 .text.ADC_SAR_CalcGain
                0x0000193c       0x64 .\CortexM3\ARM_GCC_493\Debug\car.a(ADC_SAR.o)
 .text.ADC_SAR_Enable
                0x000019a0       0x78 .\CortexM3\ARM_GCC_493\Debug\car.a(ADC_SAR.o)
                0x000019a0                ADC_SAR_Enable
 .text.ADC_SAR_SetResolution
                0x00001a18       0x38 .\CortexM3\ARM_GCC_493\Debug\car.a(ADC_SAR.o)
                0x00001a18                ADC_SAR_SetResolution
 .text.ADC_SAR_Init
                0x00001a50       0x24 .\CortexM3\ARM_GCC_493\Debug\car.a(ADC_SAR.o)
                0x00001a50                ADC_SAR_Init
 .text.ADC_SAR_Start
                0x00001a74       0x1c .\CortexM3\ARM_GCC_493\Debug\car.a(ADC_SAR.o)
                0x00001a74                ADC_SAR_Start
 .text.ADC_SAR_StartConvert
                0x00001a90       0x10 .\CortexM3\ARM_GCC_493\Debug\car.a(ADC_SAR.o)
                0x00001a90                ADC_SAR_StartConvert
 .text.ADC_TempBuf_DmaInitialize
                0x00001aa0       0x40 .\CortexM3\ARM_GCC_493\Debug\car.a(ADC_TempBuf_dma.o)
                0x00001aa0                ADC_TempBuf_DmaInitialize
 .text.ADC_FinalBuf_DmaInitialize
                0x00001ae0       0x3c .\CortexM3\ARM_GCC_493\Debug\car.a(ADC_FinalBuf_dma.o)
                0x00001ae0                ADC_FinalBuf_DmaInitialize
 .text.ADC_IRQ_SetVector
                0x00001b1c        0xc .\CortexM3\ARM_GCC_493\Debug\car.a(ADC_IRQ.o)
                0x00001b1c                ADC_IRQ_SetVector
 .text.ADC_IRQ_SetPriority
                0x00001b28       0x10 .\CortexM3\ARM_GCC_493\Debug\car.a(ADC_IRQ.o)
                0x00001b28                ADC_IRQ_SetPriority
 .text.UART_LIDAR_Init
                0x00001b38       0x5c .\CortexM3\ARM_GCC_493\Debug\car.a(UART_LIDAR.o)
                0x00001b38                UART_LIDAR_Init
 .text.UART_LIDAR_Enable
                0x00001b94       0x50 .\CortexM3\ARM_GCC_493\Debug\car.a(UART_LIDAR.o)
                0x00001b94                UART_LIDAR_Enable
 .text.UART_LIDAR_Start
                0x00001be4       0x1c .\CortexM3\ARM_GCC_493\Debug\car.a(UART_LIDAR.o)
                0x00001be4                UART_LIDAR_Start
 .text.UART_LIDAR_GetChar
                0x00001c00       0x80 .\CortexM3\ARM_GCC_493\Debug\car.a(UART_LIDAR.o)
                0x00001c00                UART_LIDAR_GetChar
 .text.UART_LIDAR_PutChar
                0x00001c80       0x70 .\CortexM3\ARM_GCC_493\Debug\car.a(UART_LIDAR.o)
                0x00001c80                UART_LIDAR_PutChar
 .text.UART_LIDAR_PutArray
                0x00001cf0       0x28 .\CortexM3\ARM_GCC_493\Debug\car.a(UART_LIDAR.o)
                0x00001cf0                UART_LIDAR_PutArray
 .text.UART_LIDAR_RXISR
                0x00001d18       0x94 .\CortexM3\ARM_GCC_493\Debug\car.a(UART_LIDAR_INT.o)
                0x00001d18                UART_LIDAR_RXISR
 .text.UART_LIDAR_TXISR
                0x00001dac       0x58 .\CortexM3\ARM_GCC_493\Debug\car.a(UART_LIDAR_INT.o)
                0x00001dac                UART_LIDAR_TXISR
 .text.isr_rx_LIDAR_Interrupt
                0x00001e04        0xc .\CortexM3\ARM_GCC_493\Debug\car.a(isr_rx_LIDAR.o)
                0x00001e04                isr_rx_LIDAR_Interrupt
 .text.isr_rx_LIDAR_SetVector
                0x00001e10        0xc .\CortexM3\ARM_GCC_493\Debug\car.a(isr_rx_LIDAR.o)
                0x00001e10                isr_rx_LIDAR_SetVector
 .text.isr_rx_LIDAR_SetPriority
                0x00001e1c       0x10 .\CortexM3\ARM_GCC_493\Debug\car.a(isr_rx_LIDAR.o)
                0x00001e1c                isr_rx_LIDAR_SetPriority
 .text.isr_rx_LIDAR_Enable
                0x00001e2c        0xc .\CortexM3\ARM_GCC_493\Debug\car.a(isr_rx_LIDAR.o)
                0x00001e2c                isr_rx_LIDAR_Enable
 .text.isr_rx_LIDAR_Disable
                0x00001e38        0xc .\CortexM3\ARM_GCC_493\Debug\car.a(isr_rx_LIDAR.o)
                0x00001e38                isr_rx_LIDAR_Disable
 .text.isr_rx_LIDAR_Start
                0x00001e44       0x1c .\CortexM3\ARM_GCC_493\Debug\car.a(isr_rx_LIDAR.o)
                0x00001e44                isr_rx_LIDAR_Start
 .text.UART_LIDAR_IntClock_Start
                0x00001e60       0x1c .\CortexM3\ARM_GCC_493\Debug\car.a(UART_LIDAR_IntClock.o)
                0x00001e60                UART_LIDAR_IntClock_Start
 .text.debug_time_Write
                0x00001e7c       0x18 .\CortexM3\ARM_GCC_493\Debug\car.a(debug_time.o)
                0x00001e7c                debug_time_Write
 .text.__libc_init_array
                0x00001e94       0x4c c:/program files (x86)/cypress/psoc creator/3.3/psoc creator/import/gnu/arm/4.9.3/bin/../lib/gcc/arm-none-eabi/4.9.3/../../../../arm-none-eabi/lib/armv7-m\libg_nano.a(lib_a-init.o)
                0x00001e94                __libc_init_array
 .text.memcpy   0x00001ee0       0x16 c:/program files (x86)/cypress/psoc creator/3.3/psoc creator/import/gnu/arm/4.9.3/bin/../lib/gcc/arm-none-eabi/4.9.3/../../../../arm-none-eabi/lib/armv7-m\libg_nano.a(lib_a-memcpy.o)
                0x00001ee0                memcpy
 .text.memset   0x00001ef6       0x10 c:/program files (x86)/cypress/psoc creator/3.3/psoc creator/import/gnu/arm/4.9.3/bin/../lib/gcc/arm-none-eabi/4.9.3/../../../../arm-none-eabi/lib/armv7-m\libg_nano.a(lib_a-memset.o)
                0x00001ef6                memset
 *(.plt)
 *(.gnu.warning)
 *(.glue_7t)
 .glue_7t       0x00000000        0x0 linker stubs
 *(.glue_7)
 .glue_7        0x00000000        0x0 linker stubs
 *(.vfp11_veneer)
 .vfp11_veneer  0x00000000        0x0 linker stubs
 *(.bootloader)
 *(.ARM.extab* .gnu.linkonce.armextab.*)
 *(.gcc_except_table)

.v4_bx          0x00001f08        0x0
 .v4_bx         0x00000000        0x0 linker stubs

.iplt           0x00001f08        0x0
 .iplt          0x00000000        0x0 c:/program files (x86)/cypress/psoc creator/3.3/psoc creator/import/gnu/arm/4.9.3/bin/../lib/gcc/arm-none-eabi/4.9.3/armv7-m/crtbegin.o

.eh_frame_hdr
 *(.eh_frame_hdr)

.eh_frame       0x00001f08        0x4
 *(.eh_frame)
 .eh_frame      0x00001f08        0x0 c:/program files (x86)/cypress/psoc creator/3.3/psoc creator/import/gnu/arm/4.9.3/bin/../lib/gcc/arm-none-eabi/4.9.3/armv7-m/crtbegin.o
 .eh_frame      0x00001f08        0x4 c:/program files (x86)/cypress/psoc creator/3.3/psoc creator/import/gnu/arm/4.9.3/bin/../lib/gcc/arm-none-eabi/4.9.3/armv7-m/crtend.o
                0x00001f0c                PROVIDE (__exidx_start, .)

.ARM.exidx
 *(.ARM.exidx* .gnu.linkonce.armexidx.*)
                0x00001f0c                __exidx_end = .

.rodata         0x00001f0c       0x7c
 *(.rodata .rodata.* .gnu.linkonce.r.*)
 .rodata        0x00001f0c       0x44 .\CortexM3\ARM_GCC_493\Debug\car.a(cyfitter_cfg.o)
                0x00001f50                . = ALIGN (0x4)
 *(.init)
 .init          0x00001f50        0x4 c:/program files (x86)/cypress/psoc creator/3.3/psoc creator/import/gnu/arm/4.9.3/bin/../lib/gcc/arm-none-eabi/4.9.3/armv7-m/crti.o
                0x00001f50                _init
 .init          0x00001f54        0x8 c:/program files (x86)/cypress/psoc creator/3.3/psoc creator/import/gnu/arm/4.9.3/bin/../lib/gcc/arm-none-eabi/4.9.3/armv7-m/crtn.o
                0x00001f5c                . = ALIGN (0x4)
                0x00001f5c                __preinit_array_start = .
 *(.preinit_array)
                0x00001f5c                __preinit_array_end = .
                0x00001f5c                . = ALIGN (0x4)
                0x00001f5c                __init_array_start = .
 *(SORT(.init_array.*))
 *(.init_array)
 .init_array    0x00001f5c        0x4 c:/program files (x86)/cypress/psoc creator/3.3/psoc creator/import/gnu/arm/4.9.3/bin/../lib/gcc/arm-none-eabi/4.9.3/armv7-m/crtbegin.o
 .init_array    0x00001f60        0x4 .\CortexM3\ARM_GCC_493\Debug\Cm3Start.o
                0x00001f64                __init_array_end = .
                0x00001f64                . = ALIGN (0x4)
 *(.fini)
 .fini          0x00001f64        0x4 c:/program files (x86)/cypress/psoc creator/3.3/psoc creator/import/gnu/arm/4.9.3/bin/../lib/gcc/arm-none-eabi/4.9.3/armv7-m/crti.o
                0x00001f64                _fini
 .fini          0x00001f68        0x8 c:/program files (x86)/cypress/psoc creator/3.3/psoc creator/import/gnu/arm/4.9.3/bin/../lib/gcc/arm-none-eabi/4.9.3/armv7-m/crtn.o
                0x00001f70                . = ALIGN (0x4)
                0x00001f70                __fini_array_start = .
 *(.fini_array)
 .fini_array    0x00001f70        0x4 c:/program files (x86)/cypress/psoc creator/3.3/psoc creator/import/gnu/arm/4.9.3/bin/../lib/gcc/arm-none-eabi/4.9.3/armv7-m/crtbegin.o
 *(SORT(.fini_array.*))
                0x00001f74                __fini_array_end = .
                0x00001f74                . = ALIGN (0x4)
 *crtbegin.o(.ctors)
 *(EXCLUDE_FILE(*crtend.o) .ctors)
 *(SORT(.ctors.*))
 *crtend.o(.ctors)
                0x00001f74                . = ALIGN (0x4)
 *crtbegin.o(.dtors)
 *(EXCLUDE_FILE(*crtend.o) .dtors)
 *(SORT(.dtors.*))
 *crtend.o(.dtors)
                0x00001f74                . = ALIGN (0x4)
                0x00001f74                __cy_regions = .
                0x00001f74        0x4 LONG 0x1f88 __cy_region_init_ram
                0x00001f78        0x4 LONG 0x1fffc108 __cy_region_start_data
                0x00001f7c        0x4 LONG 0x40 __cy_region_init_size_ram
                0x00001f80        0x4 LONG 0x28f8 __cy_region_zero_size_ram
                0x00001f84                __cy_regions_end = .
                0x00001f88                . = ALIGN (0x8)
 *fill*         0x00001f84        0x4 
                0x00001f88                _etext = .

.cy_checksum_exclude
                0x00001f88        0x0
 *(.cy_checksum_exclude)

.ramvectors     0x1fffc000      0x100
                0x1fffc000                __cy_region_start_ram = .
 *(.ramvectors)
 .ramvectors    0x1fffc000      0x100 .\CortexM3\ARM_GCC_493\Debug\Cm3Start.o
                0x1fffc000                CyRamVectors

.noinit         0x1fffc100        0x5
 *(.noinit)
 .noinit        0x1fffc100        0x4 .\CortexM3\ARM_GCC_493\Debug\Cm3Start.o
 .noinit        0x1fffc104        0x1 .\CortexM3\ARM_GCC_493\Debug\car.a(CyLib.o)
                0x1fffc104                CyResetStatus

.data           0x1fffc108       0x40 load address 0x00001f88
                0x1fffc108                __cy_region_start_data = .
 *(.jcr)
 .jcr           0x1fffc108        0x0 c:/program files (x86)/cypress/psoc creator/3.3/psoc creator/import/gnu/arm/4.9.3/bin/../lib/gcc/arm-none-eabi/4.9.3/armv7-m/crtbegin.o
 .jcr           0x1fffc108        0x4 c:/program files (x86)/cypress/psoc creator/3.3/psoc creator/import/gnu/arm/4.9.3/bin/../lib/gcc/arm-none-eabi/4.9.3/armv7-m/crtend.o
 *(.got.plt)
 *(.got)
 *(.shdata)
 *(.data .data.* .gnu.linkonce.d.*)
 .data          0x1fffc10c       0x1c .\CortexM3\ARM_GCC_493\Debug\Lidar.o
                0x1fffc10c                NORMAL_SCAN
                0x1fffc110                GET_HEALTH
                0x1fffc114                EXPRESS_SCAN
                0x1fffc120                arrtest
 .data          0x1fffc128        0x8 .\CortexM3\ARM_GCC_493\Debug\car.a(CyDmac.o)
 .data          0x1fffc130       0x10 .\CortexM3\ARM_GCC_493\Debug\car.a(CyLib.o)
                0x1fffc130                cydelay_32k_ms
                0x1fffc134                cydelay_freq_khz
                0x1fffc138                cydelay_freq_mhz
                0x1fffc13c                cydelay_freq_hz
 .data          0x1fffc140        0x2 .\CortexM3\ARM_GCC_493\Debug\car.a(ADC.o)
 .data          0x1fffc142        0x1 .\CortexM3\ARM_GCC_493\Debug\car.a(ADC_TempBuf_dma.o)
                0x1fffc142                ADC_TempBuf_DmaHandle
 .data          0x1fffc143        0x1 .\CortexM3\ARM_GCC_493\Debug\car.a(ADC_FinalBuf_dma.o)
                0x1fffc143                ADC_FinalBuf_DmaHandle
                0x1fffc148                . = ALIGN (0x8)
 *fill*         0x1fffc144        0x4 
 *(.ram)
                0x1fffc148                _edata = .

.igot.plt       0x1fffc148        0x0 load address 0x00001fc8
 .igot.plt      0x00000000        0x0 c:/program files (x86)/cypress/psoc creator/3.3/psoc creator/import/gnu/arm/4.9.3/bin/../lib/gcc/arm-none-eabi/4.9.3/armv7-m/crtbegin.o

.bss            0x1fffc148     0x28f8 load address 0x00001fc8
                0x1fffc148                PROVIDE (__bss_start__, .)
 *(.shbss)
 *(.bss .bss.* .gnu.linkonce.b.*)
 .bss           0x1fffc148       0x1c c:/program files (x86)/cypress/psoc creator/3.3/psoc creator/import/gnu/arm/4.9.3/bin/../lib/gcc/arm-none-eabi/4.9.3/armv7-m/crtbegin.o
 .bss           0x1fffc164       0x48 .\CortexM3\ARM_GCC_493\Debug\Transfer.o
 .bss           0x1fffc1ac      0x190 .\CortexM3\ARM_GCC_493\Debug\battery.o
                0x1fffc1ac                retADCValue2
                0x1fffc274                retADCValue1
 .bss           0x1fffc33c       0x1c .\CortexM3\ARM_GCC_493\Debug\Lidar.o
                0x1fffc343                rx_lidar_flag
                0x1fffc34d                rx_lidar_count
                0x1fffc350                recvPos
                0x1fffc354                _is_previous_capsuledataRdy
 .bss           0x1fffc358        0x2 .\CortexM3\ARM_GCC_493\Debug\car.a(UART_net.o)
                0x1fffc358                UART_net_initVar
 .bss           0x1fffc35a        0x1 .\CortexM3\ARM_GCC_493\Debug\car.a(PWM_MOTOR.o)
                0x1fffc35a                PWM_MOTOR_initVar
 .bss           0x1fffc35b        0x1 .\CortexM3\ARM_GCC_493\Debug\car.a(Timer_1.o)
                0x1fffc35b                Timer_1_initVar
 .bss           0x1fffc35c        0x2 .\CortexM3\ARM_GCC_493\Debug\car.a(UART_JY.o)
                0x1fffc35c                UART_JY_initVar
 *fill*         0x1fffc35e        0x2 
 .bss           0x1fffc360       0x10 .\CortexM3\ARM_GCC_493\Debug\car.a(isr_rx_jy.o)
 .bss           0x1fffc370        0x1 .\CortexM3\ARM_GCC_493\Debug\car.a(PWM_LED.o)
                0x1fffc370                PWM_LED_initVar
 .bss           0x1fffc371        0x1 .\CortexM3\ARM_GCC_493\Debug\car.a(PWM_LED_1.o)
                0x1fffc371                PWM_LED_1_initVar
 .bss           0x1fffc372        0x1 .\CortexM3\ARM_GCC_493\Debug\car.a(PWM_STEERING.o)
                0x1fffc372                PWM_STEERING_initVar
 *fill*         0x1fffc373        0x1 
 .bss           0x1fffc374       0x10 .\CortexM3\ARM_GCC_493\Debug\car.a(ADC.o)
                0x1fffc380                ADC_initVar
 .bss           0x1fffc384        0x1 .\CortexM3\ARM_GCC_493\Debug\car.a(ADC_SAR.o)
                0x1fffc384                ADC_SAR_initVar
 .bss           0x1fffc385        0x9 .\CortexM3\ARM_GCC_493\Debug\car.a(UART_LIDAR.o)
                0x1fffc385                UART_LIDAR_errorStatus
                0x1fffc386                UART_LIDAR_initVar
                0x1fffc387                UART_LIDAR_rxBufferRead
                0x1fffc388                UART_LIDAR_rxBufferWrite
                0x1fffc389                UART_LIDAR_rxBufferLoopDetect
                0x1fffc38a                UART_LIDAR_rxBufferOverflow
                0x1fffc38b                UART_LIDAR_txBufferRead
                0x1fffc38c                UART_LIDAR_txBufferWrite
 *(COMMON)
 *fill*         0x1fffc38e        0x2 
 COMMON         0x1fffc390       0x40 .\CortexM3\ARM_GCC_493\Debug\main.o
                0x1fffc390                g_Car
                0x1fffc3ae                temp
                0x1fffc3b0                S_IMU
                0x1fffc3c4                tset
                0x1fffc3c8                D_V
                0x1fffc3ca                test
                0x1fffc3cc                send_count_test
                0x1fffc3ce                C_V
 COMMON         0x1fffc3d0       0x41 .\CortexM3\ARM_GCC_493\Debug\Transfer.o
                0x1fffc3d0                data_to_send
                0x1fffc404                f
 *fill*         0x1fffc411        0x3 
 COMMON         0x1fffc414     0x25f6 .\CortexM3\ARM_GCC_493\Debug\Lidar.o
                0x1fffc414                nodeBuffer1
                0x1fffc41c                node
                0x1fffc420                test1
                0x1fffcde4                nodeBuffer
                0x1fffce48                test_f_suzu
                0x1fffd618                net_nodeBuffer
                0x1fffd67c                test2
                0x1fffe040                normal_size
                0x1fffe044                test3
                0x1fffea08                output_t
                0x1fffea09                start
 COMMON         0x1fffea0a        0xd .\CortexM3\ARM_GCC_493\Debug\car.a(isr_timer.o)
                0x1fffea0a                time_1s_state
                0x1fffea0c                time_100ms_state
                0x1fffea0e                time_1s
                0x1fffea10                time_5ms
                0x1fffea12                time_100ms
                0x1fffea14                time_1ms
                0x1fffea16                time_5ms_state
 *fill*         0x1fffea17        0x1 
 COMMON         0x1fffea18        0x6 .\CortexM3\ARM_GCC_493\Debug\car.a(ADC.o)
                0x1fffea18                ADC_finalArray
 *fill*         0x1fffea1e        0x2 
 COMMON         0x1fffea20        0xa .\CortexM3\ARM_GCC_493\Debug\car.a(ADC_SAR.o)
                0x1fffea20                ADC_SAR_countsPerVolt
                0x1fffea22                ADC_SAR_shift
                0x1fffea24                ADC_SAR_countsPer10Volt
                0x1fffea28                ADC_SAR_offset
 *fill*         0x1fffea2a        0x2 
 COMMON         0x1fffea2c        0xd .\CortexM3\ARM_GCC_493\Debug\car.a(UART_LIDAR.o)
                0x1fffea2c                UART_LIDAR_txBuffer
                0x1fffea34                UART_LIDAR_rxBuffer
                0x1fffea40                . = ALIGN (0x8)
 *fill*         0x1fffea39        0x7 
 *(.ram.b)
                0x1fffea40                _end = .
                0x1fffea40                __end = .
                0x1fffea40                PROVIDE (end, .)
                0x1fffea40                PROVIDE (__bss_end__, .)
                0x00001f88                __cy_region_init_ram = LOADADDR (.data)
                0x00000040                __cy_region_init_size_ram = (_edata - ADDR (.data))
                0x000028f8                __cy_region_zero_size_ram = (_end - _edata)

.heap           0x1fffea40       0x80 load address 0x00001fc8
                0x1fffea40                . = _end
                0x1fffeac0                . = (. + 0x80)
 *fill*         0x1fffea40       0x80 
                0x1fffeac0                __cy_heap_limit = .

.stack          0x20003800      0x800
                0x20003800                __cy_stack_limit = .
                0x20004000                . = (. + 0x800)
 *fill*         0x20003800      0x800 
                0x00000001                ASSERT ((__cy_stack_limit >= __cy_heap_limit), region RAM overflowed with stack)
                0x00000000                cy_checksum_exclude_size = (CY_APPL_LOADABLE == 0x1)?SIZEOF (.cy_checksum_exclude):0x0
                0x00000001                ASSERT ((cy_checksum_exclude_size <= CY_CHECKSUM_EXCLUDE_SIZE), CY_BOOT: Section .cy_checksum_exclude size exceedes specified limit.)

.cyloadermeta
 *(.cyloadermeta)

.cyloadablemeta
 *(.cyloadablemeta)

.cyconfigecc    0x80000000     0x10bc
 *(.cyconfigecc)
 .cyconfigecc   0x80000000     0x10bc .\CortexM3\ARM_GCC_493\Debug\cymetadata.o
                0x80000000                cy_meta_configecc

.cycustnvl      0x90000000        0x4
 *(.cycustnvl)
 .cycustnvl     0x90000000        0x4 .\CortexM3\ARM_GCC_493\Debug\cymetadata.o
                0x90000000                cy_meta_custnvl

.cywolatch      0x90100000        0x4
 *(.cywolatch)
 .cywolatch     0x90100000        0x4 .\CortexM3\ARM_GCC_493\Debug\cymetadata.o
                0x90100000                cy_meta_wonvl

.cyeeprom       0x90200000        0x0
 *(.cyeeprom)
                0x00000001                ASSERT ((. <= ((0x90200000 + ee_offset) + ee_size)), .cyeeprom data will not fit in EEPROM)

.cyflashprotect
                0x90400000       0x80
 *(.cyflashprotect)
 .cyflashprotect
                0x90400000       0x80 .\CortexM3\ARM_GCC_493\Debug\cymetadata.o
                0x90400000                cy_meta_flashprotect

.cymeta         0x90500000        0xc
 *(.cymeta)
 .cymeta        0x90500000        0xc .\CortexM3\ARM_GCC_493\Debug\cymetadata.o
                0x90500000                cy_metadata

.rel.dyn        0x00001fc8        0x0 load address 0x9050000c
 .rel.iplt      0x00000000        0x0 c:/program files (x86)/cypress/psoc creator/3.3/psoc creator/import/gnu/arm/4.9.3/bin/../lib/gcc/arm-none-eabi/4.9.3/armv7-m/crtbegin.o

.stab
 *(.stab)

.stabstr
 *(.stabstr)

.debug
 *(.debug)

.line
 *(.line)

.debug_srcinfo
 *(.debug_srcinfo)

.debug_sfnames
 *(.debug_sfnames)

.debug_aranges  0x00000000     0x14a8
 *(.debug_aranges)
 .debug_aranges
                0x00000000       0x28 .\CortexM3\ARM_GCC_493\Debug\main.o
 .debug_aranges
                0x00000028       0x88 .\CortexM3\ARM_GCC_493\Debug\Transfer.o
 .debug_aranges
                0x000000b0       0x70 .\CortexM3\ARM_GCC_493\Debug\car.o
 .debug_aranges
                0x00000120       0x28 .\CortexM3\ARM_GCC_493\Debug\battery.o
 .debug_aranges
                0x00000148       0x50 .\CortexM3\ARM_GCC_493\Debug\Lidar.o
 .debug_aranges
                0x00000198       0x18 .\CortexM3\ARM_GCC_493\Debug\cymetadata.o
 .debug_aranges
                0x000001b0       0x48 .\CortexM3\ARM_GCC_493\Debug\Cm3Start.o
 .debug_aranges
                0x000001f8       0x50 .\CortexM3\ARM_GCC_493\Debug\car.a(cyfitter_cfg.o)
 .debug_aranges
                0x00000248       0x20 .\CortexM3\ARM_GCC_493\Debug\car.a(CyBootAsmGnu.o)
 .debug_aranges
                0x00000268       0xd8 .\CortexM3\ARM_GCC_493\Debug\car.a(CyDmac.o)
 .debug_aranges
                0x00000340      0x298 .\CortexM3\ARM_GCC_493\Debug\car.a(CyLib.o)
 .debug_aranges
                0x000005d8       0x98 .\CortexM3\ARM_GCC_493\Debug\car.a(cyPm.o)
 .debug_aranges
                0x00000670       0xf0 .\CortexM3\ARM_GCC_493\Debug\car.a(UART_net.o)
 .debug_aranges
                0x00000760       0x70 .\CortexM3\ARM_GCC_493\Debug\car.a(UART_net_IntClock.o)
 .debug_aranges
                0x000007d0       0x80 .\CortexM3\ARM_GCC_493\Debug\car.a(isr_tx_net.o)
 .debug_aranges
                0x00000850       0x80 .\CortexM3\ARM_GCC_493\Debug\car.a(isr_rx_net.o)
 .debug_aranges
                0x000008d0       0x38 .\CortexM3\ARM_GCC_493\Debug\car.a(L_IN_1.o)
 .debug_aranges
                0x00000908       0x38 .\CortexM3\ARM_GCC_493\Debug\car.a(L_IN_2.o)
 .debug_aranges
                0x00000940       0x38 .\CortexM3\ARM_GCC_493\Debug\car.a(R_IN_1.o)
 .debug_aranges
                0x00000978       0x38 .\CortexM3\ARM_GCC_493\Debug\car.a(R_IN_2.o)
 .debug_aranges
                0x000009b0       0xa8 .\CortexM3\ARM_GCC_493\Debug\car.a(PWM_MOTOR.o)
 .debug_aranges
                0x00000a58       0x88 .\CortexM3\ARM_GCC_493\Debug\car.a(Timer_1.o)
 .debug_aranges
                0x00000ae0       0x80 .\CortexM3\ARM_GCC_493\Debug\car.a(isr_timer.o)
 .debug_aranges
                0x00000b60       0xf0 .\CortexM3\ARM_GCC_493\Debug\car.a(UART_JY.o)
 .debug_aranges
                0x00000c50       0x80 .\CortexM3\ARM_GCC_493\Debug\car.a(isr_rx_jy.o)
 .debug_aranges
                0x00000cd0       0x70 .\CortexM3\ARM_GCC_493\Debug\car.a(UART_JY_IntClock.o)
 .debug_aranges
                0x00000d40       0xa8 .\CortexM3\ARM_GCC_493\Debug\car.a(PWM_LED.o)
 .debug_aranges
                0x00000de8       0xa8 .\CortexM3\ARM_GCC_493\Debug\car.a(PWM_LED_1.o)
 .debug_aranges
                0x00000e90       0xa8 .\CortexM3\ARM_GCC_493\Debug\car.a(PWM_STEERING.o)
 .debug_aranges
                0x00000f38       0xa0 .\CortexM3\ARM_GCC_493\Debug\car.a(ADC.o)
 .debug_aranges
                0x00000fd8       0x20 .\CortexM3\ARM_GCC_493\Debug\car.a(ADC_INT.o)
 .debug_aranges
                0x00000ff8       0xa8 .\CortexM3\ARM_GCC_493\Debug\car.a(ADC_SAR.o)
 .debug_aranges
                0x000010a0       0x28 .\CortexM3\ARM_GCC_493\Debug\car.a(ADC_TempBuf_dma.o)
 .debug_aranges
                0x000010c8       0x28 .\CortexM3\ARM_GCC_493\Debug\car.a(ADC_FinalBuf_dma.o)
 .debug_aranges
                0x000010f0       0x80 .\CortexM3\ARM_GCC_493\Debug\car.a(ADC_IRQ.o)
 .debug_aranges
                0x00001170       0xf0 .\CortexM3\ARM_GCC_493\Debug\car.a(UART_LIDAR.o)
 .debug_aranges
                0x00001260       0x28 .\CortexM3\ARM_GCC_493\Debug\car.a(UART_LIDAR_INT.o)
 .debug_aranges
                0x00001288       0x80 .\CortexM3\ARM_GCC_493\Debug\car.a(isr_rx_LIDAR.o)
 .debug_aranges
                0x00001308       0x70 .\CortexM3\ARM_GCC_493\Debug\car.a(UART_LIDAR_IntClock.o)
 .debug_aranges
                0x00001378       0x38 .\CortexM3\ARM_GCC_493\Debug\car.a(debug_time.o)
 .debug_aranges
                0x000013b0       0x80 .\CortexM3\ARM_GCC_493\Debug\car.a(CyFlash.o)
 .debug_aranges
                0x00001430       0x78 .\CortexM3\ARM_GCC_493\Debug\car.a(CySpc.o)

.debug_pubnames
 *(.debug_pubnames)

.debug_info     0x00000000     0xc11c
 *(.debug_info .gnu.linkonce.wi.*)
 .debug_info    0x00000000      0x5ce .\CortexM3\ARM_GCC_493\Debug\main.o
 .debug_info    0x000005ce      0xdc1 .\CortexM3\ARM_GCC_493\Debug\Transfer.o
 .debug_info    0x0000138f      0x7dc .\CortexM3\ARM_GCC_493\Debug\car.o
 .debug_info    0x00001b6b      0x1da .\CortexM3\ARM_GCC_493\Debug\battery.o
 .debug_info    0x00001d45      0xa48 .\CortexM3\ARM_GCC_493\Debug\Lidar.o
 .debug_info    0x0000278d      0x13e .\CortexM3\ARM_GCC_493\Debug\cymetadata.o
 .debug_info    0x000028cb      0x3b3 .\CortexM3\ARM_GCC_493\Debug\Cm3Start.o
 .debug_info    0x00002c7e      0x691 .\CortexM3\ARM_GCC_493\Debug\car.a(cyfitter_cfg.o)
 .debug_info    0x0000330f       0x72 .\CortexM3\ARM_GCC_493\Debug\car.a(CyBootAsmGnu.o)
 .debug_info    0x00003381      0x941 .\CortexM3\ARM_GCC_493\Debug\car.a(CyDmac.o)
 .debug_info    0x00003cc2     0x136c .\CortexM3\ARM_GCC_493\Debug\car.a(CyLib.o)
 .debug_info    0x0000502e      0xa55 .\CortexM3\ARM_GCC_493\Debug\car.a(cyPm.o)
 .debug_info    0x00005a83      0x600 .\CortexM3\ARM_GCC_493\Debug\car.a(UART_net.o)
 .debug_info    0x00006083      0x281 .\CortexM3\ARM_GCC_493\Debug\car.a(UART_net_IntClock.o)
 .debug_info    0x00006304      0x2c9 .\CortexM3\ARM_GCC_493\Debug\car.a(isr_tx_net.o)
 .debug_info    0x000065cd      0x549 .\CortexM3\ARM_GCC_493\Debug\car.a(isr_rx_net.o)
 .debug_info    0x00006b16      0x11e .\CortexM3\ARM_GCC_493\Debug\car.a(L_IN_1.o)
 .debug_info    0x00006c34      0x11e .\CortexM3\ARM_GCC_493\Debug\car.a(L_IN_2.o)
 .debug_info    0x00006d52      0x11e .\CortexM3\ARM_GCC_493\Debug\car.a(R_IN_1.o)
 .debug_info    0x00006e70      0x11e .\CortexM3\ARM_GCC_493\Debug\car.a(R_IN_2.o)
 .debug_info    0x00006f8e      0x39c .\CortexM3\ARM_GCC_493\Debug\car.a(PWM_MOTOR.o)
 .debug_info    0x0000732a      0x28c .\CortexM3\ARM_GCC_493\Debug\car.a(Timer_1.o)
 .debug_info    0x000075b6      0x34b .\CortexM3\ARM_GCC_493\Debug\car.a(isr_timer.o)
 .debug_info    0x00007901      0x600 .\CortexM3\ARM_GCC_493\Debug\car.a(UART_JY.o)
 .debug_info    0x00007f01      0x550 .\CortexM3\ARM_GCC_493\Debug\car.a(isr_rx_jy.o)
 .debug_info    0x00008451      0x281 .\CortexM3\ARM_GCC_493\Debug\car.a(UART_JY_IntClock.o)
 .debug_info    0x000086d2      0x39d .\CortexM3\ARM_GCC_493\Debug\car.a(PWM_LED.o)
 .debug_info    0x00008a6f      0x39d .\CortexM3\ARM_GCC_493\Debug\car.a(PWM_LED_1.o)
 .debug_info    0x00008e0c      0x399 .\CortexM3\ARM_GCC_493\Debug\car.a(PWM_STEERING.o)
 .debug_info    0x000091a5      0x7cf .\CortexM3\ARM_GCC_493\Debug\car.a(ADC.o)
 .debug_info    0x00009974       0x99 .\CortexM3\ARM_GCC_493\Debug\car.a(ADC_INT.o)
 .debug_info    0x00009a0d      0x542 .\CortexM3\ARM_GCC_493\Debug\car.a(ADC_SAR.o)
 .debug_info    0x00009f4f      0x1fb .\CortexM3\ARM_GCC_493\Debug\car.a(ADC_TempBuf_dma.o)
 .debug_info    0x0000a14a      0x1fb .\CortexM3\ARM_GCC_493\Debug\car.a(ADC_FinalBuf_dma.o)
 .debug_info    0x0000a345      0x2c9 .\CortexM3\ARM_GCC_493\Debug\car.a(ADC_IRQ.o)
 .debug_info    0x0000a60e      0x7ce .\CortexM3\ARM_GCC_493\Debug\car.a(UART_LIDAR.o)
 .debug_info    0x0000addc      0x17e .\CortexM3\ARM_GCC_493\Debug\car.a(UART_LIDAR_INT.o)
 .debug_info    0x0000af5a      0x32e .\CortexM3\ARM_GCC_493\Debug\car.a(isr_rx_LIDAR.o)
 .debug_info    0x0000b288      0x281 .\CortexM3\ARM_GCC_493\Debug\car.a(UART_LIDAR_IntClock.o)
 .debug_info    0x0000b509      0x11e .\CortexM3\ARM_GCC_493\Debug\car.a(debug_time.o)
 .debug_info    0x0000b627      0x608 .\CortexM3\ARM_GCC_493\Debug\car.a(CyFlash.o)
 .debug_info    0x0000bc2f      0x4ed .\CortexM3\ARM_GCC_493\Debug\car.a(CySpc.o)

.debug_abbrev   0x00000000     0x3c0c
 *(.debug_abbrev)
 .debug_abbrev  0x00000000      0x1cf .\CortexM3\ARM_GCC_493\Debug\main.o
 .debug_abbrev  0x000001cf      0x296 .\CortexM3\ARM_GCC_493\Debug\Transfer.o
 .debug_abbrev  0x00000465      0x199 .\CortexM3\ARM_GCC_493\Debug\car.o
 .debug_abbrev  0x000005fe      0x131 .\CortexM3\ARM_GCC_493\Debug\battery.o
 .debug_abbrev  0x0000072f      0x296 .\CortexM3\ARM_GCC_493\Debug\Lidar.o
 .debug_abbrev  0x000009c5       0x77 .\CortexM3\ARM_GCC_493\Debug\cymetadata.o
 .debug_abbrev  0x00000a3c      0x20f .\CortexM3\ARM_GCC_493\Debug\Cm3Start.o
 .debug_abbrev  0x00000c4b      0x221 .\CortexM3\ARM_GCC_493\Debug\car.a(cyfitter_cfg.o)
 .debug_abbrev  0x00000e6c       0x14 .\CortexM3\ARM_GCC_493\Debug\car.a(CyBootAsmGnu.o)
 .debug_abbrev  0x00000e80      0x1cc .\CortexM3\ARM_GCC_493\Debug\car.a(CyDmac.o)
 .debug_abbrev  0x0000104c      0x296 .\CortexM3\ARM_GCC_493\Debug\car.a(CyLib.o)
 .debug_abbrev  0x000012e2      0x1fa .\CortexM3\ARM_GCC_493\Debug\car.a(cyPm.o)
 .debug_abbrev  0x000014dc      0x1af .\CortexM3\ARM_GCC_493\Debug\car.a(UART_net.o)
 .debug_abbrev  0x0000168b      0x146 .\CortexM3\ARM_GCC_493\Debug\car.a(UART_net_IntClock.o)
 .debug_abbrev  0x000017d1      0x180 .\CortexM3\ARM_GCC_493\Debug\car.a(isr_tx_net.o)
 .debug_abbrev  0x00001951      0x21d .\CortexM3\ARM_GCC_493\Debug\car.a(isr_rx_net.o)
 .debug_abbrev  0x00001b6e       0x9d .\CortexM3\ARM_GCC_493\Debug\car.a(L_IN_1.o)
 .debug_abbrev  0x00001c0b       0x9d .\CortexM3\ARM_GCC_493\Debug\car.a(L_IN_2.o)
 .debug_abbrev  0x00001ca8       0x9d .\CortexM3\ARM_GCC_493\Debug\car.a(R_IN_1.o)
 .debug_abbrev  0x00001d45       0x9d .\CortexM3\ARM_GCC_493\Debug\car.a(R_IN_2.o)
 .debug_abbrev  0x00001de2      0x15a .\CortexM3\ARM_GCC_493\Debug\car.a(PWM_MOTOR.o)
 .debug_abbrev  0x00001f3c      0x127 .\CortexM3\ARM_GCC_493\Debug\car.a(Timer_1.o)
 .debug_abbrev  0x00002063      0x191 .\CortexM3\ARM_GCC_493\Debug\car.a(isr_timer.o)
 .debug_abbrev  0x000021f4      0x1af .\CortexM3\ARM_GCC_493\Debug\car.a(UART_JY.o)
 .debug_abbrev  0x000023a3      0x217 .\CortexM3\ARM_GCC_493\Debug\car.a(isr_rx_jy.o)
 .debug_abbrev  0x000025ba      0x146 .\CortexM3\ARM_GCC_493\Debug\car.a(UART_JY_IntClock.o)
 .debug_abbrev  0x00002700      0x15a .\CortexM3\ARM_GCC_493\Debug\car.a(PWM_LED.o)
 .debug_abbrev  0x0000285a      0x15a .\CortexM3\ARM_GCC_493\Debug\car.a(PWM_LED_1.o)
 .debug_abbrev  0x000029b4      0x15a .\CortexM3\ARM_GCC_493\Debug\car.a(PWM_STEERING.o)
 .debug_abbrev  0x00002b0e      0x1b0 .\CortexM3\ARM_GCC_493\Debug\car.a(ADC.o)
 .debug_abbrev  0x00002cbe       0x42 .\CortexM3\ARM_GCC_493\Debug\car.a(ADC_INT.o)
 .debug_abbrev  0x00002d00      0x1e6 .\CortexM3\ARM_GCC_493\Debug\car.a(ADC_SAR.o)
 .debug_abbrev  0x00002ee6       0xf8 .\CortexM3\ARM_GCC_493\Debug\car.a(ADC_TempBuf_dma.o)
 .debug_abbrev  0x00002fde       0xf8 .\CortexM3\ARM_GCC_493\Debug\car.a(ADC_FinalBuf_dma.o)
 .debug_abbrev  0x000030d6      0x180 .\CortexM3\ARM_GCC_493\Debug\car.a(ADC_IRQ.o)
 .debug_abbrev  0x00003256      0x1c5 .\CortexM3\ARM_GCC_493\Debug\car.a(UART_LIDAR.o)
 .debug_abbrev  0x0000341b       0xaf .\CortexM3\ARM_GCC_493\Debug\car.a(UART_LIDAR_INT.o)
 .debug_abbrev  0x000034ca      0x1b3 .\CortexM3\ARM_GCC_493\Debug\car.a(isr_rx_LIDAR.o)
 .debug_abbrev  0x0000367d      0x146 .\CortexM3\ARM_GCC_493\Debug\car.a(UART_LIDAR_IntClock.o)
 .debug_abbrev  0x000037c3       0x9d .\CortexM3\ARM_GCC_493\Debug\car.a(debug_time.o)
 .debug_abbrev  0x00003860      0x1de .\CortexM3\ARM_GCC_493\Debug\car.a(CyFlash.o)
 .debug_abbrev  0x00003a3e      0x1ce .\CortexM3\ARM_GCC_493\Debug\car.a(CySpc.o)

.debug_line     0x00000000     0x521a
 *(.debug_line)
 .debug_line    0x00000000      0x2b7 .\CortexM3\ARM_GCC_493\Debug\main.o
 .debug_line    0x000002b7      0x4d9 .\CortexM3\ARM_GCC_493\Debug\Transfer.o
 .debug_line    0x00000790      0x286 .\CortexM3\ARM_GCC_493\Debug\car.o
 .debug_line    0x00000a16      0x1b3 .\CortexM3\ARM_GCC_493\Debug\battery.o
 .debug_line    0x00000bc9      0x41e .\CortexM3\ARM_GCC_493\Debug\Lidar.o
 .debug_line    0x00000fe7       0x53 .\CortexM3\ARM_GCC_493\Debug\cymetadata.o
 .debug_line    0x0000103a      0x254 .\CortexM3\ARM_GCC_493\Debug\Cm3Start.o
 .debug_line    0x0000128e      0x205 .\CortexM3\ARM_GCC_493\Debug\car.a(cyfitter_cfg.o)
 .debug_line    0x00001493       0x68 .\CortexM3\ARM_GCC_493\Debug\car.a(CyBootAsmGnu.o)
 .debug_line    0x000014fb      0x2e5 .\CortexM3\ARM_GCC_493\Debug\car.a(CyDmac.o)
 .debug_line    0x000017e0      0x806 .\CortexM3\ARM_GCC_493\Debug\car.a(CyLib.o)
 .debug_line    0x00001fe6      0x366 .\CortexM3\ARM_GCC_493\Debug\car.a(cyPm.o)
 .debug_line    0x0000234c      0x2c6 .\CortexM3\ARM_GCC_493\Debug\car.a(UART_net.o)
 .debug_line    0x00002612      0x199 .\CortexM3\ARM_GCC_493\Debug\car.a(UART_net_IntClock.o)
 .debug_line    0x000027ab      0x150 .\CortexM3\ARM_GCC_493\Debug\car.a(isr_tx_net.o)
 .debug_line    0x000028fb      0x282 .\CortexM3\ARM_GCC_493\Debug\car.a(isr_rx_net.o)
 .debug_line    0x00002b7d       0x95 .\CortexM3\ARM_GCC_493\Debug\car.a(L_IN_1.o)
 .debug_line    0x00002c12       0x95 .\CortexM3\ARM_GCC_493\Debug\car.a(L_IN_2.o)
 .debug_line    0x00002ca7       0x95 .\CortexM3\ARM_GCC_493\Debug\car.a(R_IN_1.o)
 .debug_line    0x00002d3c       0x95 .\CortexM3\ARM_GCC_493\Debug\car.a(R_IN_2.o)
 .debug_line    0x00002dd1      0x1b2 .\CortexM3\ARM_GCC_493\Debug\car.a(PWM_MOTOR.o)
 .debug_line    0x00002f83      0x157 .\CortexM3\ARM_GCC_493\Debug\car.a(Timer_1.o)
 .debug_line    0x000030da      0x15d .\CortexM3\ARM_GCC_493\Debug\car.a(isr_timer.o)
 .debug_line    0x00003237      0x2c4 .\CortexM3\ARM_GCC_493\Debug\car.a(UART_JY.o)
 .debug_line    0x000034fb      0x29b .\CortexM3\ARM_GCC_493\Debug\car.a(isr_rx_jy.o)
 .debug_line    0x00003796      0x198 .\CortexM3\ARM_GCC_493\Debug\car.a(UART_JY_IntClock.o)
 .debug_line    0x0000392e      0x1b0 .\CortexM3\ARM_GCC_493\Debug\car.a(PWM_LED.o)
 .debug_line    0x00003ade      0x1b2 .\CortexM3\ARM_GCC_493\Debug\car.a(PWM_LED_1.o)
 .debug_line    0x00003c90      0x1b5 .\CortexM3\ARM_GCC_493\Debug\car.a(PWM_STEERING.o)
 .debug_line    0x00003e45      0x21b .\CortexM3\ARM_GCC_493\Debug\car.a(ADC.o)
 .debug_line    0x00004060       0x52 .\CortexM3\ARM_GCC_493\Debug\car.a(ADC_INT.o)
 .debug_line    0x000040b2      0x206 .\CortexM3\ARM_GCC_493\Debug\car.a(ADC_SAR.o)
 .debug_line    0x000042b8       0xa1 .\CortexM3\ARM_GCC_493\Debug\car.a(ADC_TempBuf_dma.o)
 .debug_line    0x00004359       0xa2 .\CortexM3\ARM_GCC_493\Debug\car.a(ADC_FinalBuf_dma.o)
 .debug_line    0x000043fb      0x14d .\CortexM3\ARM_GCC_493\Debug\car.a(ADC_IRQ.o)
 .debug_line    0x00004548      0x349 .\CortexM3\ARM_GCC_493\Debug\car.a(UART_LIDAR.o)
 .debug_line    0x00004891       0xb2 .\CortexM3\ARM_GCC_493\Debug\car.a(UART_LIDAR_INT.o)
 .debug_line    0x00004943      0x279 .\CortexM3\ARM_GCC_493\Debug\car.a(isr_rx_LIDAR.o)
 .debug_line    0x00004bbc      0x19b .\CortexM3\ARM_GCC_493\Debug\car.a(UART_LIDAR_IntClock.o)
 .debug_line    0x00004d57       0x99 .\CortexM3\ARM_GCC_493\Debug\car.a(debug_time.o)
 .debug_line    0x00004df0      0x1ec .\CortexM3\ARM_GCC_493\Debug\car.a(CyFlash.o)
 .debug_line    0x00004fdc      0x23e .\CortexM3\ARM_GCC_493\Debug\car.a(CySpc.o)

.debug_frame    0x00000000     0x3264
 *(.debug_frame)
 .debug_frame   0x00000000       0x3c .\CortexM3\ARM_GCC_493\Debug\main.o
 .debug_frame   0x0000003c      0x1f4 .\CortexM3\ARM_GCC_493\Debug\Transfer.o
 .debug_frame   0x00000230      0x16c .\CortexM3\ARM_GCC_493\Debug\car.o
 .debug_frame   0x0000039c       0x4c .\CortexM3\ARM_GCC_493\Debug\battery.o
 .debug_frame   0x000003e8      0x120 .\CortexM3\ARM_GCC_493\Debug\Lidar.o
 .debug_frame   0x00000508       0xac .\CortexM3\ARM_GCC_493\Debug\Cm3Start.o
 .debug_frame   0x000005b4       0xec .\CortexM3\ARM_GCC_493\Debug\car.a(cyfitter_cfg.o)
 .debug_frame   0x000006a0      0x1f4 .\CortexM3\ARM_GCC_493\Debug\car.a(CyDmac.o)
 .debug_frame   0x00000894      0x728 .\CortexM3\ARM_GCC_493\Debug\car.a(CyLib.o)
 .debug_frame   0x00000fbc      0x1f8 .\CortexM3\ARM_GCC_493\Debug\car.a(cyPm.o)
 .debug_frame   0x000011b4      0x250 .\CortexM3\ARM_GCC_493\Debug\car.a(UART_net.o)
 .debug_frame   0x00001404       0xe0 .\CortexM3\ARM_GCC_493\Debug\car.a(UART_net_IntClock.o)
 .debug_frame   0x000014e4      0x104 .\CortexM3\ARM_GCC_493\Debug\car.a(isr_tx_net.o)
 .debug_frame   0x000015e8      0x110 .\CortexM3\ARM_GCC_493\Debug\car.a(isr_rx_net.o)
 .debug_frame   0x000016f8       0x50 .\CortexM3\ARM_GCC_493\Debug\car.a(L_IN_1.o)
 .debug_frame   0x00001748       0x50 .\CortexM3\ARM_GCC_493\Debug\car.a(L_IN_2.o)
 .debug_frame   0x00001798       0x50 .\CortexM3\ARM_GCC_493\Debug\car.a(R_IN_1.o)
 .debug_frame   0x000017e8       0x50 .\CortexM3\ARM_GCC_493\Debug\car.a(R_IN_2.o)
 .debug_frame   0x00001838      0x154 .\CortexM3\ARM_GCC_493\Debug\car.a(PWM_MOTOR.o)
 .debug_frame   0x0000198c      0x108 .\CortexM3\ARM_GCC_493\Debug\car.a(Timer_1.o)
 .debug_frame   0x00001a94      0x104 .\CortexM3\ARM_GCC_493\Debug\car.a(isr_timer.o)
 .debug_frame   0x00001b98      0x250 .\CortexM3\ARM_GCC_493\Debug\car.a(UART_JY.o)
 .debug_frame   0x00001de8      0x114 .\CortexM3\ARM_GCC_493\Debug\car.a(isr_rx_jy.o)
 .debug_frame   0x00001efc       0xe0 .\CortexM3\ARM_GCC_493\Debug\car.a(UART_JY_IntClock.o)
 .debug_frame   0x00001fdc      0x154 .\CortexM3\ARM_GCC_493\Debug\car.a(PWM_LED.o)
 .debug_frame   0x00002130      0x154 .\CortexM3\ARM_GCC_493\Debug\car.a(PWM_LED_1.o)
 .debug_frame   0x00002284      0x154 .\CortexM3\ARM_GCC_493\Debug\car.a(PWM_STEERING.o)
 .debug_frame   0x000023d8      0x1dc .\CortexM3\ARM_GCC_493\Debug\car.a(ADC.o)
 .debug_frame   0x000025b4       0x20 .\CortexM3\ARM_GCC_493\Debug\car.a(ADC_INT.o)
 .debug_frame   0x000025d4      0x1a4 .\CortexM3\ARM_GCC_493\Debug\car.a(ADC_SAR.o)
 .debug_frame   0x00002778       0x54 .\CortexM3\ARM_GCC_493\Debug\car.a(ADC_TempBuf_dma.o)
 .debug_frame   0x000027cc       0x54 .\CortexM3\ARM_GCC_493\Debug\car.a(ADC_FinalBuf_dma.o)
 .debug_frame   0x00002820      0x104 .\CortexM3\ARM_GCC_493\Debug\car.a(ADC_IRQ.o)
 .debug_frame   0x00002924      0x25c .\CortexM3\ARM_GCC_493\Debug\car.a(UART_LIDAR.o)
 .debug_frame   0x00002b80       0x30 .\CortexM3\ARM_GCC_493\Debug\car.a(UART_LIDAR_INT.o)
 .debug_frame   0x00002bb0      0x110 .\CortexM3\ARM_GCC_493\Debug\car.a(isr_rx_LIDAR.o)
 .debug_frame   0x00002cc0       0xe0 .\CortexM3\ARM_GCC_493\Debug\car.a(UART_LIDAR_IntClock.o)
 .debug_frame   0x00002da0       0x50 .\CortexM3\ARM_GCC_493\Debug\car.a(debug_time.o)
 .debug_frame   0x00002df0      0x174 .\CortexM3\ARM_GCC_493\Debug\car.a(CyFlash.o)
 .debug_frame   0x00002f64      0x160 .\CortexM3\ARM_GCC_493\Debug\car.a(CySpc.o)
 .debug_frame   0x000030c4       0x28 c:/program files (x86)/cypress/psoc creator/3.3/psoc creator/import/gnu/arm/4.9.3/bin/../lib/gcc/arm-none-eabi/4.9.3/armv7-m\libgcc.a(_aeabi_ldivmod.o)
 .debug_frame   0x000030ec       0x54 c:/program files (x86)/cypress/psoc creator/3.3/psoc creator/import/gnu/arm/4.9.3/bin/../lib/gcc/arm-none-eabi/4.9.3/armv7-m\libgcc.a(bpabi.o)
 .debug_frame   0x00003140       0x34 c:/program files (x86)/cypress/psoc creator/3.3/psoc creator/import/gnu/arm/4.9.3/bin/../lib/gcc/arm-none-eabi/4.9.3/armv7-m\libgcc.a(_divdi3.o)
 .debug_frame   0x00003174       0x34 c:/program files (x86)/cypress/psoc creator/3.3/psoc creator/import/gnu/arm/4.9.3/bin/../lib/gcc/arm-none-eabi/4.9.3/armv7-m\libgcc.a(_udivdi3.o)
 .debug_frame   0x000031a8       0x20 c:/program files (x86)/cypress/psoc creator/3.3/psoc creator/import/gnu/arm/4.9.3/bin/../lib/gcc/arm-none-eabi/4.9.3/../../../../arm-none-eabi/lib/armv7-m\libg_nano.a(lib_a-errno.o)
 .debug_frame   0x000031c8       0x28 c:/program files (x86)/cypress/psoc creator/3.3/psoc creator/import/gnu/arm/4.9.3/bin/../lib/gcc/arm-none-eabi/4.9.3/../../../../arm-none-eabi/lib/armv7-m\libg_nano.a(lib_a-exit.o)
 .debug_frame   0x000031f0       0x2c c:/program files (x86)/cypress/psoc creator/3.3/psoc creator/import/gnu/arm/4.9.3/bin/../lib/gcc/arm-none-eabi/4.9.3/../../../../arm-none-eabi/lib/armv7-m\libg_nano.a(lib_a-init.o)
 .debug_frame   0x0000321c       0x28 c:/program files (x86)/cypress/psoc creator/3.3/psoc creator/import/gnu/arm/4.9.3/bin/../lib/gcc/arm-none-eabi/4.9.3/../../../../arm-none-eabi/lib/armv7-m\libg_nano.a(lib_a-memcpy.o)
 .debug_frame   0x00003244       0x20 c:/program files (x86)/cypress/psoc creator/3.3/psoc creator/import/gnu/arm/4.9.3/bin/../lib/gcc/arm-none-eabi/4.9.3/../../../../arm-none-eabi/lib/armv7-m\libg_nano.a(lib_a-memset.o)

.debug_str      0x00000000     0x447b
 *(.debug_str)
 .debug_str     0x00000000      0x4c3 .\CortexM3\ARM_GCC_493\Debug\main.o
                                0x52f (size before relaxing)
 .debug_str     0x000004c3      0x34f .\CortexM3\ARM_GCC_493\Debug\Transfer.o
                                0x69b (size before relaxing)
 .debug_str     0x00000812      0x135 .\CortexM3\ARM_GCC_493\Debug\car.o
                                0x40f (size before relaxing)
 .debug_str     0x00000947       0x60 .\CortexM3\ARM_GCC_493\Debug\battery.o
                                0x210 (size before relaxing)
 .debug_str     0x000009a7      0x2f9 .\CortexM3\ARM_GCC_493\Debug\Lidar.o
                                0x703 (size before relaxing)
 .debug_str     0x00000ca0       0x77 .\CortexM3\ARM_GCC_493\Debug\cymetadata.o
                                0x1cc (size before relaxing)
 .debug_str     0x00000d17      0x163 .\CortexM3\ARM_GCC_493\Debug\Cm3Start.o
                                0x2f0 (size before relaxing)
 .debug_str     0x00000e7a      0x159 .\CortexM3\ARM_GCC_493\Debug\car.a(cyfitter_cfg.o)
                                0x2fc (size before relaxing)
 .debug_str     0x00000fd3      0x37f .\CortexM3\ARM_GCC_493\Debug\car.a(CyDmac.o)
                                0x520 (size before relaxing)
 .debug_str     0x00001352      0x7db .\CortexM3\ARM_GCC_493\Debug\car.a(CyLib.o)
                                0xa05 (size before relaxing)
 .debug_str     0x00001b2d      0x35b .\CortexM3\ARM_GCC_493\Debug\car.a(cyPm.o)
                                0x6fd (size before relaxing)
 .debug_str     0x00001e88      0x304 .\CortexM3\ARM_GCC_493\Debug\car.a(UART_net.o)
                                0x4c7 (size before relaxing)
 .debug_str     0x0000218c      0x1ad .\CortexM3\ARM_GCC_493\Debug\car.a(UART_net_IntClock.o)
                                0x348 (size before relaxing)
 .debug_str     0x00002339      0x11d .\CortexM3\ARM_GCC_493\Debug\car.a(isr_tx_net.o)
                                0x2c2 (size before relaxing)
 .debug_str     0x00002456      0x123 .\CortexM3\ARM_GCC_493\Debug\car.a(isr_rx_net.o)
                                0x4a4 (size before relaxing)
 .debug_str     0x00002579       0x60 .\CortexM3\ARM_GCC_493\Debug\car.a(L_IN_1.o)
                                0x1c9 (size before relaxing)
 .debug_str     0x000025d9       0x55 .\CortexM3\ARM_GCC_493\Debug\car.a(L_IN_2.o)
                                0x1c9 (size before relaxing)
 .debug_str     0x0000262e       0x55 .\CortexM3\ARM_GCC_493\Debug\car.a(R_IN_1.o)
                                0x1c9 (size before relaxing)
 .debug_str     0x00002683       0x55 .\CortexM3\ARM_GCC_493\Debug\car.a(R_IN_2.o)
                                0x1c9 (size before relaxing)
 .debug_str     0x000026d8      0x1c6 .\CortexM3\ARM_GCC_493\Debug\car.a(PWM_MOTOR.o)
                                0x3b1 (size before relaxing)
 .debug_str     0x0000289e      0x151 .\CortexM3\ARM_GCC_493\Debug\car.a(Timer_1.o)
                                0x2eb (size before relaxing)
 .debug_str     0x000029ef      0x12c .\CortexM3\ARM_GCC_493\Debug\car.a(isr_timer.o)
                                0x30e (size before relaxing)
 .debug_str     0x00002b1b      0x278 .\CortexM3\ARM_GCC_493\Debug\car.a(UART_JY.o)
                                0x4a8 (size before relaxing)
 .debug_str     0x00002d93      0x11c .\CortexM3\ARM_GCC_493\Debug\car.a(isr_rx_jy.o)
                                0x48b (size before relaxing)
 .debug_str     0x00002eaf      0x158 .\CortexM3\ARM_GCC_493\Debug\car.a(UART_JY_IntClock.o)
                                0x33c (size before relaxing)
 .debug_str     0x00003007      0x173 .\CortexM3\ARM_GCC_493\Debug\car.a(PWM_LED.o)
                                0x387 (size before relaxing)
 .debug_str     0x0000317a      0x195 .\CortexM3\ARM_GCC_493\Debug\car.a(PWM_LED_1.o)
                                0x3b1 (size before relaxing)
 .debug_str     0x0000330f      0x1fe .\CortexM3\ARM_GCC_493\Debug\car.a(PWM_STEERING.o)
                                0x3f0 (size before relaxing)
 .debug_str     0x0000350d      0x2d1 .\CortexM3\ARM_GCC_493\Debug\car.a(ADC.o)
                                0x56c (size before relaxing)
 .debug_str     0x000037de       0x2b .\CortexM3\ARM_GCC_493\Debug\car.a(ADC_INT.o)
                                0x17a (size before relaxing)
 .debug_str     0x00003809       0xf3 .\CortexM3\ARM_GCC_493\Debug\car.a(ADC_SAR.o)
                                0x414 (size before relaxing)
 .debug_str     0x000038fc       0x93 .\CortexM3\ARM_GCC_493\Debug\car.a(ADC_TempBuf_dma.o)
                                0x263 (size before relaxing)
 .debug_str     0x0000398f       0x5b .\CortexM3\ARM_GCC_493\Debug\car.a(ADC_FinalBuf_dma.o)
                                0x267 (size before relaxing)
 .debug_str     0x000039ea       0xde .\CortexM3\ARM_GCC_493\Debug\car.a(ADC_IRQ.o)
                                0x298 (size before relaxing)
 .debug_str     0x00003ac8      0x3ea .\CortexM3\ARM_GCC_493\Debug\car.a(UART_LIDAR.o)
                                0x66b (size before relaxing)
 .debug_str     0x00003eb2       0x72 .\CortexM3\ARM_GCC_493\Debug\car.a(UART_LIDAR_INT.o)
                                0x2a7 (size before relaxing)
 .debug_str     0x00003f24      0x137 .\CortexM3\ARM_GCC_493\Debug\car.a(isr_rx_LIDAR.o)
                                0x339 (size before relaxing)
 .debug_str     0x0000405b      0x176 .\CortexM3\ARM_GCC_493\Debug\car.a(UART_LIDAR_IntClock.o)
                                0x360 (size before relaxing)
 .debug_str     0x000041d1       0x65 .\CortexM3\ARM_GCC_493\Debug\car.a(debug_time.o)
                                0x1dd (size before relaxing)
 .debug_str     0x00004236      0x197 .\CortexM3\ARM_GCC_493\Debug\car.a(CyFlash.o)
                                0x377 (size before relaxing)
 .debug_str     0x000043cd       0xae .\CortexM3\ARM_GCC_493\Debug\car.a(CySpc.o)
                                0x300 (size before relaxing)

.debug_loc      0x00000000     0x55ea
 *(.debug_loc)
 .debug_loc     0x00000000       0x53 .\CortexM3\ARM_GCC_493\Debug\main.o
 .debug_loc     0x00000053     0x13e0 .\CortexM3\ARM_GCC_493\Debug\Transfer.o
 .debug_loc     0x00001433      0x14a .\CortexM3\ARM_GCC_493\Debug\car.o
 .debug_loc     0x0000157d       0x9f .\CortexM3\ARM_GCC_493\Debug\battery.o
 .debug_loc     0x0000161c      0x66e .\CortexM3\ARM_GCC_493\Debug\Lidar.o
 .debug_loc     0x00001c8a      0x144 .\CortexM3\ARM_GCC_493\Debug\Cm3Start.o
 .debug_loc     0x00001dce      0x2a7 .\CortexM3\ARM_GCC_493\Debug\car.a(cyfitter_cfg.o)
 .debug_loc     0x00002075      0xb83 .\CortexM3\ARM_GCC_493\Debug\car.a(CyDmac.o)
 .debug_loc     0x00002bf8      0xa11 .\CortexM3\ARM_GCC_493\Debug\car.a(CyLib.o)
 .debug_loc     0x00003609      0x1e4 .\CortexM3\ARM_GCC_493\Debug\car.a(cyPm.o)
 .debug_loc     0x000037ed      0x258 .\CortexM3\ARM_GCC_493\Debug\car.a(UART_net.o)
 .debug_loc     0x00003a45      0x128 .\CortexM3\ARM_GCC_493\Debug\car.a(UART_net_IntClock.o)
 .debug_loc     0x00003b6d       0x56 .\CortexM3\ARM_GCC_493\Debug\car.a(isr_tx_net.o)
 .debug_loc     0x00003bc3       0x69 .\CortexM3\ARM_GCC_493\Debug\car.a(isr_rx_net.o)
 .debug_loc     0x00003c2c       0x42 .\CortexM3\ARM_GCC_493\Debug\car.a(L_IN_1.o)
 .debug_loc     0x00003c6e       0x42 .\CortexM3\ARM_GCC_493\Debug\car.a(L_IN_2.o)
 .debug_loc     0x00003cb0       0x42 .\CortexM3\ARM_GCC_493\Debug\car.a(R_IN_1.o)
 .debug_loc     0x00003cf2       0x42 .\CortexM3\ARM_GCC_493\Debug\car.a(R_IN_2.o)
 .debug_loc     0x00003d34       0x26 .\CortexM3\ARM_GCC_493\Debug\car.a(PWM_MOTOR.o)
 .debug_loc     0x00003d5a       0x56 .\CortexM3\ARM_GCC_493\Debug\car.a(isr_timer.o)
 .debug_loc     0x00003db0      0x258 .\CortexM3\ARM_GCC_493\Debug\car.a(UART_JY.o)
 .debug_loc     0x00004008       0x6a .\CortexM3\ARM_GCC_493\Debug\car.a(isr_rx_jy.o)
 .debug_loc     0x00004072      0x128 .\CortexM3\ARM_GCC_493\Debug\car.a(UART_JY_IntClock.o)
 .debug_loc     0x0000419a       0x26 .\CortexM3\ARM_GCC_493\Debug\car.a(PWM_LED.o)
 .debug_loc     0x000041c0       0x26 .\CortexM3\ARM_GCC_493\Debug\car.a(PWM_LED_1.o)
 .debug_loc     0x000041e6       0x26 .\CortexM3\ARM_GCC_493\Debug\car.a(PWM_STEERING.o)
 .debug_loc     0x0000420c      0x13c .\CortexM3\ARM_GCC_493\Debug\car.a(ADC.o)
 .debug_loc     0x00004348      0x273 .\CortexM3\ARM_GCC_493\Debug\car.a(ADC_SAR.o)
 .debug_loc     0x000045bb       0x84 .\CortexM3\ARM_GCC_493\Debug\car.a(ADC_TempBuf_dma.o)
 .debug_loc     0x0000463f       0x84 .\CortexM3\ARM_GCC_493\Debug\car.a(ADC_FinalBuf_dma.o)
 .debug_loc     0x000046c3       0x56 .\CortexM3\ARM_GCC_493\Debug\car.a(ADC_IRQ.o)
 .debug_loc     0x00004719      0x36c .\CortexM3\ARM_GCC_493\Debug\car.a(UART_LIDAR.o)
 .debug_loc     0x00004a85       0x45 .\CortexM3\ARM_GCC_493\Debug\car.a(UART_LIDAR_INT.o)
 .debug_loc     0x00004aca       0x69 .\CortexM3\ARM_GCC_493\Debug\car.a(isr_rx_LIDAR.o)
 .debug_loc     0x00004b33      0x128 .\CortexM3\ARM_GCC_493\Debug\car.a(UART_LIDAR_IntClock.o)
 .debug_loc     0x00004c5b       0x42 .\CortexM3\ARM_GCC_493\Debug\car.a(debug_time.o)
 .debug_loc     0x00004c9d      0x300 .\CortexM3\ARM_GCC_493\Debug\car.a(CyFlash.o)
 .debug_loc     0x00004f9d      0x64d .\CortexM3\ARM_GCC_493\Debug\car.a(CySpc.o)

.debug_macinfo
 *(.debug_macinfo)

.debug_ranges   0x00000000     0x11f0
 *(.debug_ranges)
 .debug_ranges  0x00000000       0x18 .\CortexM3\ARM_GCC_493\Debug\main.o
 .debug_ranges  0x00000018       0x78 .\CortexM3\ARM_GCC_493\Debug\Transfer.o
 .debug_ranges  0x00000090       0x60 .\CortexM3\ARM_GCC_493\Debug\car.o
 .debug_ranges  0x000000f0       0x18 .\CortexM3\ARM_GCC_493\Debug\battery.o
 .debug_ranges  0x00000108       0x40 .\CortexM3\ARM_GCC_493\Debug\Lidar.o
 .debug_ranges  0x00000148       0x38 .\CortexM3\ARM_GCC_493\Debug\Cm3Start.o
 .debug_ranges  0x00000180       0x40 .\CortexM3\ARM_GCC_493\Debug\car.a(cyfitter_cfg.o)
 .debug_ranges  0x000001c0       0xc8 .\CortexM3\ARM_GCC_493\Debug\car.a(CyDmac.o)
 .debug_ranges  0x00000288      0x288 .\CortexM3\ARM_GCC_493\Debug\car.a(CyLib.o)
 .debug_ranges  0x00000510       0x88 .\CortexM3\ARM_GCC_493\Debug\car.a(cyPm.o)
 .debug_ranges  0x00000598       0xe0 .\CortexM3\ARM_GCC_493\Debug\car.a(UART_net.o)
 .debug_ranges  0x00000678       0x60 .\CortexM3\ARM_GCC_493\Debug\car.a(UART_net_IntClock.o)
 .debug_ranges  0x000006d8       0x70 .\CortexM3\ARM_GCC_493\Debug\car.a(isr_tx_net.o)
 .debug_ranges  0x00000748       0x70 .\CortexM3\ARM_GCC_493\Debug\car.a(isr_rx_net.o)
 .debug_ranges  0x000007b8       0x28 .\CortexM3\ARM_GCC_493\Debug\car.a(L_IN_1.o)
 .debug_ranges  0x000007e0       0x28 .\CortexM3\ARM_GCC_493\Debug\car.a(L_IN_2.o)
 .debug_ranges  0x00000808       0x28 .\CortexM3\ARM_GCC_493\Debug\car.a(R_IN_1.o)
 .debug_ranges  0x00000830       0x28 .\CortexM3\ARM_GCC_493\Debug\car.a(R_IN_2.o)
 .debug_ranges  0x00000858       0x98 .\CortexM3\ARM_GCC_493\Debug\car.a(PWM_MOTOR.o)
 .debug_ranges  0x000008f0       0x78 .\CortexM3\ARM_GCC_493\Debug\car.a(Timer_1.o)
 .debug_ranges  0x00000968       0x70 .\CortexM3\ARM_GCC_493\Debug\car.a(isr_timer.o)
 .debug_ranges  0x000009d8       0xe0 .\CortexM3\ARM_GCC_493\Debug\car.a(UART_JY.o)
 .debug_ranges  0x00000ab8       0x70 .\CortexM3\ARM_GCC_493\Debug\car.a(isr_rx_jy.o)
 .debug_ranges  0x00000b28       0x60 .\CortexM3\ARM_GCC_493\Debug\car.a(UART_JY_IntClock.o)
 .debug_ranges  0x00000b88       0x98 .\CortexM3\ARM_GCC_493\Debug\car.a(PWM_LED.o)
 .debug_ranges  0x00000c20       0x98 .\CortexM3\ARM_GCC_493\Debug\car.a(PWM_LED_1.o)
 .debug_ranges  0x00000cb8       0x98 .\CortexM3\ARM_GCC_493\Debug\car.a(PWM_STEERING.o)
 .debug_ranges  0x00000d50       0x90 .\CortexM3\ARM_GCC_493\Debug\car.a(ADC.o)
 .debug_ranges  0x00000de0       0x10 .\CortexM3\ARM_GCC_493\Debug\car.a(ADC_INT.o)
 .debug_ranges  0x00000df0       0x98 .\CortexM3\ARM_GCC_493\Debug\car.a(ADC_SAR.o)
 .debug_ranges  0x00000e88       0x18 .\CortexM3\ARM_GCC_493\Debug\car.a(ADC_TempBuf_dma.o)
 .debug_ranges  0x00000ea0       0x18 .\CortexM3\ARM_GCC_493\Debug\car.a(ADC_FinalBuf_dma.o)
 .debug_ranges  0x00000eb8       0x70 .\CortexM3\ARM_GCC_493\Debug\car.a(ADC_IRQ.o)
 .debug_ranges  0x00000f28       0xe0 .\CortexM3\ARM_GCC_493\Debug\car.a(UART_LIDAR.o)
 .debug_ranges  0x00001008       0x18 .\CortexM3\ARM_GCC_493\Debug\car.a(UART_LIDAR_INT.o)
 .debug_ranges  0x00001020       0x70 .\CortexM3\ARM_GCC_493\Debug\car.a(isr_rx_LIDAR.o)
 .debug_ranges  0x00001090       0x60 .\CortexM3\ARM_GCC_493\Debug\car.a(UART_LIDAR_IntClock.o)
 .debug_ranges  0x000010f0       0x28 .\CortexM3\ARM_GCC_493\Debug\car.a(debug_time.o)
 .debug_ranges  0x00001118       0x70 .\CortexM3\ARM_GCC_493\Debug\car.a(CyFlash.o)
 .debug_ranges  0x00001188       0x68 .\CortexM3\ARM_GCC_493\Debug\car.a(CySpc.o)

.comment        0x00000000       0x70
 .comment       0x00000000       0x70 .\CortexM3\ARM_GCC_493\Debug\main.o
                                 0x71 (size before relaxing)
 .comment       0x00000000       0x71 .\CortexM3\ARM_GCC_493\Debug\Transfer.o
 .comment       0x00000000       0x71 .\CortexM3\ARM_GCC_493\Debug\car.o
 .comment       0x00000000       0x71 .\CortexM3\ARM_GCC_493\Debug\battery.o
 .comment       0x00000000       0x71 .\CortexM3\ARM_GCC_493\Debug\Lidar.o
 .comment       0x00000000       0x71 .\CortexM3\ARM_GCC_493\Debug\cymetadata.o
 .comment       0x00000000       0x71 .\CortexM3\ARM_GCC_493\Debug\Cm3Start.o
 .comment       0x00000000       0x71 .\CortexM3\ARM_GCC_493\Debug\car.a(cyfitter_cfg.o)
 .comment       0x00000000       0x71 .\CortexM3\ARM_GCC_493\Debug\car.a(CyDmac.o)
 .comment       0x00000000       0x71 .\CortexM3\ARM_GCC_493\Debug\car.a(CyLib.o)
 .comment       0x00000000       0x71 .\CortexM3\ARM_GCC_493\Debug\car.a(cyPm.o)
 .comment       0x00000000       0x71 .\CortexM3\ARM_GCC_493\Debug\car.a(UART_net.o)
 .comment       0x00000000       0x71 .\CortexM3\ARM_GCC_493\Debug\car.a(UART_net_IntClock.o)
 .comment       0x00000000       0x71 .\CortexM3\ARM_GCC_493\Debug\car.a(isr_tx_net.o)
 .comment       0x00000000       0x71 .\CortexM3\ARM_GCC_493\Debug\car.a(isr_rx_net.o)
 .comment       0x00000000       0x71 .\CortexM3\ARM_GCC_493\Debug\car.a(L_IN_1.o)
 .comment       0x00000000       0x71 .\CortexM3\ARM_GCC_493\Debug\car.a(L_IN_2.o)
 .comment       0x00000000       0x71 .\CortexM3\ARM_GCC_493\Debug\car.a(R_IN_1.o)
 .comment       0x00000000       0x71 .\CortexM3\ARM_GCC_493\Debug\car.a(R_IN_2.o)
 .comment       0x00000000       0x71 .\CortexM3\ARM_GCC_493\Debug\car.a(PWM_MOTOR.o)
 .comment       0x00000000       0x71 .\CortexM3\ARM_GCC_493\Debug\car.a(Timer_1.o)
 .comment       0x00000000       0x71 .\CortexM3\ARM_GCC_493\Debug\car.a(isr_timer.o)
 .comment       0x00000000       0x71 .\CortexM3\ARM_GCC_493\Debug\car.a(UART_JY.o)
 .comment       0x00000000       0x71 .\CortexM3\ARM_GCC_493\Debug\car.a(isr_rx_jy.o)
 .comment       0x00000000       0x71 .\CortexM3\ARM_GCC_493\Debug\car.a(UART_JY_IntClock.o)
 .comment       0x00000000       0x71 .\CortexM3\ARM_GCC_493\Debug\car.a(PWM_LED.o)
 .comment       0x00000000       0x71 .\CortexM3\ARM_GCC_493\Debug\car.a(PWM_LED_1.o)
 .comment       0x00000000       0x71 .\CortexM3\ARM_GCC_493\Debug\car.a(PWM_STEERING.o)
 .comment       0x00000000       0x71 .\CortexM3\ARM_GCC_493\Debug\car.a(ADC.o)
 .comment       0x00000000       0x71 .\CortexM3\ARM_GCC_493\Debug\car.a(ADC_INT.o)
 .comment       0x00000000       0x71 .\CortexM3\ARM_GCC_493\Debug\car.a(ADC_SAR.o)
 .comment       0x00000000       0x71 .\CortexM3\ARM_GCC_493\Debug\car.a(ADC_TempBuf_dma.o)
 .comment       0x00000000       0x71 .\CortexM3\ARM_GCC_493\Debug\car.a(ADC_FinalBuf_dma.o)
 .comment       0x00000000       0x71 .\CortexM3\ARM_GCC_493\Debug\car.a(ADC_IRQ.o)
 .comment       0x00000000       0x71 .\CortexM3\ARM_GCC_493\Debug\car.a(UART_LIDAR.o)
 .comment       0x00000000       0x71 .\CortexM3\ARM_GCC_493\Debug\car.a(UART_LIDAR_INT.o)
 .comment       0x00000000       0x71 .\CortexM3\ARM_GCC_493\Debug\car.a(isr_rx_LIDAR.o)
 .comment       0x00000000       0x71 .\CortexM3\ARM_GCC_493\Debug\car.a(UART_LIDAR_IntClock.o)
 .comment       0x00000000       0x71 .\CortexM3\ARM_GCC_493\Debug\car.a(debug_time.o)
 .comment       0x00000000       0x71 .\CortexM3\ARM_GCC_493\Debug\car.a(CyFlash.o)
 .comment       0x00000000       0x71 .\CortexM3\ARM_GCC_493\Debug\car.a(CySpc.o)

.debug_weaknames
 *(.debug_weaknames)

.debug_funcnames
 *(.debug_funcnames)

.debug_typenames
 *(.debug_typenames)

.debug_varnames
 *(.debug_varnames)

.note.gnu.arm.ident
 *(.note.gnu.arm.ident)

.ARM.attributes
                0x00000000       0x29
 *(.ARM.attributes)
 .ARM.attributes
                0x00000000       0x1d c:/program files (x86)/cypress/psoc creator/3.3/psoc creator/import/gnu/arm/4.9.3/bin/../lib/gcc/arm-none-eabi/4.9.3/armv7-m/crti.o
 .ARM.attributes
                0x0000001d       0x2d c:/program files (x86)/cypress/psoc creator/3.3/psoc creator/import/gnu/arm/4.9.3/bin/../lib/gcc/arm-none-eabi/4.9.3/armv7-m/crtbegin.o
 .ARM.attributes
                0x0000004a       0x1b c:/program files (x86)/cypress/psoc creator/3.3/psoc creator/import/gnu/arm/4.9.3/bin/../lib/gcc/arm-none-eabi/4.9.3/../../../../arm-none-eabi/lib/armv7-m/crt0.o
 .ARM.attributes
                0x00000065       0x33 .\CortexM3\ARM_GCC_493\Debug\main.o
 .ARM.attributes
                0x00000098       0x33 .\CortexM3\ARM_GCC_493\Debug\Transfer.o
 .ARM.attributes
                0x000000cb       0x33 .\CortexM3\ARM_GCC_493\Debug\car.o
 .ARM.attributes
                0x000000fe       0x33 .\CortexM3\ARM_GCC_493\Debug\battery.o
 .ARM.attributes
                0x00000131       0x33 .\CortexM3\ARM_GCC_493\Debug\Lidar.o
 .ARM.attributes
                0x00000164       0x33 .\CortexM3\ARM_GCC_493\Debug\cymetadata.o
 .ARM.attributes
                0x00000197       0x33 .\CortexM3\ARM_GCC_493\Debug\Cm3Start.o
 .ARM.attributes
                0x000001ca       0x33 .\CortexM3\ARM_GCC_493\Debug\car.a(cyfitter_cfg.o)
 .ARM.attributes
                0x000001fd       0x21 .\CortexM3\ARM_GCC_493\Debug\car.a(CyBootAsmGnu.o)
 .ARM.attributes
                0x0000021e       0x33 .\CortexM3\ARM_GCC_493\Debug\car.a(CyDmac.o)
 .ARM.attributes
                0x00000251       0x33 .\CortexM3\ARM_GCC_493\Debug\car.a(CyLib.o)
 .ARM.attributes
                0x00000284       0x33 .\CortexM3\ARM_GCC_493\Debug\car.a(cyPm.o)
 .ARM.attributes
                0x000002b7       0x33 .\CortexM3\ARM_GCC_493\Debug\car.a(UART_net.o)
 .ARM.attributes
                0x000002ea       0x33 .\CortexM3\ARM_GCC_493\Debug\car.a(UART_net_IntClock.o)
 .ARM.attributes
                0x0000031d       0x33 .\CortexM3\ARM_GCC_493\Debug\car.a(isr_tx_net.o)
 .ARM.attributes
                0x00000350       0x33 .\CortexM3\ARM_GCC_493\Debug\car.a(isr_rx_net.o)
 .ARM.attributes
                0x00000383       0x33 .\CortexM3\ARM_GCC_493\Debug\car.a(L_IN_1.o)
 .ARM.attributes
                0x000003b6       0x33 .\CortexM3\ARM_GCC_493\Debug\car.a(L_IN_2.o)
 .ARM.attributes
                0x000003e9       0x33 .\CortexM3\ARM_GCC_493\Debug\car.a(R_IN_1.o)
 .ARM.attributes
                0x0000041c       0x33 .\CortexM3\ARM_GCC_493\Debug\car.a(R_IN_2.o)
 .ARM.attributes
                0x0000044f       0x33 .\CortexM3\ARM_GCC_493\Debug\car.a(PWM_MOTOR.o)
 .ARM.attributes
                0x00000482       0x33 .\CortexM3\ARM_GCC_493\Debug\car.a(Timer_1.o)
 .ARM.attributes
                0x000004b5       0x33 .\CortexM3\ARM_GCC_493\Debug\car.a(isr_timer.o)
 .ARM.attributes
                0x000004e8       0x33 .\CortexM3\ARM_GCC_493\Debug\car.a(UART_JY.o)
 .ARM.attributes
                0x0000051b       0x33 .\CortexM3\ARM_GCC_493\Debug\car.a(isr_rx_jy.o)
 .ARM.attributes
                0x0000054e       0x33 .\CortexM3\ARM_GCC_493\Debug\car.a(UART_JY_IntClock.o)
 .ARM.attributes
                0x00000581       0x33 .\CortexM3\ARM_GCC_493\Debug\car.a(PWM_LED.o)
 .ARM.attributes
                0x000005b4       0x33 .\CortexM3\ARM_GCC_493\Debug\car.a(PWM_LED_1.o)
 .ARM.attributes
                0x000005e7       0x33 .\CortexM3\ARM_GCC_493\Debug\car.a(PWM_STEERING.o)
 .ARM.attributes
                0x0000061a       0x33 .\CortexM3\ARM_GCC_493\Debug\car.a(ADC.o)
 .ARM.attributes
                0x0000064d       0x33 .\CortexM3\ARM_GCC_493\Debug\car.a(ADC_INT.o)
 .ARM.attributes
                0x00000680       0x33 .\CortexM3\ARM_GCC_493\Debug\car.a(ADC_SAR.o)
 .ARM.attributes
                0x000006b3       0x33 .\CortexM3\ARM_GCC_493\Debug\car.a(ADC_TempBuf_dma.o)
 .ARM.attributes
                0x000006e6       0x33 .\CortexM3\ARM_GCC_493\Debug\car.a(ADC_FinalBuf_dma.o)
 .ARM.attributes
                0x00000719       0x33 .\CortexM3\ARM_GCC_493\Debug\car.a(ADC_IRQ.o)
 .ARM.attributes
                0x0000074c       0x33 .\CortexM3\ARM_GCC_493\Debug\car.a(UART_LIDAR.o)
 .ARM.attributes
                0x0000077f       0x33 .\CortexM3\ARM_GCC_493\Debug\car.a(UART_LIDAR_INT.o)
 .ARM.attributes
                0x000007b2       0x33 .\CortexM3\ARM_GCC_493\Debug\car.a(isr_rx_LIDAR.o)
 .ARM.attributes
                0x000007e5       0x33 .\CortexM3\ARM_GCC_493\Debug\car.a(UART_LIDAR_IntClock.o)
 .ARM.attributes
                0x00000818       0x33 .\CortexM3\ARM_GCC_493\Debug\car.a(debug_time.o)
 .ARM.attributes
                0x0000084b       0x33 .\CortexM3\ARM_GCC_493\Debug\car.a(CyFlash.o)
 .ARM.attributes
                0x0000087e       0x33 .\CortexM3\ARM_GCC_493\Debug\car.a(CySpc.o)
 .ARM.attributes
                0x000008b1       0x1d c:/program files (x86)/cypress/psoc creator/3.3/psoc creator/import/gnu/arm/4.9.3/bin/../lib/gcc/arm-none-eabi/4.9.3/armv7-m\libgcc.a(_arm_addsubdf3.o)
 .ARM.attributes
                0x000008ce       0x1d c:/program files (x86)/cypress/psoc creator/3.3/psoc creator/import/gnu/arm/4.9.3/bin/../lib/gcc/arm-none-eabi/4.9.3/armv7-m\libgcc.a(_arm_muldivdf3.o)
 .ARM.attributes
                0x000008eb       0x1d c:/program files (x86)/cypress/psoc creator/3.3/psoc creator/import/gnu/arm/4.9.3/bin/../lib/gcc/arm-none-eabi/4.9.3/armv7-m\libgcc.a(_arm_truncdfsf2.o)
 .ARM.attributes
                0x00000908       0x1d c:/program files (x86)/cypress/psoc creator/3.3/psoc creator/import/gnu/arm/4.9.3/bin/../lib/gcc/arm-none-eabi/4.9.3/armv7-m\libgcc.a(_arm_addsubsf3.o)
 .ARM.attributes
                0x00000925       0x1d c:/program files (x86)/cypress/psoc creator/3.3/psoc creator/import/gnu/arm/4.9.3/bin/../lib/gcc/arm-none-eabi/4.9.3/armv7-m\libgcc.a(_arm_muldivsf3.o)
 .ARM.attributes
                0x00000942       0x1d c:/program files (x86)/cypress/psoc creator/3.3/psoc creator/import/gnu/arm/4.9.3/bin/../lib/gcc/arm-none-eabi/4.9.3/armv7-m\libgcc.a(_arm_cmpsf2.o)
 .ARM.attributes
                0x0000095f       0x1d c:/program files (x86)/cypress/psoc creator/3.3/psoc creator/import/gnu/arm/4.9.3/bin/../lib/gcc/arm-none-eabi/4.9.3/armv7-m\libgcc.a(_arm_fixsfsi.o)
 .ARM.attributes
                0x0000097c       0x1d c:/program files (x86)/cypress/psoc creator/3.3/psoc creator/import/gnu/arm/4.9.3/bin/../lib/gcc/arm-none-eabi/4.9.3/armv7-m\libgcc.a(_arm_fixunssfsi.o)
 .ARM.attributes
                0x00000999       0x1d c:/program files (x86)/cypress/psoc creator/3.3/psoc creator/import/gnu/arm/4.9.3/bin/../lib/gcc/arm-none-eabi/4.9.3/armv7-m\libgcc.a(_aeabi_ldivmod.o)
 .ARM.attributes
                0x000009b6       0x2d c:/program files (x86)/cypress/psoc creator/3.3/psoc creator/import/gnu/arm/4.9.3/bin/../lib/gcc/arm-none-eabi/4.9.3/armv7-m\libgcc.a(bpabi.o)
 .ARM.attributes
                0x000009e3       0x1d c:/program files (x86)/cypress/psoc creator/3.3/psoc creator/import/gnu/arm/4.9.3/bin/../lib/gcc/arm-none-eabi/4.9.3/armv7-m\libgcc.a(_dvmd_tls.o)
 .ARM.attributes
                0x00000a00       0x2d c:/program files (x86)/cypress/psoc creator/3.3/psoc creator/import/gnu/arm/4.9.3/bin/../lib/gcc/arm-none-eabi/4.9.3/armv7-m\libgcc.a(_divdi3.o)
 .ARM.attributes