Archive member included because of file (symbol)

.\CortexM3\ARM_GCC_493\Debug\car.a(cyfitter_cfg.o)
                              .\CortexM3\ARM_GCC_493\Debug\Cm3Start.o (cyfitter_cfg)
.\CortexM3\ARM_GCC_493\Debug\car.a(CyBootAsmGnu.o)
                              .\CortexM3\ARM_GCC_493\Debug\car.a(cyfitter_cfg.o) (CyDelayCycles)
.\CortexM3\ARM_GCC_493\Debug\car.a(CyDmac.o)
                              .\CortexM3\ARM_GCC_493\Debug\Cm3Start.o (CyDmacConfigure)
.\CortexM3\ARM_GCC_493\Debug\car.a(CyLib.o)
                              .\CortexM3\ARM_GCC_493\Debug\Cm3Start.o (CyHalt)
.\CortexM3\ARM_GCC_493\Debug\car.a(cyPm.o)
                              .\CortexM3\ARM_GCC_493\Debug\car.a(CyLib.o) (CyPmReadStatus)
.\CortexM3\ARM_GCC_493\Debug\car.a(UART_net.o)
                              .\CortexM3\ARM_GCC_493\Debug\main.o (UART_net_Start)
.\CortexM3\ARM_GCC_493\Debug\car.a(UART_net_IntClock.o)
                              .\CortexM3\ARM_GCC_493\Debug\car.a(UART_net.o) (UART_net_IntClock_Start)
.\CortexM3\ARM_GCC_493\Debug\car.a(isr_tx_net.o)
                              .\CortexM3\ARM_GCC_493\Debug\main.o (isr_tx_net_Start)
.\CortexM3\ARM_GCC_493\Debug\car.a(isr_rx_net.o)
                              .\CortexM3\ARM_GCC_493\Debug\main.o (isr_rx_net_Start)
.\CortexM3\ARM_GCC_493\Debug\car.a(L_IN_1.o)
                              .\CortexM3\ARM_GCC_493\Debug\car.o (L_IN_1_Write)
.\CortexM3\ARM_GCC_493\Debug\car.a(L_IN_2.o)
                              .\CortexM3\ARM_GCC_493\Debug\car.o (L_IN_2_Write)
.\CortexM3\ARM_GCC_493\Debug\car.a(R_IN_1.o)
                              .\CortexM3\ARM_GCC_493\Debug\car.o (R_IN_1_Write)
.\CortexM3\ARM_GCC_493\Debug\car.a(R_IN_2.o)
                              .\CortexM3\ARM_GCC_493\Debug\car.o (R_IN_2_Write)
.\CortexM3\ARM_GCC_493\Debug\car.a(PWM_MOTOR.o)
                              .\CortexM3\ARM_GCC_493\Debug\car.o (PWM_MOTOR_WriteCompare1)
.\CortexM3\ARM_GCC_493\Debug\car.a(Timer_1.o)
                              .\CortexM3\ARM_GCC_493\Debug\main.o (Timer_1_Start)
.\CortexM3\ARM_GCC_493\Debug\car.a(isr_timer.o)
                              .\CortexM3\ARM_GCC_493\Debug\main.o (time_1s_state)
.\CortexM3\ARM_GCC_493\Debug\car.a(UART_JY.o)
                              .\CortexM3\ARM_GCC_493\Debug\main.o (UART_JY_Start)
.\CortexM3\ARM_GCC_493\Debug\car.a(isr_rx_jy.o)
                              .\CortexM3\ARM_GCC_493\Debug\main.o (isr_rx_jy_Start)
.\CortexM3\ARM_GCC_493\Debug\car.a(UART_JY_IntClock.o)
                              .\CortexM3\ARM_GCC_493\Debug\car.a(UART_JY.o) (UART_JY_IntClock_Start)
.\CortexM3\ARM_GCC_493\Debug\car.a(PWM_LED.o)
                              .\CortexM3\ARM_GCC_493\Debug\Transfer.o (PWM_LED_WriteCompare1)
.\CortexM3\ARM_GCC_493\Debug\car.a(PWM_LED_1.o)
                              .\CortexM3\ARM_GCC_493\Debug\Transfer.o (PWM_LED_1_WriteCompare1)
.\CortexM3\ARM_GCC_493\Debug\car.a(ADC.o)
                              .\CortexM3\ARM_GCC_493\Debug\battery.o (ADC_Start)
.\CortexM3\ARM_GCC_493\Debug\car.a(ADC_INT.o)
                              .\CortexM3\ARM_GCC_493\Debug\car.a(ADC.o) (ADC_ISR)
.\CortexM3\ARM_GCC_493\Debug\car.a(ADC_SAR.o)
                              .\CortexM3\ARM_GCC_493\Debug\car.a(ADC.o) (ADC_SAR_shift)
.\CortexM3\ARM_GCC_493\Debug\car.a(ADC_TempBuf_dma.o)
                              .\CortexM3\ARM_GCC_493\Debug\car.a(ADC.o) (ADC_TempBuf_DmaInitialize)
.\CortexM3\ARM_GCC_493\Debug\car.a(ADC_FinalBuf_dma.o)
                              .\CortexM3\ARM_GCC_493\Debug\car.a(ADC.o) (ADC_FinalBuf_DmaInitialize)
.\CortexM3\ARM_GCC_493\Debug\car.a(ADC_IRQ.o)
                              .\CortexM3\ARM_GCC_493\Debug\car.a(ADC.o) (ADC_IRQ_SetVector)
.\CortexM3\ARM_GCC_493\Debug\car.a(debug_time.o)
                              .\CortexM3\ARM_GCC_493\Debug\Lidar.o (debug_time_Write)
.\CortexM3\ARM_GCC_493\Debug\car.a(PTZ_UP_EN.o)
                              .\CortexM3\ARM_GCC_493\Debug\car.o (PTZ_UP_EN_Write)
.\CortexM3\ARM_GCC_493\Debug\car.a(PTZ_UP_STEP.o)
                              .\CortexM3\ARM_GCC_493\Debug\car.o (PTZ_UP_STEP_Write)
.\CortexM3\ARM_GCC_493\Debug\car.a(PTZ_UP_DIR.o)
                              .\CortexM3\ARM_GCC_493\Debug\car.o (PTZ_UP_DIR_Write)
.\CortexM3\ARM_GCC_493\Debug\car.a(PTZ_DOWN_EN.o)
                              .\CortexM3\ARM_GCC_493\Debug\car.o (PTZ_DOWN_EN_Write)
.\CortexM3\ARM_GCC_493\Debug\car.a(PTZ_DOWN_STEP.o)
                              .\CortexM3\ARM_GCC_493\Debug\car.o (PTZ_DOWN_STEP_Write)
.\CortexM3\ARM_GCC_493\Debug\car.a(PTZ_DOWN_DIR.o)
                              .\CortexM3\ARM_GCC_493\Debug\car.o (PTZ_DOWN_DIR_Write)
.\CortexM3\ARM_GCC_493\Debug\car.a(SRF_TRG_1.o)
                              .\CortexM3\ARM_GCC_493\Debug\main.o (SRF_TRG_1_Write)
.\CortexM3\ARM_GCC_493\Debug\car.a(SRF_05_Timer.o)
                              .\CortexM3\ARM_GCC_493\Debug\main.o (SRF_05_Timer_Start)
.\CortexM3\ARM_GCC_493\Debug\car.a(isr_srf_front.o)
[...]
Memory Configuration

Name             Origin             Length             Attributes
rom              0x00000000         0x00020000         xr
ram              0x1fffc000         0x00008000         xrw
*default*        0x00000000         0xffffffff

Linker script and memory map

LOAD c:/program files (x86)/cypress/psoc creator/3.3/psoc creator/import/gnu/arm/4.9.3/bin/../lib/gcc/arm-none-eabi/4.9.3/armv7-m/crti.o
LOAD c:/program files (x86)/cypress/psoc creator/3.3/psoc creator/import/gnu/arm/4.9.3/bin/../lib/gcc/arm-none-eabi/4.9.3/armv7-m/crtbegin.o
LOAD c:/program files (x86)/cypress/psoc creator/3.3/psoc creator/import/gnu/arm/4.9.3/bin/../lib/gcc/arm-none-eabi/4.9.3/../../../../arm-none-eabi/lib/armv7-m/crt0.o
START GROUP
LOAD .\CortexM3\ARM_GCC_493\Debug\main.o
LOAD .\CortexM3\ARM_GCC_493\Debug\Transfer.o
LOAD .\CortexM3\ARM_GCC_493\Debug\car.o
LOAD .\CortexM3\ARM_GCC_493\Debug\battery.o
LOAD .\CortexM3\ARM_GCC_493\Debug\Lidar.o
LOAD .\CortexM3\ARM_GCC_493\Debug\cymetadata.o
LOAD .\CortexM3\ARM_GCC_493\Debug\Cm3Start.o
LOAD .\CortexM3\ARM_GCC_493\Debug\car.a
LOAD C:\Program Files (x86)\Cypress\PSoC Creator\3.3\PSoC Creator\psoc\content\cycomponentlibrary\CyComponentLibrary.cylib\CortexM3\ARM_GCC_493\Debug\CyComponentLibrary.a
END GROUP
START GROUP
LOAD c:/program files (x86)/cypress/psoc creator/3.3/psoc creator/import/gnu/arm/4.9.3/bin/../lib/gcc/arm-none-eabi/4.9.3/armv7-m\libgcc.a
LOAD c:/program files (x86)/cypress/psoc creator/3.3/psoc creator/import/gnu/arm/4.9.3/bin/../lib/gcc/arm-none-eabi/4.9.3/../../../../arm-none-eabi/lib/armv7-m\libg_nano.a
LOAD c:/program files (x86)/cypress/psoc creator/3.3/psoc creator/import/gnu/arm/4.9.3/bin/../lib/gcc/arm-none-eabi/4.9.3/../../../../arm-none-eabi/lib/armv7-m\libc_nano.a
END GROUP
START GROUP
LOAD c:/program files (x86)/cypress/psoc creator/3.3/psoc creator/import/gnu/arm/4.9.3/bin/../lib/gcc/arm-none-eabi/4.9.3/armv7-m\libgcc.a
LOAD c:/program files (x86)/cypress/psoc creator/3.3/psoc creator/import/gnu/arm/4.9.3/bin/../lib/gcc/arm-none-eabi/4.9.3/../../../../arm-none-eabi/lib/armv7-m\libc_nano.a
END GROUP
LOAD c:/program files (x86)/cypress/psoc creator/3.3/psoc creator/import/gnu/arm/4.9.3/bin/../lib/gcc/arm-none-eabi/4.9.3/armv7-m/crtend.o
LOAD c:/program files (x86)/cypress/psoc creator/3.3/psoc creator/import/gnu/arm/4.9.3/bin/../lib/gcc/arm-none-eabi/4.9.3/armv7-m/crtn.o
START GROUP
LOAD c:/program files (x86)/cypress/psoc creator/3.3/psoc creator/import/gnu/arm/4.9.3/bin/../lib/gcc/arm-none-eabi/4.9.3/armv7-m\libgcc.a
LOAD c:/program files (x86)/cypress/psoc creator/3.3/psoc creator/import/gnu/arm/4.9.3/bin/../lib/gcc/arm-none-eabi/4.9.3/../../../../arm-none-eabi/lib/armv7-m\libc.a
LOAD c:/program files (x86)/cypress/psoc creator/3.3/psoc creator/import/gnu/arm/4.9.3/bin/../lib/gcc/arm-none-eabi/4.9.3/../../../../arm-none-eabi/lib/armv7-m\libnosys.a
END GROUP
                0x00000000                CY_APPL_ORIGIN = 0x0
                0x00000100                CY_FLASH_ROW_SIZE = 0x100
                0x00000020                CY_ECC_ROW_SIZE = 0x20
                0x00000000                CY_EE_IN_BTLDR = 0x0
                0x00000000                CY_APPL_LOADABLE = 0x0
                0x00000800                CY_EE_SIZE = 0x800
                0x00000001                CY_APPL_NUM = 0x1
                0x00000001                CY_APPL_MAX = 0x1
                0x00000040                CY_METADATA_SIZE = 0x40
                0x00000000                CY_APPL_LOADABLE = 0x0
                0x00000000                CY_CHECKSUM_EXCLUDE_SIZE = ALIGN (0x0, CY_FLASH_ROW_SIZE)
                0x1fffea10                PROVIDE (__cy_heap_start, _end)
                0x00000001                PROVIDE (__cy_region_num, ((__cy_regions_end - __cy_regions) / 0x10))
                0x20004000                PROVIDE (__cy_stack, (ORIGIN (ram) + 0x8000))
                0x20003800                PROVIDE (__cy_heap_end, (__cy_stack - 0x800))

.cybootloader   0x00000000        0x0
 *(.cybootloader)
                0x00000000                appl1_start = CY_APPL_ORIGIN?CY_APPL_ORIGIN:ALIGN (CY_FLASH_ROW_SIZE)
                0x0000ff00                appl2_start = (appl1_start + ALIGN ((((0x20000 - appl1_start) - (0x2 * CY_FLASH_ROW_SIZE)) / 0x2), CY_FLASH_ROW_SIZE))
                0x00000000                appl_start = (CY_APPL_NUM == 0x1)?appl1_start:appl2_start
                0x00000000                ecc_offset = ((appl_start / CY_FLASH_ROW_SIZE) * CY_ECC_ROW_SIZE)
                0x00000000                ee_offset = (CY_APPL_LOADABLE && ! (CY_EE_IN_BTLDR))?((CY_EE_SIZE / CY_APPL_MAX) * (CY_APPL_NUM - 0x1)):0x0
                0x00000800                ee_size = (CY_APPL_LOADABLE && ! (CY_EE_IN_BTLDR))?(CY_EE_SIZE / CY_APPL_MAX):CY_EE_SIZE
                0x00000000                PROVIDE (CY_ECC_OFFSET, ecc_offset)

.text           0x00000000     0x2c7e
 CREATE_OBJECT_SYMBOLS
                0x00000000                PROVIDE (__cy_interrupt_vector, RomVectors)
 *(.romvectors)
 .romvectors    0x00000000       0x10 .\CortexM3\ARM_GCC_493\Debug\Cm3Start.o
                0x00000000                RomVectors
                0x00000001                ASSERT ((. != __cy_interrupt_vector), No interrupt vector)
                0x00000001                ASSERT (CY_APPL_ORIGIN?(SIZEOF (.cybootloader) <= CY_APPL_ORIGIN):0x1, Wrong image location)
                0x00000010                PROVIDE (__cy_reset, Reset)
 *(.text.Reset)
 .text.Reset    0x00000010       0x18 .\CortexM3\ARM_GCC_493\Debug\Cm3Start.o
                0x00000010                Reset
                0x00000001                ASSERT ((. != __cy_reset), No reset code)
 *(.dma_init)
                0x00000001                ASSERT ((((appl_start + .) <= 0x10000) || 0x1), DMA Init must be within the first 64k of flash)
 *(.text .text.* .gnu.linkonce.t.*)
 .text          0x00000028       0x5c c:/program files (x86)/cypress/psoc creator/3.3/psoc creator/import/gnu/arm/4.9.3/bin/../lib/gcc/arm-none-eabi/4.9.3/armv7-m/crtbegin.o
 .text.main     0x00000084      0x110 .\CortexM3\ARM_GCC_493\Debug\main.o
                0x00000084                main
 .text.DT_Send_Data
                0x00000194        0x8 .\CortexM3\ARM_GCC_493\Debug\Transfer.o
                0x00000194                DT_Send_Data
 .text.DT_Send_Check
                0x0000019c       0x3c .\CortexM3\ARM_GCC_493\Debug\Transfer.o
 .text.DT_Data_Receive_Anl
                0x000001d8      0x13c .\CortexM3\ARM_GCC_493\Debug\Transfer.o
                0x000001d8                DT_Data_Receive_Anl
 .text.DT_Data_Receive_Prepare
                0x00000314       0xac .\CortexM3\ARM_GCC_493\Debug\Transfer.o
                0x00000314                DT_Data_Receive_Prepare
 .text.DT_Send_Status
                0x000003c0       0x54 .\CortexM3\ARM_GCC_493\Debug\Transfer.o
                0x000003c0                DT_Send_Status
 .text.DT_Send_Senser
                0x00000414       0xb8 .\CortexM3\ARM_GCC_493\Debug\Transfer.o
                0x00000414                DT_Send_Senser
 .text.DT_Send_Distance
                0x000004cc       0x50 .\CortexM3\ARM_GCC_493\Debug\Transfer.o
                0x000004cc                DT_Send_Distance
 .text.DT_Send_Power
                0x0000051c       0x4c .\CortexM3\ARM_GCC_493\Debug\Transfer.o
                0x0000051c                DT_Send_Power
 .text.DT_Data_Exchange
                0x00000568      0x1f4 .\CortexM3\ARM_GCC_493\Debug\Transfer.o
                0x00000568                DT_Data_Exchange
 .text.ptz_control
                0x0000075c       0x80 .\CortexM3\ARM_GCC_493\Debug\car.o
 .text.Set_Left_Front_Speed_Turn
                0x000007dc       0x38 .\CortexM3\ARM_GCC_493\Debug\car.o
 .text.Set_Left_Behind_Speed_Turn
                0x00000814       0x38 .\CortexM3\ARM_GCC_493\Debug\car.o
 .text.Set_Right_Behind_Speed_Turn
                0x0000084c       0x38 .\CortexM3\ARM_GCC_493\Debug\car.o
 .text.Command_Car_UP
                0x00000884       0x24 .\CortexM3\ARM_GCC_493\Debug\car.o
 .text.Command_Car_Down
                0x000008a8       0x24 .\CortexM3\ARM_GCC_493\Debug\car.o
 .text.Car_init
                0x000008cc       0x3c .\CortexM3\ARM_GCC_493\Debug\car.o
                0x000008cc                Car_init
 .text.Car_PTZ_DIR
                0x00000908       0x60 .\CortexM3\ARM_GCC_493\Debug\car.o
                0x00000908                Car_PTZ_DIR
 .text.Command_Car_Left
                0x00000968       0x28 .\CortexM3\ARM_GCC_493\Debug\car.o
                0x00000968                Command_Car_Left
 .text.Command_Car_Right
                0x00000990       0x28 .\CortexM3\ARM_GCC_493\Debug\car.o
                0x00000990                Command_Car_Right
 .text.Command_Car_brake
                0x000009b8       0x24 .\CortexM3\ARM_GCC_493\Debug\car.o
                0x000009b8                Command_Car_brake
 .text.Car_Dir  0x000009dc       0x4c .\CortexM3\ARM_GCC_493\Debug\car.o
                0x000009dc                Car_Dir
 .text.Control_Car
                0x00000a28       0x70 .\CortexM3\ARM_GCC_493\Debug\car.o
                0x00000a28                Control_Car
 .text.Monitor_Battery_Init
                0x00000a98        0xc .\CortexM3\ARM_GCC_493\Debug\battery.o
                0x00000a98                Monitor_Battery_Init
 .text.Get_Battery_ADvalue
                0x00000aa4       0x4c .\CortexM3\ARM_GCC_493\Debug\battery.o
                0x00000aa4                Get_Battery_ADvalue
 .text.Lidar_init
                0x00000af0       0x20 .\CortexM3\ARM_GCC_493\Debug\Lidar.o
                0x00000af0                Lidar_init
 .text.IntDefaultHandler
                0x00000b10        0x4 .\CortexM3\ARM_GCC_493\Debug\Cm3Start.o
                0x00000b10                IntDefaultHandler
 .text.Start_c  0x00000b14       0x4c .\CortexM3\ARM_GCC_493\Debug\Cm3Start.o
                0x00000b14                Start_c
 .text.initialize_psoc
                0x00000b60       0x78 .\CortexM3\ARM_GCC_493\Debug\Cm3Start.o
                0x00000b60                initialize_psoc
 .text.cfg_write_bytes32
                0x00000bd8       0x34 .\CortexM3\ARM_GCC_493\Debug\car.a(cyfitter_cfg.o)
 .text.AnalogSetDefault
                0x00000c0c       0x7c .\CortexM3\ARM_GCC_493\Debug\car.a(cyfitter_cfg.o)
 .text.CYMEMZERO
                0x00000c88        0xc .\CortexM3\ARM_GCC_493\Debug\car.a(cyfitter_cfg.o)
 .text.ClockSetup
                0x00000c94       0xd4 .\CortexM3\ARM_GCC_493\Debug\car.a(cyfitter_cfg.o)
 .text.CYCONFIGCPY
                0x00000d68        0x8 .\CortexM3\ARM_GCC_493\Debug\car.a(cyfitter_cfg.o)
 .text.cyfitter_cfg
                0x00000d70      0x198 .\CortexM3\ARM_GCC_493\Debug\car.a(cyfitter_cfg.o)
                0x00000d70                cyfitter_cfg
 .text          0x00000f08       0x20 .\CortexM3\ARM_GCC_493\Debug\car.a(CyBootAsmGnu.o)
                0x00000f08                CyDelayCycles
                0x00000f18                CyEnterCriticalSection
                0x00000f20                CyExitCriticalSection
 .text.CyDmacConfigure
                0x00000f28       0x34 .\CortexM3\ARM_GCC_493\Debug\car.a(CyDmac.o)
                0x00000f28                CyDmacConfigure
 .text.CyDmaChEnable
                0x00000f5c       0x38 .\CortexM3\ARM_GCC_493\Debug\car.a(CyDmac.o)
                0x00000f5c                CyDmaChEnable
 .text.CyDmaClearPendingDrq
                0x00000f94       0x28 .\CortexM3\ARM_GCC_493\Debug\car.a(CyDmac.o)
                0x00000f94                CyDmaClearPendingDrq
 .text.CyDmaChPriority
                0x00000fbc       0x24 .\CortexM3\ARM_GCC_493\Debug\car.a(CyDmac.o)
                0x00000fbc                CyDmaChPriority
 .text.CyDmaChSetExtendedAddress
                0x00000fe0       0x34 .\CortexM3\ARM_GCC_493\Debug\car.a(CyDmac.o)
                0x00000fe0                CyDmaChSetExtendedAddress
 .text.CyDmaChSetInitialTd
                0x00001014       0x18 .\CortexM3\ARM_GCC_493\Debug\car.a(CyDmac.o)
                0x00001014                CyDmaChSetInitialTd
 .text.CyDmaChSetConfiguration
                0x0000102c       0x48 .\CortexM3\ARM_GCC_493\Debug\car.a(CyDmac.o)
                0x0000102c                CyDmaChSetConfiguration
 .text.CyDmaTdAllocate
                0x00001074       0x34 .\CortexM3\ARM_GCC_493\Debug\car.a(CyDmac.o)
                0x00001074                CyDmaTdAllocate
 .text.CyDmaTdSetConfiguration
                0x000010a8       0x28 .\CortexM3\ARM_GCC_493\Debug\car.a(CyDmac.o)
                0x000010a8                CyDmaTdSetConfiguration
 .text.CyDmaTdSetAddress
                0x000010d0       0x1c .\CortexM3\ARM_GCC_493\Debug\car.a(CyDmac.o)
                0x000010d0                CyDmaTdSetAddress
 .text.CyHalt   0x000010ec        0x4 .\CortexM3\ARM_GCC_493\Debug\car.a(CyLib.o)
                0x000010ec                CyHalt
 .text.CyDelay  0x000010f0       0x2c .\CortexM3\ARM_GCC_493\Debug\car.a(CyLib.o)
                0x000010f0                CyDelay
 .text.CyDelayUs
                0x0000111c       0x14 .\CortexM3\ARM_GCC_493\Debug\car.a(CyLib.o)
                0x0000111c                CyDelayUs
 .text.UART_net_Init
                0x00001130       0x28 .\CortexM3\ARM_GCC_493\Debug\car.a(UART_net.o)
                0x00001130                UART_net_Init
 .text.UART_net_Enable
                0x00001158       0x38 .\CortexM3\ARM_GCC_493\Debug\car.a(UART_net.o)
                0x00001158                UART_net_Enable
 .text.UART_net_Start
                0x00001190       0x1c .\CortexM3\ARM_GCC_493\Debug\car.a(UART_net.o)
                0x00001190                UART_net_Start
 .text.UART_net_GetChar
                0x000011ac       0x2c .\CortexM3\ARM_GCC_493\Debug\car.a(UART_net.o)
                0x000011ac                UART_net_GetChar
 .text.UART_net_PutChar
                0x000011d8       0x18 .\CortexM3\ARM_GCC_493\Debug\car.a(UART_net.o)
                0x000011d8                UART_net_PutChar
 .text.UART_net_PutArray
                0x000011f0       0x28 .\CortexM3\ARM_GCC_493\Debug\car.a(UART_net.o)
                0x000011f0                UART_net_PutArray
 .text.UART_net_IntClock_Start
                0x00001218       0x1c .\CortexM3\ARM_GCC_493\Debug\car.a(UART_net_IntClock.o)
                0x00001218                UART_net_IntClock_Start
 .text.isr_tx_net_Interrupt
                0x00001234        0x4 .\CortexM3\ARM_GCC_493\Debug\car.a(isr_tx_net.o)
                0x00001234                isr_tx_net_Interrupt
 .text.isr_tx_net_SetVector
                0x00001238        0xc .\CortexM3\ARM_GCC_493\Debug\car.a(isr_tx_net.o)
                0x00001238                isr_tx_net_SetVector
 .text.isr_tx_net_SetPriority
                0x00001244       0x10 .\CortexM3\ARM_GCC_493\Debug\car.a(isr_tx_net.o)
                0x00001244                isr_tx_net_SetPriority
 .text.isr_tx_net_Enable
                0x00001254        0xc .\CortexM3\ARM_GCC_493\Debug\car.a(isr_tx_net.o)
                0x00001254                isr_tx_net_Enable
 .text.isr_tx_net_Disable
                0x00001260        0xc .\CortexM3\ARM_GCC_493\Debug\car.a(isr_tx_net.o)
                0x00001260                isr_tx_net_Disable
 .text.isr_tx_net_Start
                0x0000126c       0x1c .\CortexM3\ARM_GCC_493\Debug\car.a(isr_tx_net.o)
                0x0000126c                isr_tx_net_Start
 .text.isr_rx_net_Interrupt
                0x00001288        0xc .\CortexM3\ARM_GCC_493\Debug\car.a(isr_rx_net.o)
                0x00001288                isr_rx_net_Interrupt
 .text.isr_rx_net_SetVector
                0x00001294        0xc .\CortexM3\ARM_GCC_493\Debug\car.a(isr_rx_net.o)
                0x00001294                isr_rx_net_SetVector
 .text.isr_rx_net_SetPriority
                0x000012a0       0x10 .\CortexM3\ARM_GCC_493\Debug\car.a(isr_rx_net.o)
                0x000012a0                isr_rx_net_SetPriority
 .text.isr_rx_net_Enable
                0x000012b0        0xc .\CortexM3\ARM_GCC_493\Debug\car.a(isr_rx_net.o)
                0x000012b0                isr_rx_net_Enable
 .text.isr_rx_net_Disable
                0x000012bc        0xc .\CortexM3\ARM_GCC_493\Debug\car.a(isr_rx_net.o)
                0x000012bc                isr_rx_net_Disable
 .text.isr_rx_net_Start
                0x000012c8       0x1c .\CortexM3\ARM_GCC_493\Debug\car.a(isr_rx_net.o)
                0x000012c8                isr_rx_net_Start
 .text.L_IN_1_Write
                0x000012e4       0x18 .\CortexM3\ARM_GCC_493\Debug\car.a(L_IN_1.o)
                0x000012e4                L_IN_1_Write
 .text.L_IN_2_Write
                0x000012fc       0x18 .\CortexM3\ARM_GCC_493\Debug\car.a(L_IN_2.o)
                0x000012fc                L_IN_2_Write
 .text.R_IN_1_Write
                0x00001314       0x18 .\CortexM3\ARM_GCC_493\Debug\car.a(R_IN_1.o)
                0x00001314                R_IN_1_Write
 .text.R_IN_2_Write
                0x0000132c       0x18 .\CortexM3\ARM_GCC_493\Debug\car.a(R_IN_2.o)
                0x0000132c                R_IN_2_Write
 .text.PWM_MOTOR_Enable
                0x00001344       0x10 .\CortexM3\ARM_GCC_493\Debug\car.a(PWM_MOTOR.o)
                0x00001344                PWM_MOTOR_Enable
 .text.PWM_MOTOR_WriteCounter
                0x00001354        0xc .\CortexM3\ARM_GCC_493\Debug\car.a(PWM_MOTOR.o)
                0x00001354                PWM_MOTOR_WriteCounter
 .text.PWM_MOTOR_WritePeriod
                0x00001360        0xc .\CortexM3\ARM_GCC_493\Debug\car.a(PWM_MOTOR.o)
                0x00001360                PWM_MOTOR_WritePeriod
 .text.PWM_MOTOR_WriteCompare1
                0x0000136c        0xc .\CortexM3\ARM_GCC_493\Debug\car.a(PWM_MOTOR.o)
                0x0000136c                PWM_MOTOR_WriteCompare1
 .text.PWM_MOTOR_WriteCompare2
                0x00001378        0xc .\CortexM3\ARM_GCC_493\Debug\car.a(PWM_MOTOR.o)
                0x00001378                PWM_MOTOR_WriteCompare2
 .text.PWM_MOTOR_SetInterruptMode
                0x00001384        0xc .\CortexM3\ARM_GCC_493\Debug\car.a(PWM_MOTOR.o)
                0x00001384                PWM_MOTOR_SetInterruptMode
 .text.PWM_MOTOR_ReadStatusRegister
                0x00001390        0xc .\CortexM3\ARM_GCC_493\Debug\car.a(PWM_MOTOR.o)
                0x00001390                PWM_MOTOR_ReadStatusRegister
 .text.PWM_MOTOR_ReadCapture
                0x0000139c        0xc .\CortexM3\ARM_GCC_493\Debug\car.a(PWM_MOTOR.o)
                0x0000139c                PWM_MOTOR_ReadCapture
 .text.PWM_MOTOR_ClearFIFO
                0x000013a8       0x14 .\CortexM3\ARM_GCC_493\Debug\car.a(PWM_MOTOR.o)
                0x000013a8                PWM_MOTOR_ClearFIFO
 .text.PWM_MOTOR_Init
                0x000013bc       0x68 .\CortexM3\ARM_GCC_493\Debug\car.a(PWM_MOTOR.o)
                0x000013bc                PWM_MOTOR_Init
 .text.PWM_MOTOR_Start
                0x00001424       0x1c .\CortexM3\ARM_GCC_493\Debug\car.a(PWM_MOTOR.o)
                0x00001424                PWM_MOTOR_Start
 .text.Timer_1_Enable
                0x00001440       0x10 .\CortexM3\ARM_GCC_493\Debug\car.a(Timer_1.o)
                0x00001440                Timer_1_Enable
 .text.Timer_1_SetInterruptMode
                0x00001450        0xc .\CortexM3\ARM_GCC_493\Debug\car.a(Timer_1.o)
                0x00001450                Timer_1_SetInterruptMode
 .text.Timer_1_ReadStatusRegister
                0x0000145c        0xc .\CortexM3\ARM_GCC_493\Debug\car.a(Timer_1.o)
                0x0000145c                Timer_1_ReadStatusRegister
 .text.Timer_1_WritePeriod
                0x00001468        0xc .\CortexM3\ARM_GCC_493\Debug\car.a(Timer_1.o)
                0x00001468                Timer_1_WritePeriod
 .text.Timer_1_ReadCapture
                0x00001474        0xc .\CortexM3\ARM_GCC_493\Debug\car.a(Timer_1.o)
                0x00001474                Timer_1_ReadCapture
 .text.Timer_1_WriteCounter
                0x00001480        0xc .\CortexM3\ARM_GCC_493\Debug\car.a(Timer_1.o)
                0x00001480                Timer_1_WriteCounter
 .text.Timer_1_ClearFIFO
                0x0000148c       0x14 .\CortexM3\ARM_GCC_493\Debug\car.a(Timer_1.o)
                0x0000148c                Timer_1_ClearFIFO
 .text.Timer_1_Init
                0x000014a0       0x34 .\CortexM3\ARM_GCC_493\Debug\car.a(Timer_1.o)
                0x000014a0                Timer_1_Init
 .text.Timer_1_Start
                0x000014d4       0x1c .\CortexM3\ARM_GCC_493\Debug\car.a(Timer_1.o)
                0x000014d4                Timer_1_Start
 .text.isr_timer_Interrupt
                0x000014f0       0x94 .\CortexM3\ARM_GCC_493\Debug\car.a(isr_timer.o)
                0x000014f0                isr_timer_Interrupt
 .text.isr_timer_SetVector
                0x00001584        0xc .\CortexM3\ARM_GCC_493\Debug\car.a(isr_timer.o)
                0x00001584                isr_timer_SetVector
 .text.isr_timer_SetPriority
                0x00001590       0x10 .\CortexM3\ARM_GCC_493\Debug\car.a(isr_timer.o)
                0x00001590                isr_timer_SetPriority
 .text.isr_timer_Enable
                0x000015a0        0xc .\CortexM3\ARM_GCC_493\Debug\car.a(isr_timer.o)
                0x000015a0                isr_timer_Enable
 .text.isr_timer_Disable
                0x000015ac        0xc .\CortexM3\ARM_GCC_493\Debug\car.a(isr_timer.o)
                0x000015ac                isr_timer_Disable
 .text.isr_timer_Start
                0x000015b8       0x1c .\CortexM3\ARM_GCC_493\Debug\car.a(isr_timer.o)
                0x000015b8                isr_timer_Start
 .text.UART_JY_Init
                0x000015d4       0x24 .\CortexM3\ARM_GCC_493\Debug\car.a(UART_JY.o)
                0x000015d4                UART_JY_Init
 .text.UART_JY_Enable
                0x000015f8       0x38 .\CortexM3\ARM_GCC_493\Debug\car.a(UART_JY.o)
                0x000015f8                UART_JY_Enable
 .text.UART_JY_Start
                0x00001630       0x1c .\CortexM3\ARM_GCC_493\Debug\car.a(UART_JY.o)
                0x00001630                UART_JY_Start
 .text.UART_JY_GetChar
                0x0000164c       0x2c .\CortexM3\ARM_GCC_493\Debug\car.a(UART_JY.o)
                0x0000164c                UART_JY_GetChar
 .text.isr_rx_jy_Interrupt
                0x00001678       0xd4 .\CortexM3\ARM_GCC_493\Debug\car.a(isr_rx_jy.o)
                0x00001678                isr_rx_jy_Interrupt
 .text.isr_rx_jy_SetVector
                0x0000174c        0xc .\CortexM3\ARM_GCC_493\Debug\car.a(isr_rx_jy.o)
                0x0000174c                isr_rx_jy_SetVector
 .text.isr_rx_jy_SetPriority
                0x00001758       0x10 .\CortexM3\ARM_GCC_493\Debug\car.a(isr_rx_jy.o)
                0x00001758                isr_rx_jy_SetPriority
 .text.isr_rx_jy_Enable
                0x00001768        0xc .\CortexM3\ARM_GCC_493\Debug\car.a(isr_rx_jy.o)
                0x00001768                isr_rx_jy_Enable
 .text.isr_rx_jy_Disable
                0x00001774        0xc .\CortexM3\ARM_GCC_493\Debug\car.a(isr_rx_jy.o)
                0x00001774                isr_rx_jy_Disable
 .text.isr_rx_jy_Start
                0x00001780       0x1c .\CortexM3\ARM_GCC_493\Debug\car.a(isr_rx_jy.o)
                0x00001780                isr_rx_jy_Start
 .text.UART_JY_IntClock_Start
                0x0000179c       0x1c .\CortexM3\ARM_GCC_493\Debug\car.a(UART_JY_IntClock.o)
                0x0000179c                UART_JY_IntClock_Start
 .text.PWM_LED_Enable
                0x000017b8       0x10 .\CortexM3\ARM_GCC_493\Debug\car.a(PWM_LED.o)
                0x000017b8                PWM_LED_Enable
 .text.PWM_LED_WriteCounter
                0x000017c8        0xc .\CortexM3\ARM_GCC_493\Debug\car.a(PWM_LED.o)
                0x000017c8                PWM_LED_WriteCounter
 .text.PWM_LED_WritePeriod
                0x000017d4        0xc .\CortexM3\ARM_GCC_493\Debug\car.a(PWM_LED.o)
                0x000017d4                PWM_LED_WritePeriod
 .text.PWM_LED_WriteCompare1
                0x000017e0        0xc .\CortexM3\ARM_GCC_493\Debug\car.a(PWM_LED.o)
                0x000017e0                PWM_LED_WriteCompare1
 .text.PWM_LED_WriteCompare2
                0x000017ec        0xc .\CortexM3\ARM_GCC_493\Debug\car.a(PWM_LED.o)
                0x000017ec                PWM_LED_WriteCompare2
 .text.PWM_LED_SetInterruptMode
                0x000017f8        0xc .\CortexM3\ARM_GCC_493\Debug\car.a(PWM_LED.o)
                0x000017f8                PWM_LED_SetInterruptMode
 .text.PWM_LED_ReadStatusRegister
                0x00001804        0xc .\CortexM3\ARM_GCC_493\Debug\car.a(PWM_LED.o)
                0x00001804                PWM_LED_ReadStatusRegister
 .text.PWM_LED_ReadCapture
                0x00001810        0xc .\CortexM3\ARM_GCC_493\Debug\car.a(PWM_LED.o)
                0x00001810                PWM_LED_ReadCapture
 .text.PWM_LED_ClearFIFO
                0x0000181c       0x14 .\CortexM3\ARM_GCC_493\Debug\car.a(PWM_LED.o)
                0x0000181c                PWM_LED_ClearFIFO
 .text.PWM_LED_Init
                0x00001830       0x68 .\CortexM3\ARM_GCC_493\Debug\car.a(PWM_LED.o)
                0x00001830                PWM_LED_Init
 .text.PWM_LED_Start
                0x00001898       0x1c .\CortexM3\ARM_GCC_493\Debug\car.a(PWM_LED.o)
                0x00001898                PWM_LED_Start
 .text.PWM_LED_1_Enable
                0x000018b4       0x10 .\CortexM3\ARM_GCC_493\Debug\car.a(PWM_LED_1.o)
                0x000018b4                PWM_LED_1_Enable
 .text.PWM_LED_1_WriteCounter
                0x000018c4        0xc .\CortexM3\ARM_GCC_493\Debug\car.a(PWM_LED_1.o)
                0x000018c4                PWM_LED_1_WriteCounter
 .text.PWM_LED_1_WritePeriod
                0x000018d0        0xc .\CortexM3\ARM_GCC_493\Debug\car.a(PWM_LED_1.o)
                0x000018d0                PWM_LED_1_WritePeriod
 .text.PWM_LED_1_WriteCompare1
                0x000018dc        0xc .\CortexM3\ARM_GCC_493\Debug\car.a(PWM_LED_1.o)
                0x000018dc                PWM_LED_1_WriteCompare1
 .text.PWM_LED_1_WriteCompare2
                0x000018e8        0xc .\CortexM3\ARM_GCC_493\Debug\car.a(PWM_LED_1.o)
                0x000018e8                PWM_LED_1_WriteCompare2
 .text.PWM_LED_1_SetInterruptMode
                0x000018f4        0xc .\CortexM3\ARM_GCC_493\Debug\car.a(PWM_LED_1.o)
                0x000018f4                PWM_LED_1_SetInterruptMode
 .text.PWM_LED_1_ReadStatusRegister
                0x00001900        0xc .\CortexM3\ARM_GCC_493\Debug\car.a(PWM_LED_1.o)
                0x00001900                PWM_LED_1_ReadStatusRegister
 .text.PWM_LED_1_ReadCapture
                0x0000190c        0xc .\CortexM3\ARM_GCC_493\Debug\car.a(PWM_LED_1.o)
                0x0000190c                PWM_LED_1_ReadCapture
 .text.PWM_LED_1_ClearFIFO
                0x00001918       0x14 .\CortexM3\ARM_GCC_493\Debug\car.a(PWM_LED_1.o)
                0x00001918                PWM_LED_1_ClearFIFO
 .text.PWM_LED_1_Init
                0x0000192c       0x68 .\CortexM3\ARM_GCC_493\Debug\car.a(PWM_LED_1.o)
                0x0000192c                PWM_LED_1_Init
 .text.PWM_LED_1_Start
                0x00001994       0x1c .\CortexM3\ARM_GCC_493\Debug\car.a(PWM_LED_1.o)
                0x00001994                PWM_LED_1_Start
 .text.ADC_Init
                0x000019b0       0x3c .\CortexM3\ARM_GCC_493\Debug\car.a(ADC.o)
                0x000019b0                ADC_Init
 .text.ADC_Enable
                0x000019ec       0xcc .\CortexM3\ARM_GCC_493\Debug\car.a(ADC.o)
                0x000019ec                ADC_Enable
 .text.ADC_Start
                0x00001ab8       0x28 .\CortexM3\ARM_GCC_493\Debug\car.a(ADC.o)
                0x00001ab8                ADC_Start
 .text.ADC_StartConvert
                0x00001ae0        0x8 .\CortexM3\ARM_GCC_493\Debug\car.a(ADC.o)
                0x00001ae0                ADC_StartConvert
 .text.ADC_GetResult16
                0x00001ae8       0x1c .\CortexM3\ARM_GCC_493\Debug\car.a(ADC.o)
                0x00001ae8                ADC_GetResult16
 .text.ADC_ISR  0x00001b04        0x4 .\CortexM3\ARM_GCC_493\Debug\car.a(ADC_INT.o)
                0x00001b04                ADC_ISR
 .text.ADC_SAR_CalcGain
                0x00001b08       0x64 .\CortexM3\ARM_GCC_493\Debug\car.a(ADC_SAR.o)
 .text.ADC_SAR_Enable
                0x00001b6c       0x78 .\CortexM3\ARM_GCC_493\Debug\car.a(ADC_SAR.o)
                0x00001b6c                ADC_SAR_Enable
 .text.ADC_SAR_SetResolution
                0x00001be4       0x38 .\CortexM3\ARM_GCC_493\Debug\car.a(ADC_SAR.o)
                0x00001be4                ADC_SAR_SetResolution
 .text.ADC_SAR_Init
                0x00001c1c       0x24 .\CortexM3\ARM_GCC_493\Debug\car.a(ADC_SAR.o)
                0x00001c1c                ADC_SAR_Init
 .text.ADC_SAR_Start
                0x00001c40       0x1c .\CortexM3\ARM_GCC_493\Debug\car.a(ADC_SAR.o)
                0x00001c40                ADC_SAR_Start
 .text.ADC_SAR_StartConvert
                0x00001c5c       0x10 .\CortexM3\ARM_GCC_493\Debug\car.a(ADC_SAR.o)
                0x00001c5c                ADC_SAR_StartConvert
 .text.ADC_TempBuf_DmaInitialize
                0x00001c6c       0x40 .\CortexM3\ARM_GCC_493\Debug\car.a(ADC_TempBuf_dma.o)
                0x00001c6c                ADC_TempBuf_DmaInitialize
 .text.ADC_FinalBuf_DmaInitialize
                0x00001cac       0x3c .\CortexM3\ARM_GCC_493\Debug\car.a(ADC_FinalBuf_dma.o)
                0x00001cac                ADC_FinalBuf_DmaInitialize
 .text.ADC_IRQ_SetVector
                0x00001ce8        0xc .\CortexM3\ARM_GCC_493\Debug\car.a(ADC_IRQ.o)
                0x00001ce8                ADC_IRQ_SetVector
 .text.ADC_IRQ_SetPriority
                0x00001cf4       0x10 .\CortexM3\ARM_GCC_493\Debug\car.a(ADC_IRQ.o)
                0x00001cf4                ADC_IRQ_SetPriority
 .text.PTZ_UP_EN_Write
                0x00001d04       0x18 .\CortexM3\ARM_GCC_493\Debug\car.a(PTZ_UP_EN.o)
                0x00001d04                PTZ_UP_EN_Write
 .text.PTZ_UP_STEP_Write
                0x00001d1c       0x18 .\CortexM3\ARM_GCC_493\Debug\car.a(PTZ_UP_STEP.o)
                0x00001d1c                PTZ_UP_STEP_Write
 .text.PTZ_UP_DIR_Write
                0x00001d34       0x18 .\CortexM3\ARM_GCC_493\Debug\car.a(PTZ_UP_DIR.o)
                0x00001d34                PTZ_UP_DIR_Write
 .text.PTZ_DOWN_EN_Write
                0x00001d4c       0x18 .\CortexM3\ARM_GCC_493\Debug\car.a(PTZ_DOWN_EN.o)
                0x00001d4c                PTZ_DOWN_EN_Write
 .text.PTZ_DOWN_STEP_Write
                0x00001d64       0x18 .\CortexM3\ARM_GCC_493\Debug\car.a(PTZ_DOWN_STEP.o)
                0x00001d64                PTZ_DOWN_STEP_Write
 .text.PTZ_DOWN_DIR_Write
                0x00001d7c       0x18 .\CortexM3\ARM_GCC_493\Debug\car.a(PTZ_DOWN_DIR.o)
                0x00001d7c                PTZ_DOWN_DIR_Write
 .text.SRF_TRG_1_Write
                0x00001d94       0x18 .\CortexM3\ARM_GCC_493\Debug\car.a(SRF_TRG_1.o)
                0x00001d94                SRF_TRG_1_Write
 .text.SRF_05_Timer_Enable
                0x00001dac       0x10 .\CortexM3\ARM_GCC_493\Debug\car.a(SRF_05_Timer.o)
                0x00001dac                SRF_05_Timer_Enable
 .text.SRF_05_Timer_SetInterruptMode
                0x00001dbc        0xc .\CortexM3\ARM_GCC_493\Debug\car.a(SRF_05_Timer.o)
                0x00001dbc                SRF_05_Timer_SetInterruptMode
 .text.SRF_05_Timer_ReadStatusRegister
                0x00001dc8        0xc .\CortexM3\ARM_GCC_493\Debug\car.a(SRF_05_Timer.o)
                0x00001dc8                SRF_05_Timer_ReadStatusRegister
 .text.SRF_05_Timer_WritePeriod
                0x00001dd4        0xc .\CortexM3\ARM_GCC_493\Debug\car.a(SRF_05_Timer.o)
                0x00001dd4                SRF_05_Timer_WritePeriod
 .text.SRF_05_Timer_ReadCapture
                0x00001de0        0xc .\CortexM3\ARM_GCC_493\Debug\car.a(SRF_05_Timer.o)
                0x00001de0                SRF_05_Timer_ReadCapture
 .text.SRF_05_Timer_WriteCounter
                0x00001dec        0xc .\CortexM3\ARM_GCC_493\Debug\car.a(SRF_05_Timer.o)
                0x00001dec                SRF_05_Timer_WriteCounter
 .text.SRF_05_Timer_SetInterruptCount
                0x00001df8       0x1c .\CortexM3\ARM_GCC_493\Debug\car.a(SRF_05_Timer.o)
                0x00001df8                SRF_05_Timer_SetInterruptCount
 .text.SRF_05_Timer_ClearFIFO
                0x00001e14       0x14 .\CortexM3\ARM_GCC_493\Debug\car.a(SRF_05_Timer.o)
                0x00001e14                SRF_05_Timer_ClearFIFO
 .text.SRF_05_Timer_Init
                0x00001e28       0x3c .\CortexM3\ARM_GCC_493\Debug\car.a(SRF_05_Timer.o)
                0x00001e28                SRF_05_Timer_Init
 .text.SRF_05_Timer_Start
                0x00001e64       0x1c .\CortexM3\ARM_GCC_493\Debug\car.a(SRF_05_Timer.o)
                0x00001e64                SRF_05_Timer_Start
 .text.isr_srf_front_Interrupt
                0x00001e80       0x64 .\CortexM3\ARM_GCC_493\Debug\car.a(isr_srf_front.o)
                0x00001e80                isr_srf_front_Interrupt
 .text.isr_srf_front_SetVector
                0x00001ee4        0xc .\CortexM3\ARM_GCC_493\Debug\car.a(isr_srf_front.o)
                0x00001ee4                isr_srf_front_SetVector
 .text.isr_srf_front_SetPriority
                0x00001ef0       0x10 .\CortexM3\ARM_GCC_493\Debug\car.a(isr_srf_front.o)
                0x00001ef0                isr_srf_front_SetPriority
 .text.isr_srf_front_Enable
                0x00001f00        0xc .\CortexM3\ARM_GCC_493\Debug\car.a(isr_srf_front.o)
                0x00001f00                isr_srf_front_Enable
 .text.isr_srf_front_Disable
                0x00001f0c        0xc .\CortexM3\ARM_GCC_493\Debug\car.a(isr_srf_front.o)
                0x00001f0c                isr_srf_front_Disable
 .text.isr_srf_front_Start
                0x00001f18       0x1c .\CortexM3\ARM_GCC_493\Debug\car.a(isr_srf_front.o)
                0x00001f18                isr_srf_front_Start
 .text.isr_srf_back_Interrupt
                0x00001f34       0x64 .\CortexM3\ARM_GCC_493\Debug\car.a(isr_srf_back.o)
                0x00001f34                isr_srf_back_Interrupt
 .text.isr_srf_back_SetVector
                0x00001f98        0xc .\CortexM3\ARM_GCC_493\Debug\car.a(isr_srf_back.o)
                0x00001f98                isr_srf_back_SetVector
 .text.isr_srf_back_SetPriority
                0x00001fa4       0x10 .\CortexM3\ARM_GCC_493\Debug\car.a(isr_srf_back.o)
                0x00001fa4                isr_srf_back_SetPriority
 .text.isr_srf_back_Enable
                0x00001fb4        0xc .\CortexM3\ARM_GCC_493\Debug\car.a(isr_srf_back.o)
                0x00001fb4                isr_srf_back_Enable
 .text.isr_srf_back_Disable
                0x00001fc0        0xc .\CortexM3\ARM_GCC_493\Debug\car.a(isr_srf_back.o)
                0x00001fc0                isr_srf_back_Disable
 .text.isr_srf_back_Start
                0x00001fcc       0x1c .\CortexM3\ARM_GCC_493\Debug\car.a(isr_srf_back.o)
                0x00001fcc                isr_srf_back_Start
 .text.SRF_TRG_2_Write
                0x00001fe8       0x18 .\CortexM3\ARM_GCC_493\Debug\car.a(SRF_TRG_2.o)
                0x00001fe8                SRF_TRG_2_Write
 .text.SRF_05_Timer_1_Enable
                0x00002000       0x10 .\CortexM3\ARM_GCC_493\Debug\car.a(SRF_05_Timer_1.o)
                0x00002000                SRF_05_Timer_1_Enable
 .text.SRF_05_Timer_1_SetInterruptMode
                0x00002010        0xc .\CortexM3\ARM_GCC_493\Debug\car.a(SRF_05_Timer_1.o)
                0x00002010                SRF_05_Timer_1_SetInterruptMode
 .text.SRF_05_Timer_1_ReadStatusRegister
                0x0000201c        0xc .\CortexM3\ARM_GCC_493\Debug\car.a(SRF_05_Timer_1.o)
                0x0000201c                SRF_05_Timer_1_ReadStatusRegister
 .text.SRF_05_Timer_1_WritePeriod
                0x00002028        0xc .\CortexM3\ARM_GCC_493\Debug\car.a(SRF_05_Timer_1.o)
                0x00002028                SRF_05_Timer_1_WritePeriod
 .text.SRF_05_Timer_1_ReadCapture
                0x00002034        0xc .\CortexM3\ARM_GCC_493\Debug\car.a(SRF_05_Timer_1.o)
                0x00002034                SRF_05_Timer_1_ReadCapture
 .text.SRF_05_Timer_1_WriteCounter
                0x00002040        0xc .\CortexM3\ARM_GCC_493\Debug\car.a(SRF_05_Timer_1.o)
                0x00002040                SRF_05_Timer_1_WriteCounter
 .text.SRF_05_Timer_1_SetInterruptCount
                0x0000204c       0x1c .\CortexM3\ARM_GCC_493\Debug\car.a(SRF_05_Timer_1.o)
                0x0000204c                SRF_05_Timer_1_SetInterruptCount
 .text.SRF_05_Timer_1_ClearFIFO
                0x00002068       0x14 .\CortexM3\ARM_GCC_493\Debug\car.a(SRF_05_Timer_1.o)
                0x00002068                SRF_05_Timer_1_ClearFIFO
 .text.SRF_05_Timer_1_Init
                0x0000207c       0x3c .\CortexM3\ARM_GCC_493\Debug\car.a(SRF_05_Timer_1.o)
                0x0000207c                SRF_05_Timer_1_Init
 .text.SRF_05_Timer_1_Start
                0x000020b8       0x1c .\CortexM3\ARM_GCC_493\Debug\car.a(SRF_05_Timer_1.o)
                0x000020b8                SRF_05_Timer_1_Start
 .text.CHANGE_PWR_Write
                0x000020d4       0x18 .\CortexM3\ARM_GCC_493\Debug\car.a(CHANGE_PWR.o)
                0x000020d4                CHANGE_PWR_Write
 .text          0x000020ec      0x370 c:/program files (x86)/cypress/psoc creator/3.3/psoc creator/import/gnu/arm/4.9.3/bin/../lib/gcc/arm-none-eabi/4.9.3/armv7-m\libgcc.a(_arm_addsubdf3.o)
                0x000020ec                __aeabi_drsub
                0x000020f4                __aeabi_dsub
                0x000020f4                __subdf3
                0x000020f8                __aeabi_dadd
                0x000020f8                __adddf3
                0x00002370                __floatunsidf
                0x00002370                __aeabi_ui2d
                0x00002390                __floatsidf
                0x00002390                __aeabi_i2d
                0x000023b4                __aeabi_f2d
                0x000023b4                __extendsfdf2
                0x000023f0                __floatundidf
                0x000023f0                __aeabi_ul2d
                0x00002400                __floatdidf
                0x00002400                __aeabi_l2d
 .text          0x0000245c      0x424 c:/program files (x86)/cypress/psoc creator/3.3/psoc creator/import/gnu/arm/4.9.3/bin/../lib/gcc/arm-none-eabi/4.9.3/armv7-m\libgcc.a(_arm_muldivdf3.o)
                0x0000245c                __aeabi_dmul
                0x0000245c                __muldf3
                0x000026b0                __divdf3
                0x000026b0                __aeabi_ddiv
 .text          0x00002880       0xa0 c:/program files (x86)/cypress/psoc creator/3.3/psoc creator/import/gnu/arm/4.9.3/bin/../lib/gcc/arm-none-eabi/4.9.3/armv7-m\libgcc.a(_arm_truncdfsf2.o)
                0x00002880                __truncdfsf2
                0x00002880                __aeabi_d2f
 .text          0x00002920      0x2a0 c:/program files (x86)/cypress/psoc creator/3.3/psoc creator/import/gnu/arm/4.9.3/bin/../lib/gcc/arm-none-eabi/4.9.3/armv7-m\libgcc.a(_arm_muldivsf3.o)
                0x00002920                __mulsf3
                0x00002920                __aeabi_fmul
                0x00002a88                __aeabi_fdiv
                0x00002a88                __divsf3
 .text          0x00002bc0       0x4c c:/program files (x86)/cypress/psoc creator/3.3/psoc creator/import/gnu/arm/4.9.3/bin/../lib/gcc/arm-none-eabi/4.9.3/armv7-m\libgcc.a(_arm_fixsfsi.o)
                0x00002bc0                __aeabi_f2iz
                0x00002bc0                __fixsfsi
 .text.__libc_init_array
                0x00002c0c       0x4c c:/program files (x86)/cypress/psoc creator/3.3/psoc creator/import/gnu/arm/4.9.3/bin/../lib/gcc/arm-none-eabi/4.9.3/../../../../arm-none-eabi/lib/armv7-m\libg_nano.a(lib_a-init.o)
                0x00002c0c                __libc_init_array
 .text.memcpy   0x00002c58       0x16 c:/program files (x86)/cypress/psoc creator/3.3/psoc creator/import/gnu/arm/4.9.3/bin/../lib/gcc/arm-none-eabi/4.9.3/../../../../arm-none-eabi/lib/armv7-m\libg_nano.a(lib_a-memcpy.o)
                0x00002c58                memcpy
 .text.memset   0x00002c6e       0x10 c:/program files (x86)/cypress/psoc creator/3.3/psoc creator/import/gnu/arm/4.9.3/bin/../lib/gcc/arm-none-eabi/4.9.3/../../../../arm-none-eabi/lib/armv7-m\libg_nano.a(lib_a-memset.o)
                0x00002c6e                memset
 *(.plt)
 *(.gnu.warning)
 *(.glue_7t)
 .glue_7t       0x00000000        0x0 linker stubs
 *(.glue_7)
 .glue_7        0x00000000        0x0 linker stubs
 *(.vfp11_veneer)
 .vfp11_veneer  0x00000000        0x0 linker stubs
 *(.bootloader)
 *(.ARM.extab* .gnu.linkonce.armextab.*)
 *(.gcc_except_table)

.v4_bx          0x00002c80        0x0
 .v4_bx         0x00000000        0x0 linker stubs

.iplt           0x00002c80        0x0
 .iplt          0x00000000        0x0 c:/program files (x86)/cypress/psoc creator/3.3/psoc creator/import/gnu/arm/4.9.3/bin/../lib/gcc/arm-none-eabi/4.9.3/armv7-m/crtbegin.o

.eh_frame_hdr
 *(.eh_frame_hdr)

.eh_frame       0x00002c80        0x4
 *(.eh_frame)
 .eh_frame      0x00002c80        0x0 c:/program files (x86)/cypress/psoc creator/3.3/psoc creator/import/gnu/arm/4.9.3/bin/../lib/gcc/arm-none-eabi/4.9.3/armv7-m/crtbegin.o
 .eh_frame      0x00002c80        0x4 c:/program files (x86)/cypress/psoc creator/3.3/psoc creator/import/gnu/arm/4.9.3/bin/../lib/gcc/arm-none-eabi/4.9.3/armv7-m/crtend.o
                0x00002c84                PROVIDE (__exidx_start, .)

.ARM.exidx
 *(.ARM.exidx* .gnu.linkonce.armexidx.*)
                0x00002c84                __exidx_end = .

.rodata         0x00002c84       0x64
 *(.rodata .rodata.* .gnu.linkonce.r.*)
 .rodata        0x00002c84       0x30 .\CortexM3\ARM_GCC_493\Debug\car.a(cyfitter_cfg.o)
                0x00002cb4                . = ALIGN (0x4)
 *(.init)
 .init          0x00002cb4        0x4 c:/program files (x86)/cypress/psoc creator/3.3/psoc creator/import/gnu/arm/4.9.3/bin/../lib/gcc/arm-none-eabi/4.9.3/armv7-m/crti.o
                0x00002cb4                _init
 .init          0x00002cb8        0x8 c:/program files (x86)/cypress/psoc creator/3.3/psoc creator/import/gnu/arm/4.9.3/bin/../lib/gcc/arm-none-eabi/4.9.3/armv7-m/crtn.o
                0x00002cc0                . = ALIGN (0x4)
                0x00002cc0                __preinit_array_start = .
 *(.preinit_array)
                0x00002cc0                __preinit_array_end = .
                0x00002cc0                . = ALIGN (0x4)
                0x00002cc0                __init_array_start = .
 *(SORT(.init_array.*))
 *(.init_array)
 .init_array    0x00002cc0        0x4 c:/program files (x86)/cypress/psoc creator/3.3/psoc creator/import/gnu/arm/4.9.3/bin/../lib/gcc/arm-none-eabi/4.9.3/armv7-m/crtbegin.o
 .init_array    0x00002cc4        0x4 .\CortexM3\ARM_GCC_493\Debug\Cm3Start.o
                0x00002cc8                __init_array_end = .
                0x00002cc8                . = ALIGN (0x4)
 *(.fini)
 .fini          0x00002cc8        0x4 c:/program files (x86)/cypress/psoc creator/3.3/psoc creator/import/gnu/arm/4.9.3/bin/../lib/gcc/arm-none-eabi/4.9.3/armv7-m/crti.o
                0x00002cc8                _fini
 .fini          0x00002ccc        0x8 c:/program files (x86)/cypress/psoc creator/3.3/psoc creator/import/gnu/arm/4.9.3/bin/../lib/gcc/arm-none-eabi/4.9.3/armv7-m/crtn.o
                0x00002cd4                . = ALIGN (0x4)
                0x00002cd4                __fini_array_start = .
 *(.fini_array)
 .fini_array    0x00002cd4        0x4 c:/program files (x86)/cypress/psoc creator/3.3/psoc creator/import/gnu/arm/4.9.3/bin/../lib/gcc/arm-none-eabi/4.9.3/armv7-m/crtbegin.o
 *(SORT(.fini_array.*))
                0x00002cd8                __fini_array_end = .
                0x00002cd8                . = ALIGN (0x4)
 *crtbegin.o(.ctors)
 *(EXCLUDE_FILE(*crtend.o) .ctors)
 *(SORT(.ctors.*))
 *crtend.o(.ctors)
                0x00002cd8                . = ALIGN (0x4)
 *crtbegin.o(.dtors)
 *(EXCLUDE_FILE(*crtend.o) .dtors)
 *(SORT(.dtors.*))
 *crtend.o(.dtors)
                0x00002cd8                . = ALIGN (0x4)
                0x00002cd8                __cy_regions = .
                0x00002cd8        0x4 LONG 0x2ce8 __cy_region_init_ram
                0x00002cdc        0x4 LONG 0x1fffc108 __cy_region_start_data
                0x00002ce0        0x4 LONG 0x20 __cy_region_init_size_ram
                0x00002ce4        0x4 LONG 0x28e8 __cy_region_zero_size_ram
                0x00002ce8                __cy_regions_end = .
                0x00002ce8                . = ALIGN (0x8)
                0x00002ce8                _etext = .

.cy_checksum_exclude
                0x00002ce8        0x0
 *(.cy_checksum_exclude)

.ramvectors     0x1fffc000      0x100
                0x1fffc000                __cy_region_start_ram = .
 *(.ramvectors)
 .ramvectors    0x1fffc000      0x100 .\CortexM3\ARM_GCC_493\Debug\Cm3Start.o
                0x1fffc000                CyRamVectors

.noinit         0x1fffc100        0x5
 *(.noinit)
 .noinit        0x1fffc100        0x4 .\CortexM3\ARM_GCC_493\Debug\Cm3Start.o
 .noinit        0x1fffc104        0x1 .\CortexM3\ARM_GCC_493\Debug\car.a(CyLib.o)
                0x1fffc104                CyResetStatus

.data           0x1fffc108       0x20 load address 0x00002ce8
                0x1fffc108                __cy_region_start_data = .
 *(.jcr)
 .jcr           0x1fffc108        0x0 c:/program files (x86)/cypress/psoc creator/3.3/psoc creator/import/gnu/arm/4.9.3/bin/../lib/gcc/arm-none-eabi/4.9.3/armv7-m/crtbegin.o
 .jcr           0x1fffc108        0x4 c:/program files (x86)/cypress/psoc creator/3.3/psoc creator/import/gnu/arm/4.9.3/bin/../lib/gcc/arm-none-eabi/4.9.3/armv7-m/crtend.o
 *(.got.plt)
 *(.got)
 *(.shdata)
 *(.data .data.* .gnu.linkonce.d.*)
 .data          0x1fffc10c        0x8 .\CortexM3\ARM_GCC_493\Debug\car.a(CyDmac.o)
 .data          0x1fffc114       0x10 .\CortexM3\ARM_GCC_493\Debug\car.a(CyLib.o)
                0x1fffc114                cydelay_32k_ms
                0x1fffc118                cydelay_freq_khz
                0x1fffc11c                cydelay_freq_mhz
                0x1fffc120                cydelay_freq_hz
 .data          0x1fffc124        0x2 .\CortexM3\ARM_GCC_493\Debug\car.a(ADC.o)
 .data          0x1fffc126        0x1 .\CortexM3\ARM_GCC_493\Debug\car.a(ADC_TempBuf_dma.o)
                0x1fffc126                ADC_TempBuf_DmaHandle
 .data          0x1fffc127        0x1 .\CortexM3\ARM_GCC_493\Debug\car.a(ADC_FinalBuf_dma.o)
                0x1fffc127                ADC_FinalBuf_DmaHandle
                0x1fffc128                . = ALIGN (0x8)
 *(.ram)
                0x1fffc128                _edata = .

.igot.plt       0x1fffc128        0x0 load address 0x00002d08
 .igot.plt      0x00000000        0x0 c:/program files (x86)/cypress/psoc creator/3.3/psoc creator/import/gnu/arm/4.9.3/bin/../lib/gcc/arm-none-eabi/4.9.3/armv7-m/crtbegin.o

.bss            0x1fffc128     0x28e8 load address 0x00002d08
                0x1fffc128                PROVIDE (__bss_start__, .)
 *(.shbss)
 *(.bss .bss.* .gnu.linkonce.b.*)
 .bss           0x1fffc128       0x1c c:/program files (x86)/cypress/psoc creator/3.3/psoc creator/import/gnu/arm/4.9.3/bin/../lib/gcc/arm-none-eabi/4.9.3/armv7-m/crtbegin.o
 .bss           0x1fffc144       0x48 .\CortexM3\ARM_GCC_493\Debug\Transfer.o
 .bss           0x1fffc18c        0x4 .\CortexM3\ARM_GCC_493\Debug\car.o
 .bss           0x1fffc190      0x190 .\CortexM3\ARM_GCC_493\Debug\battery.o
                0x1fffc190                retADCValue2
                0x1fffc258                retADCValue1
 .bss           0x1fffc320        0x2 .\CortexM3\ARM_GCC_493\Debug\car.a(UART_net.o)
                0x1fffc320                UART_net_initVar
 .bss           0x1fffc322        0x1 .\CortexM3\ARM_GCC_493\Debug\car.a(PWM_MOTOR.o)
                0x1fffc322                PWM_MOTOR_initVar
 .bss           0x1fffc323        0x1 .\CortexM3\ARM_GCC_493\Debug\car.a(Timer_1.o)
                0x1fffc323                Timer_1_initVar
 .bss           0x1fffc324        0x2 .\CortexM3\ARM_GCC_493\Debug\car.a(UART_JY.o)
                0x1fffc324                UART_JY_initVar
 *fill*         0x1fffc326        0x2 
 .bss           0x1fffc328       0x10 .\CortexM3\ARM_GCC_493\Debug\car.a(isr_rx_jy.o)
 .bss           0x1fffc338        0x1 .\CortexM3\ARM_GCC_493\Debug\car.a(PWM_LED.o)
                0x1fffc338                PWM_LED_initVar
 .bss           0x1fffc339        0x1 .\CortexM3\ARM_GCC_493\Debug\car.a(PWM_LED_1.o)
                0x1fffc339                PWM_LED_1_initVar
 *fill*         0x1fffc33a        0x2 
 .bss           0x1fffc33c       0x10 .\CortexM3\ARM_GCC_493\Debug\car.a(ADC.o)
                0x1fffc348                ADC_initVar
 .bss           0x1fffc34c        0x1 .\CortexM3\ARM_GCC_493\Debug\car.a(ADC_SAR.o)
                0x1fffc34c                ADC_SAR_initVar
 .bss           0x1fffc34d        0x1 .\CortexM3\ARM_GCC_493\Debug\car.a(SRF_05_Timer.o)
                0x1fffc34d                SRF_05_Timer_initVar
 .bss           0x1fffc34e        0x8 .\CortexM3\ARM_GCC_493\Debug\car.a(isr_srf_front.o)
 .bss           0x1fffc356        0x8 .\CortexM3\ARM_GCC_493\Debug\car.a(isr_srf_back.o)
 .bss           0x1fffc35e        0x1 .\CortexM3\ARM_GCC_493\Debug\car.a(SRF_05_Timer_1.o)
                0x1fffc35e                SRF_05_Timer_1_initVar
 *(COMMON)
 *fill*         0x1fffc35f        0x1 
 COMMON         0x1fffc360       0x4e .\CortexM3\ARM_GCC_493\Debug\main.o
                0x1fffc360                g_Car
                0x1fffc386                temp
                0x1fffc388                P_V
                0x1fffc38c                S_IMU
                0x1fffc3a0                tset
                0x1fffc3a4                D_V
                0x1fffc3a6                test
                0x1fffc3a8                send_count_test
                0x1fffc3aa                count
                0x1fffc3ac                C_V
 *fill*         0x1fffc3ae        0x2 
 COMMON         0x1fffc3b0       0x41 .\CortexM3\ARM_GCC_493\Debug\Transfer.o
                0x1fffc3b0                data_to_send
                0x1fffc3e4                f
 *fill*         0x1fffc3f1        0x3 
 COMMON         0x1fffc3f4     0x25f6 .\CortexM3\ARM_GCC_493\Debug\Lidar.o
                0x1fffc3f4                nodeBuffer1
                0x1fffc3fc                node
                0x1fffc400                test1
                0x1fffcdc4                nodeBuffer
                0x1fffce28                test_f_suzu
                0x1fffd5f8                net_nodeBuffer
                0x1fffd65c                test2
                0x1fffe020                normal_size
                0x1fffe024                test3
                0x1fffe9e8                output_t
                0x1fffe9e9                start
 COMMON         0x1fffe9ea        0xf .\CortexM3\ARM_GCC_493\Debug\car.a(isr_timer.o)
                0x1fffe9ea                time_1s_state
                0x1fffe9ec                time_100ms_state
                0x1fffe9ee                time_1s
                0x1fffe9f0                time_5ms
                0x1fffe9f2                time_1ms_state
                0x1fffe9f4                time_100ms
                0x1fffe9f6                time_1ms
                0x1fffe9f8                time_5ms_state
 *fill*         0x1fffe9f9        0x3 
 COMMON         0x1fffe9fc        0x6 .\CortexM3\ARM_GCC_493\Debug\car.a(ADC.o)
                0x1fffe9fc                ADC_finalArray
 *fill*         0x1fffea02        0x2 
 COMMON         0x1fffea04        0xa .\CortexM3\ARM_GCC_493\Debug\car.a(ADC_SAR.o)
                0x1fffea04                ADC_SAR_countsPerVolt
                0x1fffea06                ADC_SAR_shift
                0x1fffea08                ADC_SAR_countsPer10Volt
                0x1fffea0c                ADC_SAR_offset
                0x1fffea10                . = ALIGN (0x8)
 *fill*         0x1fffea0e        0x2 
 *(.ram.b)
                0x1fffea10                _end = .
                0x1fffea10                __end = .
                0x1fffea10                PROVIDE (end, .)
                0x1fffea10                PROVIDE (__bss_end__, .)
                0x00002ce8                __cy_region_init_ram = LOADADDR (.data)
                0x00000020                __cy_region_init_size_ram = (_edata - ADDR (.data))
                0x000028e8                __cy_region_zero_size_ram = (_end - _edata)

.heap           0x1fffea10       0x80 load address 0x00002d08
                0x1fffea10                . = _end
                0x1fffea90                . = (. + 0x80)
 *fill*         0x1fffea10       0x80 
                0x1fffea90                __cy_heap_limit = .

.stack          0x20003800      0x800
                0x20003800                __cy_stack_limit = .
                0x20004000                . = (. + 0x800)
 *fill*         0x20003800      0x800 
                0x00000001                ASSERT ((__cy_stack_limit >= __cy_heap_limit), region RAM overflowed with stack)
                0x00000000                cy_checksum_exclude_size = (CY_APPL_LOADABLE == 0x1)?SIZEOF (.cy_checksum_exclude):0x0
                0x00000001                ASSERT ((cy_checksum_exclude_size <= CY_CHECKSUM_EXCLUDE_SIZE), CY_BOOT: Section .cy_checksum_exclude size exceedes specified limit.)

.cyloadermeta
 *(.cyloadermeta)

.cyloadablemeta
 *(.cyloadablemeta)

.cyconfigecc    0x80000000     0x10e8
 *(.cyconfigecc)
 .cyconfigecc   0x80000000     0x10e8 .\CortexM3\ARM_GCC_493\Debug\cymetadata.o
                0x80000000                cy_meta_configecc

.cycustnvl      0x90000000        0x4
 *(.cycustnvl)
 .cycustnvl     0x90000000        0x4 .\CortexM3\ARM_GCC_493\Debug\cymetadata.o
                0x90000000                cy_meta_custnvl

.cywolatch      0x90100000        0x4
 *(.cywolatch)
 .cywolatch     0x90100000        0x4 .\CortexM3\ARM_GCC_493\Debug\cymetadata.o
                0x90100000                cy_meta_wonvl

.cyeeprom       0x90200000        0x0
 *(.cyeeprom)
                0x00000001                ASSERT ((. <= ((0x90200000 + ee_offset) + ee_size)), .cyeeprom data will not fit in EEPROM)

.cyflashprotect
                0x90400000       0x80
 *(.cyflashprotect)
 .cyflashprotect
                0x90400000       0x80 .\CortexM3\ARM_GCC_493\Debug\cymetadata.o
                0x90400000                cy_meta_flashprotect

.cymeta         0x90500000        0xc
 *(.cymeta)
 .cymeta        0x90500000        0xc .\CortexM3\ARM_GCC_493\Debug\cymetadata.o
                0x90500000                cy_metadata

.rel.dyn        0x00002d08        0x0 load address 0x9050000c
 .rel.iplt      0x00000000        0x0 c:/program files (x86)/cypress/psoc creator/3.3/psoc creator/import/gnu/arm/4.9.3/bin/../lib/gcc/arm-none-eabi/4.9.3/armv7-m/crtbegin.o

.stab
 *(.stab)

.stabstr
 *(.stabstr)

.debug
 *(.debug)

.line
 *(.line)

.debug_srcinfo
 *(.debug_srcinfo)

.debug_sfnames
 *(.debug_sfnames)

.debug_aranges  0x00000000     0x1640
 *(.debug_aranges)
 .debug_aranges
                0x00000000       0x28 .\CortexM3\ARM_GCC_493\Debug\main.o
 .debug_aranges
                0x00000028       0x88 .\CortexM3\ARM_GCC_493\Debug\Transfer.o
 .debug_aranges
                0x000000b0       0x88 .\CortexM3\ARM_GCC_493\Debug\car.o
 .debug_aranges
                0x00000138       0x28 .\CortexM3\ARM_GCC_493\Debug\battery.o
 .debug_aranges
                0x00000160       0x50 .\CortexM3\ARM_GCC_493\Debug\Lidar.o
 .debug_aranges
                0x000001b0       0x18 .\CortexM3\ARM_GCC_493\Debug\cymetadata.o
 .debug_aranges
                0x000001c8       0x48 .\CortexM3\ARM_GCC_493\Debug\Cm3Start.o
 .debug_aranges
                0x00000210       0x50 .\CortexM3\ARM_GCC_493\Debug\car.a(cyfitter_cfg.o)
 .debug_aranges
                0x00000260       0x20 .\CortexM3\ARM_GCC_493\Debug\car.a(CyBootAsmGnu.o)
 .debug_aranges
                0x00000280       0xd8 .\CortexM3\ARM_GCC_493\Debug\car.a(CyDmac.o)
 .debug_aranges
                0x00000358      0x298 .\CortexM3\ARM_GCC_493\Debug\car.a(CyLib.o)
 .debug_aranges
                0x000005f0       0x98 .\CortexM3\ARM_GCC_493\Debug\car.a(cyPm.o)
 .debug_aranges
                0x00000688       0xf0 .\CortexM3\ARM_GCC_493\Debug\car.a(UART_net.o)
 .debug_aranges
                0x00000778       0x70 .\CortexM3\ARM_GCC_493\Debug\car.a(UART_net_IntClock.o)
 .debug_aranges
                0x000007e8       0x80 .\CortexM3\ARM_GCC_493\Debug\car.a(isr_tx_net.o)
 .debug_aranges
                0x00000868       0x80 .\CortexM3\ARM_GCC_493\Debug\car.a(isr_rx_net.o)
 .debug_aranges
                0x000008e8       0x38 .\CortexM3\ARM_GCC_493\Debug\car.a(L_IN_1.o)
 .debug_aranges
                0x00000920       0x38 .\CortexM3\ARM_GCC_493\Debug\car.a(L_IN_2.o)
 .debug_aranges
                0x00000958       0x38 .\CortexM3\ARM_GCC_493\Debug\car.a(R_IN_1.o)
 .debug_aranges
                0x00000990       0x38 .\CortexM3\ARM_GCC_493\Debug\car.a(R_IN_2.o)
 .debug_aranges
                0x000009c8       0xa8 .\CortexM3\ARM_GCC_493\Debug\car.a(PWM_MOTOR.o)
 .debug_aranges
                0x00000a70       0x90 .\CortexM3\ARM_GCC_493\Debug\car.a(Timer_1.o)
 .debug_aranges
                0x00000b00       0x80 .\CortexM3\ARM_GCC_493\Debug\car.a(isr_timer.o)
 .debug_aranges
                0x00000b80       0xf0 .\CortexM3\ARM_GCC_493\Debug\car.a(UART_JY.o)
 .debug_aranges
                0x00000c70       0x80 .\CortexM3\ARM_GCC_493\Debug\car.a(isr_rx_jy.o)
 .debug_aranges
                0x00000cf0       0x70 .\CortexM3\ARM_GCC_493\Debug\car.a(UART_JY_IntClock.o)
 .debug_aranges
                0x00000d60       0xa8 .\CortexM3\ARM_GCC_493\Debug\car.a(PWM_LED.o)
 .debug_aranges
                0x00000e08       0xa8 .\CortexM3\ARM_GCC_493\Debug\car.a(PWM_LED_1.o)
 .debug_aranges
                0x00000eb0       0xa0 .\CortexM3\ARM_GCC_493\Debug\car.a(ADC.o)
 .debug_aranges
                0x00000f50       0x20 .\CortexM3\ARM_GCC_493\Debug\car.a(ADC_INT.o)
 .debug_aranges
                0x00000f70       0xa8 .\CortexM3\ARM_GCC_493\Debug\car.a(ADC_SAR.o)
 .debug_aranges
                0x00001018       0x28 .\CortexM3\ARM_GCC_493\Debug\car.a(ADC_TempBuf_dma.o)
 .debug_aranges
                0x00001040       0x28 .\CortexM3\ARM_GCC_493\Debug\car.a(ADC_FinalBuf_dma.o)
 .debug_aranges
                0x00001068       0x80 .\CortexM3\ARM_GCC_493\Debug\car.a(ADC_IRQ.o)
 .debug_aranges
                0x000010e8       0x38 .\CortexM3\ARM_GCC_493\Debug\car.a(debug_time.o)
 .debug_aranges
                0x00001120       0x38 .\CortexM3\ARM_GCC_493\Debug\car.a(PTZ_UP_EN.o)
 .debug_aranges
                0x00001158       0x38 .\CortexM3\ARM_GCC_493\Debug\car.a(PTZ_UP_STEP.o)
 .debug_aranges
                0x00001190       0x38 .\CortexM3\ARM_GCC_493\Debug\car.a(PTZ_UP_DIR.o)
 .debug_aranges
                0x000011c8       0x38 .\CortexM3\ARM_GCC_493\Debug\car.a(PTZ_DOWN_EN.o)
 .debug_aranges
                0x00001200       0x38 .\CortexM3\ARM_GCC_493\Debug\car.a(PTZ_DOWN_STEP.o)
 .debug_aranges
                0x00001238       0x38 .\CortexM3\ARM_GCC_493\Debug\car.a(PTZ_DOWN_DIR.o)
 .debug_aranges
                0x00001270       0x38 .\CortexM3\ARM_GCC_493\Debug\car.a(SRF_TRG_1.o)
 .debug_aranges
                0x000012a8       0x98 .\CortexM3\ARM_GCC_493\Debug\car.a(SRF_05_Timer.o)
 .debug_aranges
                0x00001340       0x80 .\CortexM3\ARM_GCC_493\Debug\car.a(isr_srf_front.o)
 .debug_aranges
                0x000013c0       0x80 .\CortexM3\ARM_GCC_493\Debug\car.a(isr_srf_back.o)
 .debug_aranges
                0x00001440       0x38 .\CortexM3\ARM_GCC_493\Debug\car.a(SRF_TRG_2.o)
 .debug_aranges
                0x00001478       0x98 .\CortexM3\ARM_GCC_493\Debug\car.a(SRF_05_Timer_1.o)
 .debug_aranges
                0x00001510       0x38 .\CortexM3\ARM_GCC_493\Debug\car.a(CHANGE_PWR.o)
 .debug_aranges
                0x00001548       0x80 .\CortexM3\ARM_GCC_493\Debug\car.a(CyFlash.o)
 .debug_aranges
                0x000015c8       0x78 .\CortexM3\ARM_GCC_493\Debug\car.a(CySpc.o)

.debug_pubnames
 *(.debug_pubnames)

.debug_info     0x00000000     0xcdb9
 *(.debug_info .gnu.linkonce.wi.*)
 .debug_info    0x00000000      0x6c1 .\CortexM3\ARM_GCC_493\Debug\main.o
 .debug_info    0x000006c1      0xd7e .\CortexM3\ARM_GCC_493\Debug\Transfer.o
 .debug_info    0x0000143f      0xab5 .\CortexM3\ARM_GCC_493\Debug\car.o
 .debug_info    0x00001ef4      0x1eb .\CortexM3\ARM_GCC_493\Debug\battery.o
 .debug_info    0x000020df      0xa46 .\CortexM3\ARM_GCC_493\Debug\Lidar.o
 .debug_info    0x00002b25      0x13e .\CortexM3\ARM_GCC_493\Debug\cymetadata.o
 .debug_info    0x00002c63      0x3b3 .\CortexM3\ARM_GCC_493\Debug\Cm3Start.o
 .debug_info    0x00003016      0x6a1 .\CortexM3\ARM_GCC_493\Debug\car.a(cyfitter_cfg.o)
 .debug_info    0x000036b7       0x7c .\CortexM3\ARM_GCC_493\Debug\car.a(CyBootAsmGnu.o)
 .debug_info    0x00003733      0x941 .\CortexM3\ARM_GCC_493\Debug\car.a(CyDmac.o)
 .debug_info    0x00004074     0x136c .\CortexM3\ARM_GCC_493\Debug\car.a(CyLib.o)
 .debug_info    0x000053e0      0xa55 .\CortexM3\ARM_GCC_493\Debug\car.a(cyPm.o)
 .debug_info    0x00005e35      0x600 .\CortexM3\ARM_GCC_493\Debug\car.a(UART_net.o)
 .debug_info    0x00006435      0x281 .\CortexM3\ARM_GCC_493\Debug\car.a(UART_net_IntClock.o)
 .debug_info    0x000066b6      0x2c9 .\CortexM3\ARM_GCC_493\Debug\car.a(isr_tx_net.o)
 .debug_info    0x0000697f      0x585 .\CortexM3\ARM_GCC_493\Debug\car.a(isr_rx_net.o)
 .debug_info    0x00006f04      0x11e .\CortexM3\ARM_GCC_493\Debug\car.a(L_IN_1.o)
 .debug_info    0x00007022      0x11e .\CortexM3\ARM_GCC_493\Debug\car.a(L_IN_2.o)
 .debug_info    0x00007140      0x11e .\CortexM3\ARM_GCC_493\Debug\car.a(R_IN_1.o)
 .debug_info    0x0000725e      0x120 .\CortexM3\ARM_GCC_493\Debug\car.a(R_IN_2.o)
 .debug_info    0x0000737e      0x39c .\CortexM3\ARM_GCC_493\Debug\car.a(PWM_MOTOR.o)
 .debug_info    0x0000771a      0x2e9 .\CortexM3\ARM_GCC_493\Debug\car.a(Timer_1.o)
 .debug_info    0x00007a03      0x35d .\CortexM3\ARM_GCC_493\Debug\car.a(isr_timer.o)
 .debug_info    0x00007d60      0x600 .\CortexM3\ARM_GCC_493\Debug\car.a(UART_JY.o)
 .debug_info    0x00008360      0x58c .\CortexM3\ARM_GCC_493\Debug\car.a(isr_rx_jy.o)
 .debug_info    0x000088ec      0x281 .\CortexM3\ARM_GCC_493\Debug\car.a(UART_JY_IntClock.o)
 .debug_info    0x00008b6d      0x39d .\CortexM3\ARM_GCC_493\Debug\car.a(PWM_LED.o)
 .debug_info    0x00008f0a      0x39d .\CortexM3\ARM_GCC_493\Debug\car.a(PWM_LED_1.o)
 .debug_info    0x000092a7      0x7cf .\CortexM3\ARM_GCC_493\Debug\car.a(ADC.o)
 .debug_info    0x00009a76       0x99 .\CortexM3\ARM_GCC_493\Debug\car.a(ADC_INT.o)
 .debug_info    0x00009b0f      0x542 .\CortexM3\ARM_GCC_493\Debug\car.a(ADC_SAR.o)
 .debug_info    0x0000a051      0x1fb .\CortexM3\ARM_GCC_493\Debug\car.a(ADC_TempBuf_dma.o)
 .debug_info    0x0000a24c      0x1fb .\CortexM3\ARM_GCC_493\Debug\car.a(ADC_FinalBuf_dma.o)
 .debug_info    0x0000a447      0x2c9 .\CortexM3\ARM_GCC_493\Debug\car.a(ADC_IRQ.o)
 .debug_info    0x0000a710      0x11e .\CortexM3\ARM_GCC_493\Debug\car.a(debug_time.o)
 .debug_info    0x0000a82e      0x11e .\CortexM3\ARM_GCC_493\Debug\car.a(PTZ_UP_EN.o)
 .debug_info    0x0000a94c      0x11e .\CortexM3\ARM_GCC_493\Debug\car.a(PTZ_UP_STEP.o)
 .debug_info    0x0000aa6a      0x11e .\CortexM3\ARM_GCC_493\Debug\car.a(PTZ_UP_DIR.o)
 .debug_info    0x0000ab88      0x11e .\CortexM3\ARM_GCC_493\Debug\car.a(PTZ_DOWN_EN.o)
 .debug_info    0x0000aca6      0x11e .\CortexM3\ARM_GCC_493\Debug\car.a(PTZ_DOWN_STEP.o)
 .debug_info    0x0000adc4      0x11e .\CortexM3\ARM_GCC_493\Debug\car.a(PTZ_DOWN_DIR.o)
 .debug_info    0x0000aee2      0x11e .\CortexM3\ARM_GCC_493\Debug\car.a(SRF_TRG_1.o)
 .debug_info    0x0000b000      0x321 .\CortexM3\ARM_GCC_493\Debug\car.a(SRF_05_Timer.o)
 .debug_info    0x0000b321      0x523 .\CortexM3\ARM_GCC_493\Debug\car.a(isr_srf_front.o)
 .debug_info    0x0000b844      0x523 .\CortexM3\ARM_GCC_493\Debug\car.a(isr_srf_back.o)
 .debug_info    0x0000bd67      0x11e .\CortexM3\ARM_GCC_493\Debug\car.a(SRF_TRG_2.o)
 .debug_info    0x0000be85      0x321 .\CortexM3\ARM_GCC_493\Debug\car.a(SRF_05_Timer_1.o)
 .debug_info    0x0000c1a6      0x11e .\CortexM3\ARM_GCC_493\Debug\car.a(CHANGE_PWR.o)
 .debug_info    0x0000c2c4      0x608 .\CortexM3\ARM_GCC_493\Debug\car.a(CyFlash.o)
 .debug_info    0x0000c8cc      0x4ed .\CortexM3\ARM_GCC_493\Debug\car.a(CySpc.o)

.debug_abbrev   0x00000000     0x41ec
 *(.debug_abbrev)
 .debug_abbrev  0x00000000      0x1b8 .\CortexM3\ARM_GCC_493\Debug\main.o
 .debug_abbrev  0x000001b8      0x296 .\CortexM3\ARM_GCC_493\Debug\Transfer.o
 .debug_abbrev  0x0000044e      0x1cf .\CortexM3\ARM_GCC_493\Debug\car.o
 .debug_abbrev  0x0000061d      0x131 .\CortexM3\ARM_GCC_493\Debug\battery.o
 .debug_abbrev  0x0000074e      0x28d .\CortexM3\ARM_GCC_493\Debug\Lidar.o
 .debug_abbrev  0x000009db       0x77 .\CortexM3\ARM_GCC_493\Debug\cymetadata.o
 .debug_abbrev  0x00000a52      0x20f .\CortexM3\ARM_GCC_493\Debug\Cm3Start.o
 .debug_abbrev  0x00000c61      0x221 .\CortexM3\ARM_GCC_493\Debug\car.a(cyfitter_cfg.o)
 .debug_abbrev  0x00000e82       0x14 .\CortexM3\ARM_GCC_493\Debug\car.a(CyBootAsmGnu.o)
 .debug_abbrev  0x00000e96      0x1cc .\CortexM3\ARM_GCC_493\Debug\car.a(CyDmac.o)
 .debug_abbrev  0x00001062      0x296 .\CortexM3\ARM_GCC_493\Debug\car.a(CyLib.o)
 .debug_abbrev  0x000012f8      0x1fa .\CortexM3\ARM_GCC_493\Debug\car.a(cyPm.o)
 .debug_abbrev  0x000014f2      0x1af .\CortexM3\ARM_GCC_493\Debug\car.a(UART_net.o)
 .debug_abbrev  0x000016a1      0x146 .\CortexM3\ARM_GCC_493\Debug\car.a(UART_net_IntClock.o)
 .debug_abbrev  0x000017e7      0x180 .\CortexM3\ARM_GCC_493\Debug\car.a(isr_tx_net.o)
 .debug_abbrev  0x00001967      0x21d .\CortexM3\ARM_GCC_493\Debug\car.a(isr_rx_net.o)
 .debug_abbrev  0x00001b84       0x9d .\CortexM3\ARM_GCC_493\Debug\car.a(L_IN_1.o)
 .debug_abbrev  0x00001c21       0x9d .\CortexM3\ARM_GCC_493\Debug\car.a(L_IN_2.o)
 .debug_abbrev  0x00001cbe       0x9d .\CortexM3\ARM_GCC_493\Debug\car.a(R_IN_1.o)
 .debug_abbrev  0x00001d5b       0x9d .\CortexM3\ARM_GCC_493\Debug\car.a(R_IN_2.o)
 .debug_abbrev  0x00001df8      0x15a .\CortexM3\ARM_GCC_493\Debug\car.a(PWM_MOTOR.o)
 .debug_abbrev  0x00001f52      0x152 .\CortexM3\ARM_GCC_493\Debug\car.a(Timer_1.o)
 .debug_abbrev  0x000020a4      0x1a0 .\CortexM3\ARM_GCC_493\Debug\car.a(isr_timer.o)
 .debug_abbrev  0x00002244      0x1af .\CortexM3\ARM_GCC_493\Debug\car.a(UART_JY.o)
 .debug_abbrev  0x000023f3      0x217 .\CortexM3\ARM_GCC_493\Debug\car.a(isr_rx_jy.o)
 .debug_abbrev  0x0000260a      0x146 .\CortexM3\ARM_GCC_493\Debug\car.a(UART_JY_IntClock.o)
 .debug_abbrev  0x00002750      0x15a .\CortexM3\ARM_GCC_493\Debug\car.a(PWM_LED.o)
 .debug_abbrev  0x000028aa      0x15a .\CortexM3\ARM_GCC_493\Debug\car.a(PWM_LED_1.o)
 .debug_abbrev  0x00002a04      0x1b0 .\CortexM3\ARM_GCC_493\Debug\car.a(ADC.o)
 .debug_abbrev  0x00002bb4       0x42 .\CortexM3\ARM_GCC_493\Debug\car.a(ADC_INT.o)
 .debug_abbrev  0x00002bf6      0x1e6 .\CortexM3\ARM_GCC_493\Debug\car.a(ADC_SAR.o)
 .debug_abbrev  0x00002ddc       0xf8 .\CortexM3\ARM_GCC_493\Debug\car.a(ADC_TempBuf_dma.o)
 .debug_abbrev  0x00002ed4       0xf8 .\CortexM3\ARM_GCC_493\Debug\car.a(ADC_FinalBuf_dma.o)
 .debug_abbrev  0x00002fcc      0x180 .\CortexM3\ARM_GCC_493\Debug\car.a(ADC_IRQ.o)
 .debug_abbrev  0x0000314c       0x9d .\CortexM3\ARM_GCC_493\Debug\car.a(debug_time.o)
 .debug_abbrev  0x000031e9       0x9d .\CortexM3\ARM_GCC_493\Debug\car.a(PTZ_UP_EN.o)
 .debug_abbrev  0x00003286       0x9d .\CortexM3\ARM_GCC_493\Debug\car.a(PTZ_UP_STEP.o)
 .debug_abbrev  0x00003323       0x9d .\CortexM3\ARM_GCC_493\Debug\car.a(PTZ_UP_DIR.o)
 .debug_abbrev  0x000033c0       0x9d .\CortexM3\ARM_GCC_493\Debug\car.a(PTZ_DOWN_EN.o)
 .debug_abbrev  0x0000345d       0x9d .\CortexM3\ARM_GCC_493\Debug\car.a(PTZ_DOWN_STEP.o)
 .debug_abbrev  0x000034fa       0x9d .\CortexM3\ARM_GCC_493\Debug\car.a(PTZ_DOWN_DIR.o)
 .debug_abbrev  0x00003597       0x9d .\CortexM3\ARM_GCC_493\Debug\car.a(SRF_TRG_1.o)
 .debug_abbrev  0x00003634      0x161 .\CortexM3\ARM_GCC_493\Debug\car.a(SRF_05_Timer.o)
 .debug_abbrev  0x00003795      0x208 .\CortexM3\ARM_GCC_493\Debug\car.a(isr_srf_front.o)
 .debug_abbrev  0x0000399d      0x208 .\CortexM3\ARM_GCC_493\Debug\car.a(isr_srf_back.o)
 .debug_abbrev  0x00003ba5       0x9d .\CortexM3\ARM_GCC_493\Debug\car.a(SRF_TRG_2.o)
 .debug_abbrev  0x00003c42      0x161 .\CortexM3\ARM_GCC_493\Debug\car.a(SRF_05_Timer_1.o)
 .debug_abbrev  0x00003da3       0x9d .\CortexM3\ARM_GCC_493\Debug\car.a(CHANGE_PWR.o)
 .debug_abbrev  0x00003e40      0x1de .\CortexM3\ARM_GCC_493\Debug\car.a(CyFlash.o)
 .debug_abbrev  0x0000401e      0x1ce .\CortexM3\ARM_GCC_493\Debug\car.a(CySpc.o)

.debug_line     0x00000000     0x56cc
 *(.debug_line)
 .debug_line    0x00000000      0x2e9 .\CortexM3\ARM_GCC_493\Debug\main.o
 .debug_line    0x000002e9      0x4bf .\CortexM3\ARM_GCC_493\Debug\Transfer.o
 .debug_line    0x000007a8      0x353 .\CortexM3\ARM_GCC_493\Debug\car.o
 .debug_line    0x00000afb      0x1b3 .\CortexM3\ARM_GCC_493\Debug\battery.o
 .debug_line    0x00000cae      0x40d .\CortexM3\ARM_GCC_493\Debug\Lidar.o
 .debug_line    0x000010bb       0x53 .\CortexM3\ARM_GCC_493\Debug\cymetadata.o
 .debug_line    0x0000110e      0x254 .\CortexM3\ARM_GCC_493\Debug\Cm3Start.o
 .debug_line    0x00001362      0x1fc .\CortexM3\ARM_GCC_493\Debug\car.a(cyfitter_cfg.o)
 .debug_line    0x0000155e       0x68 .\CortexM3\ARM_GCC_493\Debug\car.a(CyBootAsmGnu.o)
 .debug_line    0x000015c6      0x2e5 .\CortexM3\ARM_GCC_493\Debug\car.a(CyDmac.o)
 .debug_line    0x000018ab      0x806 .\CortexM3\ARM_GCC_493\Debug\car.a(CyLib.o)
 .debug_line    0x000020b1      0x366 .\CortexM3\ARM_GCC_493\Debug\car.a(cyPm.o)
 .debug_line    0x00002417      0x2c6 .\CortexM3\ARM_GCC_493\Debug\car.a(UART_net.o)
 .debug_line    0x000026dd      0x199 .\CortexM3\ARM_GCC_493\Debug\car.a(UART_net_IntClock.o)
 .debug_line    0x00002876      0x150 .\CortexM3\ARM_GCC_493\Debug\car.a(isr_tx_net.o)
 .debug_line    0x000029c6      0x282 .\CortexM3\ARM_GCC_493\Debug\car.a(isr_rx_net.o)
 .debug_line    0x00002c48       0x95 .\CortexM3\ARM_GCC_493\Debug\car.a(L_IN_1.o)
 .debug_line    0x00002cdd       0x95 .\CortexM3\ARM_GCC_493\Debug\car.a(L_IN_2.o)
 .debug_line    0x00002d72       0x95 .\CortexM3\ARM_GCC_493\Debug\car.a(R_IN_1.o)
 .debug_line    0x00002e07       0x95 .\CortexM3\ARM_GCC_493\Debug\car.a(R_IN_2.o)
 .debug_line    0x00002e9c      0x1b2 .\CortexM3\ARM_GCC_493\Debug\car.a(PWM_MOTOR.o)
 .debug_line    0x0000304e      0x174 .\CortexM3\ARM_GCC_493\Debug\car.a(Timer_1.o)
 .debug_line    0x000031c2      0x161 .\CortexM3\ARM_GCC_493\Debug\car.a(isr_timer.o)
 .debug_line    0x00003323      0x2c4 .\CortexM3\ARM_GCC_493\Debug\car.a(UART_JY.o)
 .debug_line    0x000035e7      0x29b .\CortexM3\ARM_GCC_493\Debug\car.a(isr_rx_jy.o)
 .debug_line    0x00003882      0x198 .\CortexM3\ARM_GCC_493\Debug\car.a(UART_JY_IntClock.o)
 .debug_line    0x00003a1a      0x1b0 .\CortexM3\ARM_GCC_493\Debug\car.a(PWM_LED.o)
 .debug_line    0x00003bca      0x1b2 .\CortexM3\ARM_GCC_493\Debug\car.a(PWM_LED_1.o)
 .debug_line    0x00003d7c      0x21b .\CortexM3\ARM_GCC_493\Debug\car.a(ADC.o)
 .debug_line    0x00003f97       0x52 .\CortexM3\ARM_GCC_493\Debug\car.a(ADC_INT.o)
 .debug_line    0x00003fe9      0x206 .\CortexM3\ARM_GCC_493\Debug\car.a(ADC_SAR.o)
 .debug_line    0x000041ef       0xa1 .\CortexM3\ARM_GCC_493\Debug\car.a(ADC_TempBuf_dma.o)
 .debug_line    0x00004290       0xa2 .\CortexM3\ARM_GCC_493\Debug\car.a(ADC_FinalBuf_dma.o)
 .debug_line    0x00004332      0x14d .\CortexM3\ARM_GCC_493\Debug\car.a(ADC_IRQ.o)
 .debug_line    0x0000447f       0x99 .\CortexM3\ARM_GCC_493\Debug\car.a(debug_time.o)
 .debug_line    0x00004518       0x98 .\CortexM3\ARM_GCC_493\Debug\car.a(PTZ_UP_EN.o)
 .debug_line    0x000045b0       0x9a .\CortexM3\ARM_GCC_493\Debug\car.a(PTZ_UP_STEP.o)
 .debug_line    0x0000464a       0x99 .\CortexM3\ARM_GCC_493\Debug\car.a(PTZ_UP_DIR.o)
 .debug_line    0x000046e3       0x9a .\CortexM3\ARM_GCC_493\Debug\car.a(PTZ_DOWN_EN.o)
 .debug_line    0x0000477d       0x9c .\CortexM3\ARM_GCC_493\Debug\car.a(PTZ_DOWN_STEP.o)
 .debug_line    0x00004819       0x9b .\CortexM3\ARM_GCC_493\Debug\car.a(PTZ_DOWN_DIR.o)
 .debug_line    0x000048b4       0x98 .\CortexM3\ARM_GCC_493\Debug\car.a(SRF_TRG_1.o)
 .debug_line    0x0000494c      0x18b .\CortexM3\ARM_GCC_493\Debug\car.a(SRF_05_Timer.o)
 .debug_line    0x00004ad7      0x286 .\CortexM3\ARM_GCC_493\Debug\car.a(isr_srf_front.o)
 .debug_line    0x00004d5d      0x287 .\CortexM3\ARM_GCC_493\Debug\car.a(isr_srf_back.o)
 .debug_line    0x00004fe4       0x98 .\CortexM3\ARM_GCC_493\Debug\car.a(SRF_TRG_2.o)
 .debug_line    0x0000507c      0x18d .\CortexM3\ARM_GCC_493\Debug\car.a(SRF_05_Timer_1.o)
 .debug_line    0x00005209       0x99 .\CortexM3\ARM_GCC_493\Debug\car.a(CHANGE_PWR.o)
 .debug_line    0x000052a2      0x1ec .\CortexM3\ARM_GCC_493\Debug\car.a(CyFlash.o)
 .debug_line    0x0000548e      0x23e .\CortexM3\ARM_GCC_493\Debug\car.a(CySpc.o)

.debug_frame    0x00000000     0x3468
 *(.debug_frame)
 .debug_frame   0x00000000       0x3c .\CortexM3\ARM_GCC_493\Debug\main.o
 .debug_frame   0x0000003c      0x1f0 .\CortexM3\ARM_GCC_493\Debug\Transfer.o
 .debug_frame   0x0000022c      0x1d0 .\CortexM3\ARM_GCC_493\Debug\car.o
 .debug_frame   0x000003fc       0x4c .\CortexM3\ARM_GCC_493\Debug\battery.o
 .debug_frame   0x00000448      0x114 .\CortexM3\ARM_GCC_493\Debug\Lidar.o
 .debug_frame   0x0000055c       0xac .\CortexM3\ARM_GCC_493\Debug\Cm3Start.o
 .debug_frame   0x00000608       0xec .\CortexM3\ARM_GCC_493\Debug\car.a(cyfitter_cfg.o)
 .debug_frame   0x000006f4      0x1f4 .\CortexM3\ARM_GCC_493\Debug\car.a(CyDmac.o)
 .debug_frame   0x000008e8      0x728 .\CortexM3\ARM_GCC_493\Debug\car.a(CyLib.o)
 .debug_frame   0x00001010      0x1f8 .\CortexM3\ARM_GCC_493\Debug\car.a(cyPm.o)
 .debug_frame   0x00001208      0x250 .\CortexM3\ARM_GCC_493\Debug\car.a(UART_net.o)
 .debug_frame   0x00001458       0xe0 .\CortexM3\ARM_GCC_493\Debug\car.a(UART_net_IntClock.o)
 .debug_frame   0x00001538      0x104 .\CortexM3\ARM_GCC_493\Debug\car.a(isr_tx_net.o)
 .debug_frame   0x0000163c      0x110 .\CortexM3\ARM_GCC_493\Debug\car.a(isr_rx_net.o)
 .debug_frame   0x0000174c       0x50 .\CortexM3\ARM_GCC_493\Debug\car.a(L_IN_1.o)
 .debug_frame   0x0000179c       0x50 .\CortexM3\ARM_GCC_493\Debug\car.a(L_IN_2.o)
 .debug_frame   0x000017ec       0x50 .\CortexM3\ARM_GCC_493\Debug\car.a(R_IN_1.o)
 .debug_frame   0x0000183c       0x50 .\CortexM3\ARM_GCC_493\Debug\car.a(R_IN_2.o)
 .debug_frame   0x0000188c      0x154 .\CortexM3\ARM_GCC_493\Debug\car.a(PWM_MOTOR.o)
 .debug_frame   0x000019e0      0x124 .\CortexM3\ARM_GCC_493\Debug\car.a(Timer_1.o)
 .debug_frame   0x00001b04      0x110 .\CortexM3\ARM_GCC_493\Debug\car.a(isr_timer.o)
 .debug_frame   0x00001c14      0x250 .\CortexM3\ARM_GCC_493\Debug\car.a(UART_JY.o)
 .debug_frame   0x00001e64      0x114 .\CortexM3\ARM_GCC_493\Debug\car.a(isr_rx_jy.o)
 .debug_frame   0x00001f78       0xe0 .\CortexM3\ARM_GCC_493\Debug\car.a(UART_JY_IntClock.o)
 .debug_frame   0x00002058      0x154 .\CortexM3\ARM_GCC_493\Debug\car.a(PWM_LED.o)
 .debug_frame   0x000021ac      0x154 .\CortexM3\ARM_GCC_493\Debug\car.a(PWM_LED_1.o)
 .debug_frame   0x00002300      0x1dc .\CortexM3\ARM_GCC_493\Debug\car.a(ADC.o)
 .debug_frame   0x000024dc       0x20 .\CortexM3\ARM_GCC_493\Debug\car.a(ADC_INT.o)
 .debug_frame   0x000024fc      0x1a4 .\CortexM3\ARM_GCC_493\Debug\car.a(ADC_SAR.o)
 .debug_frame   0x000026a0       0x54 .\CortexM3\ARM_GCC_493\Debug\car.a(ADC_TempBuf_dma.o)
 .debug_frame   0x000026f4       0x54 .\CortexM3\ARM_GCC_493\Debug\car.a(ADC_FinalBuf_dma.o)
 .debug_frame   0x00002748      0x104 .\CortexM3\ARM_GCC_493\Debug\car.a(ADC_IRQ.o)
 .debug_frame   0x0000284c       0x50 .\CortexM3\ARM_GCC_493\Debug\car.a(debug_time.o)
 .debug_frame   0x0000289c       0x50 .\CortexM3\ARM_GCC_493\Debug\car.a(PTZ_UP_EN.o)
 .debug_frame   0x000028ec       0x50 .\CortexM3\ARM_GCC_493\Debug\car.a(PTZ_UP_STEP.o)
 .debug_frame   0x0000293c       0x50 .\CortexM3\ARM_GCC_493\Debug\car.a(PTZ_UP_DIR.o)
 .debug_frame   0x0000298c       0x50 .\CortexM3\ARM_GCC_493\Debug\car.a(PTZ_DOWN_EN.o)
 .debug_frame   0x000029dc       0x50 .\CortexM3\ARM_GCC_493\Debug\car.a(PTZ_DOWN_STEP.o)
 .debug_frame   0x00002a2c       0x50 .\CortexM3\ARM_GCC_493\Debug\car.a(PTZ_DOWN_DIR.o)
 .debug_frame   0x00002a7c       0x50 .\CortexM3\ARM_GCC_493\Debug\car.a(SRF_TRG_1.o)
 .debug_frame   0x00002acc      0x134 .\CortexM3\ARM_GCC_493\Debug\car.a(SRF_05_Timer.o)
 .debug_frame   0x00002c00      0x110 .\CortexM3\ARM_GCC_493\Debug\car.a(isr_srf_front.o)
 .debug_frame   0x00002d10      0x110 .\CortexM3\ARM_GCC_493\Debug\car.a(isr_srf_back.o)
 .debug_frame   0x00002e20       0x50 .\CortexM3\ARM_GCC_493\Debug\car.a(SRF_TRG_2.o)
 .debug_frame   0x00002e70      0x134 .\CortexM3\ARM_GCC_493\Debug\car.a(SRF_05_Timer_1.o)
 .debug_frame   0x00002fa4       0x50 .\CortexM3\ARM_GCC_493\Debug\car.a(CHANGE_PWR.o)
 .debug_frame   0x00002ff4      0x174 .\CortexM3\ARM_GCC_493\Debug\car.a(CyFlash.o)
 .debug_frame   0x00003168      0x160 .\CortexM3\ARM_GCC_493\Debug\car.a(CySpc.o)
 .debug_frame   0x000032c8       0x28 c:/program files (x86)/cypress/psoc creator/3.3/psoc creator/import/gnu/arm/4.9.3/bin/../lib/gcc/arm-none-eabi/4.9.3/armv7-m\libgcc.a(_aeabi_ldivmod.o)
 .debug_frame   0x000032f0       0x54 c:/program files (x86)/cypress/psoc creator/3.3/psoc creator/import/gnu/arm/4.9.3/bin/../lib/gcc/arm-none-eabi/4.9.3/armv7-m\libgcc.a(bpabi.o)
 .debug_frame   0x00003344       0x34 c:/program files (x86)/cypress/psoc creator/3.3/psoc creator/import/gnu/arm/4.9.3/bin/../lib/gcc/arm-none-eabi/4.9.3/armv7-m\libgcc.a(_divdi3.o)
 .debug_frame   0x00003378       0x34 c:/program files (x86)/cypress/psoc creator/3.3/psoc creator/import/gnu/arm/4.9.3/bin/../lib/gcc/arm-none-eabi/4.9.3/armv7-m\libgcc.a(_udivdi3.o)
 .debug_frame   0x000033ac       0x20 c:/program files (x86)/cypress/psoc creator/3.3/psoc creator/import/gnu/arm/4.9.3/bin/../lib/gcc/arm-none-eabi/4.9.3/../../../../arm-none-eabi/lib/armv7-m\libg_nano.a(lib_a-errno.o)
 .debug_frame   0x000033cc       0x28 c:/program files (x86)/cypress/psoc creator/3.3/psoc creator/import/gnu/arm/4.9.3/bin/../lib/gcc/arm-none-eabi/4.9.3/../../../../arm-none-eabi/lib/armv7-m\libg_nano.a(lib_a-exit.o)
 .debug_frame   0x000033f4       0x2c c:/program files (x86)/cypress/psoc creator/3.3/psoc creator/import/gnu/arm/4.9.3/bin/../lib/gcc/arm-none-eabi/4.9.3/../../../../arm-none-eabi/lib/armv7-m\libg_nano.a(lib_a-init.o)
 .debug_frame   0x00003420       0x28 c:/program files (x86)/cypress/psoc creator/3.3/psoc creator/import/gnu/arm/4.9.3/bin/../lib/gcc/arm-none-eabi/4.9.3/../../../../arm-none-eabi/lib/armv7-m\libg_nano.a(lib_a-memcpy.o)
 .debug_frame   0x00003448       0x20 c:/program files (x86)/cypress/psoc creator/3.3/psoc creator/import/gnu/arm/4.9.3/bin/../lib/gcc/arm-none-eabi/4.9.3/../../../../arm-none-eabi/lib/armv7-m\libg_nano.a(lib_a-memset.o)

.debug_str      0x00000000     0x45a5
 *(.debug_str)
 .debug_str     0x00000000      0x51d .\CortexM3\ARM_GCC_493\Debug\main.o
                                0x59d (size before relaxing)
 .debug_str     0x0000051d      0x378 .\CortexM3\ARM_GCC_493\Debug\Transfer.o
                                0x70c (size before relaxing)
 .debug_str     0x00000895      0x1cb .\CortexM3\ARM_GCC_493\Debug\car.o
                                0x500 (size before relaxing)
 .debug_str     0x00000a60       0x60 .\CortexM3\ARM_GCC_493\Debug\battery.o
                                0x21a (size before relaxing)
 .debug_str     0x00000ac0      0x313 .\CortexM3\ARM_GCC_493\Debug\Lidar.o
                                0x741 (size before relaxing)
 .debug_str     0x00000dd3       0x77 .\CortexM3\ARM_GCC_493\Debug\cymetadata.o
                                0x1d6 (size before relaxing)
 .debug_str     0x00000e4a      0x163 .\CortexM3\ARM_GCC_493\Debug\Cm3Start.o
                                0x2fa (size before relaxing)
 .debug_str     0x00000fad      0x159 .\CortexM3\ARM_GCC_493\Debug\car.a(cyfitter_cfg.o)
                                0x306 (size before relaxing)
 .debug_str     0x00001106      0x37f .\CortexM3\ARM_GCC_493\Debug\car.a(CyDmac.o)
                                0x52a (size before relaxing)
 .debug_str     0x00001485      0x7d1 .\CortexM3\ARM_GCC_493\Debug\car.a(CyLib.o)
                                0xa0f (size before relaxing)
 .debug_str     0x00001c56      0x35b .\CortexM3\ARM_GCC_493\Debug\car.a(cyPm.o)
                                0x707 (size before relaxing)
 .debug_str     0x00001fb1      0x2fc .\CortexM3\ARM_GCC_493\Debug\car.a(UART_net.o)
                                0x4d1 (size before relaxing)
 .debug_str     0x000022ad      0x1ad .\CortexM3\ARM_GCC_493\Debug\car.a(UART_net_IntClock.o)
                                0x352 (size before relaxing)
 .debug_str     0x0000245a      0x11d .\CortexM3\ARM_GCC_493\Debug\car.a(isr_tx_net.o)
                                0x2cc (size before relaxing)
 .debug_str     0x00002577      0x123 .\CortexM3\ARM_GCC_493\Debug\car.a(isr_rx_net.o)
                                0x4f6 (size before relaxing)
 .debug_str     0x0000269a       0x60 .\CortexM3\ARM_GCC_493\Debug\car.a(L_IN_1.o)
                                0x1d3 (size before relaxing)
 .debug_str     0x000026fa       0x55 .\CortexM3\ARM_GCC_493\Debug\car.a(L_IN_2.o)
                                0x1d3 (size before relaxing)
 .debug_str     0x0000274f       0x55 .\CortexM3\ARM_GCC_493\Debug\car.a(R_IN_1.o)
                                0x1d3 (size before relaxing)
 .debug_str     0x000027a4       0x55 .\CortexM3\ARM_GCC_493\Debug\car.a(R_IN_2.o)
                                0x1d3 (size before relaxing)
 .debug_str     0x000027f9      0x1c6 .\CortexM3\ARM_GCC_493\Debug\car.a(PWM_MOTOR.o)
                                0x3bb (size before relaxing)
 .debug_str     0x000029bf       0x23 .\CortexM3\ARM_GCC_493\Debug\car.a(Timer_1.o)
                                0x33f (size before relaxing)
 .debug_str     0x000029e2      0x12c .\CortexM3\ARM_GCC_493\Debug\car.a(isr_timer.o)
                                0x327 (size before relaxing)
 .debug_str     0x00002b0e      0x278 .\CortexM3\ARM_GCC_493\Debug\car.a(UART_JY.o)
                                0x4b2 (size before relaxing)
 .debug_str     0x00002d86      0x11c .\CortexM3\ARM_GCC_493\Debug\car.a(isr_rx_jy.o)
                                0x4dd (size before relaxing)
 .debug_str     0x00002ea2      0x158 .\CortexM3\ARM_GCC_493\Debug\car.a(UART_JY_IntClock.o)
                                0x346 (size before relaxing)
 .debug_str     0x00002ffa      0x173 .\CortexM3\ARM_GCC_493\Debug\car.a(PWM_LED.o)
                                0x391 (size before relaxing)
 .debug_str     0x0000316d      0x195 .\CortexM3\ARM_GCC_493\Debug\car.a(PWM_LED_1.o)
                                0x3bb (size before relaxing)
 .debug_str     0x00003302      0x2d1 .\CortexM3\ARM_GCC_493\Debug\car.a(ADC.o)
                                0x576 (size before relaxing)
 .debug_str     0x000035d3       0x2b .\CortexM3\ARM_GCC_493\Debug\car.a(ADC_INT.o)
                                0x184 (size before relaxing)
 .debug_str     0x000035fe       0xf3 .\CortexM3\ARM_GCC_493\Debug\car.a(ADC_SAR.o)
                                0x41e (size before relaxing)
 .debug_str     0x000036f1       0x93 .\CortexM3\ARM_GCC_493\Debug\car.a(ADC_TempBuf_dma.o)
                                0x26d (size before relaxing)
 .debug_str     0x00003784       0x5b .\CortexM3\ARM_GCC_493\Debug\car.a(ADC_FinalBuf_dma.o)
                                0x271 (size before relaxing)
 .debug_str     0x000037df       0xde .\CortexM3\ARM_GCC_493\Debug\car.a(ADC_IRQ.o)
                                0x2a2 (size before relaxing)
 .debug_str     0x000038bd       0x65 .\CortexM3\ARM_GCC_493\Debug\car.a(debug_time.o)
                                0x1e7 (size before relaxing)
 .debug_str     0x00003922       0x61 .\CortexM3\ARM_GCC_493\Debug\car.a(PTZ_UP_EN.o)
                                0x1e2 (size before relaxing)
 .debug_str     0x00003983       0x69 .\CortexM3\ARM_GCC_493\Debug\car.a(PTZ_UP_STEP.o)
                                0x1ec (size before relaxing)
 .debug_str     0x000039ec       0x65 .\CortexM3\ARM_GCC_493\Debug\car.a(PTZ_UP_DIR.o)
                                0x1e7 (size before relaxing)
 .debug_str     0x00003a51       0x69 .\CortexM3\ARM_GCC_493\Debug\car.a(PTZ_DOWN_EN.o)
                                0x1ec (size before relaxing)
 .debug_str     0x00003aba       0x71 .\CortexM3\ARM_GCC_493\Debug\car.a(PTZ_DOWN_STEP.o)
                                0x1f6 (size before relaxing)
 .debug_str     0x00003b2b       0x6d .\CortexM3\ARM_GCC_493\Debug\car.a(PTZ_DOWN_DIR.o)
                                0x1f1 (size before relaxing)
 .debug_str     0x00003b98       0x61 .\CortexM3\ARM_GCC_493\Debug\car.a(SRF_TRG_1.o)
                                0x1e2 (size before relaxing)
 .debug_str     0x00003bf9      0x1f1 .\CortexM3\ARM_GCC_493\Debug\car.a(SRF_05_Timer.o)
                                0x3c7 (size before relaxing)
 .debug_str     0x00003dea      0x173 .\CortexM3\ARM_GCC_493\Debug\car.a(isr_srf_front.o)
                                0x508 (size before relaxing)
 .debug_str     0x00003f5d      0x152 .\CortexM3\ARM_GCC_493\Debug\car.a(isr_srf_back.o)
                                0x4fc (size before relaxing)
 .debug_str     0x000040af       0x61 .\CortexM3\ARM_GCC_493\Debug\car.a(SRF_TRG_2.o)
                                0x1e2 (size before relaxing)
 .debug_str     0x00004110      0x1eb .\CortexM3\ARM_GCC_493\Debug\car.a(SRF_05_Timer_1.o)
                                0x3ed (size before relaxing)
 .debug_str     0x000042fb       0x65 .\CortexM3\ARM_GCC_493\Debug\car.a(CHANGE_PWR.o)
                                0x1e7 (size before relaxing)
 .debug_str     0x00004360      0x197 .\CortexM3\ARM_GCC_493\Debug\car.a(CyFlash.o)
                                0x381 (size before relaxing)
 .debug_str     0x000044f7       0xae .\CortexM3\ARM_GCC_493\Debug\car.a(CySpc.o)
                                0x30a (size before relaxing)

.debug_loc      0x00000000     0x528c
 *(.debug_loc)
 .debug_loc     0x00000000       0x53 .\CortexM3\ARM_GCC_493\Debug\main.o
 .debug_loc     0x00000053     0x120b .\CortexM3\ARM_GCC_493\Debug\Transfer.o
 .debug_loc     0x0000125e      0x1f0 .\CortexM3\ARM_GCC_493\Debug\car.o
 .debug_loc     0x0000144e       0x9f .\CortexM3\ARM_GCC_493\Debug\battery.o
 .debug_loc     0x000014ed      0x66e .\CortexM3\ARM_GCC_493\Debug\Lidar.o
 .debug_loc     0x00001b5b      0x144 .\CortexM3\ARM_GCC_493\Debug\Cm3Start.o
 .debug_loc     0x00001c9f      0x25a .\CortexM3\ARM_GCC_493\Debug\car.a(cyfitter_cfg.o)
 .debug_loc     0x00001ef9      0xb83 .\CortexM3\ARM_GCC_493\Debug\car.a(CyDmac.o)
 .debug_loc     0x00002a7c      0xa11 .\CortexM3\ARM_GCC_493\Debug\car.a(CyLib.o)
 .debug_loc     0x0000348d      0x1e4 .\CortexM3\ARM_GCC_493\Debug\car.a(cyPm.o)
 .debug_loc     0x00003671      0x258 .\CortexM3\ARM_GCC_493\Debug\car.a(UART_net.o)
 .debug_loc     0x000038c9      0x128 .\CortexM3\ARM_GCC_493\Debug\car.a(UART_net_IntClock.o)
 .debug_loc     0x000039f1       0x56 .\CortexM3\ARM_GCC_493\Debug\car.a(isr_tx_net.o)
 .debug_loc     0x00003a47       0x69 .\CortexM3\ARM_GCC_493\Debug\car.a(isr_rx_net.o)
 .debug_loc     0x00003ab0       0x42 .\CortexM3\ARM_GCC_493\Debug\car.a(L_IN_1.o)
 .debug_loc     0x00003af2       0x42 .\CortexM3\ARM_GCC_493\Debug\car.a(L_IN_2.o)
 .debug_loc     0x00003b34       0x42 .\CortexM3\ARM_GCC_493\Debug\car.a(R_IN_1.o)
 .debug_loc     0x00003b76       0x55 .\CortexM3\ARM_GCC_493\Debug\car.a(R_IN_2.o)
 .debug_loc     0x00003bcb       0x26 .\CortexM3\ARM_GCC_493\Debug\car.a(PWM_MOTOR.o)
 .debug_loc     0x00003bf1       0x13 .\CortexM3\ARM_GCC_493\Debug\car.a(Timer_1.o)
 .debug_loc     0x00003c04       0x56 .\CortexM3\ARM_GCC_493\Debug\car.a(isr_timer.o)
 .debug_loc     0x00003c5a      0x258 .\CortexM3\ARM_GCC_493\Debug\car.a(UART_JY.o)
 .debug_loc     0x00003eb2       0x6a .\CortexM3\ARM_GCC_493\Debug\car.a(isr_rx_jy.o)
 .debug_loc     0x00003f1c      0x128 .\CortexM3\ARM_GCC_493\Debug\car.a(UART_JY_IntClock.o)
 .debug_loc     0x00004044       0x26 .\CortexM3\ARM_GCC_493\Debug\car.a(PWM_LED.o)
 .debug_loc     0x0000406a       0x26 .\CortexM3\ARM_GCC_493\Debug\car.a(PWM_LED_1.o)
 .debug_loc     0x00004090      0x13c .\CortexM3\ARM_GCC_493\Debug\car.a(ADC.o)
 .debug_loc     0x000041cc      0x273 .\CortexM3\ARM_GCC_493\Debug\car.a(ADC_SAR.o)
 .debug_loc     0x0000443f       0x84 .\CortexM3\ARM_GCC_493\Debug\car.a(ADC_TempBuf_dma.o)
 .debug_loc     0x000044c3       0x84 .\CortexM3\ARM_GCC_493\Debug\car.a(ADC_FinalBuf_dma.o)
 .debug_loc     0x00004547       0x56 .\CortexM3\ARM_GCC_493\Debug\car.a(ADC_IRQ.o)
 .debug_loc     0x0000459d       0x42 .\CortexM3\ARM_GCC_493\Debug\car.a(debug_time.o)
 .debug_loc     0x000045df       0x42 .\CortexM3\ARM_GCC_493\Debug\car.a(PTZ_UP_EN.o)
 .debug_loc     0x00004621       0x42 .\CortexM3\ARM_GCC_493\Debug\car.a(PTZ_UP_STEP.o)
 .debug_loc     0x00004663       0x42 .\CortexM3\ARM_GCC_493\Debug\car.a(PTZ_UP_DIR.o)
 .debug_loc     0x000046a5       0x42 .\CortexM3\ARM_GCC_493\Debug\car.a(PTZ_DOWN_EN.o)
 .debug_loc     0x000046e7       0x42 .\CortexM3\ARM_GCC_493\Debug\car.a(PTZ_DOWN_STEP.o)
 .debug_loc     0x00004729       0x42 .\CortexM3\ARM_GCC_493\Debug\car.a(PTZ_DOWN_DIR.o)
 .debug_loc     0x0000476b       0x42 .\CortexM3\ARM_GCC_493\Debug\car.a(SRF_TRG_1.o)
 .debug_loc     0x000047ad       0x31 .\CortexM3\ARM_GCC_493\Debug\car.a(SRF_05_Timer.o)
 .debug_loc     0x000047de       0x56 .\CortexM3\ARM_GCC_493\Debug\car.a(isr_srf_front.o)
 .debug_loc     0x00004834       0x56 .\CortexM3\ARM_GCC_493\Debug\car.a(isr_srf_back.o)
 .debug_loc     0x0000488a       0x42 .\CortexM3\ARM_GCC_493\Debug\car.a(SRF_TRG_2.o)
 .debug_loc     0x000048cc       0x31 .\CortexM3\ARM_GCC_493\Debug\car.a(SRF_05_Timer_1.o)
 .debug_loc     0x000048fd       0x42 .\CortexM3\ARM_GCC_493\Debug\car.a(CHANGE_PWR.o)
 .debug_loc     0x0000493f      0x300 .\CortexM3\ARM_GCC_493\Debug\car.a(CyFlash.o)
 .debug_loc     0x00004c3f      0x64d .\CortexM3\ARM_GCC_493\Debug\car.a(CySpc.o)

.debug_macinfo
 *(.debug_macinfo)

.debug_ranges   0x00000000     0x1308
 *(.debug_ranges)
 .debug_ranges  0x00000000       0x18 .\CortexM3\ARM_GCC_493\Debug\main.o
 .debug_ranges  0x00000018       0x78 .\CortexM3\ARM_GCC_493\Debug\Transfer.o
 .debug_ranges  0x00000090       0x78 .\CortexM3\ARM_GCC_493\Debug\car.o
 .debug_ranges  0x00000108       0x18 .\CortexM3\ARM_GCC_493\Debug\battery.o
 .debug_ranges  0x00000120       0x40 .\CortexM3\ARM_GCC_493\Debug\Lidar.o
 .debug_ranges  0x00000160       0x38 .\CortexM3\ARM_GCC_493\Debug\Cm3Start.o
 .debug_ranges  0x00000198       0x40 .\CortexM3\ARM_GCC_493\Debug\car.a(cyfitter_cfg.o)
 .debug_ranges  0x000001d8       0xc8 .\CortexM3\ARM_GCC_493\Debug\car.a(CyDmac.o)
 .debug_ranges  0x000002a0      0x288 .\CortexM3\ARM_GCC_493\Debug\car.a(CyLib.o)
 .debug_ranges  0x00000528       0x88 .\CortexM3\ARM_GCC_493\Debug\car.a(cyPm.o)
 .debug_ranges  0x000005b0       0xe0 .\CortexM3\ARM_GCC_493\Debug\car.a(UART_net.o)
 .debug_ranges  0x00000690       0x60 .\CortexM3\ARM_GCC_493\Debug\car.a(UART_net_IntClock.o)
 .debug_ranges  0x000006f0       0x70 .\CortexM3\ARM_GCC_493\Debug\car.a(isr_tx_net.o)
 .debug_ranges  0x00000760       0x70 .\CortexM3\ARM_GCC_493\Debug\car.a(isr_rx_net.o)
 .debug_ranges  0x000007d0       0x28 .\CortexM3\ARM_GCC_493\Debug\car.a(L_IN_1.o)
 .debug_ranges  0x000007f8       0x28 .\CortexM3\ARM_GCC_493\Debug\car.a(L_IN_2.o)
 .debug_ranges  0x00000820       0x28 .\CortexM3\ARM_GCC_493\Debug\car.a(R_IN_1.o)
 .debug_ranges  0x00000848       0x28 .\CortexM3\ARM_GCC_493\Debug\car.a(R_IN_2.o)
 .debug_ranges  0x00000870       0x98 .\CortexM3\ARM_GCC_493\Debug\car.a(PWM_MOTOR.o)
 .debug_ranges  0x00000908       0x80 .\CortexM3\ARM_GCC_493\Debug\car.a(Timer_1.o)
 .debug_ranges  0x00000988       0x70 .\CortexM3\ARM_GCC_493\Debug\car.a(isr_timer.o)
 .debug_ranges  0x000009f8       0xe0 .\CortexM3\ARM_GCC_493\Debug\car.a(UART_JY.o)
 .debug_ranges  0x00000ad8       0x70 .\CortexM3\ARM_GCC_493\Debug\car.a(isr_rx_jy.o)
 .debug_ranges  0x00000b48       0x60 .\CortexM3\ARM_GCC_493\Debug\car.a(UART_JY_IntClock.o)
 .debug_ranges  0x00000ba8       0x98 .\CortexM3\ARM_GCC_493\Debug\car.a(PWM_LED.o)
 .debug_ranges  0x00000c40       0x98 .\CortexM3\ARM_GCC_493\Debug\car.a(PWM_LED_1.o)
 .debug_ranges  0x00000cd8       0x90 .\CortexM3\ARM_GCC_493\Debug\car.a(ADC.o)
 .debug_ranges  0x00000d68       0x10 .\CortexM3\ARM_GCC_493\Debug\car.a(ADC_INT.o)
 .debug_ranges  0x00000d78       0x98 .\CortexM3\ARM_GCC_493\Debug\car.a(ADC_SAR.o)
 .debug_ranges  0x00000e10       0x18 .\CortexM3\ARM_GCC_493\Debug\car.a(ADC_TempBuf_dma.o)
 .debug_ranges  0x00000e28       0x18 .\CortexM3\ARM_GCC_493\Debug\car.a(ADC_FinalBuf_dma.o)
 .debug_ranges  0x00000e40       0x70 .\CortexM3\ARM_GCC_493\Debug\car.a(ADC_IRQ.o)
 .debug_ranges  0x00000eb0       0x28 .\CortexM3\ARM_GCC_493\Debug\car.a(debug_time.o)
 .debug_ranges  0x00000ed8       0x28 .\CortexM3\ARM_GCC_493\Debug\car.a(PTZ_UP_EN.o)
 .debug_ranges  0x00000f00       0x28 .\CortexM3\ARM_GCC_493\Debug\car.a(PTZ_UP_STEP.o)
 .debug_ranges  0x00000f28       0x28 .\CortexM3\ARM_GCC_493\Debug\car.a(PTZ_UP_DIR.o)
 .debug_ranges  0x00000f50       0x28 .\CortexM3\ARM_GCC_493\Debug\car.a(PTZ_DOWN_EN.o)
 .debug_ranges  0x00000f78       0x28 .\CortexM3\ARM_GCC_493\Debug\car.a(PTZ_DOWN_STEP.o)
 .debug_ranges  0x00000fa0       0x28 .\CortexM3\ARM_GCC_493\Debug\car.a(PTZ_DOWN_DIR.o)
 .debug_ranges  0x00000fc8       0x28 .\CortexM3\ARM_GCC_493\Debug\car.a(SRF_TRG_1.o)
 .debug_ranges  0x00000ff0       0x88 .\CortexM3\ARM_GCC_493\Debug\car.a(SRF_05_Timer.o)
 .debug_ranges  0x00001078       0x70 .\CortexM3\ARM_GCC_493\Debug\car.a(isr_srf_front.o)
 .debug_ranges  0x000010e8       0x70 .\CortexM3\ARM_GCC_493\Debug\car.a(isr_srf_back.o)
 .debug_ranges  0x00001158       0x28 .\CortexM3\ARM_GCC_493\Debug\car.a(SRF_TRG_2.o)
 .debug_ranges  0x00001180       0x88 .\CortexM3\ARM_GCC_493\Debug\car.a(SRF_05_Timer_1.o)
 .debug_ranges  0x00001208       0x28 .\CortexM3\ARM_GCC_493\Debug\car.a(CHANGE_PWR.o)
 .debug_ranges  0x00001230       0x70 .\CortexM3\ARM_GCC_493\Debug\car.a(CyFlash.o)