Archive member included because of file (symbol)

.\CortexM3\ARM_GCC_493\Debug\car.a(cyfitter_cfg.o)
                              .\CortexM3\ARM_GCC_493\Debug\Cm3Start.o (cyfitter_cfg)
.\CortexM3\ARM_GCC_493\Debug\car.a(CyBootAsmGnu.o)
                              .\CortexM3\ARM_GCC_493\Debug\car.a(cyfitter_cfg.o) (CyDelayCycles)
.\CortexM3\ARM_GCC_493\Debug\car.a(CyDmac.o)
                              .\CortexM3\ARM_GCC_493\Debug\Cm3Start.o (CyDmacConfigure)
.\CortexM3\ARM_GCC_493\Debug\car.a(CyLib.o)
                              .\CortexM3\ARM_GCC_493\Debug\Cm3Start.o (CyHalt)
.\CortexM3\ARM_GCC_493\Debug\car.a(cyPm.o)
                              .\CortexM3\ARM_GCC_493\Debug\car.a(CyLib.o) (CyPmReadStatus)
.\CortexM3\ARM_GCC_493\Debug\car.a(UART_net.o)
                              .\CortexM3\ARM_GCC_493\Debug\main.o (UART_net_Start)
.\CortexM3\ARM_GCC_493\Debug\car.a(UART_net_IntClock.o)
                              .\CortexM3\ARM_GCC_493\Debug\car.a(UART_net.o) (UART_net_IntClock_Start)
.\CortexM3\ARM_GCC_493\Debug\car.a(isr_tx_net.o)
                              .\CortexM3\ARM_GCC_493\Debug\main.o (isr_tx_net_Start)
.\CortexM3\ARM_GCC_493\Debug\car.a(isr_rx_net.o)
                              .\CortexM3\ARM_GCC_493\Debug\main.o (isr_rx_net_Start)
.\CortexM3\ARM_GCC_493\Debug\car.a(L_IN_1.o)
                              .\CortexM3\ARM_GCC_493\Debug\car.o (L_IN_1_Write)
.\CortexM3\ARM_GCC_493\Debug\car.a(L_IN_2.o)
                              .\CortexM3\ARM_GCC_493\Debug\car.o (L_IN_2_Write)
.\CortexM3\ARM_GCC_493\Debug\car.a(R_IN_1.o)
                              .\CortexM3\ARM_GCC_493\Debug\car.o (R_IN_1_Write)
.\CortexM3\ARM_GCC_493\Debug\car.a(R_IN_2.o)
                              .\CortexM3\ARM_GCC_493\Debug\car.o (R_IN_2_Write)
.\CortexM3\ARM_GCC_493\Debug\car.a(PWM_MOTOR.o)
                              .\CortexM3\ARM_GCC_493\Debug\car.o (PWM_MOTOR_WriteCompare1)
.\CortexM3\ARM_GCC_493\Debug\car.a(Timer_1.o)
                              .\CortexM3\ARM_GCC_493\Debug\main.o (Timer_1_Start)
.\CortexM3\ARM_GCC_493\Debug\car.a(isr_timer.o)
                              .\CortexM3\ARM_GCC_493\Debug\main.o (isr_timer_Start)
.\CortexM3\ARM_GCC_493\Debug\car.a(UART_JY.o)
                              .\CortexM3\ARM_GCC_493\Debug\main.o (UART_JY_Start)
.\CortexM3\ARM_GCC_493\Debug\car.a(isr_rx_jy.o)
                              .\CortexM3\ARM_GCC_493\Debug\main.o (isr_rx_jy_Start)
.\CortexM3\ARM_GCC_493\Debug\car.a(UART_JY_IntClock.o)
                              .\CortexM3\ARM_GCC_493\Debug\car.a(UART_JY.o) (UART_JY_IntClock_Start)
.\CortexM3\ARM_GCC_493\Debug\car.a(PWM_LED_1.o)
                              .\CortexM3\ARM_GCC_493\Debug\Transfer.o (PWM_LED_1_WritePeriod)
.\CortexM3\ARM_GCC_493\Debug\car.a(PWM_LED_2.o)
                              .\CortexM3\ARM_GCC_493\Debug\Transfer.o (PWM_LED_2_WritePeriod)
.\CortexM3\ARM_GCC_493\Debug\car.a(PWM_LED_3.o)
                              .\CortexM3\ARM_GCC_493\Debug\Transfer.o (PWM_LED_3_WritePeriod)
.\CortexM3\ARM_GCC_493\Debug\car.a(ADC.o)
                              .\CortexM3\ARM_GCC_493\Debug\battery.o (ADC_Start)
.\CortexM3\ARM_GCC_493\Debug\car.a(ADC_INT.o)
                              .\CortexM3\ARM_GCC_493\Debug\car.a(ADC.o) (ADC_ISR)
.\CortexM3\ARM_GCC_493\Debug\car.a(ADC_SAR.o)
                              .\CortexM3\ARM_GCC_493\Debug\car.a(ADC.o) (ADC_SAR_shift)
.\CortexM3\ARM_GCC_493\Debug\car.a(ADC_TempBuf_dma.o)
                              .\CortexM3\ARM_GCC_493\Debug\car.a(ADC.o) (ADC_TempBuf_DmaInitialize)
.\CortexM3\ARM_GCC_493\Debug\car.a(ADC_FinalBuf_dma.o)
                              .\CortexM3\ARM_GCC_493\Debug\car.a(ADC.o) (ADC_FinalBuf_DmaInitialize)
.\CortexM3\ARM_GCC_493\Debug\car.a(ADC_IRQ.o)
                              .\CortexM3\ARM_GCC_493\Debug\car.a(ADC.o) (ADC_IRQ_SetVector)
.\CortexM3\ARM_GCC_493\Debug\car.a(CONTRAL_LIDAR.o)
                              .\CortexM3\ARM_GCC_493\Debug\main.o (CONTRAL_LIDAR_Write)
.\CortexM3\ARM_GCC_493\Debug\car.a(debug_time.o)
                              .\CortexM3\ARM_GCC_493\Debug\Lidar.o (debug_time_Write)
.\CortexM3\ARM_GCC_493\Debug\car.a(PTZ_UP_EN.o)
                              .\CortexM3\ARM_GCC_493\Debug\car.o (PTZ_UP_EN_Write)
.\CortexM3\ARM_GCC_493\Debug\car.a(PTZ_UP_STEP.o)
                              .\CortexM3\ARM_GCC_493\Debug\car.o (PTZ_UP_STEP_Write)
.\CortexM3\ARM_GCC_493\Debug\car.a(PTZ_UP_DIR.o)
                              .\CortexM3\ARM_GCC_493\Debug\car.o (PTZ_UP_DIR_Write)
.\CortexM3\ARM_GCC_493\Debug\car.a(PTZ_DOWN_EN.o)
                              .\CortexM3\ARM_GCC_493\Debug\car.o (PTZ_DOWN_EN_Write)
.\CortexM3\ARM_GCC_493\Debug\car.a(PTZ_DOWN_STEP.o)
                              .\CortexM3\ARM_GCC_493\Debug\car.o (PTZ_DOWN_STEP_Write)
.\CortexM3\ARM_GCC_493\Debug\car.a(PTZ_DOWN_DIR.o)
                              .\CortexM3\ARM_GCC_493\Debug\car.o (PTZ_DOWN_DIR_Write)
.\CortexM3\ARM_GCC_493\Debug\car.a(CHANGE_PWR.o)
[...]
Memory Configuration

Name             Origin             Length             Attributes
rom              0x00000000         0x00020000         xr
ram              0x1fffc000         0x00008000         xrw
*default*        0x00000000         0xffffffff

Linker script and memory map

LOAD c:/program files (x86)/cypress/psoc creator/3.3/psoc creator/import/gnu/arm/4.9.3/bin/../lib/gcc/arm-none-eabi/4.9.3/armv7-m/crti.o
LOAD c:/program files (x86)/cypress/psoc creator/3.3/psoc creator/import/gnu/arm/4.9.3/bin/../lib/gcc/arm-none-eabi/4.9.3/armv7-m/crtbegin.o
LOAD c:/program files (x86)/cypress/psoc creator/3.3/psoc creator/import/gnu/arm/4.9.3/bin/../lib/gcc/arm-none-eabi/4.9.3/../../../../arm-none-eabi/lib/armv7-m/crt0.o
START GROUP
LOAD .\CortexM3\ARM_GCC_493\Debug\main.o
LOAD .\CortexM3\ARM_GCC_493\Debug\Transfer.o
LOAD .\CortexM3\ARM_GCC_493\Debug\car.o
LOAD .\CortexM3\ARM_GCC_493\Debug\battery.o
LOAD .\CortexM3\ARM_GCC_493\Debug\Lidar.o
LOAD .\CortexM3\ARM_GCC_493\Debug\systemInfo.o
LOAD .\CortexM3\ARM_GCC_493\Debug\multi_timer.o
LOAD .\CortexM3\ARM_GCC_493\Debug\led.o
LOAD .\CortexM3\ARM_GCC_493\Debug\wave_distance.o
LOAD .\CortexM3\ARM_GCC_493\Debug\M_thickness.o
LOAD .\CortexM3\ARM_GCC_493\Debug\cymetadata.o
LOAD .\CortexM3\ARM_GCC_493\Debug\Cm3Start.o
LOAD .\CortexM3\ARM_GCC_493\Debug\car.a
LOAD C:\Program Files (x86)\Cypress\PSoC Creator\3.3\PSoC Creator\psoc\content\cycomponentlibrary\CyComponentLibrary.cylib\CortexM3\ARM_GCC_493\Debug\CyComponentLibrary.a
END GROUP
START GROUP
LOAD c:/program files (x86)/cypress/psoc creator/3.3/psoc creator/import/gnu/arm/4.9.3/bin/../lib/gcc/arm-none-eabi/4.9.3/armv7-m\libgcc.a
LOAD c:/program files (x86)/cypress/psoc creator/3.3/psoc creator/import/gnu/arm/4.9.3/bin/../lib/gcc/arm-none-eabi/4.9.3/../../../../arm-none-eabi/lib/armv7-m\libg_nano.a
LOAD c:/program files (x86)/cypress/psoc creator/3.3/psoc creator/import/gnu/arm/4.9.3/bin/../lib/gcc/arm-none-eabi/4.9.3/../../../../arm-none-eabi/lib/armv7-m\libc_nano.a
END GROUP
START GROUP
LOAD c:/program files (x86)/cypress/psoc creator/3.3/psoc creator/import/gnu/arm/4.9.3/bin/../lib/gcc/arm-none-eabi/4.9.3/armv7-m\libgcc.a
LOAD c:/program files (x86)/cypress/psoc creator/3.3/psoc creator/import/gnu/arm/4.9.3/bin/../lib/gcc/arm-none-eabi/4.9.3/../../../../arm-none-eabi/lib/armv7-m\libc_nano.a
END GROUP
LOAD c:/program files (x86)/cypress/psoc creator/3.3/psoc creator/import/gnu/arm/4.9.3/bin/../lib/gcc/arm-none-eabi/4.9.3/armv7-m/crtend.o
LOAD c:/program files (x86)/cypress/psoc creator/3.3/psoc creator/import/gnu/arm/4.9.3/bin/../lib/gcc/arm-none-eabi/4.9.3/armv7-m/crtn.o
START GROUP
LOAD c:/program files (x86)/cypress/psoc creator/3.3/psoc creator/import/gnu/arm/4.9.3/bin/../lib/gcc/arm-none-eabi/4.9.3/armv7-m\libgcc.a
LOAD c:/program files (x86)/cypress/psoc creator/3.3/psoc creator/import/gnu/arm/4.9.3/bin/../lib/gcc/arm-none-eabi/4.9.3/../../../../arm-none-eabi/lib/armv7-m\libc.a
LOAD c:/program files (x86)/cypress/psoc creator/3.3/psoc creator/import/gnu/arm/4.9.3/bin/../lib/gcc/arm-none-eabi/4.9.3/../../../../arm-none-eabi/lib/armv7-m\libnosys.a
END GROUP
                0x00000000                CY_APPL_ORIGIN = 0x0
                0x00000100                CY_FLASH_ROW_SIZE = 0x100
                0x00000020                CY_ECC_ROW_SIZE = 0x20
                0x00000000                CY_EE_IN_BTLDR = 0x0
                0x00000000                CY_APPL_LOADABLE = 0x0
                0x00000800                CY_EE_SIZE = 0x800
                0x00000001                CY_APPL_NUM = 0x1
                0x00000001                CY_APPL_MAX = 0x1
                0x00000040                CY_METADATA_SIZE = 0x40
                0x00000000                CY_APPL_LOADABLE = 0x0
                0x00000000                CY_CHECKSUM_EXCLUDE_SIZE = ALIGN (0x0, CY_FLASH_ROW_SIZE)
                0x1fffeb20                PROVIDE (__cy_heap_start, _end)
                0x00000001                PROVIDE (__cy_region_num, ((__cy_regions_end - __cy_regions) / 0x10))
                0x20004000                PROVIDE (__cy_stack, (ORIGIN (ram) + 0x8000))
                0x20003800                PROVIDE (__cy_heap_end, (__cy_stack - 0x800))

.cybootloader   0x00000000        0x0
 *(.cybootloader)
                0x00000000                appl1_start = CY_APPL_ORIGIN?CY_APPL_ORIGIN:ALIGN (CY_FLASH_ROW_SIZE)
                0x0000ff00                appl2_start = (appl1_start + ALIGN ((((0x20000 - appl1_start) - (0x2 * CY_FLASH_ROW_SIZE)) / 0x2), CY_FLASH_ROW_SIZE))
                0x00000000                appl_start = (CY_APPL_NUM == 0x1)?appl1_start:appl2_start
                0x00000000                ecc_offset = ((appl_start / CY_FLASH_ROW_SIZE) * CY_ECC_ROW_SIZE)
                0x00000000                ee_offset = (CY_APPL_LOADABLE && ! (CY_EE_IN_BTLDR))?((CY_EE_SIZE / CY_APPL_MAX) * (CY_APPL_NUM - 0x1)):0x0
                0x00000800                ee_size = (CY_APPL_LOADABLE && ! (CY_EE_IN_BTLDR))?(CY_EE_SIZE / CY_APPL_MAX):CY_EE_SIZE
                0x00000000                PROVIDE (CY_ECC_OFFSET, ecc_offset)

.text           0x00000000     0x3d06
 CREATE_OBJECT_SYMBOLS
                0x00000000                PROVIDE (__cy_interrupt_vector, RomVectors)
 *(.romvectors)
 .romvectors    0x00000000       0x10 .\CortexM3\ARM_GCC_493\Debug\Cm3Start.o
                0x00000000                RomVectors
                0x00000001                ASSERT ((. != __cy_interrupt_vector), No interrupt vector)
                0x00000001                ASSERT (CY_APPL_ORIGIN?(SIZEOF (.cybootloader) <= CY_APPL_ORIGIN):0x1, Wrong image location)
                0x00000010                PROVIDE (__cy_reset, Reset)
 *(.text.Reset)
 .text.Reset    0x00000010       0x18 .\CortexM3\ARM_GCC_493\Debug\Cm3Start.o
                0x00000010                Reset
                0x00000001                ASSERT ((. != __cy_reset), No reset code)
 *(.dma_init)
                0x00000001                ASSERT ((((appl_start + .) <= 0x10000) || 0x1), DMA Init must be within the first 64k of flash)
 *(.text .text.* .gnu.linkonce.t.*)
 .text          0x00000028       0x5c c:/program files (x86)/cypress/psoc creator/3.3/psoc creator/import/gnu/arm/4.9.3/bin/../lib/gcc/arm-none-eabi/4.9.3/armv7-m/crtbegin.o
 .text.ECDR_loop
                0x00000084       0x10 .\CortexM3\ARM_GCC_493\Debug\main.o
                0x00000084                ECDR_loop
 .text.WAVE_loop
                0x00000094        0x8 .\CortexM3\ARM_GCC_493\Debug\main.o
                0x00000094                WAVE_loop
 .text.main     0x0000009c      0x198 .\CortexM3\ARM_GCC_493\Debug\main.o
                0x0000009c                main
 .text.DT_Send_Data
                0x00000234        0x8 .\CortexM3\ARM_GCC_493\Debug\Transfer.o
                0x00000234                DT_Send_Data
 .text.DT_Send_Check
                0x0000023c       0x3c .\CortexM3\ARM_GCC_493\Debug\Transfer.o
 .text.DT_Data_Receive_Anl
                0x00000278      0x1b0 .\CortexM3\ARM_GCC_493\Debug\Transfer.o
                0x00000278                DT_Data_Receive_Anl
 .text.DT_Data_Receive_Prepare
                0x00000428       0xac .\CortexM3\ARM_GCC_493\Debug\Transfer.o
                0x00000428                DT_Data_Receive_Prepare
 .text.DT_Send_SystemInfo
                0x000004d4       0x70 .\CortexM3\ARM_GCC_493\Debug\Transfer.o
                0x000004d4                DT_Send_SystemInfo
 .text.DT_Send_Status
                0x00000544       0x5c .\CortexM3\ARM_GCC_493\Debug\Transfer.o
                0x00000544                DT_Send_Status
 .text.DT_Send_Senser
                0x000005a0       0xb8 .\CortexM3\ARM_GCC_493\Debug\Transfer.o
                0x000005a0                DT_Send_Senser
 .text.DT_Send_Distance
                0x00000658       0x50 .\CortexM3\ARM_GCC_493\Debug\Transfer.o
                0x00000658                DT_Send_Distance
 .text.DT_Send_Power
                0x000006a8       0x4c .\CortexM3\ARM_GCC_493\Debug\Transfer.o
                0x000006a8                DT_Send_Power
 .text.DT_Data_Exchange
                0x000006f4      0x204 .\CortexM3\ARM_GCC_493\Debug\Transfer.o
                0x000006f4                DT_Data_Exchange
 .text.ptz_control
                0x000008f8       0x80 .\CortexM3\ARM_GCC_493\Debug\car.o
 .text.Set_Left_Front_Speed_Turn
                0x00000978       0x38 .\CortexM3\ARM_GCC_493\Debug\car.o
 .text.Set_Left_Behind_Speed_Turn
                0x000009b0       0x38 .\CortexM3\ARM_GCC_493\Debug\car.o
 .text.Set_Right_Behind_Speed_Turn
                0x000009e8       0x38 .\CortexM3\ARM_GCC_493\Debug\car.o
 .text.Command_Car_UP
                0x00000a20       0x24 .\CortexM3\ARM_GCC_493\Debug\car.o
 .text.Command_Car_Down
                0x00000a44       0x24 .\CortexM3\ARM_GCC_493\Debug\car.o
 .text.Car_init
                0x00000a68       0x48 .\CortexM3\ARM_GCC_493\Debug\car.o
                0x00000a68                Car_init
 .text.Car_Hearting_Loop
                0x00000ab0       0x24 .\CortexM3\ARM_GCC_493\Debug\car.o
                0x00000ab0                Car_Hearting_Loop
 .text.Car_PTZ_DIR
                0x00000ad4       0x60 .\CortexM3\ARM_GCC_493\Debug\car.o
                0x00000ad4                Car_PTZ_DIR
 .text.Command_Car_Left
                0x00000b34       0x28 .\CortexM3\ARM_GCC_493\Debug\car.o
                0x00000b34                Command_Car_Left
 .text.Command_Car_Right
                0x00000b5c       0x28 .\CortexM3\ARM_GCC_493\Debug\car.o
                0x00000b5c                Command_Car_Right
 .text.Command_Car_brake
                0x00000b84       0x24 .\CortexM3\ARM_GCC_493\Debug\car.o
                0x00000b84                Command_Car_brake
 .text.Car_Dir  0x00000ba8       0x4c .\CortexM3\ARM_GCC_493\Debug\car.o
                0x00000ba8                Car_Dir
 .text.Car_Control_Loop
                0x00000bf4       0x5c .\CortexM3\ARM_GCC_493\Debug\car.o
                0x00000bf4                Car_Control_Loop
 .text.Monitor_Battery_Init
                0x00000c50        0xc .\CortexM3\ARM_GCC_493\Debug\battery.o
                0x00000c50                Monitor_Battery_Init
 .text.Get_Battery_ADvalue
                0x00000c5c       0x4c .\CortexM3\ARM_GCC_493\Debug\battery.o
                0x00000c5c                Get_Battery_ADvalue
 .text.Cal_Battery_loop
                0x00000ca8       0x30 .\CortexM3\ARM_GCC_493\Debug\battery.o
                0x00000ca8                Cal_Battery_loop
 .text.Lidar_init
                0x00000cd8       0x20 .\CortexM3\ARM_GCC_493\Debug\Lidar.o
                0x00000cd8                Lidar_init
 .text.SystemInfo_Init
                0x00000cf8       0x38 .\CortexM3\ARM_GCC_493\Debug\systemInfo.o
                0x00000cf8                SystemInfo_Init
 .text.Cal_time
                0x00000d30       0x28 .\CortexM3\ARM_GCC_493\Debug\systemInfo.o
                0x00000d30                Cal_time
 .text.timer_init
                0x00000d58       0x14 .\CortexM3\ARM_GCC_493\Debug\multi_timer.o
                0x00000d58                timer_init
 .text.timer_start
                0x00000d6c       0x28 .\CortexM3\ARM_GCC_493\Debug\multi_timer.o
                0x00000d6c                timer_start
 .text.timer_stop
                0x00000d94       0x20 .\CortexM3\ARM_GCC_493\Debug\multi_timer.o
                0x00000d94                timer_stop
 .text.timer_loop
                0x00000db4       0x34 .\CortexM3\ARM_GCC_493\Debug\multi_timer.o
                0x00000db4                timer_loop
 .text.timer_ticks
                0x00000de8       0x10 .\CortexM3\ARM_GCC_493\Debug\multi_timer.o
                0x00000de8                timer_ticks
 .text.LED_SET_NUM
                0x00000df8        0xc .\CortexM3\ARM_GCC_493\Debug\led.o
                0x00000df8                LED_SET_NUM
 .text.LED_loop
                0x00000e04       0x90 .\CortexM3\ARM_GCC_493\Debug\led.o
                0x00000e04                LED_loop
 .text.K103_write
                0x00000e94       0x24 .\CortexM3\ARM_GCC_493\Debug\wave_distance.o
                0x00000e94                K103_write
 .text.K103_read
                0x00000eb8       0x44 .\CortexM3\ARM_GCC_493\Debug\wave_distance.o
                0x00000eb8                K103_read
 .text.K103_read_distance
                0x00000efc       0x78 .\CortexM3\ARM_GCC_493\Debug\wave_distance.o
                0x00000efc                K103_read_distance
 .text.Control_M_loop
                0x00000f74      0x110 .\CortexM3\ARM_GCC_493\Debug\M_thickness.o
                0x00000f74                Control_M_loop
 .text.IntDefaultHandler
                0x00001084        0x4 .\CortexM3\ARM_GCC_493\Debug\Cm3Start.o
                0x00001084                IntDefaultHandler
 .text.Start_c  0x00001088       0x4c .\CortexM3\ARM_GCC_493\Debug\Cm3Start.o
                0x00001088                Start_c
 .text.initialize_psoc
                0x000010d4       0x78 .\CortexM3\ARM_GCC_493\Debug\Cm3Start.o
                0x000010d4                initialize_psoc
 .text.cfg_write_bytes32
                0x0000114c       0x34 .\CortexM3\ARM_GCC_493\Debug\car.a(cyfitter_cfg.o)
 .text.AnalogSetDefault
                0x00001180       0x88 .\CortexM3\ARM_GCC_493\Debug\car.a(cyfitter_cfg.o)
 .text.CYMEMZERO
                0x00001208        0xc .\CortexM3\ARM_GCC_493\Debug\car.a(cyfitter_cfg.o)
 .text.ClockSetup
                0x00001214       0xf0 .\CortexM3\ARM_GCC_493\Debug\car.a(cyfitter_cfg.o)
 .text.CYCONFIGCPY
                0x00001304        0x8 .\CortexM3\ARM_GCC_493\Debug\car.a(cyfitter_cfg.o)
 .text.cyfitter_cfg
                0x0000130c      0x1ac .\CortexM3\ARM_GCC_493\Debug\car.a(cyfitter_cfg.o)
                0x0000130c                cyfitter_cfg
 .text          0x000014b8       0x20 .\CortexM3\ARM_GCC_493\Debug\car.a(CyBootAsmGnu.o)
                0x000014b8                CyDelayCycles
                0x000014c8                CyEnterCriticalSection
                0x000014d0                CyExitCriticalSection
 .text.CyDmacConfigure
                0x000014d8       0x34 .\CortexM3\ARM_GCC_493\Debug\car.a(CyDmac.o)
                0x000014d8                CyDmacConfigure
 .text.CyDmaChEnable
                0x0000150c       0x38 .\CortexM3\ARM_GCC_493\Debug\car.a(CyDmac.o)
                0x0000150c                CyDmaChEnable
 .text.CyDmaClearPendingDrq
                0x00001544       0x28 .\CortexM3\ARM_GCC_493\Debug\car.a(CyDmac.o)
                0x00001544                CyDmaClearPendingDrq
 .text.CyDmaChPriority
                0x0000156c       0x24 .\CortexM3\ARM_GCC_493\Debug\car.a(CyDmac.o)
                0x0000156c                CyDmaChPriority
 .text.CyDmaChSetExtendedAddress
                0x00001590       0x34 .\CortexM3\ARM_GCC_493\Debug\car.a(CyDmac.o)
                0x00001590                CyDmaChSetExtendedAddress
 .text.CyDmaChSetInitialTd
                0x000015c4       0x18 .\CortexM3\ARM_GCC_493\Debug\car.a(CyDmac.o)
                0x000015c4                CyDmaChSetInitialTd
 .text.CyDmaChSetConfiguration
                0x000015dc       0x48 .\CortexM3\ARM_GCC_493\Debug\car.a(CyDmac.o)
                0x000015dc                CyDmaChSetConfiguration
 .text.CyDmaTdAllocate
                0x00001624       0x34 .\CortexM3\ARM_GCC_493\Debug\car.a(CyDmac.o)
                0x00001624                CyDmaTdAllocate
 .text.CyDmaTdSetConfiguration
                0x00001658       0x28 .\CortexM3\ARM_GCC_493\Debug\car.a(CyDmac.o)
                0x00001658                CyDmaTdSetConfiguration
 .text.CyDmaTdSetAddress
                0x00001680       0x1c .\CortexM3\ARM_GCC_493\Debug\car.a(CyDmac.o)
                0x00001680                CyDmaTdSetAddress
 .text.CyHalt   0x0000169c        0x4 .\CortexM3\ARM_GCC_493\Debug\car.a(CyLib.o)
                0x0000169c                CyHalt
 .text.CyDelay  0x000016a0       0x2c .\CortexM3\ARM_GCC_493\Debug\car.a(CyLib.o)
                0x000016a0                CyDelay
 .text.CyDelayUs
                0x000016cc       0x14 .\CortexM3\ARM_GCC_493\Debug\car.a(CyLib.o)
                0x000016cc                CyDelayUs
 .text.CyIntSetVector
                0x000016e0       0x28 .\CortexM3\ARM_GCC_493\Debug\car.a(CyLib.o)
                0x000016e0                CyIntSetVector
 .text.CyIntSetPriority
                0x00001708       0x30 .\CortexM3\ARM_GCC_493\Debug\car.a(CyLib.o)
                0x00001708                CyIntSetPriority
 .text.UART_net_Init
                0x00001738       0x24 .\CortexM3\ARM_GCC_493\Debug\car.a(UART_net.o)
                0x00001738                UART_net_Init
 .text.UART_net_Enable
                0x0000175c       0x38 .\CortexM3\ARM_GCC_493\Debug\car.a(UART_net.o)
                0x0000175c                UART_net_Enable
 .text.UART_net_Start
                0x00001794       0x1c .\CortexM3\ARM_GCC_493\Debug\car.a(UART_net.o)
                0x00001794                UART_net_Start
 .text.UART_net_GetChar
                0x000017b0       0x2c .\CortexM3\ARM_GCC_493\Debug\car.a(UART_net.o)
                0x000017b0                UART_net_GetChar
 .text.UART_net_PutChar
                0x000017dc       0x18 .\CortexM3\ARM_GCC_493\Debug\car.a(UART_net.o)
                0x000017dc                UART_net_PutChar
 .text.UART_net_PutArray
                0x000017f4       0x28 .\CortexM3\ARM_GCC_493\Debug\car.a(UART_net.o)
                0x000017f4                UART_net_PutArray
 .text.UART_net_IntClock_Start
                0x0000181c       0x1c .\CortexM3\ARM_GCC_493\Debug\car.a(UART_net_IntClock.o)
                0x0000181c                UART_net_IntClock_Start
 .text.isr_tx_net_Interrupt
                0x00001838        0x4 .\CortexM3\ARM_GCC_493\Debug\car.a(isr_tx_net.o)
                0x00001838                isr_tx_net_Interrupt
 .text.isr_tx_net_SetVector
                0x0000183c        0xc .\CortexM3\ARM_GCC_493\Debug\car.a(isr_tx_net.o)
                0x0000183c                isr_tx_net_SetVector
 .text.isr_tx_net_SetPriority
                0x00001848       0x10 .\CortexM3\ARM_GCC_493\Debug\car.a(isr_tx_net.o)
                0x00001848                isr_tx_net_SetPriority
 .text.isr_tx_net_Enable
                0x00001858        0xc .\CortexM3\ARM_GCC_493\Debug\car.a(isr_tx_net.o)
                0x00001858                isr_tx_net_Enable
 .text.isr_tx_net_Disable
                0x00001864        0xc .\CortexM3\ARM_GCC_493\Debug\car.a(isr_tx_net.o)
                0x00001864                isr_tx_net_Disable
 .text.isr_tx_net_Start
                0x00001870       0x1c .\CortexM3\ARM_GCC_493\Debug\car.a(isr_tx_net.o)
                0x00001870                isr_tx_net_Start
 .text.isr_rx_net_Interrupt
                0x0000188c        0xc .\CortexM3\ARM_GCC_493\Debug\car.a(isr_rx_net.o)
                0x0000188c                isr_rx_net_Interrupt
 .text.isr_rx_net_SetVector
                0x00001898        0xc .\CortexM3\ARM_GCC_493\Debug\car.a(isr_rx_net.o)
                0x00001898                isr_rx_net_SetVector
 .text.isr_rx_net_SetPriority
                0x000018a4       0x10 .\CortexM3\ARM_GCC_493\Debug\car.a(isr_rx_net.o)
                0x000018a4                isr_rx_net_SetPriority
 .text.isr_rx_net_Enable
                0x000018b4        0xc .\CortexM3\ARM_GCC_493\Debug\car.a(isr_rx_net.o)
                0x000018b4                isr_rx_net_Enable
 .text.isr_rx_net_Disable
                0x000018c0        0xc .\CortexM3\ARM_GCC_493\Debug\car.a(isr_rx_net.o)
                0x000018c0                isr_rx_net_Disable
 .text.isr_rx_net_Start
                0x000018cc       0x1c .\CortexM3\ARM_GCC_493\Debug\car.a(isr_rx_net.o)
                0x000018cc                isr_rx_net_Start
 .text.L_IN_1_Write
                0x000018e8       0x18 .\CortexM3\ARM_GCC_493\Debug\car.a(L_IN_1.o)
                0x000018e8                L_IN_1_Write
 .text.L_IN_2_Write
                0x00001900       0x18 .\CortexM3\ARM_GCC_493\Debug\car.a(L_IN_2.o)
                0x00001900                L_IN_2_Write
 .text.R_IN_1_Write
                0x00001918       0x18 .\CortexM3\ARM_GCC_493\Debug\car.a(R_IN_1.o)
                0x00001918                R_IN_1_Write
 .text.R_IN_2_Write
                0x00001930       0x18 .\CortexM3\ARM_GCC_493\Debug\car.a(R_IN_2.o)
                0x00001930                R_IN_2_Write
 .text.PWM_MOTOR_Enable
                0x00001948       0x10 .\CortexM3\ARM_GCC_493\Debug\car.a(PWM_MOTOR.o)
                0x00001948                PWM_MOTOR_Enable
 .text.PWM_MOTOR_WriteCounter
                0x00001958        0xc .\CortexM3\ARM_GCC_493\Debug\car.a(PWM_MOTOR.o)
                0x00001958                PWM_MOTOR_WriteCounter
 .text.PWM_MOTOR_WritePeriod
                0x00001964        0xc .\CortexM3\ARM_GCC_493\Debug\car.a(PWM_MOTOR.o)
                0x00001964                PWM_MOTOR_WritePeriod
 .text.PWM_MOTOR_WriteCompare1
                0x00001970        0xc .\CortexM3\ARM_GCC_493\Debug\car.a(PWM_MOTOR.o)
                0x00001970                PWM_MOTOR_WriteCompare1
 .text.PWM_MOTOR_WriteCompare2
                0x0000197c        0xc .\CortexM3\ARM_GCC_493\Debug\car.a(PWM_MOTOR.o)
                0x0000197c                PWM_MOTOR_WriteCompare2
 .text.PWM_MOTOR_Init
                0x00001988       0x48 .\CortexM3\ARM_GCC_493\Debug\car.a(PWM_MOTOR.o)
                0x00001988                PWM_MOTOR_Init
 .text.PWM_MOTOR_Start
                0x000019d0       0x1c .\CortexM3\ARM_GCC_493\Debug\car.a(PWM_MOTOR.o)
                0x000019d0                PWM_MOTOR_Start
 .text.Timer_1_Enable
                0x000019ec       0x10 .\CortexM3\ARM_GCC_493\Debug\car.a(Timer_1.o)
                0x000019ec                Timer_1_Enable
 .text.Timer_1_SetInterruptMode
                0x000019fc        0xc .\CortexM3\ARM_GCC_493\Debug\car.a(Timer_1.o)
                0x000019fc                Timer_1_SetInterruptMode
 .text.Timer_1_ReadStatusRegister
                0x00001a08        0xc .\CortexM3\ARM_GCC_493\Debug\car.a(Timer_1.o)
                0x00001a08                Timer_1_ReadStatusRegister
 .text.Timer_1_WritePeriod
                0x00001a14        0xc .\CortexM3\ARM_GCC_493\Debug\car.a(Timer_1.o)
                0x00001a14                Timer_1_WritePeriod
 .text.Timer_1_ReadCapture
                0x00001a20        0xc .\CortexM3\ARM_GCC_493\Debug\car.a(Timer_1.o)
                0x00001a20                Timer_1_ReadCapture
 .text.Timer_1_WriteCounter
                0x00001a2c        0xc .\CortexM3\ARM_GCC_493\Debug\car.a(Timer_1.o)
                0x00001a2c                Timer_1_WriteCounter
 .text.Timer_1_ClearFIFO
                0x00001a38       0x14 .\CortexM3\ARM_GCC_493\Debug\car.a(Timer_1.o)
                0x00001a38                Timer_1_ClearFIFO
 .text.Timer_1_Init
                0x00001a4c       0x34 .\CortexM3\ARM_GCC_493\Debug\car.a(Timer_1.o)
                0x00001a4c                Timer_1_Init
 .text.Timer_1_Start
                0x00001a80       0x1c .\CortexM3\ARM_GCC_493\Debug\car.a(Timer_1.o)
                0x00001a80                Timer_1_Start
 .text.isr_timer_Interrupt
                0x00001a9c       0x94 .\CortexM3\ARM_GCC_493\Debug\car.a(isr_timer.o)
                0x00001a9c                isr_timer_Interrupt
 .text.isr_timer_SetVector
                0x00001b30        0xc .\CortexM3\ARM_GCC_493\Debug\car.a(isr_timer.o)
                0x00001b30                isr_timer_SetVector
 .text.isr_timer_SetPriority
                0x00001b3c       0x10 .\CortexM3\ARM_GCC_493\Debug\car.a(isr_timer.o)
                0x00001b3c                isr_timer_SetPriority
 .text.isr_timer_Enable
                0x00001b4c        0xc .\CortexM3\ARM_GCC_493\Debug\car.a(isr_timer.o)
                0x00001b4c                isr_timer_Enable
 .text.isr_timer_Disable
                0x00001b58        0xc .\CortexM3\ARM_GCC_493\Debug\car.a(isr_timer.o)
                0x00001b58                isr_timer_Disable
 .text.isr_timer_Start
                0x00001b64       0x1c .\CortexM3\ARM_GCC_493\Debug\car.a(isr_timer.o)
                0x00001b64                isr_timer_Start
 .text.UART_JY_Init
                0x00001b80       0x14 .\CortexM3\ARM_GCC_493\Debug\car.a(UART_JY.o)
                0x00001b80                UART_JY_Init
 .text.UART_JY_Enable
                0x00001b94       0x2c .\CortexM3\ARM_GCC_493\Debug\car.a(UART_JY.o)
                0x00001b94                UART_JY_Enable
 .text.UART_JY_Start
                0x00001bc0       0x1c .\CortexM3\ARM_GCC_493\Debug\car.a(UART_JY.o)
                0x00001bc0                UART_JY_Start
 .text.UART_JY_GetChar
                0x00001bdc       0x2c .\CortexM3\ARM_GCC_493\Debug\car.a(UART_JY.o)
                0x00001bdc                UART_JY_GetChar
 .text.isr_rx_jy_Interrupt
                0x00001c08       0xd4 .\CortexM3\ARM_GCC_493\Debug\car.a(isr_rx_jy.o)
                0x00001c08                isr_rx_jy_Interrupt
 .text.isr_rx_jy_SetVector
                0x00001cdc        0xc .\CortexM3\ARM_GCC_493\Debug\car.a(isr_rx_jy.o)
                0x00001cdc                isr_rx_jy_SetVector
 .text.isr_rx_jy_SetPriority
                0x00001ce8       0x10 .\CortexM3\ARM_GCC_493\Debug\car.a(isr_rx_jy.o)
                0x00001ce8                isr_rx_jy_SetPriority
 .text.isr_rx_jy_Enable
                0x00001cf8        0xc .\CortexM3\ARM_GCC_493\Debug\car.a(isr_rx_jy.o)
                0x00001cf8                isr_rx_jy_Enable
 .text.isr_rx_jy_Disable
                0x00001d04        0xc .\CortexM3\ARM_GCC_493\Debug\car.a(isr_rx_jy.o)
                0x00001d04                isr_rx_jy_Disable
 .text.isr_rx_jy_Start
                0x00001d10       0x1c .\CortexM3\ARM_GCC_493\Debug\car.a(isr_rx_jy.o)
                0x00001d10                isr_rx_jy_Start
 .text.UART_JY_IntClock_Start
                0x00001d2c       0x1c .\CortexM3\ARM_GCC_493\Debug\car.a(UART_JY_IntClock.o)
                0x00001d2c                UART_JY_IntClock_Start
 .text.PWM_LED_1_Enable
                0x00001d48       0x28 .\CortexM3\ARM_GCC_493\Debug\car.a(PWM_LED_1.o)
                0x00001d48                PWM_LED_1_Enable
 .text.PWM_LED_1_WritePeriod
                0x00001d70        0xc .\CortexM3\ARM_GCC_493\Debug\car.a(PWM_LED_1.o)
                0x00001d70                PWM_LED_1_WritePeriod
 .text.PWM_LED_1_WriteCompare
                0x00001d7c        0xc .\CortexM3\ARM_GCC_493\Debug\car.a(PWM_LED_1.o)
                0x00001d7c                PWM_LED_1_WriteCompare
 .text.PWM_LED_1_SetInterruptMode
                0x00001d88        0xc .\CortexM3\ARM_GCC_493\Debug\car.a(PWM_LED_1.o)
                0x00001d88                PWM_LED_1_SetInterruptMode
 .text.PWM_LED_1_Init
                0x00001d94       0x78 .\CortexM3\ARM_GCC_493\Debug\car.a(PWM_LED_1.o)
                0x00001d94                PWM_LED_1_Init
 .text.PWM_LED_1_Start
                0x00001e0c       0x1c .\CortexM3\ARM_GCC_493\Debug\car.a(PWM_LED_1.o)
                0x00001e0c                PWM_LED_1_Start
 .text.PWM_LED_1_ReadPeriod
                0x00001e28        0xc .\CortexM3\ARM_GCC_493\Debug\car.a(PWM_LED_1.o)
                0x00001e28                PWM_LED_1_ReadPeriod
 .text.PWM_LED_2_Enable
                0x00001e34       0x28 .\CortexM3\ARM_GCC_493\Debug\car.a(PWM_LED_2.o)
                0x00001e34                PWM_LED_2_Enable
 .text.PWM_LED_2_WritePeriod
                0x00001e5c        0xc .\CortexM3\ARM_GCC_493\Debug\car.a(PWM_LED_2.o)
                0x00001e5c                PWM_LED_2_WritePeriod
 .text.PWM_LED_2_WriteCompare
                0x00001e68        0xc .\CortexM3\ARM_GCC_493\Debug\car.a(PWM_LED_2.o)
                0x00001e68                PWM_LED_2_WriteCompare
 .text.PWM_LED_2_SetInterruptMode
                0x00001e74        0xc .\CortexM3\ARM_GCC_493\Debug\car.a(PWM_LED_2.o)
                0x00001e74                PWM_LED_2_SetInterruptMode
 .text.PWM_LED_2_Init
                0x00001e80       0x78 .\CortexM3\ARM_GCC_493\Debug\car.a(PWM_LED_2.o)
                0x00001e80                PWM_LED_2_Init
 .text.PWM_LED_2_Start
                0x00001ef8       0x1c .\CortexM3\ARM_GCC_493\Debug\car.a(PWM_LED_2.o)
                0x00001ef8                PWM_LED_2_Start
 .text.PWM_LED_3_Enable
                0x00001f14       0x28 .\CortexM3\ARM_GCC_493\Debug\car.a(PWM_LED_3.o)
                0x00001f14                PWM_LED_3_Enable
 .text.PWM_LED_3_WritePeriod
                0x00001f3c        0xc .\CortexM3\ARM_GCC_493\Debug\car.a(PWM_LED_3.o)
                0x00001f3c                PWM_LED_3_WritePeriod
 .text.PWM_LED_3_WriteCompare
                0x00001f48        0xc .\CortexM3\ARM_GCC_493\Debug\car.a(PWM_LED_3.o)
                0x00001f48                PWM_LED_3_WriteCompare
 .text.PWM_LED_3_SetInterruptMode
                0x00001f54        0xc .\CortexM3\ARM_GCC_493\Debug\car.a(PWM_LED_3.o)
                0x00001f54                PWM_LED_3_SetInterruptMode
 .text.PWM_LED_3_Init
                0x00001f60       0x78 .\CortexM3\ARM_GCC_493\Debug\car.a(PWM_LED_3.o)
                0x00001f60                PWM_LED_3_Init
 .text.PWM_LED_3_Start
                0x00001fd8       0x1c .\CortexM3\ARM_GCC_493\Debug\car.a(PWM_LED_3.o)
                0x00001fd8                PWM_LED_3_Start
 .text.ADC_Init
                0x00001ff4       0x3c .\CortexM3\ARM_GCC_493\Debug\car.a(ADC.o)
                0x00001ff4                ADC_Init
 .text.ADC_Enable
                0x00002030       0xcc .\CortexM3\ARM_GCC_493\Debug\car.a(ADC.o)
                0x00002030                ADC_Enable
 .text.ADC_Start
                0x000020fc       0x28 .\CortexM3\ARM_GCC_493\Debug\car.a(ADC.o)
                0x000020fc                ADC_Start
 .text.ADC_StartConvert
                0x00002124        0x8 .\CortexM3\ARM_GCC_493\Debug\car.a(ADC.o)
                0x00002124                ADC_StartConvert
 .text.ADC_GetResult16
                0x0000212c       0x1c .\CortexM3\ARM_GCC_493\Debug\car.a(ADC.o)
                0x0000212c                ADC_GetResult16
 .text.ADC_ISR  0x00002148        0x4 .\CortexM3\ARM_GCC_493\Debug\car.a(ADC_INT.o)
                0x00002148                ADC_ISR
 .text.ADC_SAR_CalcGain
                0x0000214c       0x64 .\CortexM3\ARM_GCC_493\Debug\car.a(ADC_SAR.o)
 .text.ADC_SAR_Enable
                0x000021b0       0x78 .\CortexM3\ARM_GCC_493\Debug\car.a(ADC_SAR.o)
                0x000021b0                ADC_SAR_Enable
 .text.ADC_SAR_SetResolution
                0x00002228       0x38 .\CortexM3\ARM_GCC_493\Debug\car.a(ADC_SAR.o)
                0x00002228                ADC_SAR_SetResolution
 .text.ADC_SAR_Init
                0x00002260       0x24 .\CortexM3\ARM_GCC_493\Debug\car.a(ADC_SAR.o)
                0x00002260                ADC_SAR_Init
 .text.ADC_SAR_Start
                0x00002284       0x1c .\CortexM3\ARM_GCC_493\Debug\car.a(ADC_SAR.o)
                0x00002284                ADC_SAR_Start
 .text.ADC_SAR_StartConvert
                0x000022a0       0x10 .\CortexM3\ARM_GCC_493\Debug\car.a(ADC_SAR.o)
                0x000022a0                ADC_SAR_StartConvert
 .text.ADC_TempBuf_DmaInitialize
                0x000022b0       0x40 .\CortexM3\ARM_GCC_493\Debug\car.a(ADC_TempBuf_dma.o)
                0x000022b0                ADC_TempBuf_DmaInitialize
 .text.ADC_FinalBuf_DmaInitialize
                0x000022f0       0x3c .\CortexM3\ARM_GCC_493\Debug\car.a(ADC_FinalBuf_dma.o)
                0x000022f0                ADC_FinalBuf_DmaInitialize
 .text.ADC_IRQ_SetVector
                0x0000232c        0xc .\CortexM3\ARM_GCC_493\Debug\car.a(ADC_IRQ.o)
                0x0000232c                ADC_IRQ_SetVector
 .text.ADC_IRQ_SetPriority
                0x00002338       0x10 .\CortexM3\ARM_GCC_493\Debug\car.a(ADC_IRQ.o)
                0x00002338                ADC_IRQ_SetPriority
 .text.CONTRAL_LIDAR_Write
                0x00002348       0x18 .\CortexM3\ARM_GCC_493\Debug\car.a(CONTRAL_LIDAR.o)
                0x00002348                CONTRAL_LIDAR_Write
 .text.PTZ_UP_EN_Write
                0x00002360       0x18 .\CortexM3\ARM_GCC_493\Debug\car.a(PTZ_UP_EN.o)
                0x00002360                PTZ_UP_EN_Write
 .text.PTZ_UP_STEP_Write
                0x00002378       0x18 .\CortexM3\ARM_GCC_493\Debug\car.a(PTZ_UP_STEP.o)
                0x00002378                PTZ_UP_STEP_Write
 .text.PTZ_UP_DIR_Write
                0x00002390       0x18 .\CortexM3\ARM_GCC_493\Debug\car.a(PTZ_UP_DIR.o)
                0x00002390                PTZ_UP_DIR_Write
 .text.PTZ_DOWN_EN_Write
                0x000023a8       0x18 .\CortexM3\ARM_GCC_493\Debug\car.a(PTZ_DOWN_EN.o)
                0x000023a8                PTZ_DOWN_EN_Write
 .text.PTZ_DOWN_STEP_Write
                0x000023c0       0x18 .\CortexM3\ARM_GCC_493\Debug\car.a(PTZ_DOWN_STEP.o)
                0x000023c0                PTZ_DOWN_STEP_Write
 .text.PTZ_DOWN_DIR_Write
                0x000023d8       0x18 .\CortexM3\ARM_GCC_493\Debug\car.a(PTZ_DOWN_DIR.o)
                0x000023d8                PTZ_DOWN_DIR_Write
 .text.CHANGE_PWR_Write
                0x000023f0       0x18 .\CortexM3\ARM_GCC_493\Debug\car.a(CHANGE_PWR.o)
                0x000023f0                CHANGE_PWR_Write
 .text.EEPROM_Enable
                0x00002408        0xc .\CortexM3\ARM_GCC_493\Debug\car.a(EEPROM.o)
                0x00002408                EEPROM_Enable
 .text.EEPROM_Start
                0x00002414        0x8 .\CortexM3\ARM_GCC_493\Debug\car.a(EEPROM.o)
                0x00002414                EEPROM_Start
 .text.EEPROM_WriteByte
                0x0000241c       0xd4 .\CortexM3\ARM_GCC_493\Debug\car.a(EEPROM.o)
                0x0000241c                EEPROM_WriteByte
 .text.EEPROM_ReadByte
                0x000024f0       0x28 .\CortexM3\ARM_GCC_493\Debug\car.a(EEPROM.o)
                0x000024f0                EEPROM_ReadByte
 .text.PWM_LED_4_Enable
                0x00002518       0x28 .\CortexM3\ARM_GCC_493\Debug\car.a(PWM_LED_4.o)
                0x00002518                PWM_LED_4_Enable
 .text.PWM_LED_4_WritePeriod
                0x00002540        0xc .\CortexM3\ARM_GCC_493\Debug\car.a(PWM_LED_4.o)
                0x00002540                PWM_LED_4_WritePeriod
 .text.PWM_LED_4_WriteCompare
                0x0000254c        0xc .\CortexM3\ARM_GCC_493\Debug\car.a(PWM_LED_4.o)
                0x0000254c                PWM_LED_4_WriteCompare
 .text.PWM_LED_4_SetInterruptMode
                0x00002558        0xc .\CortexM3\ARM_GCC_493\Debug\car.a(PWM_LED_4.o)
                0x00002558                PWM_LED_4_SetInterruptMode
 .text.PWM_LED_4_Init
                0x00002564       0x78 .\CortexM3\ARM_GCC_493\Debug\car.a(PWM_LED_4.o)
                0x00002564                PWM_LED_4_Init
 .text.PWM_LED_4_Start
                0x000025dc       0x1c .\CortexM3\ARM_GCC_493\Debug\car.a(PWM_LED_4.o)
                0x000025dc                PWM_LED_4_Start
 .text.UART_CH_Init
                0x000025f8       0x28 .\CortexM3\ARM_GCC_493\Debug\car.a(UART_CH.o)
                0x000025f8                UART_CH_Init
 .text.UART_CH_Enable
                0x00002620       0x38 .\CortexM3\ARM_GCC_493\Debug\car.a(UART_CH.o)
                0x00002620                UART_CH_Enable
 .text.UART_CH_Start
                0x00002658       0x1c .\CortexM3\ARM_GCC_493\Debug\car.a(UART_CH.o)
                0x00002658                UART_CH_Start
 .text.UART_CH_GetChar
                0x00002674       0x2c .\CortexM3\ARM_GCC_493\Debug\car.a(UART_CH.o)
                0x00002674                UART_CH_GetChar
 .text.isr_rx_ch_Interrupt
                0x000026a0        0x8 .\CortexM3\ARM_GCC_493\Debug\car.a(isr_rx_ch.o)
                0x000026a0                isr_rx_ch_Interrupt
 .text.isr_rx_ch_SetVector
                0x000026a8        0xc .\CortexM3\ARM_GCC_493\Debug\car.a(isr_rx_ch.o)
                0x000026a8                isr_rx_ch_SetVector
 .text.isr_rx_ch_SetPriority
                0x000026b4       0x10 .\CortexM3\ARM_GCC_493\Debug\car.a(isr_rx_ch.o)
                0x000026b4                isr_rx_ch_SetPriority
 .text.isr_rx_ch_Enable
                0x000026c4        0xc .\CortexM3\ARM_GCC_493\Debug\car.a(isr_rx_ch.o)
                0x000026c4                isr_rx_ch_Enable
 .text.isr_rx_ch_Disable
                0x000026d0        0xc .\CortexM3\ARM_GCC_493\Debug\car.a(isr_rx_ch.o)
                0x000026d0                isr_rx_ch_Disable
 .text.isr_rx_ch_Start
                0x000026dc       0x1c .\CortexM3\ARM_GCC_493\Debug\car.a(isr_rx_ch.o)
                0x000026dc                isr_rx_ch_Start
 .text.UART_CH_IntClock_Start
                0x000026f8       0x1c .\CortexM3\ARM_GCC_493\Debug\car.a(UART_CH_IntClock.o)
                0x000026f8                UART_CH_IntClock_Start
 .text.WAVE_Init
                0x00002714       0x68 .\CortexM3\ARM_GCC_493\Debug\car.a(WAVE.o)
                0x00002714                WAVE_Init
 .text.WAVE_Enable
                0x0000277c       0x24 .\CortexM3\ARM_GCC_493\Debug\car.a(WAVE.o)
                0x0000277c                WAVE_Enable
 .text.WAVE_Start
                0x000027a0       0x28 .\CortexM3\ARM_GCC_493\Debug\car.a(WAVE.o)
                0x000027a0                WAVE_Start
 .text.WAVE_ISR
                0x000027c8      0x2cc .\CortexM3\ARM_GCC_493\Debug\car.a(WAVE_INT.o)
                0x000027c8                WAVE_ISR
 .text.WAVE_MasterSendStart
                0x00002a94       0x80 .\CortexM3\ARM_GCC_493\Debug\car.a(WAVE_MASTER.o)
                0x00002a94                WAVE_MasterSendStart
 .text.WAVE_MasterSendRestart
                0x00002b14       0x6c .\CortexM3\ARM_GCC_493\Debug\car.a(WAVE_MASTER.o)
                0x00002b14                WAVE_MasterSendRestart
 .text.WAVE_MasterSendStop
                0x00002b80       0x38 .\CortexM3\ARM_GCC_493\Debug\car.a(WAVE_MASTER.o)
                0x00002b80                WAVE_MasterSendStop
 .text.WAVE_MasterWriteByte
                0x00002bb8       0x58 .\CortexM3\ARM_GCC_493\Debug\car.a(WAVE_MASTER.o)
                0x00002bb8                WAVE_MasterWriteByte
 .text.WAVE_MasterReadByte
                0x00002c10       0x58 .\CortexM3\ARM_GCC_493\Debug\car.a(WAVE_MASTER.o)
                0x00002c10                WAVE_MasterReadByte
 .text.ECDR_GetCounter
                0x00002c68       0x10 .\CortexM3\ARM_GCC_493\Debug\car.a(ECDR.o)
                0x00002c68                ECDR_GetCounter
 .text.ECDR_GetEvents
                0x00002c78       0x10 .\CortexM3\ARM_GCC_493\Debug\car.a(ECDR.o)
                0x00002c78                ECDR_GetEvents
 .text.ECDR_SetInterruptMask
                0x00002c88        0xc .\CortexM3\ARM_GCC_493\Debug\car.a(ECDR.o)
                0x00002c88                ECDR_SetInterruptMask
 .text.ECDR_Enable
                0x00002c94       0x24 .\CortexM3\ARM_GCC_493\Debug\car.a(ECDR.o)
                0x00002c94                ECDR_Enable
 .text.ECDR_Start
                0x00002cb8       0x24 .\CortexM3\ARM_GCC_493\Debug\car.a(ECDR.o)
                0x00002cb8                ECDR_Start
 .text.ECDR_Cnt16_Enable
                0x00002cdc       0x10 .\CortexM3\ARM_GCC_493\Debug\car.a(ECDR_Cnt16.o)
                0x00002cdc                ECDR_Cnt16_Enable
 .text.ECDR_Cnt16_SetInterruptMode
                0x00002cec        0xc .\CortexM3\ARM_GCC_493\Debug\car.a(ECDR_Cnt16.o)
                0x00002cec                ECDR_Cnt16_SetInterruptMode
 .text.ECDR_Cnt16_ReadStatusRegister
                0x00002cf8        0xc .\CortexM3\ARM_GCC_493\Debug\car.a(ECDR_Cnt16.o)
                0x00002cf8                ECDR_Cnt16_ReadStatusRegister
 .text.ECDR_Cnt16_WriteCounter
                0x00002d04        0xc .\CortexM3\ARM_GCC_493\Debug\car.a(ECDR_Cnt16.o)
                0x00002d04                ECDR_Cnt16_WriteCounter
 .text.ECDR_Cnt16_ReadCounter
                0x00002d10       0x14 .\CortexM3\ARM_GCC_493\Debug\car.a(ECDR_Cnt16.o)
                0x00002d10                ECDR_Cnt16_ReadCounter
 .text.ECDR_Cnt16_ReadCapture
                0x00002d24        0xc .\CortexM3\ARM_GCC_493\Debug\car.a(ECDR_Cnt16.o)
                0x00002d24                ECDR_Cnt16_ReadCapture
 .text.ECDR_Cnt16_WritePeriod
                0x00002d30        0xc .\CortexM3\ARM_GCC_493\Debug\car.a(ECDR_Cnt16.o)
                0x00002d30                ECDR_Cnt16_WritePeriod
 .text.ECDR_Cnt16_WriteCompare
                0x00002d3c        0xc .\CortexM3\ARM_GCC_493\Debug\car.a(ECDR_Cnt16.o)
                0x00002d3c                ECDR_Cnt16_WriteCompare
 .text.ECDR_Cnt16_ClearFIFO
                0x00002d48       0x14 .\CortexM3\ARM_GCC_493\Debug\car.a(ECDR_Cnt16.o)
                0x00002d48                ECDR_Cnt16_ClearFIFO
 .text.ECDR_Cnt16_Init
                0x00002d5c       0x58 .\CortexM3\ARM_GCC_493\Debug\car.a(ECDR_Cnt16.o)
                0x00002d5c                ECDR_Cnt16_Init
 .text.ECDR_Cnt16_Start
                0x00002db4       0x1c .\CortexM3\ARM_GCC_493\Debug\car.a(ECDR_Cnt16.o)
                0x00002db4                ECDR_Cnt16_Start
 .text.M_PWR_Write
                0x00002dd0       0x18 .\CortexM3\ARM_GCC_493\Debug\car.a(M_PWR.o)
                0x00002dd0                M_PWR_Write
 .text.M_UP_Write
                0x00002de8       0x18 .\CortexM3\ARM_GCC_493\Debug\car.a(M_UP.o)
                0x00002de8                M_UP_Write
 .text.M_DOWN_Write
                0x00002e00       0x18 .\CortexM3\ARM_GCC_493\Debug\car.a(M_DOWN.o)
                0x00002e00                M_DOWN_Write
 .text.M_ZERO_Write
                0x00002e18       0x18 .\CortexM3\ARM_GCC_493\Debug\car.a(M_ZERO.o)
                0x00002e18                M_ZERO_Write
 .text.CyFlashGetSpcAlgorithm
                0x00002e30       0x4c .\CortexM3\ARM_GCC_493\Debug\car.a(CyFlash.o)
 .text.CySetTempInt
                0x00002e7c       0x60 .\CortexM3\ARM_GCC_493\Debug\car.a(CyFlash.o)
 .text.CySetTemp
                0x00002edc       0x14 .\CortexM3\ARM_GCC_493\Debug\car.a(CyFlash.o)
                0x00002edc                CySetTemp
 .text.CyEEPROM_Start
                0x00002ef0       0x54 .\CortexM3\ARM_GCC_493\Debug\car.a(CyFlash.o)
                0x00002ef0                CyEEPROM_Start
 .text.CyEEPROM_ReadReserve
                0x00002f44       0x1c .\CortexM3\ARM_GCC_493\Debug\car.a(CyFlash.o)
                0x00002f44                CyEEPROM_ReadReserve
 .text.CyEEPROM_ReadRelease
                0x00002f60       0x10 .\CortexM3\ARM_GCC_493\Debug\car.a(CyFlash.o)
                0x00002f60                CyEEPROM_ReadRelease
 .text.CySpcStart
                0x00002f70       0x24 .\CortexM3\ARM_GCC_493\Debug\car.a(CySpc.o)
                0x00002f70                CySpcStart
 .text.CySpcReadData
                0x00002f94       0x34 .\CortexM3\ARM_GCC_493\Debug\car.a(CySpc.o)
                0x00002f94                CySpcReadData
 .text.CySpcLoadMultiByte
                0x00002fc8       0x78 .\CortexM3\ARM_GCC_493\Debug\car.a(CySpc.o)
                0x00002fc8                CySpcLoadMultiByte
 .text.CySpcWriteRow
                0x00003040       0x4c .\CortexM3\ARM_GCC_493\Debug\car.a(CySpc.o)
                0x00003040                CySpcWriteRow
 .text.CySpcGetTemp
                0x0000308c       0x3c .\CortexM3\ARM_GCC_493\Debug\car.a(CySpc.o)
                0x0000308c                CySpcGetTemp
 .text.CySpcLock
                0x000030c8       0x4c .\CortexM3\ARM_GCC_493\Debug\car.a(CySpc.o)
                0x000030c8                CySpcLock
 .text.CySpcUnlock
                0x00003114       0x38 .\CortexM3\ARM_GCC_493\Debug\car.a(CySpc.o)
                0x00003114                CySpcUnlock
 .text.CySpcGetAlgorithm
                0x0000314c       0x28 .\CortexM3\ARM_GCC_493\Debug\car.a(CySpc.o)
                0x0000314c                CySpcGetAlgorithm
 .text          0x00003174      0x370 c:/program files (x86)/cypress/psoc creator/3.3/psoc creator/import/gnu/arm/4.9.3/bin/../lib/gcc/arm-none-eabi/4.9.3/armv7-m\libgcc.a(_arm_addsubdf3.o)
                0x00003174                __aeabi_drsub
                0x0000317c                __aeabi_dsub
                0x0000317c                __subdf3
                0x00003180                __aeabi_dadd
                0x00003180                __adddf3
                0x000033f8                __floatunsidf
                0x000033f8                __aeabi_ui2d
                0x00003418                __floatsidf
                0x00003418                __aeabi_i2d
                0x0000343c                __aeabi_f2d
                0x0000343c                __extendsfdf2
                0x00003478                __floatundidf
                0x00003478                __aeabi_ul2d
                0x00003488                __floatdidf
                0x00003488                __aeabi_l2d
 .text          0x000034e4      0x424 c:/program files (x86)/cypress/psoc creator/3.3/psoc creator/import/gnu/arm/4.9.3/bin/../lib/gcc/arm-none-eabi/4.9.3/armv7-m\libgcc.a(_arm_muldivdf3.o)
                0x000034e4                __aeabi_dmul
                0x000034e4                __muldf3
                0x00003738                __divdf3
                0x00003738                __aeabi_ddiv
 .text          0x00003908       0xa0 c:/program files (x86)/cypress/psoc creator/3.3/psoc creator/import/gnu/arm/4.9.3/bin/../lib/gcc/arm-none-eabi/4.9.3/armv7-m\libgcc.a(_arm_truncdfsf2.o)
                0x00003908                __truncdfsf2
                0x00003908                __aeabi_d2f
 .text          0x000039a8      0x2a0 c:/program files (x86)/cypress/psoc creator/3.3/psoc creator/import/gnu/arm/4.9.3/bin/../lib/gcc/arm-none-eabi/4.9.3/armv7-m\libgcc.a(_arm_muldivsf3.o)
                0x000039a8                __mulsf3
                0x000039a8                __aeabi_fmul
                0x00003b10                __aeabi_fdiv
                0x00003b10                __divsf3
 .text          0x00003c48       0x4c c:/program files (x86)/cypress/psoc creator/3.3/psoc creator/import/gnu/arm/4.9.3/bin/../lib/gcc/arm-none-eabi/4.9.3/armv7-m\libgcc.a(_arm_fixsfsi.o)
                0x00003c48                __aeabi_f2iz
                0x00003c48                __fixsfsi
 .text.__libc_init_array
                0x00003c94       0x4c c:/program files (x86)/cypress/psoc creator/3.3/psoc creator/import/gnu/arm/4.9.3/bin/../lib/gcc/arm-none-eabi/4.9.3/../../../../arm-none-eabi/lib/armv7-m\libg_nano.a(lib_a-init.o)
                0x00003c94                __libc_init_array
 .text.memcpy   0x00003ce0       0x16 c:/program files (x86)/cypress/psoc creator/3.3/psoc creator/import/gnu/arm/4.9.3/bin/../lib/gcc/arm-none-eabi/4.9.3/../../../../arm-none-eabi/lib/armv7-m\libg_nano.a(lib_a-memcpy.o)
                0x00003ce0                memcpy
 .text.memset   0x00003cf6       0x10 c:/program files (x86)/cypress/psoc creator/3.3/psoc creator/import/gnu/arm/4.9.3/bin/../lib/gcc/arm-none-eabi/4.9.3/../../../../arm-none-eabi/lib/armv7-m\libg_nano.a(lib_a-memset.o)
                0x00003cf6                memset
 *(.plt)
 *(.gnu.warning)
 *(.glue_7t)
 .glue_7t       0x00000000        0x0 linker stubs
 *(.glue_7)
 .glue_7        0x00000000        0x0 linker stubs
 *(.vfp11_veneer)
 .vfp11_veneer  0x00000000        0x0 linker stubs
 *(.bootloader)
 *(.ARM.extab* .gnu.linkonce.armextab.*)
 *(.gcc_except_table)

.v4_bx          0x00003d08        0x0
 .v4_bx         0x00000000        0x0 linker stubs

.iplt           0x00003d08        0x0
 .iplt          0x00000000        0x0 c:/program files (x86)/cypress/psoc creator/3.3/psoc creator/import/gnu/arm/4.9.3/bin/../lib/gcc/arm-none-eabi/4.9.3/armv7-m/crtbegin.o

.eh_frame_hdr
 *(.eh_frame_hdr)

.eh_frame       0x00003d08        0x4
 *(.eh_frame)
 .eh_frame      0x00003d08        0x0 c:/program files (x86)/cypress/psoc creator/3.3/psoc creator/import/gnu/arm/4.9.3/bin/../lib/gcc/arm-none-eabi/4.9.3/armv7-m/crtbegin.o
 .eh_frame      0x00003d08        0x4 c:/program files (x86)/cypress/psoc creator/3.3/psoc creator/import/gnu/arm/4.9.3/bin/../lib/gcc/arm-none-eabi/4.9.3/armv7-m/crtend.o
                0x00003d0c                PROVIDE (__exidx_start, .)

.ARM.exidx
 *(.ARM.exidx* .gnu.linkonce.armexidx.*)
                0x00003d0c                __exidx_end = .

.rodata         0x00003d0c       0x8c
 *(.rodata .rodata.* .gnu.linkonce.r.*)
 .rodata        0x00003d0c       0x58 .\CortexM3\ARM_GCC_493\Debug\car.a(cyfitter_cfg.o)
                0x00003d64                . = ALIGN (0x4)
 *(.init)
 .init          0x00003d64        0x4 c:/program files (x86)/cypress/psoc creator/3.3/psoc creator/import/gnu/arm/4.9.3/bin/../lib/gcc/arm-none-eabi/4.9.3/armv7-m/crti.o
                0x00003d64                _init
 .init          0x00003d68        0x8 c:/program files (x86)/cypress/psoc creator/3.3/psoc creator/import/gnu/arm/4.9.3/bin/../lib/gcc/arm-none-eabi/4.9.3/armv7-m/crtn.o
                0x00003d70                . = ALIGN (0x4)
                0x00003d70                __preinit_array_start = .
 *(.preinit_array)
                0x00003d70                __preinit_array_end = .
                0x00003d70                . = ALIGN (0x4)
                0x00003d70                __init_array_start = .
 *(SORT(.init_array.*))
 *(.init_array)
 .init_array    0x00003d70        0x4 c:/program files (x86)/cypress/psoc creator/3.3/psoc creator/import/gnu/arm/4.9.3/bin/../lib/gcc/arm-none-eabi/4.9.3/armv7-m/crtbegin.o
 .init_array    0x00003d74        0x4 .\CortexM3\ARM_GCC_493\Debug\Cm3Start.o
                0x00003d78                __init_array_end = .
                0x00003d78                . = ALIGN (0x4)
 *(.fini)
 .fini          0x00003d78        0x4 c:/program files (x86)/cypress/psoc creator/3.3/psoc creator/import/gnu/arm/4.9.3/bin/../lib/gcc/arm-none-eabi/4.9.3/armv7-m/crti.o
                0x00003d78                _fini
 .fini          0x00003d7c        0x8 c:/program files (x86)/cypress/psoc creator/3.3/psoc creator/import/gnu/arm/4.9.3/bin/../lib/gcc/arm-none-eabi/4.9.3/armv7-m/crtn.o
                0x00003d84                . = ALIGN (0x4)
                0x00003d84                __fini_array_start = .
 *(.fini_array)
 .fini_array    0x00003d84        0x4 c:/program files (x86)/cypress/psoc creator/3.3/psoc creator/import/gnu/arm/4.9.3/bin/../lib/gcc/arm-none-eabi/4.9.3/armv7-m/crtbegin.o
 *(SORT(.fini_array.*))
                0x00003d88                __fini_array_end = .
                0x00003d88                . = ALIGN (0x4)
 *crtbegin.o(.ctors)
 *(EXCLUDE_FILE(*crtend.o) .ctors)
 *(SORT(.ctors.*))
 *crtend.o(.ctors)
                0x00003d88                . = ALIGN (0x4)
 *crtbegin.o(.dtors)
 *(EXCLUDE_FILE(*crtend.o) .dtors)
 *(SORT(.dtors.*))
 *crtend.o(.dtors)
                0x00003d88                . = ALIGN (0x4)
                0x00003d88                __cy_regions = .
                0x00003d88        0x4 LONG 0x3d98 __cy_region_init_ram
                0x00003d8c        0x4 LONG 0x1fffc108 __cy_region_start_data
                0x00003d90        0x4 LONG 0x20 __cy_region_init_size_ram
                0x00003d94        0x4 LONG 0x29f8 __cy_region_zero_size_ram
                0x00003d98                __cy_regions_end = .
                0x00003d98                . = ALIGN (0x8)
                0x00003d98                _etext = .

.cy_checksum_exclude
                0x00003d98        0x0
 *(.cy_checksum_exclude)

.ramvectors     0x1fffc000      0x100
                0x1fffc000                __cy_region_start_ram = .
 *(.ramvectors)
 .ramvectors    0x1fffc000      0x100 .\CortexM3\ARM_GCC_493\Debug\Cm3Start.o
                0x1fffc000                CyRamVectors

.noinit         0x1fffc100        0x5
 *(.noinit)
 .noinit        0x1fffc100        0x4 .\CortexM3\ARM_GCC_493\Debug\Cm3Start.o
 .noinit        0x1fffc104        0x1 .\CortexM3\ARM_GCC_493\Debug\car.a(CyLib.o)
                0x1fffc104                CyResetStatus

.data           0x1fffc108       0x20 load address 0x00003d98
                0x1fffc108                __cy_region_start_data = .
 *(.jcr)
 .jcr           0x1fffc108        0x0 c:/program files (x86)/cypress/psoc creator/3.3/psoc creator/import/gnu/arm/4.9.3/bin/../lib/gcc/arm-none-eabi/4.9.3/armv7-m/crtbegin.o
 .jcr           0x1fffc108        0x4 c:/program files (x86)/cypress/psoc creator/3.3/psoc creator/import/gnu/arm/4.9.3/bin/../lib/gcc/arm-none-eabi/4.9.3/armv7-m/crtend.o
 *(.got.plt)
 *(.got)
 *(.shdata)
 *(.data .data.* .gnu.linkonce.d.*)
 .data          0x1fffc10c        0x8 .\CortexM3\ARM_GCC_493\Debug\car.a(CyDmac.o)
 .data          0x1fffc114       0x10 .\CortexM3\ARM_GCC_493\Debug\car.a(CyLib.o)
                0x1fffc114                cydelay_32k_ms
                0x1fffc118                cydelay_freq_khz
                0x1fffc11c                cydelay_freq_mhz
                0x1fffc120                cydelay_freq_hz
 .data          0x1fffc124        0x2 .\CortexM3\ARM_GCC_493\Debug\car.a(ADC.o)
 .data          0x1fffc126        0x1 .\CortexM3\ARM_GCC_493\Debug\car.a(ADC_TempBuf_dma.o)
                0x1fffc126                ADC_TempBuf_DmaHandle
 .data          0x1fffc127        0x1 .\CortexM3\ARM_GCC_493\Debug\car.a(ADC_FinalBuf_dma.o)
                0x1fffc127                ADC_FinalBuf_DmaHandle
                0x1fffc128                . = ALIGN (0x8)
 *(.ram)
                0x1fffc128                _edata = .

.igot.plt       0x1fffc128        0x0 load address 0x00003db8
 .igot.plt      0x00000000        0x0 c:/program files (x86)/cypress/psoc creator/3.3/psoc creator/import/gnu/arm/4.9.3/bin/../lib/gcc/arm-none-eabi/4.9.3/armv7-m/crtbegin.o

.bss            0x1fffc128     0x29f8 load address 0x00003db8
                0x1fffc128                PROVIDE (__bss_start__, .)
 *(.shbss)
 *(.bss .bss.* .gnu.linkonce.b.*)
 .bss           0x1fffc128       0x1c c:/program files (x86)/cypress/psoc creator/3.3/psoc creator/import/gnu/arm/4.9.3/bin/../lib/gcc/arm-none-eabi/4.9.3/armv7-m/crtbegin.o
 .bss           0x1fffc144       0x48 .\CortexM3\ARM_GCC_493\Debug\Transfer.o
 .bss           0x1fffc18c        0x4 .\CortexM3\ARM_GCC_493\Debug\car.o
 .bss           0x1fffc190      0x190 .\CortexM3\ARM_GCC_493\Debug\battery.o
                0x1fffc190                retADCValue2
                0x1fffc258                retADCValue1
 .bss           0x1fffc320        0x8 .\CortexM3\ARM_GCC_493\Debug\multi_timer.o
 .bss           0x1fffc328        0x4 .\CortexM3\ARM_GCC_493\Debug\led.o
 .bss           0x1fffc32c        0x1 .\CortexM3\ARM_GCC_493\Debug\wave_distance.o
 *fill*         0x1fffc32d        0x3 
 .bss           0x1fffc330       0x38 .\CortexM3\ARM_GCC_493\Debug\M_thickness.o
                0x1fffc330                change_flag
 .bss           0x1fffc368        0x2 .\CortexM3\ARM_GCC_493\Debug\car.a(UART_net.o)
                0x1fffc368                UART_net_initVar
 .bss           0x1fffc36a        0x1 .\CortexM3\ARM_GCC_493\Debug\car.a(PWM_MOTOR.o)
                0x1fffc36a                PWM_MOTOR_initVar
 .bss           0x1fffc36b        0x1 .\CortexM3\ARM_GCC_493\Debug\car.a(Timer_1.o)
                0x1fffc36b                Timer_1_initVar
 .bss           0x1fffc36c        0x1 .\CortexM3\ARM_GCC_493\Debug\car.a(UART_JY.o)
                0x1fffc36c                UART_JY_initVar
 *fill*         0x1fffc36d        0x3 
 .bss           0x1fffc370       0x10 .\CortexM3\ARM_GCC_493\Debug\car.a(isr_rx_jy.o)
 .bss           0x1fffc380        0x1 .\CortexM3\ARM_GCC_493\Debug\car.a(PWM_LED_1.o)
                0x1fffc380                PWM_LED_1_initVar
 .bss           0x1fffc381        0x1 .\CortexM3\ARM_GCC_493\Debug\car.a(PWM_LED_2.o)
                0x1fffc381                PWM_LED_2_initVar
 .bss           0x1fffc382        0x1 .\CortexM3\ARM_GCC_493\Debug\car.a(PWM_LED_3.o)
                0x1fffc382                PWM_LED_3_initVar
 *fill*         0x1fffc383        0x1 
 .bss           0x1fffc384       0x10 .\CortexM3\ARM_GCC_493\Debug\car.a(ADC.o)
                0x1fffc390                ADC_initVar
 .bss           0x1fffc394        0x1 .\CortexM3\ARM_GCC_493\Debug\car.a(ADC_SAR.o)
                0x1fffc394                ADC_SAR_initVar
 .bss           0x1fffc395        0x1 .\CortexM3\ARM_GCC_493\Debug\car.a(PWM_LED_4.o)
                0x1fffc395                PWM_LED_4_initVar
 .bss           0x1fffc396        0x2 .\CortexM3\ARM_GCC_493\Debug\car.a(UART_CH.o)
                0x1fffc396                UART_CH_initVar
 .bss           0x1fffc398        0x1 .\CortexM3\ARM_GCC_493\Debug\car.a(WAVE.o)
                0x1fffc398                WAVE_initVar
 .bss           0x1fffc399        0x1 .\CortexM3\ARM_GCC_493\Debug\car.a(ECDR.o)
                0x1fffc399                ECDR_initVar
 .bss           0x1fffc39a        0x1 .\CortexM3\ARM_GCC_493\Debug\car.a(ECDR_Cnt16.o)
                0x1fffc39a                ECDR_Cnt16_initVar
 *fill*         0x1fffc39b        0x1 
 .bss           0x1fffc39c        0x8 .\CortexM3\ARM_GCC_493\Debug\car.a(CySpc.o)
                0x1fffc39c                SpcLockState
 *(COMMON)
 COMMON         0x1fffc3a4      0x100 .\CortexM3\ARM_GCC_493\Debug\main.o
                0x1fffc3a4                WAVE_timer
                0x1fffc3b4                g_Car
                0x1fffc3f4                encoder
                0x1fffc3f6                temp
                0x1fffc3f8                Data_exchange_timer
                0x1fffc408                P_V
                0x1fffc40c                S_IMU
                0x1fffc420                tset
                0x1fffc424                Car_control_timer
                0x1fffc434                Time_1s
                0x1fffc444                D_V
                0x1fffc448                Car_hearting_timer
                0x1fffc458                test
                0x1fffc45c                Cal_battery_timer
                0x1fffc46c                M_timer
                0x1fffc47c                ECDR_timer
                0x1fffc48c                event
                0x1fffc48e                send_count_test
                0x1fffc490                count
                0x1fffc492                C_V
                0x1fffc494                LED_timer
 COMMON         0x1fffc4a4       0x41 .\CortexM3\ARM_GCC_493\Debug\Transfer.o
                0x1fffc4a4                data_to_send
                0x1fffc4d8                f
 *fill*         0x1fffc4e5        0x3 
 COMMON         0x1fffc4e8     0x25f6 .\CortexM3\ARM_GCC_493\Debug\Lidar.o
                0x1fffc4e8                nodeBuffer1
                0x1fffc4f0                node
                0x1fffc4f4                test1
                0x1fffceb8                nodeBuffer
                0x1fffcf1c                test_f_suzu
                0x1fffd6ec                net_nodeBuffer
                0x1fffd750                test2
                0x1fffe114                normal_size
                0x1fffe118                test3
                0x1fffeadc                output_t
                0x1fffeadd                start
 COMMON         0x1fffeade        0x2 .\CortexM3\ARM_GCC_493\Debug\systemInfo.o
                0x1fffeade                time_count
 COMMON         0x1fffeae0        0x2 .\CortexM3\ARM_GCC_493\Debug\wave_distance.o
                0x1fffeae0                distance
 COMMON         0x1fffeae2        0xf .\CortexM3\ARM_GCC_493\Debug\car.a(isr_timer.o)
                0x1fffeae2                time_1s_state
                0x1fffeae4                time_100ms_state
                0x1fffeae6                time_1s
                0x1fffeae8                time_5ms
                0x1fffeaea                time_1ms_state
                0x1fffeaec                time_100ms
                0x1fffeaee                time_1ms
                0x1fffeaf0                time_5ms_state
 *fill*         0x1fffeaf1        0x3 
 COMMON         0x1fffeaf4        0x6 .\CortexM3\ARM_GCC_493\Debug\car.a(ADC.o)
                0x1fffeaf4                ADC_finalArray
 *fill*         0x1fffeafa        0x2 
 COMMON         0x1fffeafc        0xa .\CortexM3\ARM_GCC_493\Debug\car.a(ADC_SAR.o)
                0x1fffeafc                ADC_SAR_countsPerVolt
                0x1fffeafe                ADC_SAR_shift
                0x1fffeb00                ADC_SAR_countsPer10Volt
                0x1fffeb04                ADC_SAR_offset
 COMMON         0x1fffeb06        0x1 .\CortexM3\ARM_GCC_493\Debug\car.a(WAVE.o)
                0x1fffeb06                WAVE_state
 *fill*         0x1fffeb07        0x1 
 COMMON         0x1fffeb08       0x11 .\CortexM3\ARM_GCC_493\Debug\car.a(WAVE_MASTER.o)
                0x1fffeb08                WAVE_mstrStatus
                0x1fffeb09                WAVE_mstrRdBufSize
                0x1fffeb0a                WAVE_mstrRdBufIndex
                0x1fffeb0c                WAVE_mstrWrBufPtr
                0x1fffeb10                WAVE_mstrWrBufIndex
                0x1fffeb11                WAVE_mstrControl
                0x1fffeb14                WAVE_mstrRdBufPtr
                0x1fffeb18                WAVE_mstrWrBufSize
 *fill*         0x1fffeb19        0x3 
 COMMON         0x1fffeb1c        0x2 .\CortexM3\ARM_GCC_493\Debug\car.a(CyFlash.o)
                0x1fffeb1c                dieTemperature
                0x1fffeb20                . = ALIGN (0x8)
 *fill*         0x1fffeb1e        0x2 
 *(.ram.b)
                0x1fffeb20                _end = .
                0x1fffeb20                __end = .
                0x1fffeb20                PROVIDE (end, .)
                0x1fffeb20                PROVIDE (__bss_end__, .)
                0x00003d98                __cy_region_init_ram = LOADADDR (.data)
                0x00000020                __cy_region_init_size_ram = (_edata - ADDR (.data))
                0x000029f8                __cy_region_zero_size_ram = (_end - _edata)

.heap           0x1fffeb20       0x80 load address 0x00003db8
                0x1fffeb20                . = _end
                0x1fffeba0                . = (. + 0x80)
 *fill*         0x1fffeb20       0x80 
                0x1fffeba0                __cy_heap_limit = .

.stack          0x20003800      0x800
                0x20003800                __cy_stack_limit = .
                0x20004000                . = (. + 0x800)
 *fill*         0x20003800      0x800 
                0x00000001                ASSERT ((__cy_stack_limit >= __cy_heap_limit), region RAM overflowed with stack)
                0x00000000                cy_checksum_exclude_size = (CY_APPL_LOADABLE == 0x1)?SIZEOF (.cy_checksum_exclude):0x0
                0x00000001                ASSERT ((cy_checksum_exclude_size <= CY_CHECKSUM_EXCLUDE_SIZE), CY_BOOT: Section .cy_checksum_exclude size exceedes specified limit.)

.cyloadermeta
 *(.cyloadermeta)

.cyloadablemeta
 *(.cyloadablemeta)

.cyconfigecc    0x80000000     0x10d0
 *(.cyconfigecc)
 .cyconfigecc   0x80000000     0x10d0 .\CortexM3\ARM_GCC_493\Debug\cymetadata.o
                0x80000000                cy_meta_configecc

.cycustnvl      0x90000000        0x4
 *(.cycustnvl)
 .cycustnvl     0x90000000        0x4 .\CortexM3\ARM_GCC_493\Debug\cymetadata.o
                0x90000000                cy_meta_custnvl

.cywolatch      0x90100000        0x4
 *(.cywolatch)
 .cywolatch     0x90100000        0x4 .\CortexM3\ARM_GCC_493\Debug\cymetadata.o
                0x90100000                cy_meta_wonvl

.cyeeprom       0x90200000        0x0
 *(.cyeeprom)
                0x00000001                ASSERT ((. <= ((0x90200000 + ee_offset) + ee_size)), .cyeeprom data will not fit in EEPROM)

.cyflashprotect
                0x90400000       0x80
 *(.cyflashprotect)
 .cyflashprotect
                0x90400000       0x80 .\CortexM3\ARM_GCC_493\Debug\cymetadata.o
                0x90400000                cy_meta_flashprotect

.cymeta         0x90500000        0xc
 *(.cymeta)
 .cymeta        0x90500000        0xc .\CortexM3\ARM_GCC_493\Debug\cymetadata.o
                0x90500000                cy_metadata

.rel.dyn        0x00003db8        0x0 load address 0x9050000c
 .rel.iplt      0x00000000        0x0 c:/program files (x86)/cypress/psoc creator/3.3/psoc creator/import/gnu/arm/4.9.3/bin/../lib/gcc/arm-none-eabi/4.9.3/armv7-m/crtbegin.o

.stab
 *(.stab)

.stabstr
 *(.stabstr)

.debug
 *(.debug)

.line
 *(.line)

.debug_srcinfo
 *(.debug_srcinfo)

.debug_sfnames
 *(.debug_sfnames)

.debug_aranges  0x00000000     0x1a58
 *(.debug_aranges)
 .debug_aranges
                0x00000000       0x30 .\CortexM3\ARM_GCC_493\Debug\main.o
 .debug_aranges
                0x00000030       0x88 .\CortexM3\ARM_GCC_493\Debug\Transfer.o
 .debug_aranges
                0x000000b8       0x90 .\CortexM3\ARM_GCC_493\Debug\car.o
 .debug_aranges
                0x00000148       0x30 .\CortexM3\ARM_GCC_493\Debug\battery.o
 .debug_aranges
                0x00000178       0x50 .\CortexM3\ARM_GCC_493\Debug\Lidar.o
 .debug_aranges
                0x000001c8       0x38 .\CortexM3\ARM_GCC_493\Debug\systemInfo.o
 .debug_aranges
                0x00000200       0x40 .\CortexM3\ARM_GCC_493\Debug\multi_timer.o
 .debug_aranges
                0x00000240       0x38 .\CortexM3\ARM_GCC_493\Debug\led.o
 .debug_aranges
                0x00000278       0x30 .\CortexM3\ARM_GCC_493\Debug\wave_distance.o
 .debug_aranges
                0x000002a8       0x28 .\CortexM3\ARM_GCC_493\Debug\M_thickness.o
 .debug_aranges
                0x000002d0       0x18 .\CortexM3\ARM_GCC_493\Debug\cymetadata.o
 .debug_aranges
                0x000002e8       0x48 .\CortexM3\ARM_GCC_493\Debug\Cm3Start.o
 .debug_aranges
                0x00000330       0x50 .\CortexM3\ARM_GCC_493\Debug\car.a(cyfitter_cfg.o)
 .debug_aranges
                0x00000380       0x20 .\CortexM3\ARM_GCC_493\Debug\car.a(CyBootAsmGnu.o)
 .debug_aranges
                0x000003a0       0xd8 .\CortexM3\ARM_GCC_493\Debug\car.a(CyDmac.o)
 .debug_aranges
                0x00000478      0x298 .\CortexM3\ARM_GCC_493\Debug\car.a(CyLib.o)
 .debug_aranges
                0x00000710       0x98 .\CortexM3\ARM_GCC_493\Debug\car.a(cyPm.o)
 .debug_aranges
                0x000007a8       0xf0 .\CortexM3\ARM_GCC_493\Debug\car.a(UART_net.o)
 .debug_aranges
                0x00000898       0x70 .\CortexM3\ARM_GCC_493\Debug\car.a(UART_net_IntClock.o)
 .debug_aranges
                0x00000908       0x80 .\CortexM3\ARM_GCC_493\Debug\car.a(isr_tx_net.o)
 .debug_aranges
                0x00000988       0x80 .\CortexM3\ARM_GCC_493\Debug\car.a(isr_rx_net.o)
 .debug_aranges
                0x00000a08       0x38 .\CortexM3\ARM_GCC_493\Debug\car.a(L_IN_1.o)
 .debug_aranges
                0x00000a40       0x38 .\CortexM3\ARM_GCC_493\Debug\car.a(L_IN_2.o)
 .debug_aranges
                0x00000a78       0x38 .\CortexM3\ARM_GCC_493\Debug\car.a(R_IN_1.o)
 .debug_aranges
                0x00000ab0       0x38 .\CortexM3\ARM_GCC_493\Debug\car.a(R_IN_2.o)
 .debug_aranges
                0x00000ae8       0x90 .\CortexM3\ARM_GCC_493\Debug\car.a(PWM_MOTOR.o)
 .debug_aranges
                0x00000b78       0x90 .\CortexM3\ARM_GCC_493\Debug\car.a(Timer_1.o)
 .debug_aranges
                0x00000c08       0x80 .\CortexM3\ARM_GCC_493\Debug\car.a(isr_timer.o)
 .debug_aranges
                0x00000c88       0x98 .\CortexM3\ARM_GCC_493\Debug\car.a(UART_JY.o)
 .debug_aranges
                0x00000d20       0x80 .\CortexM3\ARM_GCC_493\Debug\car.a(isr_rx_jy.o)
 .debug_aranges
                0x00000da0       0x70 .\CortexM3\ARM_GCC_493\Debug\car.a(UART_JY_IntClock.o)
 .debug_aranges
                0x00000e10       0x78 .\CortexM3\ARM_GCC_493\Debug\car.a(PWM_LED_1.o)
 .debug_aranges
                0x00000e88       0x78 .\CortexM3\ARM_GCC_493\Debug\car.a(PWM_LED_2.o)
 .debug_aranges
                0x00000f00       0x78 .\CortexM3\ARM_GCC_493\Debug\car.a(PWM_LED_3.o)
 .debug_aranges
                0x00000f78       0xa0 .\CortexM3\ARM_GCC_493\Debug\car.a(ADC.o)
 .debug_aranges
                0x00001018       0x20 .\CortexM3\ARM_GCC_493\Debug\car.a(ADC_INT.o)
 .debug_aranges
                0x00001038       0xa8 .\CortexM3\ARM_GCC_493\Debug\car.a(ADC_SAR.o)
 .debug_aranges
                0x000010e0       0x28 .\CortexM3\ARM_GCC_493\Debug\car.a(ADC_TempBuf_dma.o)
 .debug_aranges
                0x00001108       0x28 .\CortexM3\ARM_GCC_493\Debug\car.a(ADC_FinalBuf_dma.o)
 .debug_aranges
                0x00001130       0x80 .\CortexM3\ARM_GCC_493\Debug\car.a(ADC_IRQ.o)
 .debug_aranges
                0x000011b0       0x38 .\CortexM3\ARM_GCC_493\Debug\car.a(CONTRAL_LIDAR.o)
 .debug_aranges
                0x000011e8       0x38 .\CortexM3\ARM_GCC_493\Debug\car.a(debug_time.o)
 .debug_aranges
                0x00001220       0x38 .\CortexM3\ARM_GCC_493\Debug\car.a(PTZ_UP_EN.o)
 .debug_aranges
                0x00001258       0x38 .\CortexM3\ARM_GCC_493\Debug\car.a(PTZ_UP_STEP.o)
 .debug_aranges
                0x00001290       0x38 .\CortexM3\ARM_GCC_493\Debug\car.a(PTZ_UP_DIR.o)
 .debug_aranges
                0x000012c8       0x38 .\CortexM3\ARM_GCC_493\Debug\car.a(PTZ_DOWN_EN.o)
 .debug_aranges
                0x00001300       0x38 .\CortexM3\ARM_GCC_493\Debug\car.a(PTZ_DOWN_STEP.o)
 .debug_aranges
                0x00001338       0x38 .\CortexM3\ARM_GCC_493\Debug\car.a(PTZ_DOWN_DIR.o)
 .debug_aranges
                0x00001370       0x38 .\CortexM3\ARM_GCC_493\Debug\car.a(CHANGE_PWR.o)
 .debug_aranges
                0x000013a8       0x78 .\CortexM3\ARM_GCC_493\Debug\car.a(EEPROM.o)
 .debug_aranges
                0x00001420       0x78 .\CortexM3\ARM_GCC_493\Debug\car.a(PWM_LED_4.o)
 .debug_aranges
                0x00001498       0xf0 .\CortexM3\ARM_GCC_493\Debug\car.a(UART_CH.o)
 .debug_aranges
                0x00001588       0x80 .\CortexM3\ARM_GCC_493\Debug\car.a(isr_rx_ch.o)
 .debug_aranges
                0x00001608       0x70 .\CortexM3\ARM_GCC_493\Debug\car.a(UART_CH_IntClock.o)
 .debug_aranges
                0x00001678       0x38 .\CortexM3\ARM_GCC_493\Debug\car.a(WAVE.o)
 .debug_aranges
                0x000016b0       0x20 .\CortexM3\ARM_GCC_493\Debug\car.a(WAVE_INT.o)
 .debug_aranges
                0x000016d0       0x38 .\CortexM3\ARM_GCC_493\Debug\car.a(WAVE_PM.o)
 .debug_aranges
                0x00001708       0x80 .\CortexM3\ARM_GCC_493\Debug\car.a(WAVE_MASTER.o)
 .debug_aranges
                0x00001788       0x60 .\CortexM3\ARM_GCC_493\Debug\car.a(ECDR.o)
 .debug_aranges
                0x000017e8       0x98 .\CortexM3\ARM_GCC_493\Debug\car.a(ECDR_Cnt16.o)
 .debug_aranges
                0x00001880       0x38 .\CortexM3\ARM_GCC_493\Debug\car.a(M_PWR.o)
 .debug_aranges
                0x000018b8       0x38 .\CortexM3\ARM_GCC_493\Debug\car.a(M_UP.o)
 .debug_aranges
                0x000018f0       0x38 .\CortexM3\ARM_GCC_493\Debug\car.a(M_DOWN.o)
 .debug_aranges
                0x00001928       0x38 .\CortexM3\ARM_GCC_493\Debug\car.a(M_ZERO.o)
 .debug_aranges
                0x00001960       0x80 .\CortexM3\ARM_GCC_493\Debug\car.a(CyFlash.o)
 .debug_aranges
                0x000019e0       0x78 .\CortexM3\ARM_GCC_493\Debug\car.a(CySpc.o)

.debug_pubnames
 *(.debug_pubnames)

.debug_info     0x00000000    0x1010f
 *(.debug_info .gnu.linkonce.wi.*)
 .debug_info    0x00000000      0x9eb .\CortexM3\ARM_GCC_493\Debug\main.o
 .debug_info    0x000009eb      0xf2b .\CortexM3\ARM_GCC_493\Debug\Transfer.o
 .debug_info    0x00001916      0xb90 .\CortexM3\ARM_GCC_493\Debug\car.o
 .debug_info    0x000024a6      0x236 .\CortexM3\ARM_GCC_493\Debug\battery.o
 .debug_info    0x000026dc      0xaf5 .\CortexM3\ARM_GCC_493\Debug\Lidar.o
 .debug_info    0x000031d1      0x450 .\CortexM3\ARM_GCC_493\Debug\systemInfo.o
 .debug_info    0x00003621      0x25b .\CortexM3\ARM_GCC_493\Debug\multi_timer.o
 .debug_info    0x0000387c      0x4bf .\CortexM3\ARM_GCC_493\Debug\led.o
 .debug_info    0x00003d3b      0x5c6 .\CortexM3\ARM_GCC_493\Debug\wave_distance.o
 .debug_info    0x00004301      0x50d .\CortexM3\ARM_GCC_493\Debug\M_thickness.o
 .debug_info    0x0000480e      0x13e .\CortexM3\ARM_GCC_493\Debug\cymetadata.o
 .debug_info    0x0000494c      0x3b3 .\CortexM3\ARM_GCC_493\Debug\Cm3Start.o
 .debug_info    0x00004cff      0x6b6 .\CortexM3\ARM_GCC_493\Debug\car.a(cyfitter_cfg.o)
 .debug_info    0x000053b5       0x79 .\CortexM3\ARM_GCC_493\Debug\car.a(CyBootAsmGnu.o)
 .debug_info    0x0000542e      0x941 .\CortexM3\ARM_GCC_493\Debug\car.a(CyDmac.o)
 .debug_info    0x00005d6f     0x136c .\CortexM3\ARM_GCC_493\Debug\car.a(CyLib.o)
 .debug_info    0x000070db      0xa55 .\CortexM3\ARM_GCC_493\Debug\car.a(cyPm.o)
 .debug_info    0x00007b30      0x600 .\CortexM3\ARM_GCC_493\Debug\car.a(UART_net.o)
 .debug_info    0x00008130      0x281 .\CortexM3\ARM_GCC_493\Debug\car.a(UART_net_IntClock.o)
 .debug_info    0x000083b1      0x2c9 .\CortexM3\ARM_GCC_493\Debug\car.a(isr_tx_net.o)
 .debug_info    0x0000867a      0x629 .\CortexM3\ARM_GCC_493\Debug\car.a(isr_rx_net.o)
 .debug_info    0x00008ca3      0x11e .\CortexM3\ARM_GCC_493\Debug\car.a(L_IN_1.o)
 .debug_info    0x00008dc1      0x11e .\CortexM3\ARM_GCC_493\Debug\car.a(L_IN_2.o)
 .debug_info    0x00008edf      0x11e .\CortexM3\ARM_GCC_493\Debug\car.a(R_IN_1.o)
 .debug_info    0x00008ffd      0x11e .\CortexM3\ARM_GCC_493\Debug\car.a(R_IN_2.o)
 .debug_info    0x0000911b      0x2df .\CortexM3\ARM_GCC_493\Debug\car.a(PWM_MOTOR.o)
 .debug_info    0x000093fa      0x2e9 .\CortexM3\ARM_GCC_493\Debug\car.a(Timer_1.o)
 .debug_info    0x000096e3      0x39a .\CortexM3\ARM_GCC_493\Debug\car.a(isr_timer.o)
 .debug_info    0x00009a7d      0x39c .\CortexM3\ARM_GCC_493\Debug\car.a(UART_JY.o)
 .debug_info    0x00009e19      0x630 .\CortexM3\ARM_GCC_493\Debug\car.a(isr_rx_jy.o)
 .debug_info    0x0000a449      0x281 .\CortexM3\ARM_GCC_493\Debug\car.a(UART_JY_IntClock.o)
 .debug_info    0x0000a6ca      0x278 .\CortexM3\ARM_GCC_493\Debug\car.a(PWM_LED_1.o)
 .debug_info    0x0000a942      0x278 .\CortexM3\ARM_GCC_493\Debug\car.a(PWM_LED_2.o)
 .debug_info    0x0000abba      0x278 .\CortexM3\ARM_GCC_493\Debug\car.a(PWM_LED_3.o)
 .debug_info    0x0000ae32      0x7cf .\CortexM3\ARM_GCC_493\Debug\car.a(ADC.o)
 .debug_info    0x0000b601       0x99 .\CortexM3\ARM_GCC_493\Debug\car.a(ADC_INT.o)
 .debug_info    0x0000b69a      0x542 .\CortexM3\ARM_GCC_493\Debug\car.a(ADC_SAR.o)
 .debug_info    0x0000bbdc      0x1fb .\CortexM3\ARM_GCC_493\Debug\car.a(ADC_TempBuf_dma.o)
 .debug_info    0x0000bdd7      0x1fb .\CortexM3\ARM_GCC_493\Debug\car.a(ADC_FinalBuf_dma.o)
 .debug_info    0x0000bfd2      0x2c9 .\CortexM3\ARM_GCC_493\Debug\car.a(ADC_IRQ.o)
 .debug_info    0x0000c29b      0x11e .\CortexM3\ARM_GCC_493\Debug\car.a(CONTRAL_LIDAR.o)
 .debug_info    0x0000c3b9      0x11e .\CortexM3\ARM_GCC_493\Debug\car.a(debug_time.o)
 .debug_info    0x0000c4d7      0x11e .\CortexM3\ARM_GCC_493\Debug\car.a(PTZ_UP_EN.o)
 .debug_info    0x0000c5f5      0x11e .\CortexM3\ARM_GCC_493\Debug\car.a(PTZ_UP_STEP.o)
 .debug_info    0x0000c713      0x11e .\CortexM3\ARM_GCC_493\Debug\car.a(PTZ_UP_DIR.o)
 .debug_info    0x0000c831      0x11e .\CortexM3\ARM_GCC_493\Debug\car.a(PTZ_DOWN_EN.o)
 .debug_info    0x0000c94f      0x11e .\CortexM3\ARM_GCC_493\Debug\car.a(PTZ_DOWN_STEP.o)
 .debug_info    0x0000ca6d      0x120 .\CortexM3\ARM_GCC_493\Debug\car.a(PTZ_DOWN_DIR.o)
 .debug_info    0x0000cb8d      0x11e .\CortexM3\ARM_GCC_493\Debug\car.a(CHANGE_PWR.o)
 .debug_info    0x0000ccab      0x666 .\CortexM3\ARM_GCC_493\Debug\car.a(EEPROM.o)
 .debug_info    0x0000d311      0x278 .\CortexM3\ARM_GCC_493\Debug\car.a(PWM_LED_4.o)
 .debug_info    0x0000d589      0x600 .\CortexM3\ARM_GCC_493\Debug\car.a(UART_CH.o)
 .debug_info    0x0000db89      0x33a .\CortexM3\ARM_GCC_493\Debug\car.a(isr_rx_ch.o)
 .debug_info    0x0000dec3      0x281 .\CortexM3\ARM_GCC_493\Debug\car.a(UART_CH_IntClock.o)
 .debug_info    0x0000e144      0x2d8 .\CortexM3\ARM_GCC_493\Debug\car.a(WAVE.o)
 .debug_info    0x0000e41c      0x17d .\CortexM3\ARM_GCC_493\Debug\car.a(WAVE_INT.o)
 .debug_info    0x0000e599      0x1fb .\CortexM3\ARM_GCC_493\Debug\car.a(WAVE_PM.o)
 .debug_info    0x0000e794      0x3fe .\CortexM3\ARM_GCC_493\Debug\car.a(WAVE_MASTER.o)
 .debug_info    0x0000eb92      0x2cd .\CortexM3\ARM_GCC_493\Debug\car.a(ECDR.o)
 .debug_info    0x0000ee5f      0x341 .\CortexM3\ARM_GCC_493\Debug\car.a(ECDR_Cnt16.o)
 .debug_info    0x0000f1a0      0x120 .\CortexM3\ARM_GCC_493\Debug\car.a(M_PWR.o)
 .debug_info    0x0000f2c0      0x11e .\CortexM3\ARM_GCC_493\Debug\car.a(M_UP.o)
 .debug_info    0x0000f3de      0x11e .\CortexM3\ARM_GCC_493\Debug\car.a(M_DOWN.o)
 .debug_info    0x0000f4fc      0x11e .\CortexM3\ARM_GCC_493\Debug\car.a(M_ZERO.o)
 .debug_info    0x0000f61a      0x608 .\CortexM3\ARM_GCC_493\Debug\car.a(CyFlash.o)
 .debug_info    0x0000fc22      0x4ed .\CortexM3\ARM_GCC_493\Debug\car.a(CySpc.o)

.debug_abbrev   0x00000000     0x5416
 *(.debug_abbrev)
 .debug_abbrev  0x00000000      0x1af .\CortexM3\ARM_GCC_493\Debug\main.o
 .debug_abbrev  0x000001af      0x2a9 .\CortexM3\ARM_GCC_493\Debug\Transfer.o
 .debug_abbrev  0x00000458      0x1fd .\CortexM3\ARM_GCC_493\Debug\car.o
 .debug_abbrev  0x00000655      0x13e .\CortexM3\ARM_GCC_493\Debug\battery.o
 .debug_abbrev  0x00000793      0x28d .\CortexM3\ARM_GCC_493\Debug\Lidar.o
 .debug_abbrev  0x00000a20      0x197 .\CortexM3\ARM_GCC_493\Debug\systemInfo.o
 .debug_abbrev  0x00000bb7      0x14d .\CortexM3\ARM_GCC_493\Debug\multi_timer.o
 .debug_abbrev  0x00000d04      0x16e .\CortexM3\ARM_GCC_493\Debug\led.o
 .debug_abbrev  0x00000e72      0x1b1 .\CortexM3\ARM_GCC_493\Debug\wave_distance.o
 .debug_abbrev  0x00001023      0x15d .\CortexM3\ARM_GCC_493\Debug\M_thickness.o
 .debug_abbrev  0x00001180       0x77 .\CortexM3\ARM_GCC_493\Debug\cymetadata.o
 .debug_abbrev  0x000011f7      0x20f .\CortexM3\ARM_GCC_493\Debug\Cm3Start.o
 .debug_abbrev  0x00001406      0x221 .\CortexM3\ARM_GCC_493\Debug\car.a(cyfitter_cfg.o)
 .debug_abbrev  0x00001627       0x14 .\CortexM3\ARM_GCC_493\Debug\car.a(CyBootAsmGnu.o)
 .debug_abbrev  0x0000163b      0x1cc .\CortexM3\ARM_GCC_493\Debug\car.a(CyDmac.o)
 .debug_abbrev  0x00001807      0x296 .\CortexM3\ARM_GCC_493\Debug\car.a(CyLib.o)
 .debug_abbrev  0x00001a9d      0x1fa .\CortexM3\ARM_GCC_493\Debug\car.a(cyPm.o)
 .debug_abbrev  0x00001c97      0x1af .\CortexM3\ARM_GCC_493\Debug\car.a(UART_net.o)
 .debug_abbrev  0x00001e46      0x146 .\CortexM3\ARM_GCC_493\Debug\car.a(UART_net_IntClock.o)
 .debug_abbrev  0x00001f8c      0x180 .\CortexM3\ARM_GCC_493\Debug\car.a(isr_tx_net.o)
 .debug_abbrev  0x0000210c      0x21d .\CortexM3\ARM_GCC_493\Debug\car.a(isr_rx_net.o)
 .debug_abbrev  0x00002329       0x9d .\CortexM3\ARM_GCC_493\Debug\car.a(L_IN_1.o)
 .debug_abbrev  0x000023c6       0x9d .\CortexM3\ARM_GCC_493\Debug\car.a(L_IN_2.o)
 .debug_abbrev  0x00002463       0x9d .\CortexM3\ARM_GCC_493\Debug\car.a(R_IN_1.o)
 .debug_abbrev  0x00002500       0x9d .\CortexM3\ARM_GCC_493\Debug\car.a(R_IN_2.o)
 .debug_abbrev  0x0000259d      0x13a .\CortexM3\ARM_GCC_493\Debug\car.a(PWM_MOTOR.o)
 .debug_abbrev  0x000026d7      0x152 .\CortexM3\ARM_GCC_493\Debug\car.a(Timer_1.o)
 .debug_abbrev  0x00002829      0x18e .\CortexM3\ARM_GCC_493\Debug\car.a(isr_timer.o)
 .debug_abbrev  0x000029b7      0x17a .\CortexM3\ARM_GCC_493\Debug\car.a(UART_JY.o)
 .debug_abbrev  0x00002b31      0x217 .\CortexM3\ARM_GCC_493\Debug\car.a(isr_rx_jy.o)
 .debug_abbrev  0x00002d48      0x146 .\CortexM3\ARM_GCC_493\Debug\car.a(UART_JY_IntClock.o)
 .debug_abbrev  0x00002e8e      0x13a .\CortexM3\ARM_GCC_493\Debug\car.a(PWM_LED_1.o)
 .debug_abbrev  0x00002fc8      0x13a .\CortexM3\ARM_GCC_493\Debug\car.a(PWM_LED_2.o)
 .debug_abbrev  0x00003102      0x13a .\CortexM3\ARM_GCC_493\Debug\car.a(PWM_LED_3.o)
 .debug_abbrev  0x0000323c      0x1b0 .\CortexM3\ARM_GCC_493\Debug\car.a(ADC.o)
 .debug_abbrev  0x000033ec       0x42 .\CortexM3\ARM_GCC_493\Debug\car.a(ADC_INT.o)
 .debug_abbrev  0x0000342e      0x1e6 .\CortexM3\ARM_GCC_493\Debug\car.a(ADC_SAR.o)
 .debug_abbrev  0x00003614       0xf8 .\CortexM3\ARM_GCC_493\Debug\car.a(ADC_TempBuf_dma.o)
 .debug_abbrev  0x0000370c       0xf8 .\CortexM3\ARM_GCC_493\Debug\car.a(ADC_FinalBuf_dma.o)
 .debug_abbrev  0x00003804      0x180 .\CortexM3\ARM_GCC_493\Debug\car.a(ADC_IRQ.o)
 .debug_abbrev  0x00003984       0x9d .\CortexM3\ARM_GCC_493\Debug\car.a(CONTRAL_LIDAR.o)
 .debug_abbrev  0x00003a21       0x9d .\CortexM3\ARM_GCC_493\Debug\car.a(debug_time.o)
 .debug_abbrev  0x00003abe       0x9d .\CortexM3\ARM_GCC_493\Debug\car.a(PTZ_UP_EN.o)
 .debug_abbrev  0x00003b5b       0x9d .\CortexM3\ARM_GCC_493\Debug\car.a(PTZ_UP_STEP.o)
 .debug_abbrev  0x00003bf8       0x9d .\CortexM3\ARM_GCC_493\Debug\car.a(PTZ_UP_DIR.o)
 .debug_abbrev  0x00003c95       0x9d .\CortexM3\ARM_GCC_493\Debug\car.a(PTZ_DOWN_EN.o)
 .debug_abbrev  0x00003d32       0x9d .\CortexM3\ARM_GCC_493\Debug\car.a(PTZ_DOWN_STEP.o)
 .debug_abbrev  0x00003dcf       0x9d .\CortexM3\ARM_GCC_493\Debug\car.a(PTZ_DOWN_DIR.o)
 .debug_abbrev  0x00003e6c       0x9d .\CortexM3\ARM_GCC_493\Debug\car.a(CHANGE_PWR.o)
 .debug_abbrev  0x00003f09      0x1b0 .\CortexM3\ARM_GCC_493\Debug\car.a(EEPROM.o)
 .debug_abbrev  0x000040b9      0x13a .\CortexM3\ARM_GCC_493\Debug\car.a(PWM_LED_4.o)
 .debug_abbrev  0x000041f3      0x1af .\CortexM3\ARM_GCC_493\Debug\car.a(UART_CH.o)
 .debug_abbrev  0x000043a2      0x1ab .\CortexM3\ARM_GCC_493\Debug\car.a(isr_rx_ch.o)
 .debug_abbrev  0x0000454d      0x146 .\CortexM3\ARM_GCC_493\Debug\car.a(UART_CH_IntClock.o)
 .debug_abbrev  0x00004693      0x15c .\CortexM3\ARM_GCC_493\Debug\car.a(WAVE.o)
 .debug_abbrev  0x000047ef       0xca .\CortexM3\ARM_GCC_493\Debug\car.a(WAVE_INT.o)
 .debug_abbrev  0x000048b9      0x12b .\CortexM3\ARM_GCC_493\Debug\car.a(WAVE_PM.o)
 .debug_abbrev  0x000049e4      0x149 .\CortexM3\ARM_GCC_493\Debug\car.a(WAVE_MASTER.o)
 .debug_abbrev  0x00004b2d      0x18b .\CortexM3\ARM_GCC_493\Debug\car.a(ECDR.o)
 .debug_abbrev  0x00004cb8      0x13e .\CortexM3\ARM_GCC_493\Debug\car.a(ECDR_Cnt16.o)
 .debug_abbrev  0x00004df6       0x9d .\CortexM3\ARM_GCC_493\Debug\car.a(M_PWR.o)
 .debug_abbrev  0x00004e93       0x9d .\CortexM3\ARM_GCC_493\Debug\car.a(M_UP.o)
 .debug_abbrev  0x00004f30       0x9d .\CortexM3\ARM_GCC_493\Debug\car.a(M_DOWN.o)
 .debug_abbrev  0x00004fcd       0x9d .\CortexM3\ARM_GCC_493\Debug\car.a(M_ZERO.o)
 .debug_abbrev  0x0000506a      0x1de .\CortexM3\ARM_GCC_493\Debug\car.a(CyFlash.o)
 .debug_abbrev  0x00005248      0x1ce .\CortexM3\ARM_GCC_493\Debug\car.a(CySpc.o)

.debug_line     0x00000000     0x6c4b
 *(.debug_line)
 .debug_line    0x00000000      0x33e .\CortexM3\ARM_GCC_493\Debug\main.o
 .debug_line    0x0000033e      0x4f1 .\CortexM3\ARM_GCC_493\Debug\Transfer.o
 .debug_line    0x0000082f      0x36a .\CortexM3\ARM_GCC_493\Debug\car.o
 .debug_line    0x00000b99      0x1c6 .\CortexM3\ARM_GCC_493\Debug\battery.o
 .debug_line    0x00000d5f      0x40d .\CortexM3\ARM_GCC_493\Debug\Lidar.o
 .debug_line    0x0000116c      0x1c8 .\CortexM3\ARM_GCC_493\Debug\systemInfo.o
 .debug_line    0x00001334      0x1de .\CortexM3\ARM_GCC_493\Debug\multi_timer.o
 .debug_line    0x00001512      0x1eb .\CortexM3\ARM_GCC_493\Debug\led.o
 .debug_line    0x000016fd      0x1ce .\CortexM3\ARM_GCC_493\Debug\wave_distance.o
 .debug_line    0x000018cb      0x210 .\CortexM3\ARM_GCC_493\Debug\M_thickness.o
 .debug_line    0x00001adb       0x53 .\CortexM3\ARM_GCC_493\Debug\cymetadata.o
 .debug_line    0x00001b2e      0x254 .\CortexM3\ARM_GCC_493\Debug\Cm3Start.o
 .debug_line    0x00001d82      0x209 .\CortexM3\ARM_GCC_493\Debug\car.a(cyfitter_cfg.o)
 .debug_line    0x00001f8b       0x68 .\CortexM3\ARM_GCC_493\Debug\car.a(CyBootAsmGnu.o)
 .debug_line    0x00001ff3      0x2e5 .\CortexM3\ARM_GCC_493\Debug\car.a(CyDmac.o)
 .debug_line    0x000022d8      0x806 .\CortexM3\ARM_GCC_493\Debug\car.a(CyLib.o)
 .debug_line    0x00002ade      0x366 .\CortexM3\ARM_GCC_493\Debug\car.a(cyPm.o)
 .debug_line    0x00002e44      0x2c6 .\CortexM3\ARM_GCC_493\Debug\car.a(UART_net.o)
 .debug_line    0x0000310a      0x199 .\CortexM3\ARM_GCC_493\Debug\car.a(UART_net_IntClock.o)
 .debug_line    0x000032a3      0x150 .\CortexM3\ARM_GCC_493\Debug\car.a(isr_tx_net.o)
 .debug_line    0x000033f3      0x282 .\CortexM3\ARM_GCC_493\Debug\car.a(isr_rx_net.o)
 .debug_line    0x00003675       0x95 .\CortexM3\ARM_GCC_493\Debug\car.a(L_IN_1.o)
 .debug_line    0x0000370a       0x95 .\CortexM3\ARM_GCC_493\Debug\car.a(L_IN_2.o)
 .debug_line    0x0000379f       0x95 .\CortexM3\ARM_GCC_493\Debug\car.a(R_IN_1.o)
 .debug_line    0x00003834       0x95 .\CortexM3\ARM_GCC_493\Debug\car.a(R_IN_2.o)
 .debug_line    0x000038c9      0x167 .\CortexM3\ARM_GCC_493\Debug\car.a(PWM_MOTOR.o)
 .debug_line    0x00003a30      0x174 .\CortexM3\ARM_GCC_493\Debug\car.a(Timer_1.o)
 .debug_line    0x00003ba4      0x27a .\CortexM3\ARM_GCC_493\Debug\car.a(isr_timer.o)
 .debug_line    0x00003e1e      0x1b0 .\CortexM3\ARM_GCC_493\Debug\car.a(UART_JY.o)
 .debug_line    0x00003fce      0x29b .\CortexM3\ARM_GCC_493\Debug\car.a(isr_rx_jy.o)
 .debug_line    0x00004269      0x198 .\CortexM3\ARM_GCC_493\Debug\car.a(UART_JY_IntClock.o)
 .debug_line    0x00004401      0x139 .\CortexM3\ARM_GCC_493\Debug\car.a(PWM_LED_1.o)
 .debug_line    0x0000453a      0x139 .\CortexM3\ARM_GCC_493\Debug\car.a(PWM_LED_2.o)
 .debug_line    0x00004673      0x139 .\CortexM3\ARM_GCC_493\Debug\car.a(PWM_LED_3.o)
 .debug_line    0x000047ac      0x21b .\CortexM3\ARM_GCC_493\Debug\car.a(ADC.o)
 .debug_line    0x000049c7       0x52 .\CortexM3\ARM_GCC_493\Debug\car.a(ADC_INT.o)
 .debug_line    0x00004a19      0x206 .\CortexM3\ARM_GCC_493\Debug\car.a(ADC_SAR.o)
 .debug_line    0x00004c1f       0xa1 .\CortexM3\ARM_GCC_493\Debug\car.a(ADC_TempBuf_dma.o)
 .debug_line    0x00004cc0       0xa2 .\CortexM3\ARM_GCC_493\Debug\car.a(ADC_FinalBuf_dma.o)
 .debug_line    0x00004d62      0x14d .\CortexM3\ARM_GCC_493\Debug\car.a(ADC_IRQ.o)
 .debug_line    0x00004eaf       0x9c .\CortexM3\ARM_GCC_493\Debug\car.a(CONTRAL_LIDAR.o)
 .debug_line    0x00004f4b       0x99 .\CortexM3\ARM_GCC_493\Debug\car.a(debug_time.o)
 .debug_line    0x00004fe4       0x98 .\CortexM3\ARM_GCC_493\Debug\car.a(PTZ_UP_EN.o)
 .debug_line    0x0000507c       0x9a .\CortexM3\ARM_GCC_493\Debug\car.a(PTZ_UP_STEP.o)
 .debug_line    0x00005116       0x99 .\CortexM3\ARM_GCC_493\Debug\car.a(PTZ_UP_DIR.o)
 .debug_line    0x000051af       0x9a .\CortexM3\ARM_GCC_493\Debug\car.a(PTZ_DOWN_EN.o)
 .debug_line    0x00005249       0x9c .\CortexM3\ARM_GCC_493\Debug\car.a(PTZ_DOWN_STEP.o)
 .debug_line    0x000052e5       0x9b .\CortexM3\ARM_GCC_493\Debug\car.a(PTZ_DOWN_DIR.o)
 .debug_line    0x00005380       0x99 .\CortexM3\ARM_GCC_493\Debug\car.a(CHANGE_PWR.o)
 .debug_line    0x00005419      0x266 .\CortexM3\ARM_GCC_493\Debug\car.a(EEPROM.o)
 .debug_line    0x0000567f      0x139 .\CortexM3\ARM_GCC_493\Debug\car.a(PWM_LED_4.o)
 .debug_line    0x000057b8      0x2c4 .\CortexM3\ARM_GCC_493\Debug\car.a(UART_CH.o)
 .debug_line    0x00005a7c      0x264 .\CortexM3\ARM_GCC_493\Debug\car.a(isr_rx_ch.o)
 .debug_line    0x00005ce0      0x198 .\CortexM3\ARM_GCC_493\Debug\car.a(UART_CH_IntClock.o)
 .debug_line    0x00005e78       0xde .\CortexM3\ARM_GCC_493\Debug\car.a(WAVE.o)
 .debug_line    0x00005f56      0x118 .\CortexM3\ARM_GCC_493\Debug\car.a(WAVE_INT.o)
 .debug_line    0x0000606e       0xbf .\CortexM3\ARM_GCC_493\Debug\car.a(WAVE_PM.o)
 .debug_line    0x0000612d      0x201 .\CortexM3\ARM_GCC_493\Debug\car.a(WAVE_MASTER.o)
 .debug_line    0x0000632e      0x116 .\CortexM3\ARM_GCC_493\Debug\car.a(ECDR.o)
 .debug_line    0x00006444      0x18c .\CortexM3\ARM_GCC_493\Debug\car.a(ECDR_Cnt16.o)
 .debug_line    0x000065d0       0x94 .\CortexM3\ARM_GCC_493\Debug\car.a(M_PWR.o)
 .debug_line    0x00006664       0x93 .\CortexM3\ARM_GCC_493\Debug\car.a(M_UP.o)
 .debug_line    0x000066f7       0x95 .\CortexM3\ARM_GCC_493\Debug\car.a(M_DOWN.o)
 .debug_line    0x0000678c       0x95 .\CortexM3\ARM_GCC_493\Debug\car.a(M_ZERO.o)
 .debug_line    0x00006821      0x1ec .\CortexM3\ARM_GCC_493\Debug\car.a(CyFlash.o)
 .debug_line    0x00006a0d      0x23e .\CortexM3\ARM_GCC_493\Debug\car.a(CySpc.o)

.debug_frame    0x00000000     0x3d18
 *(.debug_frame)
 .debug_frame   0x00000000       0x64 .\CortexM3\ARM_GCC_493\Debug\main.o
 .debug_frame   0x00000064      0x1f8 .\CortexM3\ARM_GCC_493\Debug\Transfer.o
 .debug_frame   0x0000025c      0x1dc .\CortexM3\ARM_GCC_493\Debug\car.o
 .debug_frame   0x00000438       0x68 .\CortexM3\ARM_GCC_493\Debug\battery.o
 .debug_frame   0x000004a0      0x114 .\CortexM3\ARM_GCC_493\Debug\Lidar.o
 .debug_frame   0x000005b4       0x70 .\CortexM3\ARM_GCC_493\Debug\systemInfo.o
 .debug_frame   0x00000624       0x6c .\CortexM3\ARM_GCC_493\Debug\multi_timer.o
 .debug_frame   0x00000690       0x5c .\CortexM3\ARM_GCC_493\Debug\led.o
 .debug_frame   0x000006ec       0x70 .\CortexM3\ARM_GCC_493\Debug\wave_distance.o
 .debug_frame   0x0000075c       0x54 .\CortexM3\ARM_GCC_493\Debug\M_thickness.o
 .debug_frame   0x000007b0       0xac .\CortexM3\ARM_GCC_493\Debug\Cm3Start.o
 .debug_frame   0x0000085c       0xec .\CortexM3\ARM_GCC_493\Debug\car.a(cyfitter_cfg.o)
 .debug_frame   0x00000948      0x1f4 .\CortexM3\ARM_GCC_493\Debug\car.a(CyDmac.o)
 .debug_frame   0x00000b3c      0x728 .\CortexM3\ARM_GCC_493\Debug\car.a(CyLib.o)
 .debug_frame   0x00001264      0x1f8 .\CortexM3\ARM_GCC_493\Debug\car.a(cyPm.o)
 .debug_frame   0x0000145c      0x250 .\CortexM3\ARM_GCC_493\Debug\car.a(UART_net.o)
 .debug_frame   0x000016ac       0xe0 .\CortexM3\ARM_GCC_493\Debug\car.a(UART_net_IntClock.o)
 .debug_frame   0x0000178c      0x104 .\CortexM3\ARM_GCC_493\Debug\car.a(isr_tx_net.o)
 .debug_frame   0x00001890      0x110 .\CortexM3\ARM_GCC_493\Debug\car.a(isr_rx_net.o)
 .debug_frame   0x000019a0       0x50 .\CortexM3\ARM_GCC_493\Debug\car.a(L_IN_1.o)
 .debug_frame   0x000019f0       0x50 .\CortexM3\ARM_GCC_493\Debug\car.a(L_IN_2.o)
 .debug_frame   0x00001a40       0x50 .\CortexM3\ARM_GCC_493\Debug\car.a(R_IN_1.o)
 .debug_frame   0x00001a90       0x50 .\CortexM3\ARM_GCC_493\Debug\car.a(R_IN_2.o)
 .debug_frame   0x00001ae0      0x118 .\CortexM3\ARM_GCC_493\Debug\car.a(PWM_MOTOR.o)
 .debug_frame   0x00001bf8      0x124 .\CortexM3\ARM_GCC_493\Debug\car.a(Timer_1.o)
 .debug_frame   0x00001d1c      0x110 .\CortexM3\ARM_GCC_493\Debug\car.a(isr_timer.o)
 .debug_frame   0x00001e2c      0x14c .\CortexM3\ARM_GCC_493\Debug\car.a(UART_JY.o)
 .debug_frame   0x00001f78      0x114 .\CortexM3\ARM_GCC_493\Debug\car.a(isr_rx_jy.o)
 .debug_frame   0x0000208c       0xe0 .\CortexM3\ARM_GCC_493\Debug\car.a(UART_JY_IntClock.o)
 .debug_frame   0x0000216c       0xe8 .\CortexM3\ARM_GCC_493\Debug\car.a(PWM_LED_1.o)
 .debug_frame   0x00002254       0xe8 .\CortexM3\ARM_GCC_493\Debug\car.a(PWM_LED_2.o)
 .debug_frame   0x0000233c       0xe8 .\CortexM3\ARM_GCC_493\Debug\car.a(PWM_LED_3.o)
 .debug_frame   0x00002424      0x1dc .\CortexM3\ARM_GCC_493\Debug\car.a(ADC.o)
 .debug_frame   0x00002600       0x20 .\CortexM3\ARM_GCC_493\Debug\car.a(ADC_INT.o)
 .debug_frame   0x00002620      0x1a4 .\CortexM3\ARM_GCC_493\Debug\car.a(ADC_SAR.o)
 .debug_frame   0x000027c4       0x54 .\CortexM3\ARM_GCC_493\Debug\car.a(ADC_TempBuf_dma.o)
 .debug_frame   0x00002818       0x54 .\CortexM3\ARM_GCC_493\Debug\car.a(ADC_FinalBuf_dma.o)
 .debug_frame   0x0000286c      0x104 .\CortexM3\ARM_GCC_493\Debug\car.a(ADC_IRQ.o)
 .debug_frame   0x00002970       0x50 .\CortexM3\ARM_GCC_493\Debug\car.a(CONTRAL_LIDAR.o)
 .debug_frame   0x000029c0       0x50 .\CortexM3\ARM_GCC_493\Debug\car.a(debug_time.o)
 .debug_frame   0x00002a10       0x50 .\CortexM3\ARM_GCC_493\Debug\car.a(PTZ_UP_EN.o)
 .debug_frame   0x00002a60       0x50 .\CortexM3\ARM_GCC_493\Debug\car.a(PTZ_UP_STEP.o)
 .debug_frame   0x00002ab0       0x50 .\CortexM3\ARM_GCC_493\Debug\car.a(PTZ_UP_DIR.o)
 .debug_frame   0x00002b00       0x50 .\CortexM3\ARM_GCC_493\Debug\car.a(PTZ_DOWN_EN.o)
 .debug_frame   0x00002b50       0x50 .\CortexM3\ARM_GCC_493\Debug\car.a(PTZ_DOWN_STEP.o)
 .debug_frame   0x00002ba0       0x50 .\CortexM3\ARM_GCC_493\Debug\car.a(PTZ_DOWN_DIR.o)
 .debug_frame   0x00002bf0       0x50 .\CortexM3\ARM_GCC_493\Debug\car.a(CHANGE_PWR.o)
 .debug_frame   0x00002c40      0x17c .\CortexM3\ARM_GCC_493\Debug\car.a(EEPROM.o)
 .debug_frame   0x00002dbc       0xe8 .\CortexM3\ARM_GCC_493\Debug\car.a(PWM_LED_4.o)
 .debug_frame   0x00002ea4      0x250 .\CortexM3\ARM_GCC_493\Debug\car.a(UART_CH.o)
 .debug_frame   0x000030f4      0x110 .\CortexM3\ARM_GCC_493\Debug\car.a(isr_rx_ch.o)
 .debug_frame   0x00003204       0xe0 .\CortexM3\ARM_GCC_493\Debug\car.a(UART_CH_IntClock.o)
 .debug_frame   0x000032e4       0x94 .\CortexM3\ARM_GCC_493\Debug\car.a(WAVE.o)
 .debug_frame   0x00003378       0x30 .\CortexM3\ARM_GCC_493\Debug\car.a(WAVE_INT.o)
 .debug_frame   0x000033a8       0x74 .\CortexM3\ARM_GCC_493\Debug\car.a(WAVE_PM.o)
 .debug_frame   0x0000341c      0x138 .\CortexM3\ARM_GCC_493\Debug\car.a(WAVE_MASTER.o)
 .debug_frame   0x00003554       0xdc .\CortexM3\ARM_GCC_493\Debug\car.a(ECDR.o)
 .debug_frame   0x00003630      0x134 .\CortexM3\ARM_GCC_493\Debug\car.a(ECDR_Cnt16.o)
 .debug_frame   0x00003764       0x50 .\CortexM3\ARM_GCC_493\Debug\car.a(M_PWR.o)
 .debug_frame   0x000037b4       0x50 .\CortexM3\ARM_GCC_493\Debug\car.a(M_UP.o)
 .debug_frame   0x00003804       0x50 .\CortexM3\ARM_GCC_493\Debug\car.a(M_DOWN.o)
 .debug_frame   0x00003854       0x50 .\CortexM3\ARM_GCC_493\Debug\car.a(M_ZERO.o)
 .debug_frame   0x000038a4      0x174 .\CortexM3\ARM_GCC_493\Debug\car.a(CyFlash.o)
 .debug_frame   0x00003a18      0x160 .\CortexM3\ARM_GCC_493\Debug\car.a(CySpc.o)
 .debug_frame   0x00003b78       0x28 c:/program files (x86)/cypress/psoc creator/3.3/psoc creator/import/gnu/arm/4.9.3/bin/../lib/gcc/arm-none-eabi/4.9.3/armv7-m\libgcc.a(_aeabi_ldivmod.o)
 .debug_frame   0x00003ba0       0x54 c:/program files (x86)/cypress/psoc creator/3.3/psoc creator/import/gnu/arm/4.9.3/bin/../lib/gcc/arm-none-eabi/4.9.3/armv7-m\libgcc.a(bpabi.o)
 .debug_frame   0x00003bf4       0x34 c:/program files (x86)/cypress/psoc creator/3.3/psoc creator/import/gnu/arm/4.9.3/bin/../lib/gcc/arm-none-eabi/4.9.3/armv7-m\libgcc.a(_divdi3.o)
 .debug_frame   0x00003c28       0x34 c:/program files (x86)/cypress/psoc creator/3.3/psoc creator/import/gnu/arm/4.9.3/bin/../lib/gcc/arm-none-eabi/4.9.3/armv7-m\libgcc.a(_udivdi3.o)
 .debug_frame   0x00003c5c       0x20 c:/program files (x86)/cypress/psoc creator/3.3/psoc creator/import/gnu/arm/4.9.3/bin/../lib/gcc/arm-none-eabi/4.9.3/../../../../arm-none-eabi/lib/armv7-m\libg_nano.a(lib_a-errno.o)