Archive member included because of file (symbol)

.\CortexM3\ARM_GCC_493\Debug\car.a(cyfitter_cfg.o)
                              .\CortexM3\ARM_GCC_493\Debug\Cm3Start.o (cyfitter_cfg)
.\CortexM3\ARM_GCC_493\Debug\car.a(CyBootAsmGnu.o)
                              .\CortexM3\ARM_GCC_493\Debug\car.a(cyfitter_cfg.o) (CyDelayCycles)
.\CortexM3\ARM_GCC_493\Debug\car.a(CyDmac.o)
                              .\CortexM3\ARM_GCC_493\Debug\Cm3Start.o (CyDmacConfigure)
.\CortexM3\ARM_GCC_493\Debug\car.a(CyLib.o)
                              .\CortexM3\ARM_GCC_493\Debug\Cm3Start.o (CyHalt)
.\CortexM3\ARM_GCC_493\Debug\car.a(cyPm.o)
                              .\CortexM3\ARM_GCC_493\Debug\car.a(CyLib.o) (CyPmReadStatus)
.\CortexM3\ARM_GCC_493\Debug\car.a(UART_net.o)
                              .\CortexM3\ARM_GCC_493\Debug\main.o (UART_net_Start)
.\CortexM3\ARM_GCC_493\Debug\car.a(UART_net_IntClock.o)
                              .\CortexM3\ARM_GCC_493\Debug\car.a(UART_net.o) (UART_net_IntClock_Start)
.\CortexM3\ARM_GCC_493\Debug\car.a(isr_tx_net.o)
                              .\CortexM3\ARM_GCC_493\Debug\main.o (isr_tx_net_Start)
.\CortexM3\ARM_GCC_493\Debug\car.a(isr_rx_net.o)
                              .\CortexM3\ARM_GCC_493\Debug\main.o (isr_rx_net_Start)
.\CortexM3\ARM_GCC_493\Debug\car.a(L_IN_1.o)
                              .\CortexM3\ARM_GCC_493\Debug\car.o (L_IN_1_Write)
.\CortexM3\ARM_GCC_493\Debug\car.a(L_IN_2.o)
                              .\CortexM3\ARM_GCC_493\Debug\car.o (L_IN_2_Write)
.\CortexM3\ARM_GCC_493\Debug\car.a(R_IN_1.o)
                              .\CortexM3\ARM_GCC_493\Debug\car.o (R_IN_1_Write)
.\CortexM3\ARM_GCC_493\Debug\car.a(R_IN_2.o)
                              .\CortexM3\ARM_GCC_493\Debug\car.o (R_IN_2_Write)
.\CortexM3\ARM_GCC_493\Debug\car.a(PWM_MOTOR.o)
                              .\CortexM3\ARM_GCC_493\Debug\car.o (PWM_MOTOR_WriteCompare1)
.\CortexM3\ARM_GCC_493\Debug\car.a(Timer_1.o)
                              .\CortexM3\ARM_GCC_493\Debug\main.o (Timer_1_Start)
.\CortexM3\ARM_GCC_493\Debug\car.a(isr_timer.o)
                              .\CortexM3\ARM_GCC_493\Debug\main.o (isr_timer_Start)
.\CortexM3\ARM_GCC_493\Debug\car.a(UART_JY.o)
                              .\CortexM3\ARM_GCC_493\Debug\main.o (UART_JY_Start)
.\CortexM3\ARM_GCC_493\Debug\car.a(isr_rx_jy.o)
                              .\CortexM3\ARM_GCC_493\Debug\main.o (isr_rx_jy_Start)
.\CortexM3\ARM_GCC_493\Debug\car.a(UART_JY_IntClock.o)
                              .\CortexM3\ARM_GCC_493\Debug\car.a(UART_JY.o) (UART_JY_IntClock_Start)
.\CortexM3\ARM_GCC_493\Debug\car.a(PWM_LED_1.o)
                              .\CortexM3\ARM_GCC_493\Debug\Transfer.o (PWM_LED_1_WritePeriod)
.\CortexM3\ARM_GCC_493\Debug\car.a(PWM_LED_2.o)
                              .\CortexM3\ARM_GCC_493\Debug\Transfer.o (PWM_LED_2_WritePeriod)
.\CortexM3\ARM_GCC_493\Debug\car.a(PWM_LED_3.o)
                              .\CortexM3\ARM_GCC_493\Debug\Transfer.o (PWM_LED_3_WritePeriod)
.\CortexM3\ARM_GCC_493\Debug\car.a(ADC.o)
                              .\CortexM3\ARM_GCC_493\Debug\battery.o (ADC_Start)
.\CortexM3\ARM_GCC_493\Debug\car.a(ADC_INT.o)
                              .\CortexM3\ARM_GCC_493\Debug\car.a(ADC.o) (ADC_ISR)
.\CortexM3\ARM_GCC_493\Debug\car.a(ADC_SAR.o)
                              .\CortexM3\ARM_GCC_493\Debug\car.a(ADC.o) (ADC_SAR_shift)
.\CortexM3\ARM_GCC_493\Debug\car.a(ADC_TempBuf_dma.o)
                              .\CortexM3\ARM_GCC_493\Debug\car.a(ADC.o) (ADC_TempBuf_DmaInitialize)
.\CortexM3\ARM_GCC_493\Debug\car.a(ADC_FinalBuf_dma.o)
                              .\CortexM3\ARM_GCC_493\Debug\car.a(ADC.o) (ADC_FinalBuf_DmaInitialize)
.\CortexM3\ARM_GCC_493\Debug\car.a(ADC_IRQ.o)
                              .\CortexM3\ARM_GCC_493\Debug\car.a(ADC.o) (ADC_IRQ_SetVector)
.\CortexM3\ARM_GCC_493\Debug\car.a(CONTRAL_LIDAR.o)
                              .\CortexM3\ARM_GCC_493\Debug\main.o (CONTRAL_LIDAR_Write)
.\CortexM3\ARM_GCC_493\Debug\car.a(debug_time.o)
                              .\CortexM3\ARM_GCC_493\Debug\Lidar.o (debug_time_Write)
.\CortexM3\ARM_GCC_493\Debug\car.a(PTZ_UP_EN.o)
                              .\CortexM3\ARM_GCC_493\Debug\car.o (PTZ_UP_EN_Write)
.\CortexM3\ARM_GCC_493\Debug\car.a(PTZ_UP_STEP.o)
                              .\CortexM3\ARM_GCC_493\Debug\car.o (PTZ_UP_STEP_Write)
.\CortexM3\ARM_GCC_493\Debug\car.a(PTZ_UP_DIR.o)
                              .\CortexM3\ARM_GCC_493\Debug\car.o (PTZ_UP_DIR_Write)
.\CortexM3\ARM_GCC_493\Debug\car.a(PTZ_DOWN_EN.o)
                              .\CortexM3\ARM_GCC_493\Debug\car.o (PTZ_DOWN_EN_Write)
.\CortexM3\ARM_GCC_493\Debug\car.a(PTZ_DOWN_STEP.o)
                              .\CortexM3\ARM_GCC_493\Debug\car.o (PTZ_DOWN_STEP_Write)
.\CortexM3\ARM_GCC_493\Debug\car.a(PTZ_DOWN_DIR.o)
                              .\CortexM3\ARM_GCC_493\Debug\car.o (PTZ_DOWN_DIR_Write)
.\CortexM3\ARM_GCC_493\Debug\car.a(SRF_TRG_1.o)
[...]
Memory Configuration

Name             Origin             Length             Attributes
rom              0x00000000         0x00020000         xr
ram              0x1fffc000         0x00008000         xrw
*default*        0x00000000         0xffffffff

Linker script and memory map

LOAD c:/program files (x86)/cypress/psoc creator/3.3/psoc creator/import/gnu/arm/4.9.3/bin/../lib/gcc/arm-none-eabi/4.9.3/armv7-m/crti.o
LOAD c:/program files (x86)/cypress/psoc creator/3.3/psoc creator/import/gnu/arm/4.9.3/bin/../lib/gcc/arm-none-eabi/4.9.3/armv7-m/crtbegin.o
LOAD c:/program files (x86)/cypress/psoc creator/3.3/psoc creator/import/gnu/arm/4.9.3/bin/../lib/gcc/arm-none-eabi/4.9.3/../../../../arm-none-eabi/lib/armv7-m/crt0.o
START GROUP
LOAD .\CortexM3\ARM_GCC_493\Debug\main.o
LOAD .\CortexM3\ARM_GCC_493\Debug\Transfer.o
LOAD .\CortexM3\ARM_GCC_493\Debug\car.o
LOAD .\CortexM3\ARM_GCC_493\Debug\battery.o
LOAD .\CortexM3\ARM_GCC_493\Debug\Lidar.o
LOAD .\CortexM3\ARM_GCC_493\Debug\systemInfo.o
LOAD .\CortexM3\ARM_GCC_493\Debug\multi_timer.o
LOAD .\CortexM3\ARM_GCC_493\Debug\led.o
LOAD .\CortexM3\ARM_GCC_493\Debug\cymetadata.o
LOAD .\CortexM3\ARM_GCC_493\Debug\Cm3Start.o
LOAD .\CortexM3\ARM_GCC_493\Debug\car.a
LOAD C:\Program Files (x86)\Cypress\PSoC Creator\3.3\PSoC Creator\psoc\content\cycomponentlibrary\CyComponentLibrary.cylib\CortexM3\ARM_GCC_493\Debug\CyComponentLibrary.a
END GROUP
START GROUP
LOAD c:/program files (x86)/cypress/psoc creator/3.3/psoc creator/import/gnu/arm/4.9.3/bin/../lib/gcc/arm-none-eabi/4.9.3/armv7-m\libgcc.a
LOAD c:/program files (x86)/cypress/psoc creator/3.3/psoc creator/import/gnu/arm/4.9.3/bin/../lib/gcc/arm-none-eabi/4.9.3/../../../../arm-none-eabi/lib/armv7-m\libg_nano.a
LOAD c:/program files (x86)/cypress/psoc creator/3.3/psoc creator/import/gnu/arm/4.9.3/bin/../lib/gcc/arm-none-eabi/4.9.3/../../../../arm-none-eabi/lib/armv7-m\libc_nano.a
END GROUP
START GROUP
LOAD c:/program files (x86)/cypress/psoc creator/3.3/psoc creator/import/gnu/arm/4.9.3/bin/../lib/gcc/arm-none-eabi/4.9.3/armv7-m\libgcc.a
LOAD c:/program files (x86)/cypress/psoc creator/3.3/psoc creator/import/gnu/arm/4.9.3/bin/../lib/gcc/arm-none-eabi/4.9.3/../../../../arm-none-eabi/lib/armv7-m\libc_nano.a
END GROUP
LOAD c:/program files (x86)/cypress/psoc creator/3.3/psoc creator/import/gnu/arm/4.9.3/bin/../lib/gcc/arm-none-eabi/4.9.3/armv7-m/crtend.o
LOAD c:/program files (x86)/cypress/psoc creator/3.3/psoc creator/import/gnu/arm/4.9.3/bin/../lib/gcc/arm-none-eabi/4.9.3/armv7-m/crtn.o
START GROUP
LOAD c:/program files (x86)/cypress/psoc creator/3.3/psoc creator/import/gnu/arm/4.9.3/bin/../lib/gcc/arm-none-eabi/4.9.3/armv7-m\libgcc.a
LOAD c:/program files (x86)/cypress/psoc creator/3.3/psoc creator/import/gnu/arm/4.9.3/bin/../lib/gcc/arm-none-eabi/4.9.3/../../../../arm-none-eabi/lib/armv7-m\libc.a
LOAD c:/program files (x86)/cypress/psoc creator/3.3/psoc creator/import/gnu/arm/4.9.3/bin/../lib/gcc/arm-none-eabi/4.9.3/../../../../arm-none-eabi/lib/armv7-m\libnosys.a
END GROUP
                0x00000000                CY_APPL_ORIGIN = 0x0
                0x00000100                CY_FLASH_ROW_SIZE = 0x100
                0x00000020                CY_ECC_ROW_SIZE = 0x20
                0x00000000                CY_EE_IN_BTLDR = 0x0
                0x00000000                CY_APPL_LOADABLE = 0x0
                0x00000800                CY_EE_SIZE = 0x800
                0x00000001                CY_APPL_NUM = 0x1
                0x00000001                CY_APPL_MAX = 0x1
                0x00000040                CY_METADATA_SIZE = 0x40
                0x00000000                CY_APPL_LOADABLE = 0x0
                0x00000000                CY_CHECKSUM_EXCLUDE_SIZE = ALIGN (0x0, CY_FLASH_ROW_SIZE)
                0x1fffeab8                PROVIDE (__cy_heap_start, _end)
                0x00000001                PROVIDE (__cy_region_num, ((__cy_regions_end - __cy_regions) / 0x10))
                0x20004000                PROVIDE (__cy_stack, (ORIGIN (ram) + 0x8000))
                0x20003800                PROVIDE (__cy_heap_end, (__cy_stack - 0x800))

.cybootloader   0x00000000        0x0
 *(.cybootloader)
                0x00000000                appl1_start = CY_APPL_ORIGIN?CY_APPL_ORIGIN:ALIGN (CY_FLASH_ROW_SIZE)
                0x0000ff00                appl2_start = (appl1_start + ALIGN ((((0x20000 - appl1_start) - (0x2 * CY_FLASH_ROW_SIZE)) / 0x2), CY_FLASH_ROW_SIZE))
                0x00000000                appl_start = (CY_APPL_NUM == 0x1)?appl1_start:appl2_start
                0x00000000                ecc_offset = ((appl_start / CY_FLASH_ROW_SIZE) * CY_ECC_ROW_SIZE)
                0x00000000                ee_offset = (CY_APPL_LOADABLE && ! (CY_EE_IN_BTLDR))?((CY_EE_SIZE / CY_APPL_MAX) * (CY_APPL_NUM - 0x1)):0x0
                0x00000800                ee_size = (CY_APPL_LOADABLE && ! (CY_EE_IN_BTLDR))?(CY_EE_SIZE / CY_APPL_MAX):CY_EE_SIZE
                0x00000000                PROVIDE (CY_ECC_OFFSET, ecc_offset)

.text           0x00000000     0x36b2
 CREATE_OBJECT_SYMBOLS
                0x00000000                PROVIDE (__cy_interrupt_vector, RomVectors)
 *(.romvectors)
 .romvectors    0x00000000       0x10 .\CortexM3\ARM_GCC_493\Debug\Cm3Start.o
                0x00000000                RomVectors
                0x00000001                ASSERT ((. != __cy_interrupt_vector), No interrupt vector)
                0x00000001                ASSERT (CY_APPL_ORIGIN?(SIZEOF (.cybootloader) <= CY_APPL_ORIGIN):0x1, Wrong image location)
                0x00000010                PROVIDE (__cy_reset, Reset)
 *(.text.Reset)
 .text.Reset    0x00000010       0x18 .\CortexM3\ARM_GCC_493\Debug\Cm3Start.o
                0x00000010                Reset
                0x00000001                ASSERT ((. != __cy_reset), No reset code)
 *(.dma_init)
                0x00000001                ASSERT ((((appl_start + .) <= 0x10000) || 0x1), DMA Init must be within the first 64k of flash)
 *(.text .text.* .gnu.linkonce.t.*)
 .text          0x00000028       0x5c c:/program files (x86)/cypress/psoc creator/3.3/psoc creator/import/gnu/arm/4.9.3/bin/../lib/gcc/arm-none-eabi/4.9.3/armv7-m/crtbegin.o
 .text.SRF_loop
                0x00000084       0x30 .\CortexM3\ARM_GCC_493\Debug\main.o
                0x00000084                SRF_loop
 .text.main     0x000000b4      0x160 .\CortexM3\ARM_GCC_493\Debug\main.o
                0x000000b4                main
 .text.DT_Send_Data
                0x00000214        0x8 .\CortexM3\ARM_GCC_493\Debug\Transfer.o
                0x00000214                DT_Send_Data
 .text.DT_Send_Check
                0x0000021c       0x3c .\CortexM3\ARM_GCC_493\Debug\Transfer.o
 .text.DT_Data_Receive_Anl
                0x00000258      0x1b0 .\CortexM3\ARM_GCC_493\Debug\Transfer.o
                0x00000258                DT_Data_Receive_Anl
 .text.DT_Data_Receive_Prepare
                0x00000408       0xac .\CortexM3\ARM_GCC_493\Debug\Transfer.o
                0x00000408                DT_Data_Receive_Prepare
 .text.DT_Send_SystemInfo
                0x000004b4       0x70 .\CortexM3\ARM_GCC_493\Debug\Transfer.o
                0x000004b4                DT_Send_SystemInfo
 .text.DT_Send_Status
                0x00000524       0x54 .\CortexM3\ARM_GCC_493\Debug\Transfer.o
                0x00000524                DT_Send_Status
 .text.DT_Send_Senser
                0x00000578       0xb8 .\CortexM3\ARM_GCC_493\Debug\Transfer.o
                0x00000578                DT_Send_Senser
 .text.DT_Send_Distance
                0x00000630       0x50 .\CortexM3\ARM_GCC_493\Debug\Transfer.o
                0x00000630                DT_Send_Distance
 .text.DT_Send_Power
                0x00000680       0x4c .\CortexM3\ARM_GCC_493\Debug\Transfer.o
                0x00000680                DT_Send_Power
 .text.DT_Data_Exchange
                0x000006cc      0x210 .\CortexM3\ARM_GCC_493\Debug\Transfer.o
                0x000006cc                DT_Data_Exchange
 .text.ptz_control
                0x000008dc       0x80 .\CortexM3\ARM_GCC_493\Debug\car.o
 .text.Set_Left_Front_Speed_Turn
                0x0000095c       0x38 .\CortexM3\ARM_GCC_493\Debug\car.o
 .text.Set_Left_Behind_Speed_Turn
                0x00000994       0x38 .\CortexM3\ARM_GCC_493\Debug\car.o
 .text.Set_Right_Behind_Speed_Turn
                0x000009cc       0x38 .\CortexM3\ARM_GCC_493\Debug\car.o
 .text.Command_Car_UP
                0x00000a04       0x24 .\CortexM3\ARM_GCC_493\Debug\car.o
 .text.Command_Car_Down
                0x00000a28       0x24 .\CortexM3\ARM_GCC_493\Debug\car.o
 .text.Car_init
                0x00000a4c       0x48 .\CortexM3\ARM_GCC_493\Debug\car.o
                0x00000a4c                Car_init
 .text.Car_Hearting_Loop
                0x00000a94       0x24 .\CortexM3\ARM_GCC_493\Debug\car.o
                0x00000a94                Car_Hearting_Loop
 .text.Car_PTZ_DIR
                0x00000ab8       0x60 .\CortexM3\ARM_GCC_493\Debug\car.o
                0x00000ab8                Car_PTZ_DIR
 .text.Command_Car_Left
                0x00000b18       0x28 .\CortexM3\ARM_GCC_493\Debug\car.o
                0x00000b18                Command_Car_Left
 .text.Command_Car_Right
                0x00000b40       0x28 .\CortexM3\ARM_GCC_493\Debug\car.o
                0x00000b40                Command_Car_Right
 .text.Command_Car_brake
                0x00000b68       0x24 .\CortexM3\ARM_GCC_493\Debug\car.o
                0x00000b68                Command_Car_brake
 .text.Car_Dir  0x00000b8c       0x4c .\CortexM3\ARM_GCC_493\Debug\car.o
                0x00000b8c                Car_Dir
 .text.Car_Control_Loop
                0x00000bd8       0x5c .\CortexM3\ARM_GCC_493\Debug\car.o
                0x00000bd8                Car_Control_Loop
 .text.Monitor_Battery_Init
                0x00000c34        0xc .\CortexM3\ARM_GCC_493\Debug\battery.o
                0x00000c34                Monitor_Battery_Init
 .text.Get_Battery_ADvalue
                0x00000c40       0x4c .\CortexM3\ARM_GCC_493\Debug\battery.o
                0x00000c40                Get_Battery_ADvalue
 .text.Cal_Battery_loop
                0x00000c8c       0x20 .\CortexM3\ARM_GCC_493\Debug\battery.o
                0x00000c8c                Cal_Battery_loop
 .text.Lidar_init
                0x00000cac       0x20 .\CortexM3\ARM_GCC_493\Debug\Lidar.o
                0x00000cac                Lidar_init
 .text.SystemInfo_Init
                0x00000ccc       0x38 .\CortexM3\ARM_GCC_493\Debug\systemInfo.o
                0x00000ccc                SystemInfo_Init
 .text.Cal_time
                0x00000d04       0x28 .\CortexM3\ARM_GCC_493\Debug\systemInfo.o
                0x00000d04                Cal_time
 .text.timer_init
                0x00000d2c       0x14 .\CortexM3\ARM_GCC_493\Debug\multi_timer.o
                0x00000d2c                timer_init
 .text.timer_start
                0x00000d40       0x28 .\CortexM3\ARM_GCC_493\Debug\multi_timer.o
                0x00000d40                timer_start
 .text.timer_stop
                0x00000d68       0x20 .\CortexM3\ARM_GCC_493\Debug\multi_timer.o
                0x00000d68                timer_stop
 .text.timer_loop
                0x00000d88       0x34 .\CortexM3\ARM_GCC_493\Debug\multi_timer.o
                0x00000d88                timer_loop
 .text.timer_ticks
                0x00000dbc       0x10 .\CortexM3\ARM_GCC_493\Debug\multi_timer.o
                0x00000dbc                timer_ticks
 .text.LED_SET_NUM
                0x00000dcc        0xc .\CortexM3\ARM_GCC_493\Debug\led.o
                0x00000dcc                LED_SET_NUM
 .text.LED_loop
                0x00000dd8       0x90 .\CortexM3\ARM_GCC_493\Debug\led.o
                0x00000dd8                LED_loop
 .text.IntDefaultHandler
                0x00000e68        0x4 .\CortexM3\ARM_GCC_493\Debug\Cm3Start.o
                0x00000e68                IntDefaultHandler
 .text.Start_c  0x00000e6c       0x4c .\CortexM3\ARM_GCC_493\Debug\Cm3Start.o
                0x00000e6c                Start_c
 .text.initialize_psoc
                0x00000eb8       0x78 .\CortexM3\ARM_GCC_493\Debug\Cm3Start.o
                0x00000eb8                initialize_psoc
 .text.cfg_write_bytes32
                0x00000f30       0x34 .\CortexM3\ARM_GCC_493\Debug\car.a(cyfitter_cfg.o)
 .text.AnalogSetDefault
                0x00000f64       0x7c .\CortexM3\ARM_GCC_493\Debug\car.a(cyfitter_cfg.o)
 .text.CYMEMZERO
                0x00000fe0        0xc .\CortexM3\ARM_GCC_493\Debug\car.a(cyfitter_cfg.o)
 .text.ClockSetup
                0x00000fec       0xe4 .\CortexM3\ARM_GCC_493\Debug\car.a(cyfitter_cfg.o)
 .text.CYCONFIGCPY
                0x000010d0        0x8 .\CortexM3\ARM_GCC_493\Debug\car.a(cyfitter_cfg.o)
 .text.cyfitter_cfg
                0x000010d8      0x198 .\CortexM3\ARM_GCC_493\Debug\car.a(cyfitter_cfg.o)
                0x000010d8                cyfitter_cfg
 .text          0x00001270       0x20 .\CortexM3\ARM_GCC_493\Debug\car.a(CyBootAsmGnu.o)
                0x00001270                CyDelayCycles
                0x00001280                CyEnterCriticalSection
                0x00001288                CyExitCriticalSection
 .text.CyDmacConfigure
                0x00001290       0x34 .\CortexM3\ARM_GCC_493\Debug\car.a(CyDmac.o)
                0x00001290                CyDmacConfigure
 .text.CyDmaChEnable
                0x000012c4       0x38 .\CortexM3\ARM_GCC_493\Debug\car.a(CyDmac.o)
                0x000012c4                CyDmaChEnable
 .text.CyDmaClearPendingDrq
                0x000012fc       0x28 .\CortexM3\ARM_GCC_493\Debug\car.a(CyDmac.o)
                0x000012fc                CyDmaClearPendingDrq
 .text.CyDmaChPriority
                0x00001324       0x24 .\CortexM3\ARM_GCC_493\Debug\car.a(CyDmac.o)
                0x00001324                CyDmaChPriority
 .text.CyDmaChSetExtendedAddress
                0x00001348       0x34 .\CortexM3\ARM_GCC_493\Debug\car.a(CyDmac.o)
                0x00001348                CyDmaChSetExtendedAddress
 .text.CyDmaChSetInitialTd
                0x0000137c       0x18 .\CortexM3\ARM_GCC_493\Debug\car.a(CyDmac.o)
                0x0000137c                CyDmaChSetInitialTd
 .text.CyDmaChSetConfiguration
                0x00001394       0x48 .\CortexM3\ARM_GCC_493\Debug\car.a(CyDmac.o)
                0x00001394                CyDmaChSetConfiguration
 .text.CyDmaTdAllocate
                0x000013dc       0x34 .\CortexM3\ARM_GCC_493\Debug\car.a(CyDmac.o)
                0x000013dc                CyDmaTdAllocate
 .text.CyDmaTdSetConfiguration
                0x00001410       0x28 .\CortexM3\ARM_GCC_493\Debug\car.a(CyDmac.o)
                0x00001410                CyDmaTdSetConfiguration
 .text.CyDmaTdSetAddress
                0x00001438       0x1c .\CortexM3\ARM_GCC_493\Debug\car.a(CyDmac.o)
                0x00001438                CyDmaTdSetAddress
 .text.CyHalt   0x00001454        0x4 .\CortexM3\ARM_GCC_493\Debug\car.a(CyLib.o)
                0x00001454                CyHalt
 .text.CyDelay  0x00001458       0x2c .\CortexM3\ARM_GCC_493\Debug\car.a(CyLib.o)
                0x00001458                CyDelay
 .text.CyDelayUs
                0x00001484       0x14 .\CortexM3\ARM_GCC_493\Debug\car.a(CyLib.o)
                0x00001484                CyDelayUs
 .text.UART_net_Init
                0x00001498       0x24 .\CortexM3\ARM_GCC_493\Debug\car.a(UART_net.o)
                0x00001498                UART_net_Init
 .text.UART_net_Enable
                0x000014bc       0x38 .\CortexM3\ARM_GCC_493\Debug\car.a(UART_net.o)
                0x000014bc                UART_net_Enable
 .text.UART_net_Start
                0x000014f4       0x1c .\CortexM3\ARM_GCC_493\Debug\car.a(UART_net.o)
                0x000014f4                UART_net_Start
 .text.UART_net_GetChar
                0x00001510       0x2c .\CortexM3\ARM_GCC_493\Debug\car.a(UART_net.o)
                0x00001510                UART_net_GetChar
 .text.UART_net_PutChar
                0x0000153c       0x18 .\CortexM3\ARM_GCC_493\Debug\car.a(UART_net.o)
                0x0000153c                UART_net_PutChar
 .text.UART_net_PutArray
                0x00001554       0x28 .\CortexM3\ARM_GCC_493\Debug\car.a(UART_net.o)
                0x00001554                UART_net_PutArray
 .text.UART_net_IntClock_Start
                0x0000157c       0x1c .\CortexM3\ARM_GCC_493\Debug\car.a(UART_net_IntClock.o)
                0x0000157c                UART_net_IntClock_Start
 .text.isr_tx_net_Interrupt
                0x00001598        0x4 .\CortexM3\ARM_GCC_493\Debug\car.a(isr_tx_net.o)
                0x00001598                isr_tx_net_Interrupt
 .text.isr_tx_net_SetVector
                0x0000159c        0xc .\CortexM3\ARM_GCC_493\Debug\car.a(isr_tx_net.o)
                0x0000159c                isr_tx_net_SetVector
 .text.isr_tx_net_SetPriority
                0x000015a8       0x10 .\CortexM3\ARM_GCC_493\Debug\car.a(isr_tx_net.o)
                0x000015a8                isr_tx_net_SetPriority
 .text.isr_tx_net_Enable
                0x000015b8        0xc .\CortexM3\ARM_GCC_493\Debug\car.a(isr_tx_net.o)
                0x000015b8                isr_tx_net_Enable
 .text.isr_tx_net_Disable
                0x000015c4        0xc .\CortexM3\ARM_GCC_493\Debug\car.a(isr_tx_net.o)
                0x000015c4                isr_tx_net_Disable
 .text.isr_tx_net_Start
                0x000015d0       0x1c .\CortexM3\ARM_GCC_493\Debug\car.a(isr_tx_net.o)
                0x000015d0                isr_tx_net_Start
 .text.isr_rx_net_Interrupt
                0x000015ec        0xc .\CortexM3\ARM_GCC_493\Debug\car.a(isr_rx_net.o)
                0x000015ec                isr_rx_net_Interrupt
 .text.isr_rx_net_SetVector
                0x000015f8        0xc .\CortexM3\ARM_GCC_493\Debug\car.a(isr_rx_net.o)
                0x000015f8                isr_rx_net_SetVector
 .text.isr_rx_net_SetPriority
                0x00001604       0x10 .\CortexM3\ARM_GCC_493\Debug\car.a(isr_rx_net.o)
                0x00001604                isr_rx_net_SetPriority
 .text.isr_rx_net_Enable
                0x00001614        0xc .\CortexM3\ARM_GCC_493\Debug\car.a(isr_rx_net.o)
                0x00001614                isr_rx_net_Enable
 .text.isr_rx_net_Disable
                0x00001620        0xc .\CortexM3\ARM_GCC_493\Debug\car.a(isr_rx_net.o)
                0x00001620                isr_rx_net_Disable
 .text.isr_rx_net_Start
                0x0000162c       0x1c .\CortexM3\ARM_GCC_493\Debug\car.a(isr_rx_net.o)
                0x0000162c                isr_rx_net_Start
 .text.L_IN_1_Write
                0x00001648       0x18 .\CortexM3\ARM_GCC_493\Debug\car.a(L_IN_1.o)
                0x00001648                L_IN_1_Write
 .text.L_IN_2_Write
                0x00001660       0x18 .\CortexM3\ARM_GCC_493\Debug\car.a(L_IN_2.o)
                0x00001660                L_IN_2_Write
 .text.R_IN_1_Write
                0x00001678       0x18 .\CortexM3\ARM_GCC_493\Debug\car.a(R_IN_1.o)
                0x00001678                R_IN_1_Write
 .text.R_IN_2_Write
                0x00001690       0x18 .\CortexM3\ARM_GCC_493\Debug\car.a(R_IN_2.o)
                0x00001690                R_IN_2_Write
 .text.PWM_MOTOR_Enable
                0x000016a8       0x10 .\CortexM3\ARM_GCC_493\Debug\car.a(PWM_MOTOR.o)
                0x000016a8                PWM_MOTOR_Enable
 .text.PWM_MOTOR_WriteCounter
                0x000016b8        0xc .\CortexM3\ARM_GCC_493\Debug\car.a(PWM_MOTOR.o)
                0x000016b8                PWM_MOTOR_WriteCounter
 .text.PWM_MOTOR_WritePeriod
                0x000016c4        0xc .\CortexM3\ARM_GCC_493\Debug\car.a(PWM_MOTOR.o)
                0x000016c4                PWM_MOTOR_WritePeriod
 .text.PWM_MOTOR_WriteCompare1
                0x000016d0        0xc .\CortexM3\ARM_GCC_493\Debug\car.a(PWM_MOTOR.o)
                0x000016d0                PWM_MOTOR_WriteCompare1
 .text.PWM_MOTOR_WriteCompare2
                0x000016dc        0xc .\CortexM3\ARM_GCC_493\Debug\car.a(PWM_MOTOR.o)
                0x000016dc                PWM_MOTOR_WriteCompare2
 .text.PWM_MOTOR_Init
                0x000016e8       0x48 .\CortexM3\ARM_GCC_493\Debug\car.a(PWM_MOTOR.o)
                0x000016e8                PWM_MOTOR_Init
 .text.PWM_MOTOR_Start
                0x00001730       0x1c .\CortexM3\ARM_GCC_493\Debug\car.a(PWM_MOTOR.o)
                0x00001730                PWM_MOTOR_Start
 .text.Timer_1_Enable
                0x0000174c       0x10 .\CortexM3\ARM_GCC_493\Debug\car.a(Timer_1.o)
                0x0000174c                Timer_1_Enable
 .text.Timer_1_SetInterruptMode
                0x0000175c        0xc .\CortexM3\ARM_GCC_493\Debug\car.a(Timer_1.o)
                0x0000175c                Timer_1_SetInterruptMode
 .text.Timer_1_ReadStatusRegister
                0x00001768        0xc .\CortexM3\ARM_GCC_493\Debug\car.a(Timer_1.o)
                0x00001768                Timer_1_ReadStatusRegister
 .text.Timer_1_WritePeriod
                0x00001774        0xc .\CortexM3\ARM_GCC_493\Debug\car.a(Timer_1.o)
                0x00001774                Timer_1_WritePeriod
 .text.Timer_1_ReadCapture
                0x00001780        0xc .\CortexM3\ARM_GCC_493\Debug\car.a(Timer_1.o)
                0x00001780                Timer_1_ReadCapture
 .text.Timer_1_WriteCounter
                0x0000178c        0xc .\CortexM3\ARM_GCC_493\Debug\car.a(Timer_1.o)
                0x0000178c                Timer_1_WriteCounter
 .text.Timer_1_ClearFIFO
                0x00001798       0x14 .\CortexM3\ARM_GCC_493\Debug\car.a(Timer_1.o)
                0x00001798                Timer_1_ClearFIFO
 .text.Timer_1_Init
                0x000017ac       0x34 .\CortexM3\ARM_GCC_493\Debug\car.a(Timer_1.o)
                0x000017ac                Timer_1_Init
 .text.Timer_1_Start
                0x000017e0       0x1c .\CortexM3\ARM_GCC_493\Debug\car.a(Timer_1.o)
                0x000017e0                Timer_1_Start
 .text.isr_timer_Interrupt
                0x000017fc       0x94 .\CortexM3\ARM_GCC_493\Debug\car.a(isr_timer.o)
                0x000017fc                isr_timer_Interrupt
 .text.isr_timer_SetVector
                0x00001890        0xc .\CortexM3\ARM_GCC_493\Debug\car.a(isr_timer.o)
                0x00001890                isr_timer_SetVector
 .text.isr_timer_SetPriority
                0x0000189c       0x10 .\CortexM3\ARM_GCC_493\Debug\car.a(isr_timer.o)
                0x0000189c                isr_timer_SetPriority
 .text.isr_timer_Enable
                0x000018ac        0xc .\CortexM3\ARM_GCC_493\Debug\car.a(isr_timer.o)
                0x000018ac                isr_timer_Enable
 .text.isr_timer_Disable
                0x000018b8        0xc .\CortexM3\ARM_GCC_493\Debug\car.a(isr_timer.o)
                0x000018b8                isr_timer_Disable
 .text.isr_timer_Start
                0x000018c4       0x1c .\CortexM3\ARM_GCC_493\Debug\car.a(isr_timer.o)
                0x000018c4                isr_timer_Start
 .text.UART_JY_Init
                0x000018e0       0x14 .\CortexM3\ARM_GCC_493\Debug\car.a(UART_JY.o)
                0x000018e0                UART_JY_Init
 .text.UART_JY_Enable
                0x000018f4       0x2c .\CortexM3\ARM_GCC_493\Debug\car.a(UART_JY.o)
                0x000018f4                UART_JY_Enable
 .text.UART_JY_Start
                0x00001920       0x1c .\CortexM3\ARM_GCC_493\Debug\car.a(UART_JY.o)
                0x00001920                UART_JY_Start
 .text.UART_JY_GetChar
                0x0000193c       0x2c .\CortexM3\ARM_GCC_493\Debug\car.a(UART_JY.o)
                0x0000193c                UART_JY_GetChar
 .text.isr_rx_jy_Interrupt
                0x00001968       0xd4 .\CortexM3\ARM_GCC_493\Debug\car.a(isr_rx_jy.o)
                0x00001968                isr_rx_jy_Interrupt
 .text.isr_rx_jy_SetVector
                0x00001a3c        0xc .\CortexM3\ARM_GCC_493\Debug\car.a(isr_rx_jy.o)
                0x00001a3c                isr_rx_jy_SetVector
 .text.isr_rx_jy_SetPriority
                0x00001a48       0x10 .\CortexM3\ARM_GCC_493\Debug\car.a(isr_rx_jy.o)
                0x00001a48                isr_rx_jy_SetPriority
 .text.isr_rx_jy_Enable
                0x00001a58        0xc .\CortexM3\ARM_GCC_493\Debug\car.a(isr_rx_jy.o)
                0x00001a58                isr_rx_jy_Enable
 .text.isr_rx_jy_Disable
                0x00001a64        0xc .\CortexM3\ARM_GCC_493\Debug\car.a(isr_rx_jy.o)
                0x00001a64                isr_rx_jy_Disable
 .text.isr_rx_jy_Start
                0x00001a70       0x1c .\CortexM3\ARM_GCC_493\Debug\car.a(isr_rx_jy.o)
                0x00001a70                isr_rx_jy_Start
 .text.UART_JY_IntClock_Start
                0x00001a8c       0x1c .\CortexM3\ARM_GCC_493\Debug\car.a(UART_JY_IntClock.o)
                0x00001a8c                UART_JY_IntClock_Start
 .text.PWM_LED_1_Enable
                0x00001aa8       0x28 .\CortexM3\ARM_GCC_493\Debug\car.a(PWM_LED_1.o)
                0x00001aa8                PWM_LED_1_Enable
 .text.PWM_LED_1_WritePeriod
                0x00001ad0        0xc .\CortexM3\ARM_GCC_493\Debug\car.a(PWM_LED_1.o)
                0x00001ad0                PWM_LED_1_WritePeriod
 .text.PWM_LED_1_WriteCompare
                0x00001adc        0xc .\CortexM3\ARM_GCC_493\Debug\car.a(PWM_LED_1.o)
                0x00001adc                PWM_LED_1_WriteCompare
 .text.PWM_LED_1_SetInterruptMode
                0x00001ae8        0xc .\CortexM3\ARM_GCC_493\Debug\car.a(PWM_LED_1.o)
                0x00001ae8                PWM_LED_1_SetInterruptMode
 .text.PWM_LED_1_Init
                0x00001af4       0x78 .\CortexM3\ARM_GCC_493\Debug\car.a(PWM_LED_1.o)
                0x00001af4                PWM_LED_1_Init
 .text.PWM_LED_1_Start
                0x00001b6c       0x1c .\CortexM3\ARM_GCC_493\Debug\car.a(PWM_LED_1.o)
                0x00001b6c                PWM_LED_1_Start
 .text.PWM_LED_1_ReadPeriod
                0x00001b88        0xc .\CortexM3\ARM_GCC_493\Debug\car.a(PWM_LED_1.o)
                0x00001b88                PWM_LED_1_ReadPeriod
 .text.PWM_LED_2_Enable
                0x00001b94       0x28 .\CortexM3\ARM_GCC_493\Debug\car.a(PWM_LED_2.o)
                0x00001b94                PWM_LED_2_Enable
 .text.PWM_LED_2_WritePeriod
                0x00001bbc        0xc .\CortexM3\ARM_GCC_493\Debug\car.a(PWM_LED_2.o)
                0x00001bbc                PWM_LED_2_WritePeriod
 .text.PWM_LED_2_WriteCompare
                0x00001bc8        0xc .\CortexM3\ARM_GCC_493\Debug\car.a(PWM_LED_2.o)
                0x00001bc8                PWM_LED_2_WriteCompare
 .text.PWM_LED_2_SetInterruptMode
                0x00001bd4        0xc .\CortexM3\ARM_GCC_493\Debug\car.a(PWM_LED_2.o)
                0x00001bd4                PWM_LED_2_SetInterruptMode
 .text.PWM_LED_2_Init
                0x00001be0       0x78 .\CortexM3\ARM_GCC_493\Debug\car.a(PWM_LED_2.o)
                0x00001be0                PWM_LED_2_Init
 .text.PWM_LED_2_Start
                0x00001c58       0x1c .\CortexM3\ARM_GCC_493\Debug\car.a(PWM_LED_2.o)
                0x00001c58                PWM_LED_2_Start
 .text.PWM_LED_3_Enable
                0x00001c74       0x28 .\CortexM3\ARM_GCC_493\Debug\car.a(PWM_LED_3.o)
                0x00001c74                PWM_LED_3_Enable
 .text.PWM_LED_3_WritePeriod
                0x00001c9c        0xc .\CortexM3\ARM_GCC_493\Debug\car.a(PWM_LED_3.o)
                0x00001c9c                PWM_LED_3_WritePeriod
 .text.PWM_LED_3_WriteCompare
                0x00001ca8        0xc .\CortexM3\ARM_GCC_493\Debug\car.a(PWM_LED_3.o)
                0x00001ca8                PWM_LED_3_WriteCompare
 .text.PWM_LED_3_SetInterruptMode
                0x00001cb4        0xc .\CortexM3\ARM_GCC_493\Debug\car.a(PWM_LED_3.o)
                0x00001cb4                PWM_LED_3_SetInterruptMode
 .text.PWM_LED_3_Init
                0x00001cc0       0x78 .\CortexM3\ARM_GCC_493\Debug\car.a(PWM_LED_3.o)
                0x00001cc0                PWM_LED_3_Init
 .text.PWM_LED_3_Start
                0x00001d38       0x1c .\CortexM3\ARM_GCC_493\Debug\car.a(PWM_LED_3.o)
                0x00001d38                PWM_LED_3_Start
 .text.ADC_Init
                0x00001d54       0x3c .\CortexM3\ARM_GCC_493\Debug\car.a(ADC.o)
                0x00001d54                ADC_Init
 .text.ADC_Enable
                0x00001d90       0xcc .\CortexM3\ARM_GCC_493\Debug\car.a(ADC.o)
                0x00001d90                ADC_Enable
 .text.ADC_Start
                0x00001e5c       0x28 .\CortexM3\ARM_GCC_493\Debug\car.a(ADC.o)
                0x00001e5c                ADC_Start
 .text.ADC_StartConvert
                0x00001e84        0x8 .\CortexM3\ARM_GCC_493\Debug\car.a(ADC.o)
                0x00001e84                ADC_StartConvert
 .text.ADC_GetResult16
                0x00001e8c       0x1c .\CortexM3\ARM_GCC_493\Debug\car.a(ADC.o)
                0x00001e8c                ADC_GetResult16
 .text.ADC_ISR  0x00001ea8        0x4 .\CortexM3\ARM_GCC_493\Debug\car.a(ADC_INT.o)
                0x00001ea8                ADC_ISR
 .text.ADC_SAR_CalcGain
                0x00001eac       0x64 .\CortexM3\ARM_GCC_493\Debug\car.a(ADC_SAR.o)
 .text.ADC_SAR_Enable
                0x00001f10       0x78 .\CortexM3\ARM_GCC_493\Debug\car.a(ADC_SAR.o)
                0x00001f10                ADC_SAR_Enable
 .text.ADC_SAR_SetResolution
                0x00001f88       0x38 .\CortexM3\ARM_GCC_493\Debug\car.a(ADC_SAR.o)
                0x00001f88                ADC_SAR_SetResolution
 .text.ADC_SAR_Init
                0x00001fc0       0x24 .\CortexM3\ARM_GCC_493\Debug\car.a(ADC_SAR.o)
                0x00001fc0                ADC_SAR_Init
 .text.ADC_SAR_Start
                0x00001fe4       0x1c .\CortexM3\ARM_GCC_493\Debug\car.a(ADC_SAR.o)
                0x00001fe4                ADC_SAR_Start
 .text.ADC_SAR_StartConvert
                0x00002000       0x10 .\CortexM3\ARM_GCC_493\Debug\car.a(ADC_SAR.o)
                0x00002000                ADC_SAR_StartConvert
 .text.ADC_TempBuf_DmaInitialize
                0x00002010       0x40 .\CortexM3\ARM_GCC_493\Debug\car.a(ADC_TempBuf_dma.o)
                0x00002010                ADC_TempBuf_DmaInitialize
 .text.ADC_FinalBuf_DmaInitialize
                0x00002050       0x3c .\CortexM3\ARM_GCC_493\Debug\car.a(ADC_FinalBuf_dma.o)
                0x00002050                ADC_FinalBuf_DmaInitialize
 .text.ADC_IRQ_SetVector
                0x0000208c        0xc .\CortexM3\ARM_GCC_493\Debug\car.a(ADC_IRQ.o)
                0x0000208c                ADC_IRQ_SetVector
 .text.ADC_IRQ_SetPriority
                0x00002098       0x10 .\CortexM3\ARM_GCC_493\Debug\car.a(ADC_IRQ.o)
                0x00002098                ADC_IRQ_SetPriority
 .text.CONTRAL_LIDAR_Write
                0x000020a8       0x18 .\CortexM3\ARM_GCC_493\Debug\car.a(CONTRAL_LIDAR.o)
                0x000020a8                CONTRAL_LIDAR_Write
 .text.PTZ_UP_EN_Write
                0x000020c0       0x18 .\CortexM3\ARM_GCC_493\Debug\car.a(PTZ_UP_EN.o)
                0x000020c0                PTZ_UP_EN_Write
 .text.PTZ_UP_STEP_Write
                0x000020d8       0x18 .\CortexM3\ARM_GCC_493\Debug\car.a(PTZ_UP_STEP.o)
                0x000020d8                PTZ_UP_STEP_Write
 .text.PTZ_UP_DIR_Write
                0x000020f0       0x18 .\CortexM3\ARM_GCC_493\Debug\car.a(PTZ_UP_DIR.o)
                0x000020f0                PTZ_UP_DIR_Write
 .text.PTZ_DOWN_EN_Write
                0x00002108       0x18 .\CortexM3\ARM_GCC_493\Debug\car.a(PTZ_DOWN_EN.o)
                0x00002108                PTZ_DOWN_EN_Write
 .text.PTZ_DOWN_STEP_Write
                0x00002120       0x18 .\CortexM3\ARM_GCC_493\Debug\car.a(PTZ_DOWN_STEP.o)
                0x00002120                PTZ_DOWN_STEP_Write
 .text.PTZ_DOWN_DIR_Write
                0x00002138       0x18 .\CortexM3\ARM_GCC_493\Debug\car.a(PTZ_DOWN_DIR.o)
                0x00002138                PTZ_DOWN_DIR_Write
 .text.SRF_TRG_1_Write
                0x00002150       0x18 .\CortexM3\ARM_GCC_493\Debug\car.a(SRF_TRG_1.o)
                0x00002150                SRF_TRG_1_Write
 .text.SRF_05_Timer_Enable
                0x00002168       0x10 .\CortexM3\ARM_GCC_493\Debug\car.a(SRF_05_Timer.o)
                0x00002168                SRF_05_Timer_Enable
 .text.SRF_05_Timer_SetInterruptMode
                0x00002178        0xc .\CortexM3\ARM_GCC_493\Debug\car.a(SRF_05_Timer.o)
                0x00002178                SRF_05_Timer_SetInterruptMode
 .text.SRF_05_Timer_ReadStatusRegister
                0x00002184        0xc .\CortexM3\ARM_GCC_493\Debug\car.a(SRF_05_Timer.o)
                0x00002184                SRF_05_Timer_ReadStatusRegister
 .text.SRF_05_Timer_WritePeriod
                0x00002190        0xc .\CortexM3\ARM_GCC_493\Debug\car.a(SRF_05_Timer.o)
                0x00002190                SRF_05_Timer_WritePeriod
 .text.SRF_05_Timer_ReadCapture
                0x0000219c        0xc .\CortexM3\ARM_GCC_493\Debug\car.a(SRF_05_Timer.o)
                0x0000219c                SRF_05_Timer_ReadCapture
 .text.SRF_05_Timer_WriteCounter
                0x000021a8        0xc .\CortexM3\ARM_GCC_493\Debug\car.a(SRF_05_Timer.o)
                0x000021a8                SRF_05_Timer_WriteCounter
 .text.SRF_05_Timer_SetInterruptCount
                0x000021b4       0x1c .\CortexM3\ARM_GCC_493\Debug\car.a(SRF_05_Timer.o)
                0x000021b4                SRF_05_Timer_SetInterruptCount
 .text.SRF_05_Timer_ClearFIFO
                0x000021d0       0x14 .\CortexM3\ARM_GCC_493\Debug\car.a(SRF_05_Timer.o)
                0x000021d0                SRF_05_Timer_ClearFIFO
 .text.SRF_05_Timer_Init
                0x000021e4       0x3c .\CortexM3\ARM_GCC_493\Debug\car.a(SRF_05_Timer.o)
                0x000021e4                SRF_05_Timer_Init
 .text.SRF_05_Timer_Start
                0x00002220       0x1c .\CortexM3\ARM_GCC_493\Debug\car.a(SRF_05_Timer.o)
                0x00002220                SRF_05_Timer_Start
 .text.isr_srf_front_Interrupt
                0x0000223c       0x64 .\CortexM3\ARM_GCC_493\Debug\car.a(isr_srf_front.o)
                0x0000223c                isr_srf_front_Interrupt
 .text.isr_srf_front_SetVector
                0x000022a0        0xc .\CortexM3\ARM_GCC_493\Debug\car.a(isr_srf_front.o)
                0x000022a0                isr_srf_front_SetVector
 .text.isr_srf_front_SetPriority
                0x000022ac       0x10 .\CortexM3\ARM_GCC_493\Debug\car.a(isr_srf_front.o)
                0x000022ac                isr_srf_front_SetPriority
 .text.isr_srf_front_Enable
                0x000022bc        0xc .\CortexM3\ARM_GCC_493\Debug\car.a(isr_srf_front.o)
                0x000022bc                isr_srf_front_Enable
 .text.isr_srf_front_Disable
                0x000022c8        0xc .\CortexM3\ARM_GCC_493\Debug\car.a(isr_srf_front.o)
                0x000022c8                isr_srf_front_Disable
 .text.isr_srf_front_Start
                0x000022d4       0x1c .\CortexM3\ARM_GCC_493\Debug\car.a(isr_srf_front.o)
                0x000022d4                isr_srf_front_Start
 .text.isr_srf_back_Interrupt
                0x000022f0       0x64 .\CortexM3\ARM_GCC_493\Debug\car.a(isr_srf_back.o)
                0x000022f0                isr_srf_back_Interrupt
 .text.isr_srf_back_SetVector
                0x00002354        0xc .\CortexM3\ARM_GCC_493\Debug\car.a(isr_srf_back.o)
                0x00002354                isr_srf_back_SetVector
 .text.isr_srf_back_SetPriority
                0x00002360       0x10 .\CortexM3\ARM_GCC_493\Debug\car.a(isr_srf_back.o)
                0x00002360                isr_srf_back_SetPriority
 .text.isr_srf_back_Enable
                0x00002370        0xc .\CortexM3\ARM_GCC_493\Debug\car.a(isr_srf_back.o)
                0x00002370                isr_srf_back_Enable
 .text.isr_srf_back_Disable
                0x0000237c        0xc .\CortexM3\ARM_GCC_493\Debug\car.a(isr_srf_back.o)
                0x0000237c                isr_srf_back_Disable
 .text.isr_srf_back_Start
                0x00002388       0x1c .\CortexM3\ARM_GCC_493\Debug\car.a(isr_srf_back.o)
                0x00002388                isr_srf_back_Start
 .text.SRF_TRG_2_Write
                0x000023a4       0x18 .\CortexM3\ARM_GCC_493\Debug\car.a(SRF_TRG_2.o)
                0x000023a4                SRF_TRG_2_Write
 .text.SRF_05_Timer_1_Enable
                0x000023bc       0x10 .\CortexM3\ARM_GCC_493\Debug\car.a(SRF_05_Timer_1.o)
                0x000023bc                SRF_05_Timer_1_Enable
 .text.SRF_05_Timer_1_SetInterruptMode
                0x000023cc        0xc .\CortexM3\ARM_GCC_493\Debug\car.a(SRF_05_Timer_1.o)
                0x000023cc                SRF_05_Timer_1_SetInterruptMode
 .text.SRF_05_Timer_1_ReadStatusRegister
                0x000023d8        0xc .\CortexM3\ARM_GCC_493\Debug\car.a(SRF_05_Timer_1.o)
                0x000023d8                SRF_05_Timer_1_ReadStatusRegister
 .text.SRF_05_Timer_1_WritePeriod
                0x000023e4        0xc .\CortexM3\ARM_GCC_493\Debug\car.a(SRF_05_Timer_1.o)
                0x000023e4                SRF_05_Timer_1_WritePeriod
 .text.SRF_05_Timer_1_ReadCapture
                0x000023f0        0xc .\CortexM3\ARM_GCC_493\Debug\car.a(SRF_05_Timer_1.o)
                0x000023f0                SRF_05_Timer_1_ReadCapture
 .text.SRF_05_Timer_1_WriteCounter
                0x000023fc        0xc .\CortexM3\ARM_GCC_493\Debug\car.a(SRF_05_Timer_1.o)
                0x000023fc                SRF_05_Timer_1_WriteCounter
 .text.SRF_05_Timer_1_SetInterruptCount
                0x00002408       0x1c .\CortexM3\ARM_GCC_493\Debug\car.a(SRF_05_Timer_1.o)
                0x00002408                SRF_05_Timer_1_SetInterruptCount
 .text.SRF_05_Timer_1_ClearFIFO
                0x00002424       0x14 .\CortexM3\ARM_GCC_493\Debug\car.a(SRF_05_Timer_1.o)
                0x00002424                SRF_05_Timer_1_ClearFIFO
 .text.SRF_05_Timer_1_Init
                0x00002438       0x3c .\CortexM3\ARM_GCC_493\Debug\car.a(SRF_05_Timer_1.o)
                0x00002438                SRF_05_Timer_1_Init
 .text.SRF_05_Timer_1_Start
                0x00002474       0x1c .\CortexM3\ARM_GCC_493\Debug\car.a(SRF_05_Timer_1.o)
                0x00002474                SRF_05_Timer_1_Start
 .text.CHANGE_PWR_Write
                0x00002490       0x18 .\CortexM3\ARM_GCC_493\Debug\car.a(CHANGE_PWR.o)
                0x00002490                CHANGE_PWR_Write
 .text.QuadDec_1_GetEvents
                0x000024a8       0x10 .\CortexM3\ARM_GCC_493\Debug\car.a(QuadDec_1.o)
                0x000024a8                QuadDec_1_GetEvents
 .text.QuadDec_1_SetInterruptMask
                0x000024b8        0xc .\CortexM3\ARM_GCC_493\Debug\car.a(QuadDec_1.o)
                0x000024b8                QuadDec_1_SetInterruptMask
 .text.QuadDec_1_Enable
                0x000024c4       0x24 .\CortexM3\ARM_GCC_493\Debug\car.a(QuadDec_1.o)
                0x000024c4                QuadDec_1_Enable
 .text.QuadDec_1_Start
                0x000024e8       0x24 .\CortexM3\ARM_GCC_493\Debug\car.a(QuadDec_1.o)
                0x000024e8                QuadDec_1_Start
 .text.QuadDec_1_Cnt16_Enable
                0x0000250c       0x10 .\CortexM3\ARM_GCC_493\Debug\car.a(QuadDec_1_Cnt16.o)
                0x0000250c                QuadDec_1_Cnt16_Enable
 .text.QuadDec_1_Cnt16_SetInterruptMode
                0x0000251c        0xc .\CortexM3\ARM_GCC_493\Debug\car.a(QuadDec_1_Cnt16.o)
                0x0000251c                QuadDec_1_Cnt16_SetInterruptMode
 .text.QuadDec_1_Cnt16_ReadStatusRegister
                0x00002528        0xc .\CortexM3\ARM_GCC_493\Debug\car.a(QuadDec_1_Cnt16.o)
                0x00002528                QuadDec_1_Cnt16_ReadStatusRegister
 .text.QuadDec_1_Cnt16_WriteCounter
                0x00002534        0xc .\CortexM3\ARM_GCC_493\Debug\car.a(QuadDec_1_Cnt16.o)
                0x00002534                QuadDec_1_Cnt16_WriteCounter
 .text.QuadDec_1_Cnt16_ReadCapture
                0x00002540        0xc .\CortexM3\ARM_GCC_493\Debug\car.a(QuadDec_1_Cnt16.o)
                0x00002540                QuadDec_1_Cnt16_ReadCapture
 .text.QuadDec_1_Cnt16_WritePeriod
                0x0000254c        0xc .\CortexM3\ARM_GCC_493\Debug\car.a(QuadDec_1_Cnt16.o)
                0x0000254c                QuadDec_1_Cnt16_WritePeriod
 .text.QuadDec_1_Cnt16_WriteCompare
                0x00002558        0xc .\CortexM3\ARM_GCC_493\Debug\car.a(QuadDec_1_Cnt16.o)
                0x00002558                QuadDec_1_Cnt16_WriteCompare
 .text.QuadDec_1_Cnt16_ClearFIFO
                0x00002564       0x14 .\CortexM3\ARM_GCC_493\Debug\car.a(QuadDec_1_Cnt16.o)
                0x00002564                QuadDec_1_Cnt16_ClearFIFO
 .text.QuadDec_1_Cnt16_Init
                0x00002578       0x58 .\CortexM3\ARM_GCC_493\Debug\car.a(QuadDec_1_Cnt16.o)
                0x00002578                QuadDec_1_Cnt16_Init
 .text.QuadDec_1_Cnt16_Start
                0x000025d0       0x1c .\CortexM3\ARM_GCC_493\Debug\car.a(QuadDec_1_Cnt16.o)
                0x000025d0                QuadDec_1_Cnt16_Start
 .text.EEPROM_Enable
                0x000025ec        0xc .\CortexM3\ARM_GCC_493\Debug\car.a(EEPROM.o)
                0x000025ec                EEPROM_Enable
 .text.EEPROM_Start
                0x000025f8        0x8 .\CortexM3\ARM_GCC_493\Debug\car.a(EEPROM.o)
                0x000025f8                EEPROM_Start
 .text.EEPROM_WriteByte
                0x00002600       0xd4 .\CortexM3\ARM_GCC_493\Debug\car.a(EEPROM.o)
                0x00002600                EEPROM_WriteByte
 .text.EEPROM_ReadByte
                0x000026d4       0x28 .\CortexM3\ARM_GCC_493\Debug\car.a(EEPROM.o)
                0x000026d4                EEPROM_ReadByte
 .text.PWM_LED_4_Enable
                0x000026fc       0x28 .\CortexM3\ARM_GCC_493\Debug\car.a(PWM_LED_4.o)
                0x000026fc                PWM_LED_4_Enable
 .text.PWM_LED_4_WritePeriod
                0x00002724        0xc .\CortexM3\ARM_GCC_493\Debug\car.a(PWM_LED_4.o)
                0x00002724                PWM_LED_4_WritePeriod
 .text.PWM_LED_4_WriteCompare
                0x00002730        0xc .\CortexM3\ARM_GCC_493\Debug\car.a(PWM_LED_4.o)
                0x00002730                PWM_LED_4_WriteCompare
 .text.PWM_LED_4_SetInterruptMode
                0x0000273c        0xc .\CortexM3\ARM_GCC_493\Debug\car.a(PWM_LED_4.o)
                0x0000273c                PWM_LED_4_SetInterruptMode
 .text.PWM_LED_4_Init
                0x00002748       0x78 .\CortexM3\ARM_GCC_493\Debug\car.a(PWM_LED_4.o)
                0x00002748                PWM_LED_4_Init
 .text.PWM_LED_4_Start
                0x000027c0       0x1c .\CortexM3\ARM_GCC_493\Debug\car.a(PWM_LED_4.o)
                0x000027c0                PWM_LED_4_Start
 .text.CyFlashGetSpcAlgorithm
                0x000027dc       0x4c .\CortexM3\ARM_GCC_493\Debug\car.a(CyFlash.o)
 .text.CySetTempInt
                0x00002828       0x60 .\CortexM3\ARM_GCC_493\Debug\car.a(CyFlash.o)
 .text.CySetTemp
                0x00002888       0x14 .\CortexM3\ARM_GCC_493\Debug\car.a(CyFlash.o)
                0x00002888                CySetTemp
 .text.CyEEPROM_Start
                0x0000289c       0x54 .\CortexM3\ARM_GCC_493\Debug\car.a(CyFlash.o)
                0x0000289c                CyEEPROM_Start
 .text.CyEEPROM_ReadReserve
                0x000028f0       0x1c .\CortexM3\ARM_GCC_493\Debug\car.a(CyFlash.o)
                0x000028f0                CyEEPROM_ReadReserve
 .text.CyEEPROM_ReadRelease
                0x0000290c       0x10 .\CortexM3\ARM_GCC_493\Debug\car.a(CyFlash.o)
                0x0000290c                CyEEPROM_ReadRelease
 .text.CySpcStart
                0x0000291c       0x24 .\CortexM3\ARM_GCC_493\Debug\car.a(CySpc.o)
                0x0000291c                CySpcStart
 .text.CySpcReadData
                0x00002940       0x34 .\CortexM3\ARM_GCC_493\Debug\car.a(CySpc.o)
                0x00002940                CySpcReadData
 .text.CySpcLoadMultiByte
                0x00002974       0x78 .\CortexM3\ARM_GCC_493\Debug\car.a(CySpc.o)
                0x00002974                CySpcLoadMultiByte
 .text.CySpcWriteRow
                0x000029ec       0x4c .\CortexM3\ARM_GCC_493\Debug\car.a(CySpc.o)
                0x000029ec                CySpcWriteRow
 .text.CySpcGetTemp
                0x00002a38       0x3c .\CortexM3\ARM_GCC_493\Debug\car.a(CySpc.o)
                0x00002a38                CySpcGetTemp
 .text.CySpcLock
                0x00002a74       0x4c .\CortexM3\ARM_GCC_493\Debug\car.a(CySpc.o)
                0x00002a74                CySpcLock
 .text.CySpcUnlock
                0x00002ac0       0x38 .\CortexM3\ARM_GCC_493\Debug\car.a(CySpc.o)
                0x00002ac0                CySpcUnlock
 .text.CySpcGetAlgorithm
                0x00002af8       0x28 .\CortexM3\ARM_GCC_493\Debug\car.a(CySpc.o)
                0x00002af8                CySpcGetAlgorithm
 .text          0x00002b20      0x370 c:/program files (x86)/cypress/psoc creator/3.3/psoc creator/import/gnu/arm/4.9.3/bin/../lib/gcc/arm-none-eabi/4.9.3/armv7-m\libgcc.a(_arm_addsubdf3.o)
                0x00002b20                __aeabi_drsub
                0x00002b28                __aeabi_dsub
                0x00002b28                __subdf3
                0x00002b2c                __aeabi_dadd
                0x00002b2c                __adddf3
                0x00002da4                __floatunsidf
                0x00002da4                __aeabi_ui2d
                0x00002dc4                __floatsidf
                0x00002dc4                __aeabi_i2d
                0x00002de8                __aeabi_f2d
                0x00002de8                __extendsfdf2
                0x00002e24                __floatundidf
                0x00002e24                __aeabi_ul2d
                0x00002e34                __floatdidf
                0x00002e34                __aeabi_l2d
 .text          0x00002e90      0x424 c:/program files (x86)/cypress/psoc creator/3.3/psoc creator/import/gnu/arm/4.9.3/bin/../lib/gcc/arm-none-eabi/4.9.3/armv7-m\libgcc.a(_arm_muldivdf3.o)
                0x00002e90                __aeabi_dmul
                0x00002e90                __muldf3
                0x000030e4                __divdf3
                0x000030e4                __aeabi_ddiv
 .text          0x000032b4       0xa0 c:/program files (x86)/cypress/psoc creator/3.3/psoc creator/import/gnu/arm/4.9.3/bin/../lib/gcc/arm-none-eabi/4.9.3/armv7-m\libgcc.a(_arm_truncdfsf2.o)
                0x000032b4                __truncdfsf2
                0x000032b4                __aeabi_d2f
 .text          0x00003354      0x2a0 c:/program files (x86)/cypress/psoc creator/3.3/psoc creator/import/gnu/arm/4.9.3/bin/../lib/gcc/arm-none-eabi/4.9.3/armv7-m\libgcc.a(_arm_muldivsf3.o)
                0x00003354                __mulsf3
                0x00003354                __aeabi_fmul
                0x000034bc                __aeabi_fdiv
                0x000034bc                __divsf3
 .text          0x000035f4       0x4c c:/program files (x86)/cypress/psoc creator/3.3/psoc creator/import/gnu/arm/4.9.3/bin/../lib/gcc/arm-none-eabi/4.9.3/armv7-m\libgcc.a(_arm_fixsfsi.o)
                0x000035f4                __aeabi_f2iz
                0x000035f4                __fixsfsi
 .text.__libc_init_array
                0x00003640       0x4c c:/program files (x86)/cypress/psoc creator/3.3/psoc creator/import/gnu/arm/4.9.3/bin/../lib/gcc/arm-none-eabi/4.9.3/../../../../arm-none-eabi/lib/armv7-m\libg_nano.a(lib_a-init.o)
                0x00003640                __libc_init_array
 .text.memcpy   0x0000368c       0x16 c:/program files (x86)/cypress/psoc creator/3.3/psoc creator/import/gnu/arm/4.9.3/bin/../lib/gcc/arm-none-eabi/4.9.3/../../../../arm-none-eabi/lib/armv7-m\libg_nano.a(lib_a-memcpy.o)
                0x0000368c                memcpy
 .text.memset   0x000036a2       0x10 c:/program files (x86)/cypress/psoc creator/3.3/psoc creator/import/gnu/arm/4.9.3/bin/../lib/gcc/arm-none-eabi/4.9.3/../../../../arm-none-eabi/lib/armv7-m\libg_nano.a(lib_a-memset.o)
                0x000036a2                memset
 *(.plt)
 *(.gnu.warning)
 *(.glue_7t)
 .glue_7t       0x00000000        0x0 linker stubs
 *(.glue_7)
 .glue_7        0x00000000        0x0 linker stubs
 *(.vfp11_veneer)
 .vfp11_veneer  0x00000000        0x0 linker stubs
 *(.bootloader)
 *(.ARM.extab* .gnu.linkonce.armextab.*)
 *(.gcc_except_table)

.v4_bx          0x000036b4        0x0
 .v4_bx         0x00000000        0x0 linker stubs

.iplt           0x000036b4        0x0
 .iplt          0x00000000        0x0 c:/program files (x86)/cypress/psoc creator/3.3/psoc creator/import/gnu/arm/4.9.3/bin/../lib/gcc/arm-none-eabi/4.9.3/armv7-m/crtbegin.o

.eh_frame_hdr
 *(.eh_frame_hdr)

.eh_frame       0x000036b4        0x4
 *(.eh_frame)
 .eh_frame      0x000036b4        0x0 c:/program files (x86)/cypress/psoc creator/3.3/psoc creator/import/gnu/arm/4.9.3/bin/../lib/gcc/arm-none-eabi/4.9.3/armv7-m/crtbegin.o
 .eh_frame      0x000036b4        0x4 c:/program files (x86)/cypress/psoc creator/3.3/psoc creator/import/gnu/arm/4.9.3/bin/../lib/gcc/arm-none-eabi/4.9.3/armv7-m/crtend.o
                0x000036b8                PROVIDE (__exidx_start, .)

.ARM.exidx
 *(.ARM.exidx* .gnu.linkonce.armexidx.*)
                0x000036b8                __exidx_end = .

.rodata         0x000036b8       0x70
 *(.rodata .rodata.* .gnu.linkonce.r.*)
 .rodata        0x000036b8       0x38 .\CortexM3\ARM_GCC_493\Debug\car.a(cyfitter_cfg.o)
                0x000036f0                . = ALIGN (0x4)
 *(.init)
 .init          0x000036f0        0x4 c:/program files (x86)/cypress/psoc creator/3.3/psoc creator/import/gnu/arm/4.9.3/bin/../lib/gcc/arm-none-eabi/4.9.3/armv7-m/crti.o
                0x000036f0                _init
 .init          0x000036f4        0x8 c:/program files (x86)/cypress/psoc creator/3.3/psoc creator/import/gnu/arm/4.9.3/bin/../lib/gcc/arm-none-eabi/4.9.3/armv7-m/crtn.o
                0x000036fc                . = ALIGN (0x4)
                0x000036fc                __preinit_array_start = .
 *(.preinit_array)
                0x000036fc                __preinit_array_end = .
                0x000036fc                . = ALIGN (0x4)
                0x000036fc                __init_array_start = .
 *(SORT(.init_array.*))
 *(.init_array)
 .init_array    0x000036fc        0x4 c:/program files (x86)/cypress/psoc creator/3.3/psoc creator/import/gnu/arm/4.9.3/bin/../lib/gcc/arm-none-eabi/4.9.3/armv7-m/crtbegin.o
 .init_array    0x00003700        0x4 .\CortexM3\ARM_GCC_493\Debug\Cm3Start.o
                0x00003704                __init_array_end = .
                0x00003704                . = ALIGN (0x4)
 *(.fini)
 .fini          0x00003704        0x4 c:/program files (x86)/cypress/psoc creator/3.3/psoc creator/import/gnu/arm/4.9.3/bin/../lib/gcc/arm-none-eabi/4.9.3/armv7-m/crti.o
                0x00003704                _fini
 .fini          0x00003708        0x8 c:/program files (x86)/cypress/psoc creator/3.3/psoc creator/import/gnu/arm/4.9.3/bin/../lib/gcc/arm-none-eabi/4.9.3/armv7-m/crtn.o
                0x00003710                . = ALIGN (0x4)
                0x00003710                __fini_array_start = .
 *(.fini_array)
 .fini_array    0x00003710        0x4 c:/program files (x86)/cypress/psoc creator/3.3/psoc creator/import/gnu/arm/4.9.3/bin/../lib/gcc/arm-none-eabi/4.9.3/armv7-m/crtbegin.o
 *(SORT(.fini_array.*))
                0x00003714                __fini_array_end = .
                0x00003714                . = ALIGN (0x4)
 *crtbegin.o(.ctors)
 *(EXCLUDE_FILE(*crtend.o) .ctors)
 *(SORT(.ctors.*))
 *crtend.o(.ctors)
                0x00003714                . = ALIGN (0x4)
 *crtbegin.o(.dtors)
 *(EXCLUDE_FILE(*crtend.o) .dtors)
 *(SORT(.dtors.*))
 *crtend.o(.dtors)
                0x00003714                . = ALIGN (0x4)
                0x00003714                __cy_regions = .
                0x00003714        0x4 LONG 0x3728 __cy_region_init_ram
                0x00003718        0x4 LONG 0x1fffc108 __cy_region_start_data
                0x0000371c        0x4 LONG 0x20 __cy_region_init_size_ram
                0x00003720        0x4 LONG 0x2990 __cy_region_zero_size_ram
                0x00003724                __cy_regions_end = .
                0x00003728                . = ALIGN (0x8)
 *fill*         0x00003724        0x4 
                0x00003728                _etext = .

.cy_checksum_exclude
                0x00003728        0x0
 *(.cy_checksum_exclude)

.ramvectors     0x1fffc000      0x100
                0x1fffc000                __cy_region_start_ram = .
 *(.ramvectors)
 .ramvectors    0x1fffc000      0x100 .\CortexM3\ARM_GCC_493\Debug\Cm3Start.o
                0x1fffc000                CyRamVectors

.noinit         0x1fffc100        0x5
 *(.noinit)
 .noinit        0x1fffc100        0x4 .\CortexM3\ARM_GCC_493\Debug\Cm3Start.o
 .noinit        0x1fffc104        0x1 .\CortexM3\ARM_GCC_493\Debug\car.a(CyLib.o)
                0x1fffc104                CyResetStatus

.data           0x1fffc108       0x20 load address 0x00003728
                0x1fffc108                __cy_region_start_data = .
 *(.jcr)
 .jcr           0x1fffc108        0x0 c:/program files (x86)/cypress/psoc creator/3.3/psoc creator/import/gnu/arm/4.9.3/bin/../lib/gcc/arm-none-eabi/4.9.3/armv7-m/crtbegin.o
 .jcr           0x1fffc108        0x4 c:/program files (x86)/cypress/psoc creator/3.3/psoc creator/import/gnu/arm/4.9.3/bin/../lib/gcc/arm-none-eabi/4.9.3/armv7-m/crtend.o
 *(.got.plt)
 *(.got)
 *(.shdata)
 *(.data .data.* .gnu.linkonce.d.*)
 .data          0x1fffc10c        0x8 .\CortexM3\ARM_GCC_493\Debug\car.a(CyDmac.o)
 .data          0x1fffc114       0x10 .\CortexM3\ARM_GCC_493\Debug\car.a(CyLib.o)
                0x1fffc114                cydelay_32k_ms
                0x1fffc118                cydelay_freq_khz
                0x1fffc11c                cydelay_freq_mhz
                0x1fffc120                cydelay_freq_hz
 .data          0x1fffc124        0x2 .\CortexM3\ARM_GCC_493\Debug\car.a(ADC.o)
 .data          0x1fffc126        0x1 .\CortexM3\ARM_GCC_493\Debug\car.a(ADC_TempBuf_dma.o)
                0x1fffc126                ADC_TempBuf_DmaHandle
 .data          0x1fffc127        0x1 .\CortexM3\ARM_GCC_493\Debug\car.a(ADC_FinalBuf_dma.o)
                0x1fffc127                ADC_FinalBuf_DmaHandle
                0x1fffc128                . = ALIGN (0x8)
 *(.ram)
                0x1fffc128                _edata = .

.igot.plt       0x1fffc128        0x0 load address 0x00003748
 .igot.plt      0x00000000        0x0 c:/program files (x86)/cypress/psoc creator/3.3/psoc creator/import/gnu/arm/4.9.3/bin/../lib/gcc/arm-none-eabi/4.9.3/armv7-m/crtbegin.o

.bss            0x1fffc128     0x2990 load address 0x00003748
                0x1fffc128                PROVIDE (__bss_start__, .)
 *(.shbss)
 *(.bss .bss.* .gnu.linkonce.b.*)
 .bss           0x1fffc128       0x1c c:/program files (x86)/cypress/psoc creator/3.3/psoc creator/import/gnu/arm/4.9.3/bin/../lib/gcc/arm-none-eabi/4.9.3/armv7-m/crtbegin.o
 .bss           0x1fffc144       0x48 .\CortexM3\ARM_GCC_493\Debug\Transfer.o
 .bss           0x1fffc18c        0x4 .\CortexM3\ARM_GCC_493\Debug\car.o
 .bss           0x1fffc190      0x190 .\CortexM3\ARM_GCC_493\Debug\battery.o
                0x1fffc190                retADCValue2
                0x1fffc258                retADCValue1
 .bss           0x1fffc320        0x8 .\CortexM3\ARM_GCC_493\Debug\multi_timer.o
 .bss           0x1fffc328        0x4 .\CortexM3\ARM_GCC_493\Debug\led.o
 .bss           0x1fffc32c        0x2 .\CortexM3\ARM_GCC_493\Debug\car.a(UART_net.o)
                0x1fffc32c                UART_net_initVar
 .bss           0x1fffc32e        0x1 .\CortexM3\ARM_GCC_493\Debug\car.a(PWM_MOTOR.o)
                0x1fffc32e                PWM_MOTOR_initVar
 .bss           0x1fffc32f        0x1 .\CortexM3\ARM_GCC_493\Debug\car.a(Timer_1.o)
                0x1fffc32f                Timer_1_initVar
 .bss           0x1fffc330        0x1 .\CortexM3\ARM_GCC_493\Debug\car.a(UART_JY.o)
                0x1fffc330                UART_JY_initVar
 *fill*         0x1fffc331        0x3 
 .bss           0x1fffc334       0x10 .\CortexM3\ARM_GCC_493\Debug\car.a(isr_rx_jy.o)
 .bss           0x1fffc344        0x1 .\CortexM3\ARM_GCC_493\Debug\car.a(PWM_LED_1.o)
                0x1fffc344                PWM_LED_1_initVar
 .bss           0x1fffc345        0x1 .\CortexM3\ARM_GCC_493\Debug\car.a(PWM_LED_2.o)
                0x1fffc345                PWM_LED_2_initVar
 .bss           0x1fffc346        0x1 .\CortexM3\ARM_GCC_493\Debug\car.a(PWM_LED_3.o)
                0x1fffc346                PWM_LED_3_initVar
 *fill*         0x1fffc347        0x1 
 .bss           0x1fffc348       0x10 .\CortexM3\ARM_GCC_493\Debug\car.a(ADC.o)
                0x1fffc354                ADC_initVar
 .bss           0x1fffc358        0x1 .\CortexM3\ARM_GCC_493\Debug\car.a(ADC_SAR.o)
                0x1fffc358                ADC_SAR_initVar
 .bss           0x1fffc359        0x1 .\CortexM3\ARM_GCC_493\Debug\car.a(SRF_05_Timer.o)
                0x1fffc359                SRF_05_Timer_initVar
 .bss           0x1fffc35a        0x8 .\CortexM3\ARM_GCC_493\Debug\car.a(isr_srf_front.o)
 .bss           0x1fffc362        0x8 .\CortexM3\ARM_GCC_493\Debug\car.a(isr_srf_back.o)
 .bss           0x1fffc36a        0x1 .\CortexM3\ARM_GCC_493\Debug\car.a(SRF_05_Timer_1.o)
                0x1fffc36a                SRF_05_Timer_1_initVar
 .bss           0x1fffc36b        0x1 .\CortexM3\ARM_GCC_493\Debug\car.a(QuadDec_1.o)
                0x1fffc36b                QuadDec_1_initVar
 .bss           0x1fffc36c        0x1 .\CortexM3\ARM_GCC_493\Debug\car.a(QuadDec_1_Cnt16.o)
                0x1fffc36c                QuadDec_1_Cnt16_initVar
 .bss           0x1fffc36d        0x1 .\CortexM3\ARM_GCC_493\Debug\car.a(PWM_LED_4.o)
                0x1fffc36d                PWM_LED_4_initVar
 *fill*         0x1fffc36e        0x2 
 .bss           0x1fffc370        0x8 .\CortexM3\ARM_GCC_493\Debug\car.a(CySpc.o)
                0x1fffc370                SpcLockState
 *(COMMON)
 COMMON         0x1fffc378       0xdc .\CortexM3\ARM_GCC_493\Debug\main.o
                0x1fffc378                SRF_timer
                0x1fffc388                g_Car
                0x1fffc3c4                encoder
                0x1fffc3c6                temp
                0x1fffc3c8                Data_exchange_timer
                0x1fffc3d8                P_V
                0x1fffc3dc                S_IMU
                0x1fffc3f0                tset
                0x1fffc3f4                Car_control_timer
                0x1fffc404                Time_1s
                0x1fffc414                D_V
                0x1fffc418                Car_hearting_timer
                0x1fffc428                test
                0x1fffc42c                Cal_battery_timer
                0x1fffc43c                event
                0x1fffc43e                send_count_test
                0x1fffc440                count
                0x1fffc442                C_V
                0x1fffc444                LED_timer
 COMMON         0x1fffc454       0x41 .\CortexM3\ARM_GCC_493\Debug\Transfer.o
                0x1fffc454                data_to_send
                0x1fffc488                f
 *fill*         0x1fffc495        0x3 
 COMMON         0x1fffc498     0x25f6 .\CortexM3\ARM_GCC_493\Debug\Lidar.o
                0x1fffc498                nodeBuffer1
                0x1fffc4a0                node
                0x1fffc4a4                test1
                0x1fffce68                nodeBuffer
                0x1fffcecc                test_f_suzu
                0x1fffd69c                net_nodeBuffer
                0x1fffd700                test2
                0x1fffe0c4                normal_size
                0x1fffe0c8                test3
                0x1fffea8c                output_t
                0x1fffea8d                start
 COMMON         0x1fffea8e        0x2 .\CortexM3\ARM_GCC_493\Debug\systemInfo.o
                0x1fffea8e                time_count
 COMMON         0x1fffea90        0xf .\CortexM3\ARM_GCC_493\Debug\car.a(isr_timer.o)
                0x1fffea90                time_1s_state
                0x1fffea92                time_100ms_state
                0x1fffea94                time_1s
                0x1fffea96                time_5ms
                0x1fffea98                time_1ms_state
                0x1fffea9a                time_100ms
                0x1fffea9c                time_1ms
                0x1fffea9e                time_5ms_state
 *fill*         0x1fffea9f        0x1 
 COMMON         0x1fffeaa0        0x6 .\CortexM3\ARM_GCC_493\Debug\car.a(ADC.o)
                0x1fffeaa0                ADC_finalArray
 *fill*         0x1fffeaa6        0x2 
 COMMON         0x1fffeaa8        0xa .\CortexM3\ARM_GCC_493\Debug\car.a(ADC_SAR.o)
                0x1fffeaa8                ADC_SAR_countsPerVolt
                0x1fffeaaa                ADC_SAR_shift
                0x1fffeaac                ADC_SAR_countsPer10Volt
                0x1fffeab0                ADC_SAR_offset
 *fill*         0x1fffeab2        0x2 
 COMMON         0x1fffeab4        0x2 .\CortexM3\ARM_GCC_493\Debug\car.a(CyFlash.o)
                0x1fffeab4                dieTemperature
                0x1fffeab8                . = ALIGN (0x8)
 *fill*         0x1fffeab6        0x2 
 *(.ram.b)
                0x1fffeab8                _end = .
                0x1fffeab8                __end = .
                0x1fffeab8                PROVIDE (end, .)
                0x1fffeab8                PROVIDE (__bss_end__, .)
                0x00003728                __cy_region_init_ram = LOADADDR (.data)
                0x00000020                __cy_region_init_size_ram = (_edata - ADDR (.data))
                0x00002990                __cy_region_zero_size_ram = (_end - _edata)

.heap           0x1fffeab8       0x80 load address 0x00003748
                0x1fffeab8                . = _end
                0x1fffeb38                . = (. + 0x80)
 *fill*         0x1fffeab8       0x80 
                0x1fffeb38                __cy_heap_limit = .

.stack          0x20003800      0x800
                0x20003800                __cy_stack_limit = .
                0x20004000                . = (. + 0x800)
 *fill*         0x20003800      0x800 
                0x00000001                ASSERT ((__cy_stack_limit >= __cy_heap_limit), region RAM overflowed with stack)
                0x00000000                cy_checksum_exclude_size = (CY_APPL_LOADABLE == 0x1)?SIZEOF (.cy_checksum_exclude):0x0
                0x00000001                ASSERT ((cy_checksum_exclude_size <= CY_CHECKSUM_EXCLUDE_SIZE), CY_BOOT: Section .cy_checksum_exclude size exceedes specified limit.)

.cyloadermeta
 *(.cyloadermeta)

.cyloadablemeta
 *(.cyloadablemeta)

.cyconfigecc    0x80000000     0x10a4
 *(.cyconfigecc)
 .cyconfigecc   0x80000000     0x10a4 .\CortexM3\ARM_GCC_493\Debug\cymetadata.o
                0x80000000                cy_meta_configecc

.cycustnvl      0x90000000        0x4
 *(.cycustnvl)
 .cycustnvl     0x90000000        0x4 .\CortexM3\ARM_GCC_493\Debug\cymetadata.o
                0x90000000                cy_meta_custnvl

.cywolatch      0x90100000        0x4
 *(.cywolatch)
 .cywolatch     0x90100000        0x4 .\CortexM3\ARM_GCC_493\Debug\cymetadata.o
                0x90100000                cy_meta_wonvl

.cyeeprom       0x90200000        0x0
 *(.cyeeprom)
                0x00000001                ASSERT ((. <= ((0x90200000 + ee_offset) + ee_size)), .cyeeprom data will not fit in EEPROM)

.cyflashprotect
                0x90400000       0x80
 *(.cyflashprotect)
 .cyflashprotect
                0x90400000       0x80 .\CortexM3\ARM_GCC_493\Debug\cymetadata.o
                0x90400000                cy_meta_flashprotect

.cymeta         0x90500000        0xc
 *(.cymeta)
 .cymeta        0x90500000        0xc .\CortexM3\ARM_GCC_493\Debug\cymetadata.o
                0x90500000                cy_metadata

.rel.dyn        0x00003748        0x0 load address 0x9050000c
 .rel.iplt      0x00000000        0x0 c:/program files (x86)/cypress/psoc creator/3.3/psoc creator/import/gnu/arm/4.9.3/bin/../lib/gcc/arm-none-eabi/4.9.3/armv7-m/crtbegin.o

.stab
 *(.stab)

.stabstr
 *(.stabstr)

.debug
 *(.debug)

.line
 *(.line)

.debug_srcinfo
 *(.debug_srcinfo)

.debug_sfnames
 *(.debug_sfnames)

.debug_aranges  0x00000000     0x18c8
 *(.debug_aranges)
 .debug_aranges
                0x00000000       0x28 .\CortexM3\ARM_GCC_493\Debug\main.o
 .debug_aranges
                0x00000028       0x88 .\CortexM3\ARM_GCC_493\Debug\Transfer.o
 .debug_aranges
                0x000000b0       0x90 .\CortexM3\ARM_GCC_493\Debug\car.o
 .debug_aranges
                0x00000140       0x30 .\CortexM3\ARM_GCC_493\Debug\battery.o
 .debug_aranges
                0x00000170       0x50 .\CortexM3\ARM_GCC_493\Debug\Lidar.o
 .debug_aranges
                0x000001c0       0x38 .\CortexM3\ARM_GCC_493\Debug\systemInfo.o
 .debug_aranges
                0x000001f8       0x40 .\CortexM3\ARM_GCC_493\Debug\multi_timer.o
 .debug_aranges
                0x00000238       0x38 .\CortexM3\ARM_GCC_493\Debug\led.o
 .debug_aranges
                0x00000270       0x18 .\CortexM3\ARM_GCC_493\Debug\cymetadata.o
 .debug_aranges
                0x00000288       0x48 .\CortexM3\ARM_GCC_493\Debug\Cm3Start.o
 .debug_aranges
                0x000002d0       0x50 .\CortexM3\ARM_GCC_493\Debug\car.a(cyfitter_cfg.o)
 .debug_aranges
                0x00000320       0x20 .\CortexM3\ARM_GCC_493\Debug\car.a(CyBootAsmGnu.o)
 .debug_aranges
                0x00000340       0xd8 .\CortexM3\ARM_GCC_493\Debug\car.a(CyDmac.o)
 .debug_aranges
                0x00000418      0x298 .\CortexM3\ARM_GCC_493\Debug\car.a(CyLib.o)
 .debug_aranges
                0x000006b0       0x98 .\CortexM3\ARM_GCC_493\Debug\car.a(cyPm.o)
 .debug_aranges
                0x00000748       0xf0 .\CortexM3\ARM_GCC_493\Debug\car.a(UART_net.o)
 .debug_aranges
                0x00000838       0x70 .\CortexM3\ARM_GCC_493\Debug\car.a(UART_net_IntClock.o)
 .debug_aranges
                0x000008a8       0x80 .\CortexM3\ARM_GCC_493\Debug\car.a(isr_tx_net.o)
 .debug_aranges
                0x00000928       0x80 .\CortexM3\ARM_GCC_493\Debug\car.a(isr_rx_net.o)
 .debug_aranges
                0x000009a8       0x38 .\CortexM3\ARM_GCC_493\Debug\car.a(L_IN_1.o)
 .debug_aranges
                0x000009e0       0x38 .\CortexM3\ARM_GCC_493\Debug\car.a(L_IN_2.o)
 .debug_aranges
                0x00000a18       0x38 .\CortexM3\ARM_GCC_493\Debug\car.a(R_IN_1.o)
 .debug_aranges
                0x00000a50       0x38 .\CortexM3\ARM_GCC_493\Debug\car.a(R_IN_2.o)
 .debug_aranges
                0x00000a88       0x90 .\CortexM3\ARM_GCC_493\Debug\car.a(PWM_MOTOR.o)
 .debug_aranges
                0x00000b18       0x90 .\CortexM3\ARM_GCC_493\Debug\car.a(Timer_1.o)
 .debug_aranges
                0x00000ba8       0x80 .\CortexM3\ARM_GCC_493\Debug\car.a(isr_timer.o)
 .debug_aranges
                0x00000c28       0x98 .\CortexM3\ARM_GCC_493\Debug\car.a(UART_JY.o)
 .debug_aranges
                0x00000cc0       0x80 .\CortexM3\ARM_GCC_493\Debug\car.a(isr_rx_jy.o)
 .debug_aranges
                0x00000d40       0x70 .\CortexM3\ARM_GCC_493\Debug\car.a(UART_JY_IntClock.o)
 .debug_aranges
                0x00000db0       0x78 .\CortexM3\ARM_GCC_493\Debug\car.a(PWM_LED_1.o)
 .debug_aranges
                0x00000e28       0x78 .\CortexM3\ARM_GCC_493\Debug\car.a(PWM_LED_2.o)
 .debug_aranges
                0x00000ea0       0x78 .\CortexM3\ARM_GCC_493\Debug\car.a(PWM_LED_3.o)
 .debug_aranges
                0x00000f18       0xa0 .\CortexM3\ARM_GCC_493\Debug\car.a(ADC.o)
 .debug_aranges
                0x00000fb8       0x20 .\CortexM3\ARM_GCC_493\Debug\car.a(ADC_INT.o)
 .debug_aranges
                0x00000fd8       0xa8 .\CortexM3\ARM_GCC_493\Debug\car.a(ADC_SAR.o)
 .debug_aranges
                0x00001080       0x28 .\CortexM3\ARM_GCC_493\Debug\car.a(ADC_TempBuf_dma.o)
 .debug_aranges
                0x000010a8       0x28 .\CortexM3\ARM_GCC_493\Debug\car.a(ADC_FinalBuf_dma.o)
 .debug_aranges
                0x000010d0       0x80 .\CortexM3\ARM_GCC_493\Debug\car.a(ADC_IRQ.o)
 .debug_aranges
                0x00001150       0x38 .\CortexM3\ARM_GCC_493\Debug\car.a(CONTRAL_LIDAR.o)
 .debug_aranges
                0x00001188       0x38 .\CortexM3\ARM_GCC_493\Debug\car.a(debug_time.o)
 .debug_aranges
                0x000011c0       0x38 .\CortexM3\ARM_GCC_493\Debug\car.a(PTZ_UP_EN.o)
 .debug_aranges
                0x000011f8       0x38 .\CortexM3\ARM_GCC_493\Debug\car.a(PTZ_UP_STEP.o)
 .debug_aranges
                0x00001230       0x38 .\CortexM3\ARM_GCC_493\Debug\car.a(PTZ_UP_DIR.o)
 .debug_aranges
                0x00001268       0x38 .\CortexM3\ARM_GCC_493\Debug\car.a(PTZ_DOWN_EN.o)
 .debug_aranges
                0x000012a0       0x38 .\CortexM3\ARM_GCC_493\Debug\car.a(PTZ_DOWN_STEP.o)
 .debug_aranges
                0x000012d8       0x38 .\CortexM3\ARM_GCC_493\Debug\car.a(PTZ_DOWN_DIR.o)
 .debug_aranges
                0x00001310       0x38 .\CortexM3\ARM_GCC_493\Debug\car.a(SRF_TRG_1.o)
 .debug_aranges
                0x00001348       0x98 .\CortexM3\ARM_GCC_493\Debug\car.a(SRF_05_Timer.o)
 .debug_aranges
                0x000013e0       0x80 .\CortexM3\ARM_GCC_493\Debug\car.a(isr_srf_front.o)
 .debug_aranges
                0x00001460       0x80 .\CortexM3\ARM_GCC_493\Debug\car.a(isr_srf_back.o)
 .debug_aranges
                0x000014e0       0x38 .\CortexM3\ARM_GCC_493\Debug\car.a(SRF_TRG_2.o)
 .debug_aranges
                0x00001518       0x98 .\CortexM3\ARM_GCC_493\Debug\car.a(SRF_05_Timer_1.o)
 .debug_aranges
                0x000015b0       0x38 .\CortexM3\ARM_GCC_493\Debug\car.a(CHANGE_PWR.o)
 .debug_aranges
                0x000015e8       0x60 .\CortexM3\ARM_GCC_493\Debug\car.a(QuadDec_1.o)
 .debug_aranges
                0x00001648       0x98 .\CortexM3\ARM_GCC_493\Debug\car.a(QuadDec_1_Cnt16.o)
 .debug_aranges
                0x000016e0       0x78 .\CortexM3\ARM_GCC_493\Debug\car.a(EEPROM.o)
 .debug_aranges
                0x00001758       0x78 .\CortexM3\ARM_GCC_493\Debug\car.a(PWM_LED_4.o)
 .debug_aranges
                0x000017d0       0x80 .\CortexM3\ARM_GCC_493\Debug\car.a(CyFlash.o)
 .debug_aranges
                0x00001850       0x78 .\CortexM3\ARM_GCC_493\Debug\car.a(CySpc.o)

.debug_pubnames
 *(.debug_pubnames)

.debug_info     0x00000000     0xee7d
 *(.debug_info .gnu.linkonce.wi.*)
 .debug_info    0x00000000      0x9ed .\CortexM3\ARM_GCC_493\Debug\main.o
 .debug_info    0x000009ed      0xefc .\CortexM3\ARM_GCC_493\Debug\Transfer.o
 .debug_info    0x000018e9      0xb6d .\CortexM3\ARM_GCC_493\Debug\car.o
 .debug_info    0x00002456      0x223 .\CortexM3\ARM_GCC_493\Debug\battery.o
 .debug_info    0x00002679      0xadd .\CortexM3\ARM_GCC_493\Debug\Lidar.o
 .debug_info    0x00003156      0x42d .\CortexM3\ARM_GCC_493\Debug\systemInfo.o
 .debug_info    0x00003583      0x25b .\CortexM3\ARM_GCC_493\Debug\multi_timer.o
 .debug_info    0x000037de      0x49c .\CortexM3\ARM_GCC_493\Debug\led.o
 .debug_info    0x00003c7a      0x13e .\CortexM3\ARM_GCC_493\Debug\cymetadata.o
 .debug_info    0x00003db8      0x3b3 .\CortexM3\ARM_GCC_493\Debug\Cm3Start.o
 .debug_info    0x0000416b      0x6a1 .\CortexM3\ARM_GCC_493\Debug\car.a(cyfitter_cfg.o)
 .debug_info    0x0000480c       0x76 .\CortexM3\ARM_GCC_493\Debug\car.a(CyBootAsmGnu.o)
 .debug_info    0x00004882      0x941 .\CortexM3\ARM_GCC_493\Debug\car.a(CyDmac.o)
 .debug_info    0x000051c3     0x136c .\CortexM3\ARM_GCC_493\Debug\car.a(CyLib.o)
 .debug_info    0x0000652f      0xa55 .\CortexM3\ARM_GCC_493\Debug\car.a(cyPm.o)
 .debug_info    0x00006f84      0x600 .\CortexM3\ARM_GCC_493\Debug\car.a(UART_net.o)
 .debug_info    0x00007584      0x281 .\CortexM3\ARM_GCC_493\Debug\car.a(UART_net_IntClock.o)
 .debug_info    0x00007805      0x2c9 .\CortexM3\ARM_GCC_493\Debug\car.a(isr_tx_net.o)
 .debug_info    0x00007ace      0x611 .\CortexM3\ARM_GCC_493\Debug\car.a(isr_rx_net.o)
 .debug_info    0x000080df      0x11e .\CortexM3\ARM_GCC_493\Debug\car.a(L_IN_1.o)
 .debug_info    0x000081fd      0x11e .\CortexM3\ARM_GCC_493\Debug\car.a(L_IN_2.o)
 .debug_info    0x0000831b      0x11e .\CortexM3\ARM_GCC_493\Debug\car.a(R_IN_1.o)
 .debug_info    0x00008439      0x120 .\CortexM3\ARM_GCC_493\Debug\car.a(R_IN_2.o)
 .debug_info    0x00008559      0x2df .\CortexM3\ARM_GCC_493\Debug\car.a(PWM_MOTOR.o)
 .debug_info    0x00008838      0x2e9 .\CortexM3\ARM_GCC_493\Debug\car.a(Timer_1.o)
 .debug_info    0x00008b21      0x389 .\CortexM3\ARM_GCC_493\Debug\car.a(isr_timer.o)
 .debug_info    0x00008eaa      0x39c .\CortexM3\ARM_GCC_493\Debug\car.a(UART_JY.o)
 .debug_info    0x00009246      0x618 .\CortexM3\ARM_GCC_493\Debug\car.a(isr_rx_jy.o)
 .debug_info    0x0000985e      0x281 .\CortexM3\ARM_GCC_493\Debug\car.a(UART_JY_IntClock.o)
 .debug_info    0x00009adf      0x278 .\CortexM3\ARM_GCC_493\Debug\car.a(PWM_LED_1.o)
 .debug_info    0x00009d57      0x278 .\CortexM3\ARM_GCC_493\Debug\car.a(PWM_LED_2.o)
 .debug_info    0x00009fcf      0x278 .\CortexM3\ARM_GCC_493\Debug\car.a(PWM_LED_3.o)
 .debug_info    0x0000a247      0x7cf .\CortexM3\ARM_GCC_493\Debug\car.a(ADC.o)
 .debug_info    0x0000aa16       0x99 .\CortexM3\ARM_GCC_493\Debug\car.a(ADC_INT.o)
 .debug_info    0x0000aaaf      0x542 .\CortexM3\ARM_GCC_493\Debug\car.a(ADC_SAR.o)
 .debug_info    0x0000aff1      0x1fb .\CortexM3\ARM_GCC_493\Debug\car.a(ADC_TempBuf_dma.o)
 .debug_info    0x0000b1ec      0x1fb .\CortexM3\ARM_GCC_493\Debug\car.a(ADC_FinalBuf_dma.o)
 .debug_info    0x0000b3e7      0x2c9 .\CortexM3\ARM_GCC_493\Debug\car.a(ADC_IRQ.o)
 .debug_info    0x0000b6b0      0x120 .\CortexM3\ARM_GCC_493\Debug\car.a(CONTRAL_LIDAR.o)
 .debug_info    0x0000b7d0      0x11e .\CortexM3\ARM_GCC_493\Debug\car.a(debug_time.o)
 .debug_info    0x0000b8ee      0x11e .\CortexM3\ARM_GCC_493\Debug\car.a(PTZ_UP_EN.o)
 .debug_info    0x0000ba0c      0x11e .\CortexM3\ARM_GCC_493\Debug\car.a(PTZ_UP_STEP.o)
 .debug_info    0x0000bb2a      0x11e .\CortexM3\ARM_GCC_493\Debug\car.a(PTZ_UP_DIR.o)
 .debug_info    0x0000bc48      0x11e .\CortexM3\ARM_GCC_493\Debug\car.a(PTZ_DOWN_EN.o)
 .debug_info    0x0000bd66      0x11e .\CortexM3\ARM_GCC_493\Debug\car.a(PTZ_DOWN_STEP.o)
 .debug_info    0x0000be84      0x11e .\CortexM3\ARM_GCC_493\Debug\car.a(PTZ_DOWN_DIR.o)
 .debug_info    0x0000bfa2      0x11e .\CortexM3\ARM_GCC_493\Debug\car.a(SRF_TRG_1.o)
 .debug_info    0x0000c0c0      0x321 .\CortexM3\ARM_GCC_493\Debug\car.a(SRF_05_Timer.o)
 .debug_info    0x0000c3e1      0x5af .\CortexM3\ARM_GCC_493\Debug\car.a(isr_srf_front.o)
 .debug_info    0x0000c990      0x5af .\CortexM3\ARM_GCC_493\Debug\car.a(isr_srf_back.o)
 .debug_info    0x0000cf3f      0x11e .\CortexM3\ARM_GCC_493\Debug\car.a(SRF_TRG_2.o)
 .debug_info    0x0000d05d      0x321 .\CortexM3\ARM_GCC_493\Debug\car.a(SRF_05_Timer_1.o)
 .debug_info    0x0000d37e      0x11e .\CortexM3\ARM_GCC_493\Debug\car.a(CHANGE_PWR.o)
 .debug_info    0x0000d49c      0x2cd .\CortexM3\ARM_GCC_493\Debug\car.a(QuadDec_1.o)
 .debug_info    0x0000d769      0x341 .\CortexM3\ARM_GCC_493\Debug\car.a(QuadDec_1_Cnt16.o)
 .debug_info    0x0000daaa      0x666 .\CortexM3\ARM_GCC_493\Debug\car.a(EEPROM.o)
 .debug_info    0x0000e110      0x278 .\CortexM3\ARM_GCC_493\Debug\car.a(PWM_LED_4.o)
 .debug_info    0x0000e388      0x608 .\CortexM3\ARM_GCC_493\Debug\car.a(CyFlash.o)
 .debug_info    0x0000e990      0x4ed .\CortexM3\ARM_GCC_493\Debug\car.a(CySpc.o)

.debug_abbrev   0x00000000     0x4d81
 *(.debug_abbrev)
 .debug_abbrev  0x00000000      0x1a7 .\CortexM3\ARM_GCC_493\Debug\main.o
 .debug_abbrev  0x000001a7      0x2a9 .\CortexM3\ARM_GCC_493\Debug\Transfer.o
 .debug_abbrev  0x00000450      0x1fd .\CortexM3\ARM_GCC_493\Debug\car.o
 .debug_abbrev  0x0000064d      0x13e .\CortexM3\ARM_GCC_493\Debug\battery.o
 .debug_abbrev  0x0000078b      0x28d .\CortexM3\ARM_GCC_493\Debug\Lidar.o
 .debug_abbrev  0x00000a18      0x197 .\CortexM3\ARM_GCC_493\Debug\systemInfo.o
 .debug_abbrev  0x00000baf      0x14d .\CortexM3\ARM_GCC_493\Debug\multi_timer.o
 .debug_abbrev  0x00000cfc      0x16e .\CortexM3\ARM_GCC_493\Debug\led.o
 .debug_abbrev  0x00000e6a       0x77 .\CortexM3\ARM_GCC_493\Debug\cymetadata.o
 .debug_abbrev  0x00000ee1      0x20f .\CortexM3\ARM_GCC_493\Debug\Cm3Start.o
 .debug_abbrev  0x000010f0      0x221 .\CortexM3\ARM_GCC_493\Debug\car.a(cyfitter_cfg.o)
 .debug_abbrev  0x00001311       0x14 .\CortexM3\ARM_GCC_493\Debug\car.a(CyBootAsmGnu.o)
 .debug_abbrev  0x00001325      0x1cc .\CortexM3\ARM_GCC_493\Debug\car.a(CyDmac.o)
 .debug_abbrev  0x000014f1      0x296 .\CortexM3\ARM_GCC_493\Debug\car.a(CyLib.o)
 .debug_abbrev  0x00001787      0x1fa .\CortexM3\ARM_GCC_493\Debug\car.a(cyPm.o)
 .debug_abbrev  0x00001981      0x1af .\CortexM3\ARM_GCC_493\Debug\car.a(UART_net.o)
 .debug_abbrev  0x00001b30      0x146 .\CortexM3\ARM_GCC_493\Debug\car.a(UART_net_IntClock.o)
 .debug_abbrev  0x00001c76      0x180 .\CortexM3\ARM_GCC_493\Debug\car.a(isr_tx_net.o)
 .debug_abbrev  0x00001df6      0x21d .\CortexM3\ARM_GCC_493\Debug\car.a(isr_rx_net.o)
 .debug_abbrev  0x00002013       0x9d .\CortexM3\ARM_GCC_493\Debug\car.a(L_IN_1.o)
 .debug_abbrev  0x000020b0       0x9d .\CortexM3\ARM_GCC_493\Debug\car.a(L_IN_2.o)
 .debug_abbrev  0x0000214d       0x9d .\CortexM3\ARM_GCC_493\Debug\car.a(R_IN_1.o)
 .debug_abbrev  0x000021ea       0x9d .\CortexM3\ARM_GCC_493\Debug\car.a(R_IN_2.o)
 .debug_abbrev  0x00002287      0x13a .\CortexM3\ARM_GCC_493\Debug\car.a(PWM_MOTOR.o)
 .debug_abbrev  0x000023c1      0x152 .\CortexM3\ARM_GCC_493\Debug\car.a(Timer_1.o)
 .debug_abbrev  0x00002513      0x1b1 .\CortexM3\ARM_GCC_493\Debug\car.a(isr_timer.o)
 .debug_abbrev  0x000026c4      0x17a .\CortexM3\ARM_GCC_493\Debug\car.a(UART_JY.o)
 .debug_abbrev  0x0000283e      0x217 .\CortexM3\ARM_GCC_493\Debug\car.a(isr_rx_jy.o)
 .debug_abbrev  0x00002a55      0x146 .\CortexM3\ARM_GCC_493\Debug\car.a(UART_JY_IntClock.o)
 .debug_abbrev  0x00002b9b      0x13a .\CortexM3\ARM_GCC_493\Debug\car.a(PWM_LED_1.o)
 .debug_abbrev  0x00002cd5      0x13a .\CortexM3\ARM_GCC_493\Debug\car.a(PWM_LED_2.o)
 .debug_abbrev  0x00002e0f      0x13a .\CortexM3\ARM_GCC_493\Debug\car.a(PWM_LED_3.o)
 .debug_abbrev  0x00002f49      0x1b0 .\CortexM3\ARM_GCC_493\Debug\car.a(ADC.o)
 .debug_abbrev  0x000030f9       0x42 .\CortexM3\ARM_GCC_493\Debug\car.a(ADC_INT.o)
 .debug_abbrev  0x0000313b      0x1e6 .\CortexM3\ARM_GCC_493\Debug\car.a(ADC_SAR.o)
 .debug_abbrev  0x00003321       0xf8 .\CortexM3\ARM_GCC_493\Debug\car.a(ADC_TempBuf_dma.o)
 .debug_abbrev  0x00003419       0xf8 .\CortexM3\ARM_GCC_493\Debug\car.a(ADC_FinalBuf_dma.o)
 .debug_abbrev  0x00003511      0x180 .\CortexM3\ARM_GCC_493\Debug\car.a(ADC_IRQ.o)
 .debug_abbrev  0x00003691       0x9d .\CortexM3\ARM_GCC_493\Debug\car.a(CONTRAL_LIDAR.o)
 .debug_abbrev  0x0000372e       0x9d .\CortexM3\ARM_GCC_493\Debug\car.a(debug_time.o)
 .debug_abbrev  0x000037cb       0x9d .\CortexM3\ARM_GCC_493\Debug\car.a(PTZ_UP_EN.o)
 .debug_abbrev  0x00003868       0x9d .\CortexM3\ARM_GCC_493\Debug\car.a(PTZ_UP_STEP.o)
 .debug_abbrev  0x00003905       0x9d .\CortexM3\ARM_GCC_493\Debug\car.a(PTZ_UP_DIR.o)
 .debug_abbrev  0x000039a2       0x9d .\CortexM3\ARM_GCC_493\Debug\car.a(PTZ_DOWN_EN.o)
 .debug_abbrev  0x00003a3f       0x9d .\CortexM3\ARM_GCC_493\Debug\car.a(PTZ_DOWN_STEP.o)
 .debug_abbrev  0x00003adc       0x9d .\CortexM3\ARM_GCC_493\Debug\car.a(PTZ_DOWN_DIR.o)
 .debug_abbrev  0x00003b79       0x9d .\CortexM3\ARM_GCC_493\Debug\car.a(SRF_TRG_1.o)
 .debug_abbrev  0x00003c16      0x161 .\CortexM3\ARM_GCC_493\Debug\car.a(SRF_05_Timer.o)
 .debug_abbrev  0x00003d77      0x208 .\CortexM3\ARM_GCC_493\Debug\car.a(isr_srf_front.o)
 .debug_abbrev  0x00003f7f      0x208 .\CortexM3\ARM_GCC_493\Debug\car.a(isr_srf_back.o)
 .debug_abbrev  0x00004187       0x9d .\CortexM3\ARM_GCC_493\Debug\car.a(SRF_TRG_2.o)
 .debug_abbrev  0x00004224      0x161 .\CortexM3\ARM_GCC_493\Debug\car.a(SRF_05_Timer_1.o)
 .debug_abbrev  0x00004385       0x9d .\CortexM3\ARM_GCC_493\Debug\car.a(CHANGE_PWR.o)
 .debug_abbrev  0x00004422      0x18b .\CortexM3\ARM_GCC_493\Debug\car.a(QuadDec_1.o)
 .debug_abbrev  0x000045ad      0x13e .\CortexM3\ARM_GCC_493\Debug\car.a(QuadDec_1_Cnt16.o)
 .debug_abbrev  0x000046eb      0x1b0 .\CortexM3\ARM_GCC_493\Debug\car.a(EEPROM.o)
 .debug_abbrev  0x0000489b      0x13a .\CortexM3\ARM_GCC_493\Debug\car.a(PWM_LED_4.o)
 .debug_abbrev  0x000049d5      0x1de .\CortexM3\ARM_GCC_493\Debug\car.a(CyFlash.o)
 .debug_abbrev  0x00004bb3      0x1ce .\CortexM3\ARM_GCC_493\Debug\car.a(CySpc.o)

.debug_line     0x00000000     0x6305
 *(.debug_line)
 .debug_line    0x00000000      0x360 .\CortexM3\ARM_GCC_493\Debug\main.o
 .debug_line    0x00000360      0x4ef .\CortexM3\ARM_GCC_493\Debug\Transfer.o
 .debug_line    0x0000084f      0x36a .\CortexM3\ARM_GCC_493\Debug\car.o
 .debug_line    0x00000bb9      0x1c5 .\CortexM3\ARM_GCC_493\Debug\battery.o
 .debug_line    0x00000d7e      0x40d .\CortexM3\ARM_GCC_493\Debug\Lidar.o
 .debug_line    0x0000118b      0x1c8 .\CortexM3\ARM_GCC_493\Debug\systemInfo.o
 .debug_line    0x00001353      0x1de .\CortexM3\ARM_GCC_493\Debug\multi_timer.o
 .debug_line    0x00001531      0x1eb .\CortexM3\ARM_GCC_493\Debug\led.o
 .debug_line    0x0000171c       0x53 .\CortexM3\ARM_GCC_493\Debug\cymetadata.o
 .debug_line    0x0000176f      0x254 .\CortexM3\ARM_GCC_493\Debug\Cm3Start.o
 .debug_line    0x000019c3      0x1fe .\CortexM3\ARM_GCC_493\Debug\car.a(cyfitter_cfg.o)
 .debug_line    0x00001bc1       0x68 .\CortexM3\ARM_GCC_493\Debug\car.a(CyBootAsmGnu.o)
 .debug_line    0x00001c29      0x2e5 .\CortexM3\ARM_GCC_493\Debug\car.a(CyDmac.o)
 .debug_line    0x00001f0e      0x806 .\CortexM3\ARM_GCC_493\Debug\car.a(CyLib.o)
 .debug_line    0x00002714      0x366 .\CortexM3\ARM_GCC_493\Debug\car.a(cyPm.o)
 .debug_line    0x00002a7a      0x2c6 .\CortexM3\ARM_GCC_493\Debug\car.a(UART_net.o)
 .debug_line    0x00002d40      0x199 .\CortexM3\ARM_GCC_493\Debug\car.a(UART_net_IntClock.o)
 .debug_line    0x00002ed9      0x150 .\CortexM3\ARM_GCC_493\Debug\car.a(isr_tx_net.o)
 .debug_line    0x00003029      0x282 .\CortexM3\ARM_GCC_493\Debug\car.a(isr_rx_net.o)
 .debug_line    0x000032ab       0x95 .\CortexM3\ARM_GCC_493\Debug\car.a(L_IN_1.o)
 .debug_line    0x00003340       0x95 .\CortexM3\ARM_GCC_493\Debug\car.a(L_IN_2.o)
 .debug_line    0x000033d5       0x95 .\CortexM3\ARM_GCC_493\Debug\car.a(R_IN_1.o)
 .debug_line    0x0000346a       0x95 .\CortexM3\ARM_GCC_493\Debug\car.a(R_IN_2.o)
 .debug_line    0x000034ff      0x167 .\CortexM3\ARM_GCC_493\Debug\car.a(PWM_MOTOR.o)
 .debug_line    0x00003666      0x174 .\CortexM3\ARM_GCC_493\Debug\car.a(Timer_1.o)
 .debug_line    0x000037da      0x161 .\CortexM3\ARM_GCC_493\Debug\car.a(isr_timer.o)
 .debug_line    0x0000393b      0x1b0 .\CortexM3\ARM_GCC_493\Debug\car.a(UART_JY.o)
 .debug_line    0x00003aeb      0x29b .\CortexM3\ARM_GCC_493\Debug\car.a(isr_rx_jy.o)
 .debug_line    0x00003d86      0x198 .\CortexM3\ARM_GCC_493\Debug\car.a(UART_JY_IntClock.o)
 .debug_line    0x00003f1e      0x139 .\CortexM3\ARM_GCC_493\Debug\car.a(PWM_LED_1.o)
 .debug_line    0x00004057      0x139 .\CortexM3\ARM_GCC_493\Debug\car.a(PWM_LED_2.o)
 .debug_line    0x00004190      0x139 .\CortexM3\ARM_GCC_493\Debug\car.a(PWM_LED_3.o)
 .debug_line    0x000042c9      0x21b .\CortexM3\ARM_GCC_493\Debug\car.a(ADC.o)
 .debug_line    0x000044e4       0x52 .\CortexM3\ARM_GCC_493\Debug\car.a(ADC_INT.o)
 .debug_line    0x00004536      0x206 .\CortexM3\ARM_GCC_493\Debug\car.a(ADC_SAR.o)
 .debug_line    0x0000473c       0xa1 .\CortexM3\ARM_GCC_493\Debug\car.a(ADC_TempBuf_dma.o)
 .debug_line    0x000047dd       0xa2 .\CortexM3\ARM_GCC_493\Debug\car.a(ADC_FinalBuf_dma.o)
 .debug_line    0x0000487f      0x14d .\CortexM3\ARM_GCC_493\Debug\car.a(ADC_IRQ.o)
 .debug_line    0x000049cc       0x9c .\CortexM3\ARM_GCC_493\Debug\car.a(CONTRAL_LIDAR.o)
 .debug_line    0x00004a68       0x99 .\CortexM3\ARM_GCC_493\Debug\car.a(debug_time.o)
 .debug_line    0x00004b01       0x98 .\CortexM3\ARM_GCC_493\Debug\car.a(PTZ_UP_EN.o)
 .debug_line    0x00004b99       0x9a .\CortexM3\ARM_GCC_493\Debug\car.a(PTZ_UP_STEP.o)
 .debug_line    0x00004c33       0x99 .\CortexM3\ARM_GCC_493\Debug\car.a(PTZ_UP_DIR.o)
 .debug_line    0x00004ccc       0x9a .\CortexM3\ARM_GCC_493\Debug\car.a(PTZ_DOWN_EN.o)
 .debug_line    0x00004d66       0x9c .\CortexM3\ARM_GCC_493\Debug\car.a(PTZ_DOWN_STEP.o)
 .debug_line    0x00004e02       0x9b .\CortexM3\ARM_GCC_493\Debug\car.a(PTZ_DOWN_DIR.o)
 .debug_line    0x00004e9d       0x98 .\CortexM3\ARM_GCC_493\Debug\car.a(SRF_TRG_1.o)
 .debug_line    0x00004f35      0x18b .\CortexM3\ARM_GCC_493\Debug\car.a(SRF_05_Timer.o)
 .debug_line    0x000050c0      0x286 .\CortexM3\ARM_GCC_493\Debug\car.a(isr_srf_front.o)
 .debug_line    0x00005346      0x287 .\CortexM3\ARM_GCC_493\Debug\car.a(isr_srf_back.o)
 .debug_line    0x000055cd       0x98 .\CortexM3\ARM_GCC_493\Debug\car.a(SRF_TRG_2.o)
 .debug_line    0x00005665      0x18d .\CortexM3\ARM_GCC_493\Debug\car.a(SRF_05_Timer_1.o)
 .debug_line    0x000057f2       0x99 .\CortexM3\ARM_GCC_493\Debug\car.a(CHANGE_PWR.o)
 .debug_line    0x0000588b      0x120 .\CortexM3\ARM_GCC_493\Debug\car.a(QuadDec_1.o)
 .debug_line    0x000059ab      0x191 .\CortexM3\ARM_GCC_493\Debug\car.a(QuadDec_1_Cnt16.o)
 .debug_line    0x00005b3c      0x266 .\CortexM3\ARM_GCC_493\Debug\car.a(EEPROM.o)
 .debug_line    0x00005da2      0x139 .\CortexM3\ARM_GCC_493\Debug\car.a(PWM_LED_4.o)
 .debug_line    0x00005edb      0x1ec .\CortexM3\ARM_GCC_493\Debug\car.a(CyFlash.o)
 .debug_line    0x000060c7      0x23e .\CortexM3\ARM_GCC_493\Debug\car.a(CySpc.o)

.debug_frame    0x00000000     0x396c
 *(.debug_frame)
 .debug_frame   0x00000000       0x48 .\CortexM3\ARM_GCC_493\Debug\main.o
 .debug_frame   0x00000048      0x1f4 .\CortexM3\ARM_GCC_493\Debug\Transfer.o
 .debug_frame   0x0000023c      0x1dc .\CortexM3\ARM_GCC_493\Debug\car.o
 .debug_frame   0x00000418       0x68 .\CortexM3\ARM_GCC_493\Debug\battery.o
 .debug_frame   0x00000480      0x114 .\CortexM3\ARM_GCC_493\Debug\Lidar.o
 .debug_frame   0x00000594       0x70 .\CortexM3\ARM_GCC_493\Debug\systemInfo.o
 .debug_frame   0x00000604       0x6c .\CortexM3\ARM_GCC_493\Debug\multi_timer.o
 .debug_frame   0x00000670       0x5c .\CortexM3\ARM_GCC_493\Debug\led.o
 .debug_frame   0x000006cc       0xac .\CortexM3\ARM_GCC_493\Debug\Cm3Start.o
 .debug_frame   0x00000778       0xec .\CortexM3\ARM_GCC_493\Debug\car.a(cyfitter_cfg.o)
 .debug_frame   0x00000864      0x1f4 .\CortexM3\ARM_GCC_493\Debug\car.a(CyDmac.o)
 .debug_frame   0x00000a58      0x728 .\CortexM3\ARM_GCC_493\Debug\car.a(CyLib.o)
 .debug_frame   0x00001180      0x1f8 .\CortexM3\ARM_GCC_493\Debug\car.a(cyPm.o)
 .debug_frame   0x00001378      0x250 .\CortexM3\ARM_GCC_493\Debug\car.a(UART_net.o)
 .debug_frame   0x000015c8       0xe0 .\CortexM3\ARM_GCC_493\Debug\car.a(UART_net_IntClock.o)
 .debug_frame   0x000016a8      0x104 .\CortexM3\ARM_GCC_493\Debug\car.a(isr_tx_net.o)
 .debug_frame   0x000017ac      0x110 .\CortexM3\ARM_GCC_493\Debug\car.a(isr_rx_net.o)
 .debug_frame   0x000018bc       0x50 .\CortexM3\ARM_GCC_493\Debug\car.a(L_IN_1.o)
 .debug_frame   0x0000190c       0x50 .\CortexM3\ARM_GCC_493\Debug\car.a(L_IN_2.o)
 .debug_frame   0x0000195c       0x50 .\CortexM3\ARM_GCC_493\Debug\car.a(R_IN_1.o)
 .debug_frame   0x000019ac       0x50 .\CortexM3\ARM_GCC_493\Debug\car.a(R_IN_2.o)
 .debug_frame   0x000019fc      0x118 .\CortexM3\ARM_GCC_493\Debug\car.a(PWM_MOTOR.o)
 .debug_frame   0x00001b14      0x124 .\CortexM3\ARM_GCC_493\Debug\car.a(Timer_1.o)
 .debug_frame   0x00001c38      0x110 .\CortexM3\ARM_GCC_493\Debug\car.a(isr_timer.o)
 .debug_frame   0x00001d48      0x14c .\CortexM3\ARM_GCC_493\Debug\car.a(UART_JY.o)
 .debug_frame   0x00001e94      0x114 .\CortexM3\ARM_GCC_493\Debug\car.a(isr_rx_jy.o)
 .debug_frame   0x00001fa8       0xe0 .\CortexM3\ARM_GCC_493\Debug\car.a(UART_JY_IntClock.o)
 .debug_frame   0x00002088       0xe8 .\CortexM3\ARM_GCC_493\Debug\car.a(PWM_LED_1.o)
 .debug_frame   0x00002170       0xe8 .\CortexM3\ARM_GCC_493\Debug\car.a(PWM_LED_2.o)
 .debug_frame   0x00002258       0xe8 .\CortexM3\ARM_GCC_493\Debug\car.a(PWM_LED_3.o)
 .debug_frame   0x00002340      0x1dc .\CortexM3\ARM_GCC_493\Debug\car.a(ADC.o)
 .debug_frame   0x0000251c       0x20 .\CortexM3\ARM_GCC_493\Debug\car.a(ADC_INT.o)
 .debug_frame   0x0000253c      0x1a4 .\CortexM3\ARM_GCC_493\Debug\car.a(ADC_SAR.o)
 .debug_frame   0x000026e0       0x54 .\CortexM3\ARM_GCC_493\Debug\car.a(ADC_TempBuf_dma.o)
 .debug_frame   0x00002734       0x54 .\CortexM3\ARM_GCC_493\Debug\car.a(ADC_FinalBuf_dma.o)
 .debug_frame   0x00002788      0x104 .\CortexM3\ARM_GCC_493\Debug\car.a(ADC_IRQ.o)
 .debug_frame   0x0000288c       0x50 .\CortexM3\ARM_GCC_493\Debug\car.a(CONTRAL_LIDAR.o)
 .debug_frame   0x000028dc       0x50 .\CortexM3\ARM_GCC_493\Debug\car.a(debug_time.o)
 .debug_frame   0x0000292c       0x50 .\CortexM3\ARM_GCC_493\Debug\car.a(PTZ_UP_EN.o)
 .debug_frame   0x0000297c       0x50 .\CortexM3\ARM_GCC_493\Debug\car.a(PTZ_UP_STEP.o)
 .debug_frame   0x000029cc       0x50 .\CortexM3\ARM_GCC_493\Debug\car.a(PTZ_UP_DIR.o)
 .debug_frame   0x00002a1c       0x50 .\CortexM3\ARM_GCC_493\Debug\car.a(PTZ_DOWN_EN.o)
 .debug_frame   0x00002a6c       0x50 .\CortexM3\ARM_GCC_493\Debug\car.a(PTZ_DOWN_STEP.o)
 .debug_frame   0x00002abc       0x50 .\CortexM3\ARM_GCC_493\Debug\car.a(PTZ_DOWN_DIR.o)
 .debug_frame   0x00002b0c       0x50 .\CortexM3\ARM_GCC_493\Debug\car.a(SRF_TRG_1.o)
 .debug_frame   0x00002b5c      0x134 .\CortexM3\ARM_GCC_493\Debug\car.a(SRF_05_Timer.o)
 .debug_frame   0x00002c90      0x110 .\CortexM3\ARM_GCC_493\Debug\car.a(isr_srf_front.o)
 .debug_frame   0x00002da0      0x110 .\CortexM3\ARM_GCC_493\Debug\car.a(isr_srf_back.o)
 .debug_frame   0x00002eb0       0x50 .\CortexM3\ARM_GCC_493\Debug\car.a(SRF_TRG_2.o)
 .debug_frame   0x00002f00      0x134 .\CortexM3\ARM_GCC_493\Debug\car.a(SRF_05_Timer_1.o)
 .debug_frame   0x00003034       0x50 .\CortexM3\ARM_GCC_493\Debug\car.a(CHANGE_PWR.o)
 .debug_frame   0x00003084       0xdc .\CortexM3\ARM_GCC_493\Debug\car.a(QuadDec_1.o)
 .debug_frame   0x00003160      0x134 .\CortexM3\ARM_GCC_493\Debug\car.a(QuadDec_1_Cnt16.o)
 .debug_frame   0x00003294      0x17c .\CortexM3\ARM_GCC_493\Debug\car.a(EEPROM.o)
 .debug_frame   0x00003410       0xe8 .\CortexM3\ARM_GCC_493\Debug\car.a(PWM_LED_4.o)
 .debug_frame   0x000034f8      0x174 .\CortexM3\ARM_GCC_493\Debug\car.a(CyFlash.o)
 .debug_frame   0x0000366c      0x160 .\CortexM3\ARM_GCC_493\Debug\car.a(CySpc.o)
 .debug_frame   0x000037cc       0x28 c:/program files (x86)/cypress/psoc creator/3.3/psoc creator/import/gnu/arm/4.9.3/bin/../lib/gcc/arm-none-eabi/4.9.3/armv7-m\libgcc.a(_aeabi_ldivmod.o)
 .debug_frame   0x000037f4       0x54 c:/program files (x86)/cypress/psoc creator/3.3/psoc creator/import/gnu/arm/4.9.3/bin/../lib/gcc/arm-none-eabi/4.9.3/armv7-m\libgcc.a(bpabi.o)
 .debug_frame   0x00003848       0x34 c:/program files (x86)/cypress/psoc creator/3.3/psoc creator/import/gnu/arm/4.9.3/bin/../lib/gcc/arm-none-eabi/4.9.3/armv7-m\libgcc.a(_divdi3.o)
 .debug_frame   0x0000387c       0x34 c:/program files (x86)/cypress/psoc creator/3.3/psoc creator/import/gnu/arm/4.9.3/bin/../lib/gcc/arm-none-eabi/4.9.3/armv7-m\libgcc.a(_udivdi3.o)
 .debug_frame   0x000038b0       0x20 c:/program files (x86)/cypress/psoc creator/3.3/psoc creator/import/gnu/arm/4.9.3/bin/../lib/gcc/arm-none-eabi/4.9.3/../../../../arm-none-eabi/lib/armv7-m\libg_nano.a(lib_a-errno.o)
 .debug_frame   0x000038d0       0x28 c:/program files (x86)/cypress/psoc creator/3.3/psoc creator/import/gnu/arm/4.9.3/bin/../lib/gcc/arm-none-eabi/4.9.3/../../../../arm-none-eabi/lib/armv7-m\libg_nano.a(lib_a-exit.o)
 .debug_frame   0x000038f8       0x2c c:/program files (x86)/cypress/psoc creator/3.3/psoc creator/import/gnu/arm/4.9.3/bin/../lib/gcc/arm-none-eabi/4.9.3/../../../../arm-none-eabi/lib/armv7-m\libg_nano.a(lib_a-init.o)
 .debug_frame   0x00003924       0x28 c:/program files (x86)/cypress/psoc creator/3.3/psoc creator/import/gnu/arm/4.9.3/bin/../lib/gcc/arm-none-eabi/4.9.3/../../../../arm-none-eabi/lib/armv7-m\libg_nano.a(lib_a-memcpy.o)
 .debug_frame   0x0000394c       0x20 c:/program files (x86)/cypress/psoc creator/3.3/psoc creator/import/gnu/arm/4.9.3/bin/../lib/gcc/arm-none-eabi/4.9.3/../../../../arm-none-eabi/lib/armv7-m\libg_nano.a(lib_a-memset.o)

.debug_str      0x00000000     0x4c59
 *(.debug_str)
 .debug_str     0x00000000      0x648 .\CortexM3\ARM_GCC_493\Debug\main.o
                                0x6de (size before relaxing)
 .debug_str     0x00000648      0x3bc .\CortexM3\ARM_GCC_493\Debug\Transfer.o
                                0x7d3 (size before relaxing)
 .debug_str     0x00000a04      0x1ee .\CortexM3\ARM_GCC_493\Debug\car.o
                                0x5a1 (size before relaxing)
 .debug_str     0x00000bf2       0x85 .\CortexM3\ARM_GCC_493\Debug\battery.o
                                0x225 (size before relaxing)
 .debug_str     0x00000c77      0x313 .\CortexM3\ARM_GCC_493\Debug\Lidar.o
                                0x7cb (size before relaxing)
 .debug_str     0x00000f8a       0x7c .\CortexM3\ARM_GCC_493\Debug\systemInfo.o
                                0x435 (size before relaxing)
 .debug_str     0x00001006       0x46 .\CortexM3\ARM_GCC_493\Debug\multi_timer.o
                                0x226 (size before relaxing)
 .debug_str     0x0000104c       0x56 .\CortexM3\ARM_GCC_493\Debug\led.o
                                0x456 (size before relaxing)
 .debug_str     0x000010a2       0x77 .\CortexM3\ARM_GCC_493\Debug\cymetadata.o
                                0x1d0 (size before relaxing)
 .debug_str     0x00001119      0x15e .\CortexM3\ARM_GCC_493\Debug\Cm3Start.o
                                0x2f4 (size before relaxing)
 .debug_str     0x00001277      0x151 .\CortexM3\ARM_GCC_493\Debug\car.a(cyfitter_cfg.o)
                                0x300 (size before relaxing)
 .debug_str     0x000013c8      0x370 .\CortexM3\ARM_GCC_493\Debug\car.a(CyDmac.o)
                                0x524 (size before relaxing)
 .debug_str     0x00001738      0x7cb .\CortexM3\ARM_GCC_493\Debug\car.a(CyLib.o)
                                0xa09 (size before relaxing)
 .debug_str     0x00001f03      0x35b .\CortexM3\ARM_GCC_493\Debug\car.a(cyPm.o)
                                0x701 (size before relaxing)
 .debug_str     0x0000225e      0x2fc .\CortexM3\ARM_GCC_493\Debug\car.a(UART_net.o)
                                0x4cb (size before relaxing)