Archive member included because of file (symbol)

.\CortexM3\ARM_GCC_493\Debug\car.a(cyfitter_cfg.o)
                              .\CortexM3\ARM_GCC_493\Debug\Cm3Start.o (cyfitter_cfg)
.\CortexM3\ARM_GCC_493\Debug\car.a(CyBootAsmGnu.o)
                              .\CortexM3\ARM_GCC_493\Debug\car.a(cyfitter_cfg.o) (CyDelayCycles)
.\CortexM3\ARM_GCC_493\Debug\car.a(CyDmac.o)
                              .\CortexM3\ARM_GCC_493\Debug\Cm3Start.o (CyDmacConfigure)
.\CortexM3\ARM_GCC_493\Debug\car.a(CyLib.o)
                              .\CortexM3\ARM_GCC_493\Debug\Cm3Start.o (CyHalt)
.\CortexM3\ARM_GCC_493\Debug\car.a(cyPm.o)
                              .\CortexM3\ARM_GCC_493\Debug\car.a(CyLib.o) (CyPmReadStatus)
.\CortexM3\ARM_GCC_493\Debug\car.a(UART_net.o)
                              .\CortexM3\ARM_GCC_493\Debug\main.o (UART_net_Start)
.\CortexM3\ARM_GCC_493\Debug\car.a(UART_net_IntClock.o)
                              .\CortexM3\ARM_GCC_493\Debug\car.a(UART_net.o) (UART_net_IntClock_Start)
.\CortexM3\ARM_GCC_493\Debug\car.a(isr_rx_net.o)
                              .\CortexM3\ARM_GCC_493\Debug\main.o (isr_rx_net_Start)
.\CortexM3\ARM_GCC_493\Debug\car.a(L_IN_1.o)
                              .\CortexM3\ARM_GCC_493\Debug\car.o (L_IN_1_Write)
.\CortexM3\ARM_GCC_493\Debug\car.a(L_IN_2.o)
                              .\CortexM3\ARM_GCC_493\Debug\car.o (L_IN_2_Write)
.\CortexM3\ARM_GCC_493\Debug\car.a(R_IN_1.o)
                              .\CortexM3\ARM_GCC_493\Debug\car.o (R_IN_1_Write)
.\CortexM3\ARM_GCC_493\Debug\car.a(R_IN_2.o)
                              .\CortexM3\ARM_GCC_493\Debug\car.o (R_IN_2_Write)
.\CortexM3\ARM_GCC_493\Debug\car.a(PWM_MOTOR.o)
                              .\CortexM3\ARM_GCC_493\Debug\car.o (PWM_MOTOR_WriteCompare1)
.\CortexM3\ARM_GCC_493\Debug\car.a(Timer_1.o)
                              .\CortexM3\ARM_GCC_493\Debug\main.o (Timer_1_Start)
.\CortexM3\ARM_GCC_493\Debug\car.a(isr_timer.o)
                              .\CortexM3\ARM_GCC_493\Debug\main.o (time_1s_state)
.\CortexM3\ARM_GCC_493\Debug\car.a(UART_JY.o)
                              .\CortexM3\ARM_GCC_493\Debug\main.o (UART_JY_Start)
.\CortexM3\ARM_GCC_493\Debug\car.a(isr_rx_jy.o)
                              .\CortexM3\ARM_GCC_493\Debug\main.o (isr_rx_jy_Start)
.\CortexM3\ARM_GCC_493\Debug\car.a(UART_JY_IntClock.o)
                              .\CortexM3\ARM_GCC_493\Debug\car.a(UART_JY.o) (UART_JY_IntClock_Start)
.\CortexM3\ARM_GCC_493\Debug\car.a(PWM_LED.o)
                              .\CortexM3\ARM_GCC_493\Debug\Transfer.o (PWM_LED_WriteCompare1)
.\CortexM3\ARM_GCC_493\Debug\car.a(PWM_LED_1.o)
                              .\CortexM3\ARM_GCC_493\Debug\Transfer.o (PWM_LED_1_WriteCompare1)
.\CortexM3\ARM_GCC_493\Debug\car.a(PWM_STEERING.o)
                              .\CortexM3\ARM_GCC_493\Debug\main.o (PWM_STEERING_Init)
.\CortexM3\ARM_GCC_493\Debug\car.a(ADC.o)
                              .\CortexM3\ARM_GCC_493\Debug\battery.o (ADC_Start)
.\CortexM3\ARM_GCC_493\Debug\car.a(ADC_INT.o)
                              .\CortexM3\ARM_GCC_493\Debug\car.a(ADC.o) (ADC_ISR)
.\CortexM3\ARM_GCC_493\Debug\car.a(ADC_SAR.o)
                              .\CortexM3\ARM_GCC_493\Debug\car.a(ADC.o) (ADC_SAR_shift)
.\CortexM3\ARM_GCC_493\Debug\car.a(ADC_TempBuf_dma.o)
                              .\CortexM3\ARM_GCC_493\Debug\car.a(ADC.o) (ADC_TempBuf_DmaInitialize)
.\CortexM3\ARM_GCC_493\Debug\car.a(ADC_FinalBuf_dma.o)
                              .\CortexM3\ARM_GCC_493\Debug\car.a(ADC.o) (ADC_FinalBuf_DmaInitialize)
.\CortexM3\ARM_GCC_493\Debug\car.a(ADC_IRQ.o)
                              .\CortexM3\ARM_GCC_493\Debug\car.a(ADC.o) (ADC_IRQ_SetVector)
.\CortexM3\ARM_GCC_493\Debug\car.a(UART_LIDAR.o)
                              .\CortexM3\ARM_GCC_493\Debug\main.o (UART_LIDAR_Start)
.\CortexM3\ARM_GCC_493\Debug\car.a(UART_LIDAR_INT.o)
                              .\CortexM3\ARM_GCC_493\Debug\car.a(UART_LIDAR.o) (UART_LIDAR_RXISR)
.\CortexM3\ARM_GCC_493\Debug\car.a(isr_rx_LIDAR.o)
                              .\CortexM3\ARM_GCC_493\Debug\main.o (isr_rx_LIDAR_Start)
.\CortexM3\ARM_GCC_493\Debug\car.a(UART_LIDAR_IntClock.o)
                              .\CortexM3\ARM_GCC_493\Debug\car.a(UART_LIDAR.o) (UART_LIDAR_IntClock_Start)
.\CortexM3\ARM_GCC_493\Debug\car.a(debug_time.o)
                              .\CortexM3\ARM_GCC_493\Debug\Lidar.o (debug_time_Write)
.\CortexM3\ARM_GCC_493\Debug\car.a(CyFlash.o)
                              .\CortexM3\ARM_GCC_493\Debug\car.a(cyPm.o) (CyFlash_SetWaitCycles)
.\CortexM3\ARM_GCC_493\Debug\car.a(CySpc.o)
                              .\CortexM3\ARM_GCC_493\Debug\car.a(CyFlash.o) (CySpcStart)
c:/program files (x86)/cypress/psoc creator/3.3/psoc creator/import/gnu/arm/4.9.3/bin/../lib/gcc/arm-none-eabi/4.9.3/armv7-m\libgcc.a(_arm_addsubdf3.o)
                              .\CortexM3\ARM_GCC_493\Debug\Lidar.o (__aeabi_ui2d)
[...]
Memory Configuration

Name             Origin             Length             Attributes
rom              0x00000000         0x00020000         xr
ram              0x1fffc000         0x00008000         xrw
*default*        0x00000000         0xffffffff

Linker script and memory map

LOAD c:/program files (x86)/cypress/psoc creator/3.3/psoc creator/import/gnu/arm/4.9.3/bin/../lib/gcc/arm-none-eabi/4.9.3/armv7-m/crti.o
LOAD c:/program files (x86)/cypress/psoc creator/3.3/psoc creator/import/gnu/arm/4.9.3/bin/../lib/gcc/arm-none-eabi/4.9.3/armv7-m/crtbegin.o
LOAD c:/program files (x86)/cypress/psoc creator/3.3/psoc creator/import/gnu/arm/4.9.3/bin/../lib/gcc/arm-none-eabi/4.9.3/../../../../arm-none-eabi/lib/armv7-m/crt0.o
START GROUP
LOAD .\CortexM3\ARM_GCC_493\Debug\main.o
LOAD .\CortexM3\ARM_GCC_493\Debug\Transfer.o
LOAD .\CortexM3\ARM_GCC_493\Debug\car.o
LOAD .\CortexM3\ARM_GCC_493\Debug\battery.o
LOAD .\CortexM3\ARM_GCC_493\Debug\Lidar.o
LOAD .\CortexM3\ARM_GCC_493\Debug\cymetadata.o
LOAD .\CortexM3\ARM_GCC_493\Debug\Cm3Start.o
LOAD .\CortexM3\ARM_GCC_493\Debug\car.a
LOAD C:\Program Files (x86)\Cypress\PSoC Creator\3.3\PSoC Creator\psoc\content\cycomponentlibrary\CyComponentLibrary.cylib\CortexM3\ARM_GCC_493\Debug\CyComponentLibrary.a
END GROUP
START GROUP
LOAD c:/program files (x86)/cypress/psoc creator/3.3/psoc creator/import/gnu/arm/4.9.3/bin/../lib/gcc/arm-none-eabi/4.9.3/armv7-m\libgcc.a
LOAD c:/program files (x86)/cypress/psoc creator/3.3/psoc creator/import/gnu/arm/4.9.3/bin/../lib/gcc/arm-none-eabi/4.9.3/../../../../arm-none-eabi/lib/armv7-m\libg_nano.a
LOAD c:/program files (x86)/cypress/psoc creator/3.3/psoc creator/import/gnu/arm/4.9.3/bin/../lib/gcc/arm-none-eabi/4.9.3/../../../../arm-none-eabi/lib/armv7-m\libc_nano.a
END GROUP
START GROUP
LOAD c:/program files (x86)/cypress/psoc creator/3.3/psoc creator/import/gnu/arm/4.9.3/bin/../lib/gcc/arm-none-eabi/4.9.3/armv7-m\libgcc.a
LOAD c:/program files (x86)/cypress/psoc creator/3.3/psoc creator/import/gnu/arm/4.9.3/bin/../lib/gcc/arm-none-eabi/4.9.3/../../../../arm-none-eabi/lib/armv7-m\libc_nano.a
END GROUP
LOAD c:/program files (x86)/cypress/psoc creator/3.3/psoc creator/import/gnu/arm/4.9.3/bin/../lib/gcc/arm-none-eabi/4.9.3/armv7-m/crtend.o
LOAD c:/program files (x86)/cypress/psoc creator/3.3/psoc creator/import/gnu/arm/4.9.3/bin/../lib/gcc/arm-none-eabi/4.9.3/armv7-m/crtn.o
START GROUP
LOAD c:/program files (x86)/cypress/psoc creator/3.3/psoc creator/import/gnu/arm/4.9.3/bin/../lib/gcc/arm-none-eabi/4.9.3/armv7-m\libgcc.a
LOAD c:/program files (x86)/cypress/psoc creator/3.3/psoc creator/import/gnu/arm/4.9.3/bin/../lib/gcc/arm-none-eabi/4.9.3/../../../../arm-none-eabi/lib/armv7-m\libc.a
LOAD c:/program files (x86)/cypress/psoc creator/3.3/psoc creator/import/gnu/arm/4.9.3/bin/../lib/gcc/arm-none-eabi/4.9.3/../../../../arm-none-eabi/lib/armv7-m\libnosys.a
END GROUP
                0x00000000                CY_APPL_ORIGIN = 0x0
                0x00000100                CY_FLASH_ROW_SIZE = 0x100
                0x00000020                CY_ECC_ROW_SIZE = 0x20
                0x00000000                CY_EE_IN_BTLDR = 0x0
                0x00000000                CY_APPL_LOADABLE = 0x0
                0x00000800                CY_EE_SIZE = 0x800
                0x00000001                CY_APPL_NUM = 0x1
                0x00000001                CY_APPL_MAX = 0x1
                0x00000040                CY_METADATA_SIZE = 0x40
                0x00000000                CY_APPL_LOADABLE = 0x0
                0x00000000                CY_CHECKSUM_EXCLUDE_SIZE = ALIGN (0x0, CY_FLASH_ROW_SIZE)
                0x1fffea28                PROVIDE (__cy_heap_start, _end)
                0x00000001                PROVIDE (__cy_region_num, ((__cy_regions_end - __cy_regions) / 0x10))
                0x20004000                PROVIDE (__cy_stack, (ORIGIN (ram) + 0x8000))
                0x20003800                PROVIDE (__cy_heap_end, (__cy_stack - 0x800))

.cybootloader   0x00000000        0x0
 *(.cybootloader)
                0x00000000                appl1_start = CY_APPL_ORIGIN?CY_APPL_ORIGIN:ALIGN (CY_FLASH_ROW_SIZE)
                0x0000ff00                appl2_start = (appl1_start + ALIGN ((((0x20000 - appl1_start) - (0x2 * CY_FLASH_ROW_SIZE)) / 0x2), CY_FLASH_ROW_SIZE))
                0x00000000                appl_start = (CY_APPL_NUM == 0x1)?appl1_start:appl2_start
                0x00000000                ecc_offset = ((appl_start / CY_FLASH_ROW_SIZE) * CY_ECC_ROW_SIZE)
                0x00000000                ee_offset = (CY_APPL_LOADABLE && ! (CY_EE_IN_BTLDR))?((CY_EE_SIZE / CY_APPL_MAX) * (CY_APPL_NUM - 0x1)):0x0
                0x00000800                ee_size = (CY_APPL_LOADABLE && ! (CY_EE_IN_BTLDR))?(CY_EE_SIZE / CY_APPL_MAX):CY_EE_SIZE
                0x00000000                PROVIDE (CY_ECC_OFFSET, ecc_offset)

.text           0x00000000     0x2de2
 CREATE_OBJECT_SYMBOLS
                0x00000000                PROVIDE (__cy_interrupt_vector, RomVectors)
 *(.romvectors)
 .romvectors    0x00000000       0x10 .\CortexM3\ARM_GCC_493\Debug\Cm3Start.o
                0x00000000                RomVectors
                0x00000001                ASSERT ((. != __cy_interrupt_vector), No interrupt vector)
                0x00000001                ASSERT (CY_APPL_ORIGIN?(SIZEOF (.cybootloader) <= CY_APPL_ORIGIN):0x1, Wrong image location)
                0x00000010                PROVIDE (__cy_reset, Reset)
 *(.text.Reset)
 .text.Reset    0x00000010       0x18 .\CortexM3\ARM_GCC_493\Debug\Cm3Start.o
                0x00000010                Reset
                0x00000001                ASSERT ((. != __cy_reset), No reset code)
 *(.dma_init)
                0x00000001                ASSERT ((((appl_start + .) <= 0x10000) || 0x1), DMA Init must be within the first 64k of flash)
 *(.text .text.* .gnu.linkonce.t.*)
 .text          0x00000028       0x5c c:/program files (x86)/cypress/psoc creator/3.3/psoc creator/import/gnu/arm/4.9.3/bin/../lib/gcc/arm-none-eabi/4.9.3/armv7-m/crtbegin.o
 .text.main     0x00000084       0xbc .\CortexM3\ARM_GCC_493\Debug\main.o
                0x00000084                main
 .text.DT_Send_Data
                0x00000140        0x8 .\CortexM3\ARM_GCC_493\Debug\Transfer.o
                0x00000140                DT_Send_Data
 .text.DT_Send_Check
                0x00000148       0x3c .\CortexM3\ARM_GCC_493\Debug\Transfer.o
 .text.DT_Data_Receive_Anl
                0x00000184      0x1a4 .\CortexM3\ARM_GCC_493\Debug\Transfer.o
                0x00000184                DT_Data_Receive_Anl
 .text.DT_Data_Receive_Prepare
                0x00000328       0xac .\CortexM3\ARM_GCC_493\Debug\Transfer.o
                0x00000328                DT_Data_Receive_Prepare
 .text.DT_Send_Status
                0x000003d4       0x4c .\CortexM3\ARM_GCC_493\Debug\Transfer.o
                0x000003d4                DT_Send_Status
 .text.DT_Send_Senser
                0x00000420       0xb8 .\CortexM3\ARM_GCC_493\Debug\Transfer.o
                0x00000420                DT_Send_Senser
 .text.DT_Send_Power
                0x000004d8       0x4c .\CortexM3\ARM_GCC_493\Debug\Transfer.o
                0x000004d8                DT_Send_Power
 .text.DT_Data_Exchange
                0x00000524      0x1b0 .\CortexM3\ARM_GCC_493\Debug\Transfer.o
                0x00000524                DT_Data_Exchange
 .text.Set_Left_Front_Speed_Turn
                0x000006d4       0x38 .\CortexM3\ARM_GCC_493\Debug\car.o
 .text.Set_Left_Behind_Speed_Turn
                0x0000070c       0x38 .\CortexM3\ARM_GCC_493\Debug\car.o
 .text.Set_Right_Behind_Speed_Turn
                0x00000744       0x38 .\CortexM3\ARM_GCC_493\Debug\car.o
 .text.Command_Car_UP
                0x0000077c       0x24 .\CortexM3\ARM_GCC_493\Debug\car.o
 .text.Command_Car_Down
                0x000007a0       0x24 .\CortexM3\ARM_GCC_493\Debug\car.o
 .text.Command_Car_Left
                0x000007c4       0x28 .\CortexM3\ARM_GCC_493\Debug\car.o
                0x000007c4                Command_Car_Left
 .text.Command_Car_Right
                0x000007ec       0x28 .\CortexM3\ARM_GCC_493\Debug\car.o
                0x000007ec                Command_Car_Right
 .text.Command_Car_brake
                0x00000814       0x24 .\CortexM3\ARM_GCC_493\Debug\car.o
                0x00000814                Command_Car_brake
 .text.Car_Dir  0x00000838       0x4c .\CortexM3\ARM_GCC_493\Debug\car.o
                0x00000838                Car_Dir
 .text.Control_Car
                0x00000884       0x34 .\CortexM3\ARM_GCC_493\Debug\car.o
                0x00000884                Control_Car
 .text.Monitor_Battery_Init
                0x000008b8        0xc .\CortexM3\ARM_GCC_493\Debug\battery.o
                0x000008b8                Monitor_Battery_Init
 .text.Get_Battery_ADvalue
                0x000008c4       0x4c .\CortexM3\ARM_GCC_493\Debug\battery.o
                0x000008c4                Get_Battery_ADvalue
 .text.Lidar_init
                0x00000910       0x2c .\CortexM3\ARM_GCC_493\Debug\Lidar.o
                0x00000910                Lidar_init
 .text.Lidar_Normal_Data_Receive_Prepare
                0x0000093c       0xe0 .\CortexM3\ARM_GCC_493\Debug\Lidar.o
                0x0000093c                Lidar_Normal_Data_Receive_Prepare
 .text.IntDefaultHandler
                0x00000a1c        0x4 .\CortexM3\ARM_GCC_493\Debug\Cm3Start.o
                0x00000a1c                IntDefaultHandler
 .text.Start_c  0x00000a20       0x4c .\CortexM3\ARM_GCC_493\Debug\Cm3Start.o
                0x00000a20                Start_c
 .text.initialize_psoc
                0x00000a6c       0x78 .\CortexM3\ARM_GCC_493\Debug\Cm3Start.o
                0x00000a6c                initialize_psoc
 .text.cfg_write_bytes32
                0x00000ae4       0x34 .\CortexM3\ARM_GCC_493\Debug\car.a(cyfitter_cfg.o)
 .text.AnalogSetDefault
                0x00000b18       0x80 .\CortexM3\ARM_GCC_493\Debug\car.a(cyfitter_cfg.o)
 .text.CYMEMZERO
                0x00000b98        0xc .\CortexM3\ARM_GCC_493\Debug\car.a(cyfitter_cfg.o)
 .text.ClockSetup
                0x00000ba4       0xdc .\CortexM3\ARM_GCC_493\Debug\car.a(cyfitter_cfg.o)
 .text.CYCONFIGCPY
                0x00000c80        0x8 .\CortexM3\ARM_GCC_493\Debug\car.a(cyfitter_cfg.o)
 .text.cyfitter_cfg
                0x00000c88      0x174 .\CortexM3\ARM_GCC_493\Debug\car.a(cyfitter_cfg.o)
                0x00000c88                cyfitter_cfg
 *fill*         0x00000dfc        0x4 
 .text          0x00000e00       0x20 .\CortexM3\ARM_GCC_493\Debug\car.a(CyBootAsmGnu.o)
                0x00000e00                CyDelayCycles
                0x00000e10                CyEnterCriticalSection
                0x00000e18                CyExitCriticalSection
 .text.CyDmacConfigure
                0x00000e20       0x34 .\CortexM3\ARM_GCC_493\Debug\car.a(CyDmac.o)
                0x00000e20                CyDmacConfigure
 .text.CyDmaChEnable
                0x00000e54       0x38 .\CortexM3\ARM_GCC_493\Debug\car.a(CyDmac.o)
                0x00000e54                CyDmaChEnable
 .text.CyDmaClearPendingDrq
                0x00000e8c       0x28 .\CortexM3\ARM_GCC_493\Debug\car.a(CyDmac.o)
                0x00000e8c                CyDmaClearPendingDrq
 .text.CyDmaChPriority
                0x00000eb4       0x24 .\CortexM3\ARM_GCC_493\Debug\car.a(CyDmac.o)
                0x00000eb4                CyDmaChPriority
 .text.CyDmaChSetExtendedAddress
                0x00000ed8       0x34 .\CortexM3\ARM_GCC_493\Debug\car.a(CyDmac.o)
                0x00000ed8                CyDmaChSetExtendedAddress
 .text.CyDmaChSetInitialTd
                0x00000f0c       0x18 .\CortexM3\ARM_GCC_493\Debug\car.a(CyDmac.o)
                0x00000f0c                CyDmaChSetInitialTd
 .text.CyDmaChSetConfiguration
                0x00000f24       0x48 .\CortexM3\ARM_GCC_493\Debug\car.a(CyDmac.o)
                0x00000f24                CyDmaChSetConfiguration
 .text.CyDmaTdAllocate
                0x00000f6c       0x34 .\CortexM3\ARM_GCC_493\Debug\car.a(CyDmac.o)
                0x00000f6c                CyDmaTdAllocate
 .text.CyDmaTdSetConfiguration
                0x00000fa0       0x28 .\CortexM3\ARM_GCC_493\Debug\car.a(CyDmac.o)
                0x00000fa0                CyDmaTdSetConfiguration
 .text.CyDmaTdSetAddress
                0x00000fc8       0x1c .\CortexM3\ARM_GCC_493\Debug\car.a(CyDmac.o)
                0x00000fc8                CyDmaTdSetAddress
 .text.CyHalt   0x00000fe4        0x4 .\CortexM3\ARM_GCC_493\Debug\car.a(CyLib.o)
                0x00000fe4                CyHalt
 .text.CyDelayUs
                0x00000fe8       0x14 .\CortexM3\ARM_GCC_493\Debug\car.a(CyLib.o)
                0x00000fe8                CyDelayUs
 .text.CyIntSetVector
                0x00000ffc       0x28 .\CortexM3\ARM_GCC_493\Debug\car.a(CyLib.o)
                0x00000ffc                CyIntSetVector
 .text.CyIntSetPriority
                0x00001024       0x30 .\CortexM3\ARM_GCC_493\Debug\car.a(CyLib.o)
                0x00001024                CyIntSetPriority
 .text.UART_net_Init
                0x00001054       0x28 .\CortexM3\ARM_GCC_493\Debug\car.a(UART_net.o)
                0x00001054                UART_net_Init
 .text.UART_net_Enable
                0x0000107c       0x38 .\CortexM3\ARM_GCC_493\Debug\car.a(UART_net.o)
                0x0000107c                UART_net_Enable
 .text.UART_net_Start
                0x000010b4       0x1c .\CortexM3\ARM_GCC_493\Debug\car.a(UART_net.o)
                0x000010b4                UART_net_Start
 .text.UART_net_GetChar
                0x000010d0       0x2c .\CortexM3\ARM_GCC_493\Debug\car.a(UART_net.o)
                0x000010d0                UART_net_GetChar
 .text.UART_net_PutChar
                0x000010fc       0x18 .\CortexM3\ARM_GCC_493\Debug\car.a(UART_net.o)
                0x000010fc                UART_net_PutChar
 .text.UART_net_PutArray
                0x00001114       0x28 .\CortexM3\ARM_GCC_493\Debug\car.a(UART_net.o)
                0x00001114                UART_net_PutArray
 .text.UART_net_IntClock_Start
                0x0000113c       0x1c .\CortexM3\ARM_GCC_493\Debug\car.a(UART_net_IntClock.o)
                0x0000113c                UART_net_IntClock_Start
 .text.isr_rx_net_Interrupt
                0x00001158        0xc .\CortexM3\ARM_GCC_493\Debug\car.a(isr_rx_net.o)
                0x00001158                isr_rx_net_Interrupt
 .text.isr_rx_net_SetVector
                0x00001164        0xc .\CortexM3\ARM_GCC_493\Debug\car.a(isr_rx_net.o)
                0x00001164                isr_rx_net_SetVector
 .text.isr_rx_net_SetPriority
                0x00001170       0x10 .\CortexM3\ARM_GCC_493\Debug\car.a(isr_rx_net.o)
                0x00001170                isr_rx_net_SetPriority
 .text.isr_rx_net_Enable
                0x00001180        0xc .\CortexM3\ARM_GCC_493\Debug\car.a(isr_rx_net.o)
                0x00001180                isr_rx_net_Enable
 .text.isr_rx_net_Disable
                0x0000118c        0xc .\CortexM3\ARM_GCC_493\Debug\car.a(isr_rx_net.o)
                0x0000118c                isr_rx_net_Disable
 .text.isr_rx_net_Start
                0x00001198       0x1c .\CortexM3\ARM_GCC_493\Debug\car.a(isr_rx_net.o)
                0x00001198                isr_rx_net_Start
 .text.L_IN_1_Write
                0x000011b4       0x18 .\CortexM3\ARM_GCC_493\Debug\car.a(L_IN_1.o)
                0x000011b4                L_IN_1_Write
 .text.L_IN_2_Write
                0x000011cc       0x18 .\CortexM3\ARM_GCC_493\Debug\car.a(L_IN_2.o)
                0x000011cc                L_IN_2_Write
 .text.R_IN_1_Write
                0x000011e4       0x18 .\CortexM3\ARM_GCC_493\Debug\car.a(R_IN_1.o)
                0x000011e4                R_IN_1_Write
 .text.R_IN_2_Write
                0x000011fc       0x18 .\CortexM3\ARM_GCC_493\Debug\car.a(R_IN_2.o)
                0x000011fc                R_IN_2_Write
 .text.PWM_MOTOR_Enable
                0x00001214       0x10 .\CortexM3\ARM_GCC_493\Debug\car.a(PWM_MOTOR.o)
                0x00001214                PWM_MOTOR_Enable
 .text.PWM_MOTOR_WriteCounter
                0x00001224        0xc .\CortexM3\ARM_GCC_493\Debug\car.a(PWM_MOTOR.o)
                0x00001224                PWM_MOTOR_WriteCounter
 .text.PWM_MOTOR_WritePeriod
                0x00001230        0xc .\CortexM3\ARM_GCC_493\Debug\car.a(PWM_MOTOR.o)
                0x00001230                PWM_MOTOR_WritePeriod
 .text.PWM_MOTOR_WriteCompare1
                0x0000123c        0xc .\CortexM3\ARM_GCC_493\Debug\car.a(PWM_MOTOR.o)
                0x0000123c                PWM_MOTOR_WriteCompare1
 .text.PWM_MOTOR_WriteCompare2
                0x00001248        0xc .\CortexM3\ARM_GCC_493\Debug\car.a(PWM_MOTOR.o)
                0x00001248                PWM_MOTOR_WriteCompare2
 .text.PWM_MOTOR_SetInterruptMode
                0x00001254        0xc .\CortexM3\ARM_GCC_493\Debug\car.a(PWM_MOTOR.o)
                0x00001254                PWM_MOTOR_SetInterruptMode
 .text.PWM_MOTOR_ReadStatusRegister
                0x00001260        0xc .\CortexM3\ARM_GCC_493\Debug\car.a(PWM_MOTOR.o)
                0x00001260                PWM_MOTOR_ReadStatusRegister
 .text.PWM_MOTOR_ReadCapture
                0x0000126c        0xc .\CortexM3\ARM_GCC_493\Debug\car.a(PWM_MOTOR.o)
                0x0000126c                PWM_MOTOR_ReadCapture
 .text.PWM_MOTOR_ClearFIFO
                0x00001278       0x14 .\CortexM3\ARM_GCC_493\Debug\car.a(PWM_MOTOR.o)
                0x00001278                PWM_MOTOR_ClearFIFO
 .text.PWM_MOTOR_Init
                0x0000128c       0x68 .\CortexM3\ARM_GCC_493\Debug\car.a(PWM_MOTOR.o)
                0x0000128c                PWM_MOTOR_Init
 .text.PWM_MOTOR_Start
                0x000012f4       0x1c .\CortexM3\ARM_GCC_493\Debug\car.a(PWM_MOTOR.o)
                0x000012f4                PWM_MOTOR_Start
 .text.Timer_1_Enable
                0x00001310       0x28 .\CortexM3\ARM_GCC_493\Debug\car.a(Timer_1.o)
                0x00001310                Timer_1_Enable
 .text.Timer_1_SetInterruptMode
                0x00001338        0xc .\CortexM3\ARM_GCC_493\Debug\car.a(Timer_1.o)
                0x00001338                Timer_1_SetInterruptMode
 .text.Timer_1_WritePeriod
                0x00001344        0xc .\CortexM3\ARM_GCC_493\Debug\car.a(Timer_1.o)
                0x00001344                Timer_1_WritePeriod
 .text.Timer_1_WriteCounter
                0x00001350        0xc .\CortexM3\ARM_GCC_493\Debug\car.a(Timer_1.o)
                0x00001350                Timer_1_WriteCounter
 .text.Timer_1_Init
                0x0000135c       0x68 .\CortexM3\ARM_GCC_493\Debug\car.a(Timer_1.o)
                0x0000135c                Timer_1_Init
 .text.Timer_1_Start
                0x000013c4       0x1c .\CortexM3\ARM_GCC_493\Debug\car.a(Timer_1.o)
                0x000013c4                Timer_1_Start
 .text.isr_timer_Interrupt
                0x000013e0       0x74 .\CortexM3\ARM_GCC_493\Debug\car.a(isr_timer.o)
                0x000013e0                isr_timer_Interrupt
 .text.isr_timer_SetVector
                0x00001454        0xc .\CortexM3\ARM_GCC_493\Debug\car.a(isr_timer.o)
                0x00001454                isr_timer_SetVector
 .text.isr_timer_SetPriority
                0x00001460       0x10 .\CortexM3\ARM_GCC_493\Debug\car.a(isr_timer.o)
                0x00001460                isr_timer_SetPriority
 .text.isr_timer_Enable
                0x00001470        0xc .\CortexM3\ARM_GCC_493\Debug\car.a(isr_timer.o)
                0x00001470                isr_timer_Enable
 .text.isr_timer_Disable
                0x0000147c        0xc .\CortexM3\ARM_GCC_493\Debug\car.a(isr_timer.o)
                0x0000147c                isr_timer_Disable
 .text.isr_timer_Start
                0x00001488       0x1c .\CortexM3\ARM_GCC_493\Debug\car.a(isr_timer.o)
                0x00001488                isr_timer_Start
 .text.UART_JY_Init
                0x000014a4       0x28 .\CortexM3\ARM_GCC_493\Debug\car.a(UART_JY.o)
                0x000014a4                UART_JY_Init
 .text.UART_JY_Enable
                0x000014cc       0x38 .\CortexM3\ARM_GCC_493\Debug\car.a(UART_JY.o)
                0x000014cc                UART_JY_Enable
 .text.UART_JY_Start
                0x00001504       0x1c .\CortexM3\ARM_GCC_493\Debug\car.a(UART_JY.o)
                0x00001504                UART_JY_Start
 .text.UART_JY_GetChar
                0x00001520       0x2c .\CortexM3\ARM_GCC_493\Debug\car.a(UART_JY.o)
                0x00001520                UART_JY_GetChar
 .text.isr_rx_jy_Interrupt
                0x0000154c       0xd4 .\CortexM3\ARM_GCC_493\Debug\car.a(isr_rx_jy.o)
                0x0000154c                isr_rx_jy_Interrupt
 .text.isr_rx_jy_SetVector
                0x00001620        0xc .\CortexM3\ARM_GCC_493\Debug\car.a(isr_rx_jy.o)
                0x00001620                isr_rx_jy_SetVector
 .text.isr_rx_jy_SetPriority
                0x0000162c       0x10 .\CortexM3\ARM_GCC_493\Debug\car.a(isr_rx_jy.o)
                0x0000162c                isr_rx_jy_SetPriority
 .text.isr_rx_jy_Enable
                0x0000163c        0xc .\CortexM3\ARM_GCC_493\Debug\car.a(isr_rx_jy.o)
                0x0000163c                isr_rx_jy_Enable
 .text.isr_rx_jy_Disable
                0x00001648        0xc .\CortexM3\ARM_GCC_493\Debug\car.a(isr_rx_jy.o)
                0x00001648                isr_rx_jy_Disable
 .text.isr_rx_jy_Start
                0x00001654       0x1c .\CortexM3\ARM_GCC_493\Debug\car.a(isr_rx_jy.o)
                0x00001654                isr_rx_jy_Start
 .text.UART_JY_IntClock_Start
                0x00001670       0x1c .\CortexM3\ARM_GCC_493\Debug\car.a(UART_JY_IntClock.o)
                0x00001670                UART_JY_IntClock_Start
 .text.PWM_LED_Enable
                0x0000168c       0x10 .\CortexM3\ARM_GCC_493\Debug\car.a(PWM_LED.o)
                0x0000168c                PWM_LED_Enable
 .text.PWM_LED_WriteCounter
                0x0000169c        0xc .\CortexM3\ARM_GCC_493\Debug\car.a(PWM_LED.o)
                0x0000169c                PWM_LED_WriteCounter
 .text.PWM_LED_WritePeriod
                0x000016a8        0xc .\CortexM3\ARM_GCC_493\Debug\car.a(PWM_LED.o)
                0x000016a8                PWM_LED_WritePeriod
 .text.PWM_LED_WriteCompare1
                0x000016b4        0xc .\CortexM3\ARM_GCC_493\Debug\car.a(PWM_LED.o)
                0x000016b4                PWM_LED_WriteCompare1
 .text.PWM_LED_WriteCompare2
                0x000016c0        0xc .\CortexM3\ARM_GCC_493\Debug\car.a(PWM_LED.o)
                0x000016c0                PWM_LED_WriteCompare2
 .text.PWM_LED_SetInterruptMode
                0x000016cc        0xc .\CortexM3\ARM_GCC_493\Debug\car.a(PWM_LED.o)
                0x000016cc                PWM_LED_SetInterruptMode
 .text.PWM_LED_ReadStatusRegister
                0x000016d8        0xc .\CortexM3\ARM_GCC_493\Debug\car.a(PWM_LED.o)
                0x000016d8                PWM_LED_ReadStatusRegister
 .text.PWM_LED_ReadCapture
                0x000016e4        0xc .\CortexM3\ARM_GCC_493\Debug\car.a(PWM_LED.o)
                0x000016e4                PWM_LED_ReadCapture
 .text.PWM_LED_ClearFIFO
                0x000016f0       0x14 .\CortexM3\ARM_GCC_493\Debug\car.a(PWM_LED.o)
                0x000016f0                PWM_LED_ClearFIFO
 .text.PWM_LED_Init
                0x00001704       0x68 .\CortexM3\ARM_GCC_493\Debug\car.a(PWM_LED.o)
                0x00001704                PWM_LED_Init
 .text.PWM_LED_Start
                0x0000176c       0x1c .\CortexM3\ARM_GCC_493\Debug\car.a(PWM_LED.o)
                0x0000176c                PWM_LED_Start
 .text.PWM_LED_1_Enable
                0x00001788       0x10 .\CortexM3\ARM_GCC_493\Debug\car.a(PWM_LED_1.o)
                0x00001788                PWM_LED_1_Enable
 .text.PWM_LED_1_WriteCounter
                0x00001798        0xc .\CortexM3\ARM_GCC_493\Debug\car.a(PWM_LED_1.o)
                0x00001798                PWM_LED_1_WriteCounter
 .text.PWM_LED_1_WritePeriod
                0x000017a4        0xc .\CortexM3\ARM_GCC_493\Debug\car.a(PWM_LED_1.o)
                0x000017a4                PWM_LED_1_WritePeriod
 .text.PWM_LED_1_WriteCompare1
                0x000017b0        0xc .\CortexM3\ARM_GCC_493\Debug\car.a(PWM_LED_1.o)
                0x000017b0                PWM_LED_1_WriteCompare1
 .text.PWM_LED_1_WriteCompare2
                0x000017bc        0xc .\CortexM3\ARM_GCC_493\Debug\car.a(PWM_LED_1.o)
                0x000017bc                PWM_LED_1_WriteCompare2
 .text.PWM_LED_1_SetInterruptMode
                0x000017c8        0xc .\CortexM3\ARM_GCC_493\Debug\car.a(PWM_LED_1.o)
                0x000017c8                PWM_LED_1_SetInterruptMode
 .text.PWM_LED_1_ReadStatusRegister
                0x000017d4        0xc .\CortexM3\ARM_GCC_493\Debug\car.a(PWM_LED_1.o)
                0x000017d4                PWM_LED_1_ReadStatusRegister
 .text.PWM_LED_1_ReadCapture
                0x000017e0        0xc .\CortexM3\ARM_GCC_493\Debug\car.a(PWM_LED_1.o)
                0x000017e0                PWM_LED_1_ReadCapture
 .text.PWM_LED_1_ClearFIFO
                0x000017ec       0x14 .\CortexM3\ARM_GCC_493\Debug\car.a(PWM_LED_1.o)
                0x000017ec                PWM_LED_1_ClearFIFO
 .text.PWM_LED_1_Init
                0x00001800       0x6c .\CortexM3\ARM_GCC_493\Debug\car.a(PWM_LED_1.o)
                0x00001800                PWM_LED_1_Init
 .text.PWM_LED_1_Start
                0x0000186c       0x1c .\CortexM3\ARM_GCC_493\Debug\car.a(PWM_LED_1.o)
                0x0000186c                PWM_LED_1_Start
 .text.PWM_STEERING_Enable
                0x00001888       0x10 .\CortexM3\ARM_GCC_493\Debug\car.a(PWM_STEERING.o)
                0x00001888                PWM_STEERING_Enable
 .text.PWM_STEERING_WriteCounter
                0x00001898        0xc .\CortexM3\ARM_GCC_493\Debug\car.a(PWM_STEERING.o)
                0x00001898                PWM_STEERING_WriteCounter
 .text.PWM_STEERING_WritePeriod
                0x000018a4        0xc .\CortexM3\ARM_GCC_493\Debug\car.a(PWM_STEERING.o)
                0x000018a4                PWM_STEERING_WritePeriod
 .text.PWM_STEERING_WriteCompare1
                0x000018b0        0xc .\CortexM3\ARM_GCC_493\Debug\car.a(PWM_STEERING.o)
                0x000018b0                PWM_STEERING_WriteCompare1
 .text.PWM_STEERING_WriteCompare2
                0x000018bc        0xc .\CortexM3\ARM_GCC_493\Debug\car.a(PWM_STEERING.o)
                0x000018bc                PWM_STEERING_WriteCompare2
 .text.PWM_STEERING_SetInterruptMode
                0x000018c8        0xc .\CortexM3\ARM_GCC_493\Debug\car.a(PWM_STEERING.o)
                0x000018c8                PWM_STEERING_SetInterruptMode
 .text.PWM_STEERING_ReadStatusRegister
                0x000018d4        0xc .\CortexM3\ARM_GCC_493\Debug\car.a(PWM_STEERING.o)
                0x000018d4                PWM_STEERING_ReadStatusRegister
 .text.PWM_STEERING_ReadCapture
                0x000018e0        0xc .\CortexM3\ARM_GCC_493\Debug\car.a(PWM_STEERING.o)
                0x000018e0                PWM_STEERING_ReadCapture
 .text.PWM_STEERING_ClearFIFO
                0x000018ec       0x14 .\CortexM3\ARM_GCC_493\Debug\car.a(PWM_STEERING.o)
                0x000018ec                PWM_STEERING_ClearFIFO
 .text.PWM_STEERING_Init
                0x00001900       0x68 .\CortexM3\ARM_GCC_493\Debug\car.a(PWM_STEERING.o)
                0x00001900                PWM_STEERING_Init
 .text.PWM_STEERING_Start
                0x00001968       0x1c .\CortexM3\ARM_GCC_493\Debug\car.a(PWM_STEERING.o)
                0x00001968                PWM_STEERING_Start
 .text.ADC_Init
                0x00001984       0x3c .\CortexM3\ARM_GCC_493\Debug\car.a(ADC.o)
                0x00001984                ADC_Init
 .text.ADC_Enable
                0x000019c0       0xcc .\CortexM3\ARM_GCC_493\Debug\car.a(ADC.o)
                0x000019c0                ADC_Enable
 .text.ADC_Start
                0x00001a8c       0x28 .\CortexM3\ARM_GCC_493\Debug\car.a(ADC.o)
                0x00001a8c                ADC_Start
 .text.ADC_StartConvert
                0x00001ab4        0x8 .\CortexM3\ARM_GCC_493\Debug\car.a(ADC.o)
                0x00001ab4                ADC_StartConvert
 .text.ADC_GetResult16
                0x00001abc       0x1c .\CortexM3\ARM_GCC_493\Debug\car.a(ADC.o)
                0x00001abc                ADC_GetResult16
 .text.ADC_ISR  0x00001ad8        0x4 .\CortexM3\ARM_GCC_493\Debug\car.a(ADC_INT.o)
                0x00001ad8                ADC_ISR
 .text.ADC_SAR_CalcGain
                0x00001adc       0x64 .\CortexM3\ARM_GCC_493\Debug\car.a(ADC_SAR.o)
 .text.ADC_SAR_Enable
                0x00001b40       0x78 .\CortexM3\ARM_GCC_493\Debug\car.a(ADC_SAR.o)
                0x00001b40                ADC_SAR_Enable
 .text.ADC_SAR_SetResolution
                0x00001bb8       0x38 .\CortexM3\ARM_GCC_493\Debug\car.a(ADC_SAR.o)
                0x00001bb8                ADC_SAR_SetResolution
 .text.ADC_SAR_Init
                0x00001bf0       0x24 .\CortexM3\ARM_GCC_493\Debug\car.a(ADC_SAR.o)
                0x00001bf0                ADC_SAR_Init
 .text.ADC_SAR_Start
                0x00001c14       0x1c .\CortexM3\ARM_GCC_493\Debug\car.a(ADC_SAR.o)
                0x00001c14                ADC_SAR_Start
 .text.ADC_SAR_StartConvert
                0x00001c30       0x10 .\CortexM3\ARM_GCC_493\Debug\car.a(ADC_SAR.o)
                0x00001c30                ADC_SAR_StartConvert
 .text.ADC_TempBuf_DmaInitialize
                0x00001c40       0x40 .\CortexM3\ARM_GCC_493\Debug\car.a(ADC_TempBuf_dma.o)
                0x00001c40                ADC_TempBuf_DmaInitialize
 .text.ADC_FinalBuf_DmaInitialize
                0x00001c80       0x3c .\CortexM3\ARM_GCC_493\Debug\car.a(ADC_FinalBuf_dma.o)
                0x00001c80                ADC_FinalBuf_DmaInitialize
 .text.ADC_IRQ_SetVector
                0x00001cbc        0xc .\CortexM3\ARM_GCC_493\Debug\car.a(ADC_IRQ.o)
                0x00001cbc                ADC_IRQ_SetVector
 .text.ADC_IRQ_SetPriority
                0x00001cc8       0x10 .\CortexM3\ARM_GCC_493\Debug\car.a(ADC_IRQ.o)
                0x00001cc8                ADC_IRQ_SetPriority
 .text.UART_LIDAR_Init
                0x00001cd8       0x5c .\CortexM3\ARM_GCC_493\Debug\car.a(UART_LIDAR.o)
                0x00001cd8                UART_LIDAR_Init
 .text.UART_LIDAR_Enable
                0x00001d34       0x50 .\CortexM3\ARM_GCC_493\Debug\car.a(UART_LIDAR.o)
                0x00001d34                UART_LIDAR_Enable
 .text.UART_LIDAR_Start
                0x00001d84       0x1c .\CortexM3\ARM_GCC_493\Debug\car.a(UART_LIDAR.o)
                0x00001d84                UART_LIDAR_Start
 .text.UART_LIDAR_GetChar
                0x00001da0       0x80 .\CortexM3\ARM_GCC_493\Debug\car.a(UART_LIDAR.o)
                0x00001da0                UART_LIDAR_GetChar
 .text.UART_LIDAR_PutChar
                0x00001e20       0x70 .\CortexM3\ARM_GCC_493\Debug\car.a(UART_LIDAR.o)
                0x00001e20                UART_LIDAR_PutChar
 .text.UART_LIDAR_PutArray
                0x00001e90       0x28 .\CortexM3\ARM_GCC_493\Debug\car.a(UART_LIDAR.o)
                0x00001e90                UART_LIDAR_PutArray
 .text.UART_LIDAR_RXISR
                0x00001eb8       0x94 .\CortexM3\ARM_GCC_493\Debug\car.a(UART_LIDAR_INT.o)
                0x00001eb8                UART_LIDAR_RXISR
 .text.UART_LIDAR_TXISR
                0x00001f4c       0x58 .\CortexM3\ARM_GCC_493\Debug\car.a(UART_LIDAR_INT.o)
                0x00001f4c                UART_LIDAR_TXISR
 .text.isr_rx_LIDAR_Interrupt
                0x00001fa4        0xc .\CortexM3\ARM_GCC_493\Debug\car.a(isr_rx_LIDAR.o)
                0x00001fa4                isr_rx_LIDAR_Interrupt
 .text.isr_rx_LIDAR_SetVector
                0x00001fb0        0xc .\CortexM3\ARM_GCC_493\Debug\car.a(isr_rx_LIDAR.o)
                0x00001fb0                isr_rx_LIDAR_SetVector
 .text.isr_rx_LIDAR_SetPriority
                0x00001fbc       0x10 .\CortexM3\ARM_GCC_493\Debug\car.a(isr_rx_LIDAR.o)
                0x00001fbc                isr_rx_LIDAR_SetPriority
 .text.isr_rx_LIDAR_Enable
                0x00001fcc        0xc .\CortexM3\ARM_GCC_493\Debug\car.a(isr_rx_LIDAR.o)
                0x00001fcc                isr_rx_LIDAR_Enable
 .text.isr_rx_LIDAR_Disable
                0x00001fd8        0xc .\CortexM3\ARM_GCC_493\Debug\car.a(isr_rx_LIDAR.o)
                0x00001fd8                isr_rx_LIDAR_Disable
 .text.isr_rx_LIDAR_Start
                0x00001fe4       0x1c .\CortexM3\ARM_GCC_493\Debug\car.a(isr_rx_LIDAR.o)
                0x00001fe4                isr_rx_LIDAR_Start
 .text.UART_LIDAR_IntClock_Start
                0x00002000       0x1c .\CortexM3\ARM_GCC_493\Debug\car.a(UART_LIDAR_IntClock.o)
                0x00002000                UART_LIDAR_IntClock_Start
 .text.debug_time_Write
                0x0000201c       0x18 .\CortexM3\ARM_GCC_493\Debug\car.a(debug_time.o)
                0x0000201c                debug_time_Write
 .text          0x00002034      0x370 c:/program files (x86)/cypress/psoc creator/3.3/psoc creator/import/gnu/arm/4.9.3/bin/../lib/gcc/arm-none-eabi/4.9.3/armv7-m\libgcc.a(_arm_addsubdf3.o)
                0x00002034                __aeabi_drsub
                0x0000203c                __aeabi_dsub
                0x0000203c                __subdf3
                0x00002040                __aeabi_dadd
                0x00002040                __adddf3
                0x000022b8                __floatunsidf
                0x000022b8                __aeabi_ui2d
                0x000022d8                __floatsidf
                0x000022d8                __aeabi_i2d
                0x000022fc                __aeabi_f2d
                0x000022fc                __extendsfdf2
                0x00002338                __floatundidf
                0x00002338                __aeabi_ul2d
                0x00002348                __floatdidf
                0x00002348                __aeabi_l2d
 .text          0x000023a4      0x424 c:/program files (x86)/cypress/psoc creator/3.3/psoc creator/import/gnu/arm/4.9.3/bin/../lib/gcc/arm-none-eabi/4.9.3/armv7-m\libgcc.a(_arm_muldivdf3.o)
                0x000023a4                __aeabi_dmul
                0x000023a4                __muldf3
                0x000025f8                __divdf3
                0x000025f8                __aeabi_ddiv
 .text          0x000027c8       0xa0 c:/program files (x86)/cypress/psoc creator/3.3/psoc creator/import/gnu/arm/4.9.3/bin/../lib/gcc/arm-none-eabi/4.9.3/armv7-m\libgcc.a(_arm_truncdfsf2.o)
                0x000027c8                __truncdfsf2
                0x000027c8                __aeabi_d2f
 .text          0x00002868      0x21c c:/program files (x86)/cypress/psoc creator/3.3/psoc creator/import/gnu/arm/4.9.3/bin/../lib/gcc/arm-none-eabi/4.9.3/armv7-m\libgcc.a(_arm_addsubsf3.o)
                0x00002868                __aeabi_frsub
                0x00002870                __subsf3
                0x00002870                __aeabi_fsub
                0x00002874                __aeabi_fadd
                0x00002874                __addsf3
                0x000029d4                __aeabi_ui2f
                0x000029d4                __floatunsisf
                0x000029dc                __aeabi_i2f
                0x000029dc                __floatsisf
                0x000029f8                __aeabi_ul2f
                0x000029f8                __floatundisf
                0x00002a08                __aeabi_l2f
                0x00002a08                __floatdisf
 .text          0x00002a84      0x2a0 c:/program files (x86)/cypress/psoc creator/3.3/psoc creator/import/gnu/arm/4.9.3/bin/../lib/gcc/arm-none-eabi/4.9.3/armv7-m\libgcc.a(_arm_muldivsf3.o)
                0x00002a84                __mulsf3
                0x00002a84                __aeabi_fmul
                0x00002bec                __aeabi_fdiv
                0x00002bec                __divsf3
 .text          0x00002d24       0x4c c:/program files (x86)/cypress/psoc creator/3.3/psoc creator/import/gnu/arm/4.9.3/bin/../lib/gcc/arm-none-eabi/4.9.3/armv7-m\libgcc.a(_arm_fixsfsi.o)
                0x00002d24                __aeabi_f2iz
                0x00002d24                __fixsfsi
 .text.__libc_init_array
                0x00002d70       0x4c c:/program files (x86)/cypress/psoc creator/3.3/psoc creator/import/gnu/arm/4.9.3/bin/../lib/gcc/arm-none-eabi/4.9.3/../../../../arm-none-eabi/lib/armv7-m\libg_nano.a(lib_a-init.o)
                0x00002d70                __libc_init_array
 .text.memcpy   0x00002dbc       0x16 c:/program files (x86)/cypress/psoc creator/3.3/psoc creator/import/gnu/arm/4.9.3/bin/../lib/gcc/arm-none-eabi/4.9.3/../../../../arm-none-eabi/lib/armv7-m\libg_nano.a(lib_a-memcpy.o)
                0x00002dbc                memcpy
 .text.memset   0x00002dd2       0x10 c:/program files (x86)/cypress/psoc creator/3.3/psoc creator/import/gnu/arm/4.9.3/bin/../lib/gcc/arm-none-eabi/4.9.3/../../../../arm-none-eabi/lib/armv7-m\libg_nano.a(lib_a-memset.o)
                0x00002dd2                memset
 *(.plt)
 *(.gnu.warning)
 *(.glue_7t)
 .glue_7t       0x00000000        0x0 linker stubs
 *(.glue_7)
 .glue_7        0x00000000        0x0 linker stubs
 *(.vfp11_veneer)
 .vfp11_veneer  0x00000000        0x0 linker stubs
 *(.bootloader)
 *(.ARM.extab* .gnu.linkonce.armextab.*)
 *(.gcc_except_table)

.v4_bx          0x00002de4        0x0
 .v4_bx         0x00000000        0x0 linker stubs

.iplt           0x00002de4        0x0
 .iplt          0x00000000        0x0 c:/program files (x86)/cypress/psoc creator/3.3/psoc creator/import/gnu/arm/4.9.3/bin/../lib/gcc/arm-none-eabi/4.9.3/armv7-m/crtbegin.o

.eh_frame_hdr
 *(.eh_frame_hdr)

.eh_frame       0x00002de4        0x4
 *(.eh_frame)
 .eh_frame      0x00002de4        0x0 c:/program files (x86)/cypress/psoc creator/3.3/psoc creator/import/gnu/arm/4.9.3/bin/../lib/gcc/arm-none-eabi/4.9.3/armv7-m/crtbegin.o
 .eh_frame      0x00002de4        0x4 c:/program files (x86)/cypress/psoc creator/3.3/psoc creator/import/gnu/arm/4.9.3/bin/../lib/gcc/arm-none-eabi/4.9.3/armv7-m/crtend.o
                0x00002de8                PROVIDE (__exidx_start, .)

.ARM.exidx
 *(.ARM.exidx* .gnu.linkonce.armexidx.*)
                0x00002de8                __exidx_end = .

.rodata         0x00002de8       0x60
 *(.rodata .rodata.* .gnu.linkonce.r.*)
 .rodata        0x00002de8       0x2c .\CortexM3\ARM_GCC_493\Debug\car.a(cyfitter_cfg.o)
                0x00002e14                . = ALIGN (0x4)
 *(.init)
 .init          0x00002e14        0x4 c:/program files (x86)/cypress/psoc creator/3.3/psoc creator/import/gnu/arm/4.9.3/bin/../lib/gcc/arm-none-eabi/4.9.3/armv7-m/crti.o
                0x00002e14                _init
 .init          0x00002e18        0x8 c:/program files (x86)/cypress/psoc creator/3.3/psoc creator/import/gnu/arm/4.9.3/bin/../lib/gcc/arm-none-eabi/4.9.3/armv7-m/crtn.o
                0x00002e20                . = ALIGN (0x4)
                0x00002e20                __preinit_array_start = .
 *(.preinit_array)
                0x00002e20                __preinit_array_end = .
                0x00002e20                . = ALIGN (0x4)
                0x00002e20                __init_array_start = .
 *(SORT(.init_array.*))
 *(.init_array)
 .init_array    0x00002e20        0x4 c:/program files (x86)/cypress/psoc creator/3.3/psoc creator/import/gnu/arm/4.9.3/bin/../lib/gcc/arm-none-eabi/4.9.3/armv7-m/crtbegin.o
 .init_array    0x00002e24        0x4 .\CortexM3\ARM_GCC_493\Debug\Cm3Start.o
                0x00002e28                __init_array_end = .
                0x00002e28                . = ALIGN (0x4)
 *(.fini)
 .fini          0x00002e28        0x4 c:/program files (x86)/cypress/psoc creator/3.3/psoc creator/import/gnu/arm/4.9.3/bin/../lib/gcc/arm-none-eabi/4.9.3/armv7-m/crti.o
                0x00002e28                _fini
 .fini          0x00002e2c        0x8 c:/program files (x86)/cypress/psoc creator/3.3/psoc creator/import/gnu/arm/4.9.3/bin/../lib/gcc/arm-none-eabi/4.9.3/armv7-m/crtn.o
                0x00002e34                . = ALIGN (0x4)
                0x00002e34                __fini_array_start = .
 *(.fini_array)
 .fini_array    0x00002e34        0x4 c:/program files (x86)/cypress/psoc creator/3.3/psoc creator/import/gnu/arm/4.9.3/bin/../lib/gcc/arm-none-eabi/4.9.3/armv7-m/crtbegin.o
 *(SORT(.fini_array.*))
                0x00002e38                __fini_array_end = .
                0x00002e38                . = ALIGN (0x4)
 *crtbegin.o(.ctors)
 *(EXCLUDE_FILE(*crtend.o) .ctors)
 *(SORT(.ctors.*))
 *crtend.o(.ctors)
                0x00002e38                . = ALIGN (0x4)
 *crtbegin.o(.dtors)
 *(EXCLUDE_FILE(*crtend.o) .dtors)
 *(SORT(.dtors.*))
 *crtend.o(.dtors)
                0x00002e38                . = ALIGN (0x4)
                0x00002e38                __cy_regions = .
                0x00002e38        0x4 LONG 0x2e48 __cy_region_init_ram
                0x00002e3c        0x4 LONG 0x1fffc108 __cy_region_start_data
                0x00002e40        0x4 LONG 0x30 __cy_region_init_size_ram
                0x00002e44        0x4 LONG 0x28f0 __cy_region_zero_size_ram
                0x00002e48                __cy_regions_end = .
                0x00002e48                . = ALIGN (0x8)
                0x00002e48                _etext = .

.cy_checksum_exclude
                0x00002e48        0x0
 *(.cy_checksum_exclude)

.ramvectors     0x1fffc000      0x100
                0x1fffc000                __cy_region_start_ram = .
 *(.ramvectors)
 .ramvectors    0x1fffc000      0x100 .\CortexM3\ARM_GCC_493\Debug\Cm3Start.o
                0x1fffc000                CyRamVectors

.noinit         0x1fffc100        0x5
 *(.noinit)
 .noinit        0x1fffc100        0x4 .\CortexM3\ARM_GCC_493\Debug\Cm3Start.o
 .noinit        0x1fffc104        0x1 .\CortexM3\ARM_GCC_493\Debug\car.a(CyLib.o)
                0x1fffc104                CyResetStatus

.data           0x1fffc108       0x30 load address 0x00002e48
                0x1fffc108                __cy_region_start_data = .
 *(.jcr)
 .jcr           0x1fffc108        0x0 c:/program files (x86)/cypress/psoc creator/3.3/psoc creator/import/gnu/arm/4.9.3/bin/../lib/gcc/arm-none-eabi/4.9.3/armv7-m/crtbegin.o
 .jcr           0x1fffc108        0x4 c:/program files (x86)/cypress/psoc creator/3.3/psoc creator/import/gnu/arm/4.9.3/bin/../lib/gcc/arm-none-eabi/4.9.3/armv7-m/crtend.o
 *(.got.plt)
 *(.got)
 *(.shdata)
 *(.data .data.* .gnu.linkonce.d.*)
 .data          0x1fffc10c       0x10 .\CortexM3\ARM_GCC_493\Debug\Lidar.o
                0x1fffc10c                NORMAL_SCAN
                0x1fffc110                EXPRESS_SCAN
 .data          0x1fffc11c        0x8 .\CortexM3\ARM_GCC_493\Debug\car.a(CyDmac.o)
 .data          0x1fffc124       0x10 .\CortexM3\ARM_GCC_493\Debug\car.a(CyLib.o)
                0x1fffc124                cydelay_32k_ms
                0x1fffc128                cydelay_freq_khz
                0x1fffc12c                cydelay_freq_mhz
                0x1fffc130                cydelay_freq_hz
 .data          0x1fffc134        0x2 .\CortexM3\ARM_GCC_493\Debug\car.a(ADC.o)
 .data          0x1fffc136        0x1 .\CortexM3\ARM_GCC_493\Debug\car.a(ADC_TempBuf_dma.o)
                0x1fffc136                ADC_TempBuf_DmaHandle
 .data          0x1fffc137        0x1 .\CortexM3\ARM_GCC_493\Debug\car.a(ADC_FinalBuf_dma.o)
                0x1fffc137                ADC_FinalBuf_DmaHandle
                0x1fffc138                . = ALIGN (0x8)
 *(.ram)
                0x1fffc138                _edata = .

.igot.plt       0x1fffc138        0x0 load address 0x00002e78
 .igot.plt      0x00000000        0x0 c:/program files (x86)/cypress/psoc creator/3.3/psoc creator/import/gnu/arm/4.9.3/bin/../lib/gcc/arm-none-eabi/4.9.3/armv7-m/crtbegin.o

.bss            0x1fffc138     0x28f0 load address 0x00002e78
                0x1fffc138                PROVIDE (__bss_start__, .)
 *(.shbss)
 *(.bss .bss.* .gnu.linkonce.b.*)
 .bss           0x1fffc138       0x1c c:/program files (x86)/cypress/psoc creator/3.3/psoc creator/import/gnu/arm/4.9.3/bin/../lib/gcc/arm-none-eabi/4.9.3/armv7-m/crtbegin.o
 .bss           0x1fffc154       0x48 .\CortexM3\ARM_GCC_493\Debug\Transfer.o
 .bss           0x1fffc19c      0x190 .\CortexM3\ARM_GCC_493\Debug\battery.o
                0x1fffc19c                retADCValue2
                0x1fffc264                retADCValue1
 .bss           0x1fffc32c       0x14 .\CortexM3\ARM_GCC_493\Debug\Lidar.o
                0x1fffc330                rx_lidar_flag
                0x1fffc337                rx_lidar_count
                0x1fffc338                recvPos
                0x1fffc33c                _is_previous_capsuledataRdy
 .bss           0x1fffc340        0x2 .\CortexM3\ARM_GCC_493\Debug\car.a(UART_net.o)
                0x1fffc340                UART_net_initVar
 .bss           0x1fffc342        0x1 .\CortexM3\ARM_GCC_493\Debug\car.a(PWM_MOTOR.o)
                0x1fffc342                PWM_MOTOR_initVar
 .bss           0x1fffc343        0x1 .\CortexM3\ARM_GCC_493\Debug\car.a(Timer_1.o)
                0x1fffc343                Timer_1_initVar
 .bss           0x1fffc344        0x2 .\CortexM3\ARM_GCC_493\Debug\car.a(UART_JY.o)
                0x1fffc344                UART_JY_initVar
 *fill*         0x1fffc346        0x2 
 .bss           0x1fffc348       0x10 .\CortexM3\ARM_GCC_493\Debug\car.a(isr_rx_jy.o)
 .bss           0x1fffc358        0x1 .\CortexM3\ARM_GCC_493\Debug\car.a(PWM_LED.o)
                0x1fffc358                PWM_LED_initVar
 .bss           0x1fffc359        0x1 .\CortexM3\ARM_GCC_493\Debug\car.a(PWM_LED_1.o)
                0x1fffc359                PWM_LED_1_initVar
 .bss           0x1fffc35a        0x1 .\CortexM3\ARM_GCC_493\Debug\car.a(PWM_STEERING.o)
                0x1fffc35a                PWM_STEERING_initVar
 *fill*         0x1fffc35b        0x1 
 .bss           0x1fffc35c       0x10 .\CortexM3\ARM_GCC_493\Debug\car.a(ADC.o)
                0x1fffc368                ADC_initVar
 .bss           0x1fffc36c        0x1 .\CortexM3\ARM_GCC_493\Debug\car.a(ADC_SAR.o)
                0x1fffc36c                ADC_SAR_initVar
 .bss           0x1fffc36d        0x9 .\CortexM3\ARM_GCC_493\Debug\car.a(UART_LIDAR.o)
                0x1fffc36d                UART_LIDAR_errorStatus
                0x1fffc36e                UART_LIDAR_initVar
                0x1fffc36f                UART_LIDAR_rxBufferRead
                0x1fffc370                UART_LIDAR_rxBufferWrite
                0x1fffc371                UART_LIDAR_rxBufferLoopDetect
                0x1fffc372                UART_LIDAR_rxBufferOverflow
                0x1fffc373                UART_LIDAR_txBufferRead
                0x1fffc374                UART_LIDAR_txBufferWrite
 *(COMMON)
 *fill*         0x1fffc376        0x2 
 COMMON         0x1fffc378       0x40 .\CortexM3\ARM_GCC_493\Debug\main.o
                0x1fffc378                g_Car
                0x1fffc396                temp
                0x1fffc398                S_IMU
                0x1fffc3ac                tset
                0x1fffc3b0                D_V
                0x1fffc3b2                test
                0x1fffc3b4                send_count_test
                0x1fffc3b6                C_V
 COMMON         0x1fffc3b8       0x41 .\CortexM3\ARM_GCC_493\Debug\Transfer.o
                0x1fffc3b8                data_to_send
                0x1fffc3ec                f
 *fill*         0x1fffc3f9        0x3 
 COMMON         0x1fffc3fc     0x25f6 .\CortexM3\ARM_GCC_493\Debug\Lidar.o
                0x1fffc3fc                nodeBuffer1
                0x1fffc404                node
                0x1fffc408                test1
                0x1fffcdcc                nodeBuffer
                0x1fffce30                test_f_suzu
                0x1fffd600                net_nodeBuffer
                0x1fffd664                test2
                0x1fffe028                normal_size
                0x1fffe02c                test3
                0x1fffe9f0                output_t
                0x1fffe9f1                start
 COMMON         0x1fffe9f2        0xd .\CortexM3\ARM_GCC_493\Debug\car.a(isr_timer.o)
                0x1fffe9f2                time_1s_state
                0x1fffe9f4                time_100ms_state
                0x1fffe9f6                time_1s
                0x1fffe9f8                time_5ms
                0x1fffe9fa                time_100ms
                0x1fffe9fc                time_1ms
                0x1fffe9fe                time_5ms_state
 *fill*         0x1fffe9ff        0x1 
 COMMON         0x1fffea00        0x6 .\CortexM3\ARM_GCC_493\Debug\car.a(ADC.o)
                0x1fffea00                ADC_finalArray
 *fill*         0x1fffea06        0x2 
 COMMON         0x1fffea08        0xa .\CortexM3\ARM_GCC_493\Debug\car.a(ADC_SAR.o)
                0x1fffea08                ADC_SAR_countsPerVolt
                0x1fffea0a                ADC_SAR_shift
                0x1fffea0c                ADC_SAR_countsPer10Volt
                0x1fffea10                ADC_SAR_offset
 *fill*         0x1fffea12        0x2 
 COMMON         0x1fffea14        0xd .\CortexM3\ARM_GCC_493\Debug\car.a(UART_LIDAR.o)
                0x1fffea14                UART_LIDAR_txBuffer
                0x1fffea1c                UART_LIDAR_rxBuffer
                0x1fffea28                . = ALIGN (0x8)
 *fill*         0x1fffea21        0x7 
 *(.ram.b)
                0x1fffea28                _end = .
                0x1fffea28                __end = .
                0x1fffea28                PROVIDE (end, .)
                0x1fffea28                PROVIDE (__bss_end__, .)
                0x00002e48                __cy_region_init_ram = LOADADDR (.data)
                0x00000030                __cy_region_init_size_ram = (_edata - ADDR (.data))
                0x000028f0                __cy_region_zero_size_ram = (_end - _edata)

.heap           0x1fffea28       0x80 load address 0x00002e78
                0x1fffea28                . = _end
                0x1fffeaa8                . = (. + 0x80)
 *fill*         0x1fffea28       0x80 
                0x1fffeaa8                __cy_heap_limit = .

.stack          0x20003800      0x800
                0x20003800                __cy_stack_limit = .
                0x20004000                . = (. + 0x800)
 *fill*         0x20003800      0x800 
                0x00000001                ASSERT ((__cy_stack_limit >= __cy_heap_limit), region RAM overflowed with stack)
                0x00000000                cy_checksum_exclude_size = (CY_APPL_LOADABLE == 0x1)?SIZEOF (.cy_checksum_exclude):0x0
                0x00000001                ASSERT ((cy_checksum_exclude_size <= CY_CHECKSUM_EXCLUDE_SIZE), CY_BOOT: Section .cy_checksum_exclude size exceedes specified limit.)

.cyloadermeta
 *(.cyloadermeta)

.cyloadablemeta
 *(.cyloadablemeta)

.cyconfigecc    0x80000000     0x1114
 *(.cyconfigecc)
 .cyconfigecc   0x80000000     0x1114 .\CortexM3\ARM_GCC_493\Debug\cymetadata.o
                0x80000000                cy_meta_configecc

.cycustnvl      0x90000000        0x4
 *(.cycustnvl)
 .cycustnvl     0x90000000        0x4 .\CortexM3\ARM_GCC_493\Debug\cymetadata.o
                0x90000000                cy_meta_custnvl

.cywolatch      0x90100000        0x4
 *(.cywolatch)
 .cywolatch     0x90100000        0x4 .\CortexM3\ARM_GCC_493\Debug\cymetadata.o
                0x90100000                cy_meta_wonvl

.cyeeprom       0x90200000        0x0
 *(.cyeeprom)
                0x00000001                ASSERT ((. <= ((0x90200000 + ee_offset) + ee_size)), .cyeeprom data will not fit in EEPROM)

.cyflashprotect
                0x90400000       0x80
 *(.cyflashprotect)
 .cyflashprotect
                0x90400000       0x80 .\CortexM3\ARM_GCC_493\Debug\cymetadata.o
                0x90400000                cy_meta_flashprotect

.cymeta         0x90500000        0xc
 *(.cymeta)
 .cymeta        0x90500000        0xc .\CortexM3\ARM_GCC_493\Debug\cymetadata.o
                0x90500000                cy_metadata

.rel.dyn        0x00002e78        0x0 load address 0x9050000c
 .rel.iplt      0x00000000        0x0 c:/program files (x86)/cypress/psoc creator/3.3/psoc creator/import/gnu/arm/4.9.3/bin/../lib/gcc/arm-none-eabi/4.9.3/armv7-m/crtbegin.o

.stab
 *(.stab)

.stabstr
 *(.stabstr)

.debug
 *(.debug)

.line
 *(.line)

.debug_srcinfo
 *(.debug_srcinfo)

.debug_sfnames
 *(.debug_sfnames)

.debug_aranges  0x00000000     0x1420
 *(.debug_aranges)
 .debug_aranges
                0x00000000       0x28 .\CortexM3\ARM_GCC_493\Debug\main.o
 .debug_aranges
                0x00000028       0x88 .\CortexM3\ARM_GCC_493\Debug\Transfer.o
 .debug_aranges
                0x000000b0       0x70 .\CortexM3\ARM_GCC_493\Debug\car.o
 .debug_aranges
                0x00000120       0x28 .\CortexM3\ARM_GCC_493\Debug\battery.o
 .debug_aranges
                0x00000148       0x48 .\CortexM3\ARM_GCC_493\Debug\Lidar.o
 .debug_aranges
                0x00000190       0x18 .\CortexM3\ARM_GCC_493\Debug\cymetadata.o
 .debug_aranges
                0x000001a8       0x48 .\CortexM3\ARM_GCC_493\Debug\Cm3Start.o
 .debug_aranges
                0x000001f0       0x50 .\CortexM3\ARM_GCC_493\Debug\car.a(cyfitter_cfg.o)
 .debug_aranges
                0x00000240       0x20 .\CortexM3\ARM_GCC_493\Debug\car.a(CyBootAsmGnu.o)
 .debug_aranges
                0x00000260       0xd8 .\CortexM3\ARM_GCC_493\Debug\car.a(CyDmac.o)
 .debug_aranges
                0x00000338      0x298 .\CortexM3\ARM_GCC_493\Debug\car.a(CyLib.o)
 .debug_aranges
                0x000005d0       0x98 .\CortexM3\ARM_GCC_493\Debug\car.a(cyPm.o)
 .debug_aranges
                0x00000668       0xf0 .\CortexM3\ARM_GCC_493\Debug\car.a(UART_net.o)
 .debug_aranges
                0x00000758       0x70 .\CortexM3\ARM_GCC_493\Debug\car.a(UART_net_IntClock.o)
 .debug_aranges
                0x000007c8       0x80 .\CortexM3\ARM_GCC_493\Debug\car.a(isr_rx_net.o)
 .debug_aranges
                0x00000848       0x38 .\CortexM3\ARM_GCC_493\Debug\car.a(L_IN_1.o)
 .debug_aranges
                0x00000880       0x38 .\CortexM3\ARM_GCC_493\Debug\car.a(L_IN_2.o)
 .debug_aranges
                0x000008b8       0x38 .\CortexM3\ARM_GCC_493\Debug\car.a(R_IN_1.o)
 .debug_aranges
                0x000008f0       0x38 .\CortexM3\ARM_GCC_493\Debug\car.a(R_IN_2.o)
 .debug_aranges
                0x00000928       0xa8 .\CortexM3\ARM_GCC_493\Debug\car.a(PWM_MOTOR.o)
 .debug_aranges
                0x000009d0       0x88 .\CortexM3\ARM_GCC_493\Debug\car.a(Timer_1.o)
 .debug_aranges
                0x00000a58       0x80 .\CortexM3\ARM_GCC_493\Debug\car.a(isr_timer.o)
 .debug_aranges
                0x00000ad8       0xf0 .\CortexM3\ARM_GCC_493\Debug\car.a(UART_JY.o)
 .debug_aranges
                0x00000bc8       0x80 .\CortexM3\ARM_GCC_493\Debug\car.a(isr_rx_jy.o)
 .debug_aranges
                0x00000c48       0x70 .\CortexM3\ARM_GCC_493\Debug\car.a(UART_JY_IntClock.o)
 .debug_aranges
                0x00000cb8       0xa8 .\CortexM3\ARM_GCC_493\Debug\car.a(PWM_LED.o)
 .debug_aranges
                0x00000d60       0xa8 .\CortexM3\ARM_GCC_493\Debug\car.a(PWM_LED_1.o)
 .debug_aranges
                0x00000e08       0xa8 .\CortexM3\ARM_GCC_493\Debug\car.a(PWM_STEERING.o)
 .debug_aranges
                0x00000eb0       0xa0 .\CortexM3\ARM_GCC_493\Debug\car.a(ADC.o)
 .debug_aranges
                0x00000f50       0x20 .\CortexM3\ARM_GCC_493\Debug\car.a(ADC_INT.o)
 .debug_aranges
                0x00000f70       0xa8 .\CortexM3\ARM_GCC_493\Debug\car.a(ADC_SAR.o)
 .debug_aranges
                0x00001018       0x28 .\CortexM3\ARM_GCC_493\Debug\car.a(ADC_TempBuf_dma.o)
 .debug_aranges
                0x00001040       0x28 .\CortexM3\ARM_GCC_493\Debug\car.a(ADC_FinalBuf_dma.o)
 .debug_aranges
                0x00001068       0x80 .\CortexM3\ARM_GCC_493\Debug\car.a(ADC_IRQ.o)
 .debug_aranges
                0x000010e8       0xf0 .\CortexM3\ARM_GCC_493\Debug\car.a(UART_LIDAR.o)
 .debug_aranges
                0x000011d8       0x28 .\CortexM3\ARM_GCC_493\Debug\car.a(UART_LIDAR_INT.o)
 .debug_aranges
                0x00001200       0x80 .\CortexM3\ARM_GCC_493\Debug\car.a(isr_rx_LIDAR.o)
 .debug_aranges
                0x00001280       0x70 .\CortexM3\ARM_GCC_493\Debug\car.a(UART_LIDAR_IntClock.o)
 .debug_aranges
                0x000012f0       0x38 .\CortexM3\ARM_GCC_493\Debug\car.a(debug_time.o)
 .debug_aranges
                0x00001328       0x80 .\CortexM3\ARM_GCC_493\Debug\car.a(CyFlash.o)
 .debug_aranges
                0x000013a8       0x78 .\CortexM3\ARM_GCC_493\Debug\car.a(CySpc.o)

.debug_pubnames
 *(.debug_pubnames)

.debug_info     0x00000000     0xbbbc
 *(.debug_info .gnu.linkonce.wi.*)
 .debug_info    0x00000000      0x51c .\CortexM3\ARM_GCC_493\Debug\main.o
 .debug_info    0x0000051c      0xdc1 .\CortexM3\ARM_GCC_493\Debug\Transfer.o
 .debug_info    0x000012dd      0x7dc .\CortexM3\ARM_GCC_493\Debug\car.o
 .debug_info    0x00001ab9      0x1da .\CortexM3\ARM_GCC_493\Debug\battery.o
 .debug_info    0x00001c93      0x93e .\CortexM3\ARM_GCC_493\Debug\Lidar.o
 .debug_info    0x000025d1      0x13e .\CortexM3\ARM_GCC_493\Debug\cymetadata.o
 .debug_info    0x0000270f      0x3b3 .\CortexM3\ARM_GCC_493\Debug\Cm3Start.o
 .debug_info    0x00002ac2      0x5b2 .\CortexM3\ARM_GCC_493\Debug\car.a(cyfitter_cfg.o)
 .debug_info    0x00003074       0x72 .\CortexM3\ARM_GCC_493\Debug\car.a(CyBootAsmGnu.o)
 .debug_info    0x000030e6      0x941 .\CortexM3\ARM_GCC_493\Debug\car.a(CyDmac.o)
 .debug_info    0x00003a27     0x136c .\CortexM3\ARM_GCC_493\Debug\car.a(CyLib.o)
 .debug_info    0x00004d93      0xa55 .\CortexM3\ARM_GCC_493\Debug\car.a(cyPm.o)
 .debug_info    0x000057e8      0x600 .\CortexM3\ARM_GCC_493\Debug\car.a(UART_net.o)
 .debug_info    0x00005de8      0x281 .\CortexM3\ARM_GCC_493\Debug\car.a(UART_net_IntClock.o)
 .debug_info    0x00006069      0x549 .\CortexM3\ARM_GCC_493\Debug\car.a(isr_rx_net.o)
 .debug_info    0x000065b2      0x11e .\CortexM3\ARM_GCC_493\Debug\car.a(L_IN_1.o)
 .debug_info    0x000066d0      0x11e .\CortexM3\ARM_GCC_493\Debug\car.a(L_IN_2.o)
 .debug_info    0x000067ee      0x11e .\CortexM3\ARM_GCC_493\Debug\car.a(R_IN_1.o)
 .debug_info    0x0000690c      0x11e .\CortexM3\ARM_GCC_493\Debug\car.a(R_IN_2.o)
 .debug_info    0x00006a2a      0x39c .\CortexM3\ARM_GCC_493\Debug\car.a(PWM_MOTOR.o)
 .debug_info    0x00006dc6      0x28c .\CortexM3\ARM_GCC_493\Debug\car.a(Timer_1.o)
 .debug_info    0x00007052      0x34b .\CortexM3\ARM_GCC_493\Debug\car.a(isr_timer.o)
 .debug_info    0x0000739d      0x600 .\CortexM3\ARM_GCC_493\Debug\car.a(UART_JY.o)
 .debug_info    0x0000799d      0x550 .\CortexM3\ARM_GCC_493\Debug\car.a(isr_rx_jy.o)
 .debug_info    0x00007eed      0x281 .\CortexM3\ARM_GCC_493\Debug\car.a(UART_JY_IntClock.o)
 .debug_info    0x0000816e      0x39d .\CortexM3\ARM_GCC_493\Debug\car.a(PWM_LED.o)
 .debug_info    0x0000850b      0x39d .\CortexM3\ARM_GCC_493\Debug\car.a(PWM_LED_1.o)
 .debug_info    0x000088a8      0x39d .\CortexM3\ARM_GCC_493\Debug\car.a(PWM_STEERING.o)
 .debug_info    0x00008c45      0x7cf .\CortexM3\ARM_GCC_493\Debug\car.a(ADC.o)
 .debug_info    0x00009414       0x99 .\CortexM3\ARM_GCC_493\Debug\car.a(ADC_INT.o)
 .debug_info    0x000094ad      0x542 .\CortexM3\ARM_GCC_493\Debug\car.a(ADC_SAR.o)
 .debug_info    0x000099ef      0x1fb .\CortexM3\ARM_GCC_493\Debug\car.a(ADC_TempBuf_dma.o)
 .debug_info    0x00009bea      0x1fb .\CortexM3\ARM_GCC_493\Debug\car.a(ADC_FinalBuf_dma.o)
 .debug_info    0x00009de5      0x2c9 .\CortexM3\ARM_GCC_493\Debug\car.a(ADC_IRQ.o)
 .debug_info    0x0000a0ae      0x7ce .\CortexM3\ARM_GCC_493\Debug\car.a(UART_LIDAR.o)
 .debug_info    0x0000a87c      0x17e .\CortexM3\ARM_GCC_493\Debug\car.a(UART_LIDAR_INT.o)
 .debug_info    0x0000a9fa      0x32e .\CortexM3\ARM_GCC_493\Debug\car.a(isr_rx_LIDAR.o)
 .debug_info    0x0000ad28      0x281 .\CortexM3\ARM_GCC_493\Debug\car.a(UART_LIDAR_IntClock.o)
 .debug_info    0x0000afa9      0x11e .\CortexM3\ARM_GCC_493\Debug\car.a(debug_time.o)
 .debug_info    0x0000b0c7      0x608 .\CortexM3\ARM_GCC_493\Debug\car.a(CyFlash.o)
 .debug_info    0x0000b6cf      0x4ed .\CortexM3\ARM_GCC_493\Debug\car.a(CySpc.o)

.debug_abbrev   0x00000000     0x3a5a
 *(.debug_abbrev)
 .debug_abbrev  0x00000000      0x19f .\CortexM3\ARM_GCC_493\Debug\main.o
 .debug_abbrev  0x0000019f      0x296 .\CortexM3\ARM_GCC_493\Debug\Transfer.o
 .debug_abbrev  0x00000435      0x199 .\CortexM3\ARM_GCC_493\Debug\car.o
 .debug_abbrev  0x000005ce      0x131 .\CortexM3\ARM_GCC_493\Debug\battery.o
 .debug_abbrev  0x000006ff      0x2a3 .\CortexM3\ARM_GCC_493\Debug\Lidar.o
 .debug_abbrev  0x000009a2       0x77 .\CortexM3\ARM_GCC_493\Debug\cymetadata.o
 .debug_abbrev  0x00000a19      0x20f .\CortexM3\ARM_GCC_493\Debug\Cm3Start.o
 .debug_abbrev  0x00000c28      0x212 .\CortexM3\ARM_GCC_493\Debug\car.a(cyfitter_cfg.o)
 .debug_abbrev  0x00000e3a       0x14 .\CortexM3\ARM_GCC_493\Debug\car.a(CyBootAsmGnu.o)
 .debug_abbrev  0x00000e4e      0x1cc .\CortexM3\ARM_GCC_493\Debug\car.a(CyDmac.o)
 .debug_abbrev  0x0000101a      0x296 .\CortexM3\ARM_GCC_493\Debug\car.a(CyLib.o)
 .debug_abbrev  0x000012b0      0x1fa .\CortexM3\ARM_GCC_493\Debug\car.a(cyPm.o)
 .debug_abbrev  0x000014aa      0x1af .\CortexM3\ARM_GCC_493\Debug\car.a(UART_net.o)
 .debug_abbrev  0x00001659      0x146 .\CortexM3\ARM_GCC_493\Debug\car.a(UART_net_IntClock.o)
 .debug_abbrev  0x0000179f      0x21d .\CortexM3\ARM_GCC_493\Debug\car.a(isr_rx_net.o)
 .debug_abbrev  0x000019bc       0x9d .\CortexM3\ARM_GCC_493\Debug\car.a(L_IN_1.o)
 .debug_abbrev  0x00001a59       0x9d .\CortexM3\ARM_GCC_493\Debug\car.a(L_IN_2.o)
 .debug_abbrev  0x00001af6       0x9d .\CortexM3\ARM_GCC_493\Debug\car.a(R_IN_1.o)
 .debug_abbrev  0x00001b93       0x9d .\CortexM3\ARM_GCC_493\Debug\car.a(R_IN_2.o)
 .debug_abbrev  0x00001c30      0x15a .\CortexM3\ARM_GCC_493\Debug\car.a(PWM_MOTOR.o)
 .debug_abbrev  0x00001d8a      0x127 .\CortexM3\ARM_GCC_493\Debug\car.a(Timer_1.o)
 .debug_abbrev  0x00001eb1      0x191 .\CortexM3\ARM_GCC_493\Debug\car.a(isr_timer.o)
 .debug_abbrev  0x00002042      0x1af .\CortexM3\ARM_GCC_493\Debug\car.a(UART_JY.o)
 .debug_abbrev  0x000021f1      0x217 .\CortexM3\ARM_GCC_493\Debug\car.a(isr_rx_jy.o)
 .debug_abbrev  0x00002408      0x146 .\CortexM3\ARM_GCC_493\Debug\car.a(UART_JY_IntClock.o)
 .debug_abbrev  0x0000254e      0x15a .\CortexM3\ARM_GCC_493\Debug\car.a(PWM_LED.o)
 .debug_abbrev  0x000026a8      0x15a .\CortexM3\ARM_GCC_493\Debug\car.a(PWM_LED_1.o)
 .debug_abbrev  0x00002802      0x15a .\CortexM3\ARM_GCC_493\Debug\car.a(PWM_STEERING.o)
 .debug_abbrev  0x0000295c      0x1b0 .\CortexM3\ARM_GCC_493\Debug\car.a(ADC.o)
 .debug_abbrev  0x00002b0c       0x42 .\CortexM3\ARM_GCC_493\Debug\car.a(ADC_INT.o)
 .debug_abbrev  0x00002b4e      0x1e6 .\CortexM3\ARM_GCC_493\Debug\car.a(ADC_SAR.o)
 .debug_abbrev  0x00002d34       0xf8 .\CortexM3\ARM_GCC_493\Debug\car.a(ADC_TempBuf_dma.o)
 .debug_abbrev  0x00002e2c       0xf8 .\CortexM3\ARM_GCC_493\Debug\car.a(ADC_FinalBuf_dma.o)
 .debug_abbrev  0x00002f24      0x180 .\CortexM3\ARM_GCC_493\Debug\car.a(ADC_IRQ.o)
 .debug_abbrev  0x000030a4      0x1c5 .\CortexM3\ARM_GCC_493\Debug\car.a(UART_LIDAR.o)
 .debug_abbrev  0x00003269       0xaf .\CortexM3\ARM_GCC_493\Debug\car.a(UART_LIDAR_INT.o)
 .debug_abbrev  0x00003318      0x1b3 .\CortexM3\ARM_GCC_493\Debug\car.a(isr_rx_LIDAR.o)
 .debug_abbrev  0x000034cb      0x146 .\CortexM3\ARM_GCC_493\Debug\car.a(UART_LIDAR_IntClock.o)
 .debug_abbrev  0x00003611       0x9d .\CortexM3\ARM_GCC_493\Debug\car.a(debug_time.o)
 .debug_abbrev  0x000036ae      0x1de .\CortexM3\ARM_GCC_493\Debug\car.a(CyFlash.o)
 .debug_abbrev  0x0000388c      0x1ce .\CortexM3\ARM_GCC_493\Debug\car.a(CySpc.o)

.debug_line     0x00000000     0x5021
 *(.debug_line)
 .debug_line    0x00000000      0x285 .\CortexM3\ARM_GCC_493\Debug\main.o
 .debug_line    0x00000285      0x4c4 .\CortexM3\ARM_GCC_493\Debug\Transfer.o
 .debug_line    0x00000749      0x286 .\CortexM3\ARM_GCC_493\Debug\car.o
 .debug_line    0x000009cf      0x1b3 .\CortexM3\ARM_GCC_493\Debug\battery.o
 .debug_line    0x00000b82      0x3df .\CortexM3\ARM_GCC_493\Debug\Lidar.o
 .debug_line    0x00000f61       0x53 .\CortexM3\ARM_GCC_493\Debug\cymetadata.o
 .debug_line    0x00000fb4      0x254 .\CortexM3\ARM_GCC_493\Debug\Cm3Start.o
 .debug_line    0x00001208      0x1e4 .\CortexM3\ARM_GCC_493\Debug\car.a(cyfitter_cfg.o)
 .debug_line    0x000013ec       0x68 .\CortexM3\ARM_GCC_493\Debug\car.a(CyBootAsmGnu.o)
 .debug_line    0x00001454      0x2e5 .\CortexM3\ARM_GCC_493\Debug\car.a(CyDmac.o)
 .debug_line    0x00001739      0x806 .\CortexM3\ARM_GCC_493\Debug\car.a(CyLib.o)
 .debug_line    0x00001f3f      0x366 .\CortexM3\ARM_GCC_493\Debug\car.a(cyPm.o)
 .debug_line    0x000022a5      0x2c6 .\CortexM3\ARM_GCC_493\Debug\car.a(UART_net.o)
 .debug_line    0x0000256b      0x199 .\CortexM3\ARM_GCC_493\Debug\car.a(UART_net_IntClock.o)
 .debug_line    0x00002704      0x282 .\CortexM3\ARM_GCC_493\Debug\car.a(isr_rx_net.o)
 .debug_line    0x00002986       0x95 .\CortexM3\ARM_GCC_493\Debug\car.a(L_IN_1.o)
 .debug_line    0x00002a1b       0x95 .\CortexM3\ARM_GCC_493\Debug\car.a(L_IN_2.o)
 .debug_line    0x00002ab0       0x95 .\CortexM3\ARM_GCC_493\Debug\car.a(R_IN_1.o)
 .debug_line    0x00002b45       0x95 .\CortexM3\ARM_GCC_493\Debug\car.a(R_IN_2.o)
 .debug_line    0x00002bda      0x1b2 .\CortexM3\ARM_GCC_493\Debug\car.a(PWM_MOTOR.o)
 .debug_line    0x00002d8c      0x157 .\CortexM3\ARM_GCC_493\Debug\car.a(Timer_1.o)
 .debug_line    0x00002ee3      0x15d .\CortexM3\ARM_GCC_493\Debug\car.a(isr_timer.o)
 .debug_line    0x00003040      0x2c4 .\CortexM3\ARM_GCC_493\Debug\car.a(UART_JY.o)
 .debug_line    0x00003304      0x29b .\CortexM3\ARM_GCC_493\Debug\car.a(isr_rx_jy.o)
 .debug_line    0x0000359f      0x198 .\CortexM3\ARM_GCC_493\Debug\car.a(UART_JY_IntClock.o)
 .debug_line    0x00003737      0x1b0 .\CortexM3\ARM_GCC_493\Debug\car.a(PWM_LED.o)
 .debug_line    0x000038e7      0x1b2 .\CortexM3\ARM_GCC_493\Debug\car.a(PWM_LED_1.o)
 .debug_line    0x00003a99      0x1b5 .\CortexM3\ARM_GCC_493\Debug\car.a(PWM_STEERING.o)
 .debug_line    0x00003c4e      0x21b .\CortexM3\ARM_GCC_493\Debug\car.a(ADC.o)
 .debug_line    0x00003e69       0x52 .\CortexM3\ARM_GCC_493\Debug\car.a(ADC_INT.o)
 .debug_line    0x00003ebb      0x206 .\CortexM3\ARM_GCC_493\Debug\car.a(ADC_SAR.o)
 .debug_line    0x000040c1       0xa1 .\CortexM3\ARM_GCC_493\Debug\car.a(ADC_TempBuf_dma.o)
 .debug_line    0x00004162       0xa2 .\CortexM3\ARM_GCC_493\Debug\car.a(ADC_FinalBuf_dma.o)
 .debug_line    0x00004204      0x14d .\CortexM3\ARM_GCC_493\Debug\car.a(ADC_IRQ.o)
 .debug_line    0x00004351      0x349 .\CortexM3\ARM_GCC_493\Debug\car.a(UART_LIDAR.o)
 .debug_line    0x0000469a       0xb2 .\CortexM3\ARM_GCC_493\Debug\car.a(UART_LIDAR_INT.o)
 .debug_line    0x0000474c      0x277 .\CortexM3\ARM_GCC_493\Debug\car.a(isr_rx_LIDAR.o)
 .debug_line    0x000049c3      0x19b .\CortexM3\ARM_GCC_493\Debug\car.a(UART_LIDAR_IntClock.o)
 .debug_line    0x00004b5e       0x99 .\CortexM3\ARM_GCC_493\Debug\car.a(debug_time.o)
 .debug_line    0x00004bf7      0x1ec .\CortexM3\ARM_GCC_493\Debug\car.a(CyFlash.o)
 .debug_line    0x00004de3      0x23e .\CortexM3\ARM_GCC_493\Debug\car.a(CySpc.o)

.debug_frame    0x00000000     0x3130
 *(.debug_frame)
 .debug_frame   0x00000000       0x3c .\CortexM3\ARM_GCC_493\Debug\main.o
 .debug_frame   0x0000003c      0x1f4 .\CortexM3\ARM_GCC_493\Debug\Transfer.o
 .debug_frame   0x00000230      0x16c .\CortexM3\ARM_GCC_493\Debug\car.o
 .debug_frame   0x0000039c       0x4c .\CortexM3\ARM_GCC_493\Debug\battery.o
 .debug_frame   0x000003e8       0xf0 .\CortexM3\ARM_GCC_493\Debug\Lidar.o
 .debug_frame   0x000004d8       0xac .\CortexM3\ARM_GCC_493\Debug\Cm3Start.o
 .debug_frame   0x00000584       0xec .\CortexM3\ARM_GCC_493\Debug\car.a(cyfitter_cfg.o)
 .debug_frame   0x00000670      0x1f4 .\CortexM3\ARM_GCC_493\Debug\car.a(CyDmac.o)
 .debug_frame   0x00000864      0x728 .\CortexM3\ARM_GCC_493\Debug\car.a(CyLib.o)
 .debug_frame   0x00000f8c      0x1f8 .\CortexM3\ARM_GCC_493\Debug\car.a(cyPm.o)
 .debug_frame   0x00001184      0x250 .\CortexM3\ARM_GCC_493\Debug\car.a(UART_net.o)
 .debug_frame   0x000013d4       0xe0 .\CortexM3\ARM_GCC_493\Debug\car.a(UART_net_IntClock.o)
 .debug_frame   0x000014b4      0x110 .\CortexM3\ARM_GCC_493\Debug\car.a(isr_rx_net.o)
 .debug_frame   0x000015c4       0x50 .\CortexM3\ARM_GCC_493\Debug\car.a(L_IN_1.o)
 .debug_frame   0x00001614       0x50 .\CortexM3\ARM_GCC_493\Debug\car.a(L_IN_2.o)
 .debug_frame   0x00001664       0x50 .\CortexM3\ARM_GCC_493\Debug\car.a(R_IN_1.o)
 .debug_frame   0x000016b4       0x50 .\CortexM3\ARM_GCC_493\Debug\car.a(R_IN_2.o)
 .debug_frame   0x00001704      0x154 .\CortexM3\ARM_GCC_493\Debug\car.a(PWM_MOTOR.o)
 .debug_frame   0x00001858      0x108 .\CortexM3\ARM_GCC_493\Debug\car.a(Timer_1.o)
 .debug_frame   0x00001960      0x104 .\CortexM3\ARM_GCC_493\Debug\car.a(isr_timer.o)
 .debug_frame   0x00001a64      0x250 .\CortexM3\ARM_GCC_493\Debug\car.a(UART_JY.o)
 .debug_frame   0x00001cb4      0x114 .\CortexM3\ARM_GCC_493\Debug\car.a(isr_rx_jy.o)
 .debug_frame   0x00001dc8       0xe0 .\CortexM3\ARM_GCC_493\Debug\car.a(UART_JY_IntClock.o)
 .debug_frame   0x00001ea8      0x154 .\CortexM3\ARM_GCC_493\Debug\car.a(PWM_LED.o)
 .debug_frame   0x00001ffc      0x154 .\CortexM3\ARM_GCC_493\Debug\car.a(PWM_LED_1.o)
 .debug_frame   0x00002150      0x154 .\CortexM3\ARM_GCC_493\Debug\car.a(PWM_STEERING.o)
 .debug_frame   0x000022a4      0x1dc .\CortexM3\ARM_GCC_493\Debug\car.a(ADC.o)
 .debug_frame   0x00002480       0x20 .\CortexM3\ARM_GCC_493\Debug\car.a(ADC_INT.o)
 .debug_frame   0x000024a0      0x1a4 .\CortexM3\ARM_GCC_493\Debug\car.a(ADC_SAR.o)
 .debug_frame   0x00002644       0x54 .\CortexM3\ARM_GCC_493\Debug\car.a(ADC_TempBuf_dma.o)
 .debug_frame   0x00002698       0x54 .\CortexM3\ARM_GCC_493\Debug\car.a(ADC_FinalBuf_dma.o)
 .debug_frame   0x000026ec      0x104 .\CortexM3\ARM_GCC_493\Debug\car.a(ADC_IRQ.o)
 .debug_frame   0x000027f0      0x25c .\CortexM3\ARM_GCC_493\Debug\car.a(UART_LIDAR.o)
 .debug_frame   0x00002a4c       0x30 .\CortexM3\ARM_GCC_493\Debug\car.a(UART_LIDAR_INT.o)
 .debug_frame   0x00002a7c      0x110 .\CortexM3\ARM_GCC_493\Debug\car.a(isr_rx_LIDAR.o)
 .debug_frame   0x00002b8c       0xe0 .\CortexM3\ARM_GCC_493\Debug\car.a(UART_LIDAR_IntClock.o)
 .debug_frame   0x00002c6c       0x50 .\CortexM3\ARM_GCC_493\Debug\car.a(debug_time.o)
 .debug_frame   0x00002cbc      0x174 .\CortexM3\ARM_GCC_493\Debug\car.a(CyFlash.o)
 .debug_frame   0x00002e30      0x160 .\CortexM3\ARM_GCC_493\Debug\car.a(CySpc.o)
 .debug_frame   0x00002f90       0x28 c:/program files (x86)/cypress/psoc creator/3.3/psoc creator/import/gnu/arm/4.9.3/bin/../lib/gcc/arm-none-eabi/4.9.3/armv7-m\libgcc.a(_aeabi_ldivmod.o)
 .debug_frame   0x00002fb8       0x54 c:/program files (x86)/cypress/psoc creator/3.3/psoc creator/import/gnu/arm/4.9.3/bin/../lib/gcc/arm-none-eabi/4.9.3/armv7-m\libgcc.a(bpabi.o)
 .debug_frame   0x0000300c       0x34 c:/program files (x86)/cypress/psoc creator/3.3/psoc creator/import/gnu/arm/4.9.3/bin/../lib/gcc/arm-none-eabi/4.9.3/armv7-m\libgcc.a(_divdi3.o)
 .debug_frame   0x00003040       0x34 c:/program files (x86)/cypress/psoc creator/3.3/psoc creator/import/gnu/arm/4.9.3/bin/../lib/gcc/arm-none-eabi/4.9.3/armv7-m\libgcc.a(_udivdi3.o)
 .debug_frame   0x00003074       0x20 c:/program files (x86)/cypress/psoc creator/3.3/psoc creator/import/gnu/arm/4.9.3/bin/../lib/gcc/arm-none-eabi/4.9.3/../../../../arm-none-eabi/lib/armv7-m\libg_nano.a(lib_a-errno.o)
 .debug_frame   0x00003094       0x28 c:/program files (x86)/cypress/psoc creator/3.3/psoc creator/import/gnu/arm/4.9.3/bin/../lib/gcc/arm-none-eabi/4.9.3/../../../../arm-none-eabi/lib/armv7-m\libg_nano.a(lib_a-exit.o)
 .debug_frame   0x000030bc       0x2c c:/program files (x86)/cypress/psoc creator/3.3/psoc creator/import/gnu/arm/4.9.3/bin/../lib/gcc/arm-none-eabi/4.9.3/../../../../arm-none-eabi/lib/armv7-m\libg_nano.a(lib_a-init.o)
 .debug_frame   0x000030e8       0x28 c:/program files (x86)/cypress/psoc creator/3.3/psoc creator/import/gnu/arm/4.9.3/bin/../lib/gcc/arm-none-eabi/4.9.3/../../../../arm-none-eabi/lib/armv7-m\libg_nano.a(lib_a-memcpy.o)
 .debug_frame   0x00003110       0x20 c:/program files (x86)/cypress/psoc creator/3.3/psoc creator/import/gnu/arm/4.9.3/bin/../lib/gcc/arm-none-eabi/4.9.3/../../../../arm-none-eabi/lib/armv7-m\libg_nano.a(lib_a-memset.o)

.debug_str      0x00000000     0x42e1
 *(.debug_str)
 .debug_str     0x00000000      0x471 .\CortexM3\ARM_GCC_493\Debug\main.o
                                0x4dd (size before relaxing)
 .debug_str     0x00000471      0x353 .\CortexM3\ARM_GCC_493\Debug\Transfer.o
                                0x69b (size before relaxing)
 .debug_str     0x000007c4      0x135 .\CortexM3\ARM_GCC_493\Debug\car.o
                                0x40f (size before relaxing)
 .debug_str     0x000008f9       0x60 .\CortexM3\ARM_GCC_493\Debug\battery.o
                                0x210 (size before relaxing)
 .debug_str     0x00000959      0x2f0 .\CortexM3\ARM_GCC_493\Debug\Lidar.o
                                0x6b7 (size before relaxing)
 .debug_str     0x00000c49       0x77 .\CortexM3\ARM_GCC_493\Debug\cymetadata.o
                                0x1cc (size before relaxing)
 .debug_str     0x00000cc0      0x16a .\CortexM3\ARM_GCC_493\Debug\Cm3Start.o
                                0x2f0 (size before relaxing)
 .debug_str     0x00000e2a      0x124 .\CortexM3\ARM_GCC_493\Debug\car.a(cyfitter_cfg.o)
                                0x2c7 (size before relaxing)
 .debug_str     0x00000f4e      0x37f .\CortexM3\ARM_GCC_493\Debug\car.a(CyDmac.o)
                                0x520 (size before relaxing)
 .debug_str     0x000012cd      0x7e3 .\CortexM3\ARM_GCC_493\Debug\car.a(CyLib.o)
                                0xa05 (size before relaxing)
 .debug_str     0x00001ab0      0x35b .\CortexM3\ARM_GCC_493\Debug\car.a(cyPm.o)
                                0x6fd (size before relaxing)
 .debug_str     0x00001e0b      0x304 .\CortexM3\ARM_GCC_493\Debug\car.a(UART_net.o)
                                0x4c7 (size before relaxing)
 .debug_str     0x0000210f      0x1ad .\CortexM3\ARM_GCC_493\Debug\car.a(UART_net_IntClock.o)
                                0x348 (size before relaxing)
 .debug_str     0x000022bc      0x123 .\CortexM3\ARM_GCC_493\Debug\car.a(isr_rx_net.o)
                                0x4a4 (size before relaxing)
 .debug_str     0x000023df       0x60 .\CortexM3\ARM_GCC_493\Debug\car.a(L_IN_1.o)
                                0x1c9 (size before relaxing)
 .debug_str     0x0000243f       0x55 .\CortexM3\ARM_GCC_493\Debug\car.a(L_IN_2.o)
                                0x1c9 (size before relaxing)
 .debug_str     0x00002494       0x55 .\CortexM3\ARM_GCC_493\Debug\car.a(R_IN_1.o)
                                0x1c9 (size before relaxing)
 .debug_str     0x000024e9       0x55 .\CortexM3\ARM_GCC_493\Debug\car.a(R_IN_2.o)
                                0x1c9 (size before relaxing)
 .debug_str     0x0000253e      0x1c6 .\CortexM3\ARM_GCC_493\Debug\car.a(PWM_MOTOR.o)
                                0x3b1 (size before relaxing)
 .debug_str     0x00002704      0x151 .\CortexM3\ARM_GCC_493\Debug\car.a(Timer_1.o)
                                0x2eb (size before relaxing)
 .debug_str     0x00002855      0x12c .\CortexM3\ARM_GCC_493\Debug\car.a(isr_timer.o)
                                0x30e (size before relaxing)
 .debug_str     0x00002981      0x278 .\CortexM3\ARM_GCC_493\Debug\car.a(UART_JY.o)
                                0x4a8 (size before relaxing)
 .debug_str     0x00002bf9      0x11c .\CortexM3\ARM_GCC_493\Debug\car.a(isr_rx_jy.o)
                                0x48b (size before relaxing)
 .debug_str     0x00002d15      0x158 .\CortexM3\ARM_GCC_493\Debug\car.a(UART_JY_IntClock.o)
                                0x33c (size before relaxing)
 .debug_str     0x00002e6d      0x173 .\CortexM3\ARM_GCC_493\Debug\car.a(PWM_LED.o)
                                0x387 (size before relaxing)
 .debug_str     0x00002fe0      0x195 .\CortexM3\ARM_GCC_493\Debug\car.a(PWM_LED_1.o)
                                0x3b1 (size before relaxing)
 .debug_str     0x00003175      0x1fe .\CortexM3\ARM_GCC_493\Debug\car.a(PWM_STEERING.o)
                                0x3f0 (size before relaxing)
 .debug_str     0x00003373      0x2d1 .\CortexM3\ARM_GCC_493\Debug\car.a(ADC.o)
                                0x56c (size before relaxing)
 .debug_str     0x00003644       0x2b .\CortexM3\ARM_GCC_493\Debug\car.a(ADC_INT.o)
                                0x17a (size before relaxing)
 .debug_str     0x0000366f       0xf3 .\CortexM3\ARM_GCC_493\Debug\car.a(ADC_SAR.o)
                                0x414 (size before relaxing)
 .debug_str     0x00003762       0x93 .\CortexM3\ARM_GCC_493\Debug\car.a(ADC_TempBuf_dma.o)
                                0x263 (size before relaxing)
 .debug_str     0x000037f5       0x5b .\CortexM3\ARM_GCC_493\Debug\car.a(ADC_FinalBuf_dma.o)
                                0x267 (size before relaxing)
 .debug_str     0x00003850       0xde .\CortexM3\ARM_GCC_493\Debug\car.a(ADC_IRQ.o)
                                0x298 (size before relaxing)
 .debug_str     0x0000392e      0x3ea .\CortexM3\ARM_GCC_493\Debug\car.a(UART_LIDAR.o)
                                0x66b (size before relaxing)
 .debug_str     0x00003d18       0x72 .\CortexM3\ARM_GCC_493\Debug\car.a(UART_LIDAR_INT.o)
                                0x2a7 (size before relaxing)
 .debug_str     0x00003d8a      0x137 .\CortexM3\ARM_GCC_493\Debug\car.a(isr_rx_LIDAR.o)
                                0x337 (size before relaxing)
 .debug_str     0x00003ec1      0x176 .\CortexM3\ARM_GCC_493\Debug\car.a(UART_LIDAR_IntClock.o)
                                0x360 (size before relaxing)
 .debug_str     0x00004037       0x65 .\CortexM3\ARM_GCC_493\Debug\car.a(debug_time.o)
                                0x1dd (size before relaxing)
 .debug_str     0x0000409c      0x197 .\CortexM3\ARM_GCC_493\Debug\car.a(CyFlash.o)
                                0x377 (size before relaxing)
 .debug_str     0x00004233       0xae .\CortexM3\ARM_GCC_493\Debug\car.a(CySpc.o)
                                0x300 (size before relaxing)

.debug_loc      0x00000000     0x53a8
 *(.debug_loc)
 .debug_loc     0x00000000       0x53 .\CortexM3\ARM_GCC_493\Debug\main.o
 .debug_loc     0x00000053     0x12f0 .\CortexM3\ARM_GCC_493\Debug\Transfer.o
 .debug_loc     0x00001343      0x14a .\CortexM3\ARM_GCC_493\Debug\car.o
 .debug_loc     0x0000148d       0x9f .\CortexM3\ARM_GCC_493\Debug\battery.o
 .debug_loc     0x0000152c      0x623 .\CortexM3\ARM_GCC_493\Debug\Lidar.o
 .debug_loc     0x00001b4f      0x144 .\CortexM3\ARM_GCC_493\Debug\Cm3Start.o
 .debug_loc     0x00001c93      0x1f6 .\CortexM3\ARM_GCC_493\Debug\car.a(cyfitter_cfg.o)
 .debug_loc     0x00001e89      0xb83 .\CortexM3\ARM_GCC_493\Debug\car.a(CyDmac.o)
 .debug_loc     0x00002a0c      0xa11 .\CortexM3\ARM_GCC_493\Debug\car.a(CyLib.o)
 .debug_loc     0x0000341d      0x1e4 .\CortexM3\ARM_GCC_493\Debug\car.a(cyPm.o)
 .debug_loc     0x00003601      0x258 .\CortexM3\ARM_GCC_493\Debug\car.a(UART_net.o)
 .debug_loc     0x00003859      0x128 .\CortexM3\ARM_GCC_493\Debug\car.a(UART_net_IntClock.o)
 .debug_loc     0x00003981       0x69 .\CortexM3\ARM_GCC_493\Debug\car.a(isr_rx_net.o)
 .debug_loc     0x000039ea       0x42 .\CortexM3\ARM_GCC_493\Debug\car.a(L_IN_1.o)
 .debug_loc     0x00003a2c       0x42 .\CortexM3\ARM_GCC_493\Debug\car.a(L_IN_2.o)
 .debug_loc     0x00003a6e       0x42 .\CortexM3\ARM_GCC_493\Debug\car.a(R_IN_1.o)
 .debug_loc     0x00003ab0       0x42 .\CortexM3\ARM_GCC_493\Debug\car.a(R_IN_2.o)
 .debug_loc     0x00003af2       0x26 .\CortexM3\ARM_GCC_493\Debug\car.a(PWM_MOTOR.o)
 .debug_loc     0x00003b18       0x56 .\CortexM3\ARM_GCC_493\Debug\car.a(isr_timer.o)
 .debug_loc     0x00003b6e      0x258 .\CortexM3\ARM_GCC_493\Debug\car.a(UART_JY.o)
 .debug_loc     0x00003dc6       0x6a .\CortexM3\ARM_GCC_493\Debug\car.a(isr_rx_jy.o)
 .debug_loc     0x00003e30      0x128 .\CortexM3\ARM_GCC_493\Debug\car.a(UART_JY_IntClock.o)
 .debug_loc     0x00003f58       0x26 .\CortexM3\ARM_GCC_493\Debug\car.a(PWM_LED.o)
 .debug_loc     0x00003f7e       0x26 .\CortexM3\ARM_GCC_493\Debug\car.a(PWM_LED_1.o)
 .debug_loc     0x00003fa4       0x26 .\CortexM3\ARM_GCC_493\Debug\car.a(PWM_STEERING.o)
 .debug_loc     0x00003fca      0x13c .\CortexM3\ARM_GCC_493\Debug\car.a(ADC.o)
 .debug_loc     0x00004106      0x273 .\CortexM3\ARM_GCC_493\Debug\car.a(ADC_SAR.o)
 .debug_loc     0x00004379       0x84 .\CortexM3\ARM_GCC_493\Debug\car.a(ADC_TempBuf_dma.o)
 .debug_loc     0x000043fd       0x84 .\CortexM3\ARM_GCC_493\Debug\car.a(ADC_FinalBuf_dma.o)
 .debug_loc     0x00004481       0x56 .\CortexM3\ARM_GCC_493\Debug\car.a(ADC_IRQ.o)
 .debug_loc     0x000044d7      0x36c .\CortexM3\ARM_GCC_493\Debug\car.a(UART_LIDAR.o)
 .debug_loc     0x00004843       0x45 .\CortexM3\ARM_GCC_493\Debug\car.a(UART_LIDAR_INT.o)
 .debug_loc     0x00004888       0x69 .\CortexM3\ARM_GCC_493\Debug\car.a(isr_rx_LIDAR.o)
 .debug_loc     0x000048f1      0x128 .\CortexM3\ARM_GCC_493\Debug\car.a(UART_LIDAR_IntClock.o)
 .debug_loc     0x00004a19       0x42 .\CortexM3\ARM_GCC_493\Debug\car.a(debug_time.o)
 .debug_loc     0x00004a5b      0x300 .\CortexM3\ARM_GCC_493\Debug\car.a(CyFlash.o)
 .debug_loc     0x00004d5b      0x64d .\CortexM3\ARM_GCC_493\Debug\car.a(CySpc.o)

.debug_macinfo
 *(.debug_macinfo)

.debug_ranges   0x00000000     0x1178
 *(.debug_ranges)
 .debug_ranges  0x00000000       0x18 .\CortexM3\ARM_GCC_493\Debug\main.o
 .debug_ranges  0x00000018       0x78 .\CortexM3\ARM_GCC_493\Debug\Transfer.o
 .debug_ranges  0x00000090       0x60 .\CortexM3\ARM_GCC_493\Debug\car.o
 .debug_ranges  0x000000f0       0x18 .\CortexM3\ARM_GCC_493\Debug\battery.o
 .debug_ranges  0x00000108       0x38 .\CortexM3\ARM_GCC_493\Debug\Lidar.o
 .debug_ranges  0x00000140       0x38 .\CortexM3\ARM_GCC_493\Debug\Cm3Start.o
 .debug_ranges  0x00000178       0x40 .\CortexM3\ARM_GCC_493\Debug\car.a(cyfitter_cfg.o)
 .debug_ranges  0x000001b8       0xc8 .\CortexM3\ARM_GCC_493\Debug\car.a(CyDmac.o)
 .debug_ranges  0x00000280      0x288 .\CortexM3\ARM_GCC_493\Debug\car.a(CyLib.o)
 .debug_ranges  0x00000508       0x88 .\CortexM3\ARM_GCC_493\Debug\car.a(cyPm.o)
 .debug_ranges  0x00000590       0xe0 .\CortexM3\ARM_GCC_493\Debug\car.a(UART_net.o)
 .debug_ranges  0x00000670       0x60 .\CortexM3\ARM_GCC_493\Debug\car.a(UART_net_IntClock.o)
 .debug_ranges  0x000006d0       0x70 .\CortexM3\ARM_GCC_493\Debug\car.a(isr_rx_net.o)
 .debug_ranges  0x00000740       0x28 .\CortexM3\ARM_GCC_493\Debug\car.a(L_IN_1.o)
 .debug_ranges  0x00000768       0x28 .\CortexM3\ARM_GCC_493\Debug\car.a(L_IN_2.o)
 .debug_ranges  0x00000790       0x28 .\CortexM3\ARM_GCC_493\Debug\car.a(R_IN_1.o)
 .debug_ranges  0x000007b8       0x28 .\CortexM3\ARM_GCC_493\Debug\car.a(R_IN_2.o)
 .debug_ranges  0x000007e0       0x98 .\CortexM3\ARM_GCC_493\Debug\car.a(PWM_MOTOR.o)
 .debug_ranges  0x00000878       0x78 .\CortexM3\ARM_GCC_493\Debug\car.a(Timer_1.o)
 .debug_ranges  0x000008f0       0x70 .\CortexM3\ARM_GCC_493\Debug\car.a(isr_timer.o)
 .debug_ranges  0x00000960       0xe0 .\CortexM3\ARM_GCC_493\Debug\car.a(UART_JY.o)
 .debug_ranges  0x00000a40       0x70 .\CortexM3\ARM_GCC_493\Debug\car.a(isr_rx_jy.o)
 .debug_ranges  0x00000ab0       0x60 .\CortexM3\ARM_GCC_493\Debug\car.a(UART_JY_IntClock.o)
 .debug_ranges  0x00000b10       0x98 .\CortexM3\ARM_GCC_493\Debug\car.a(PWM_LED.o)
 .debug_ranges  0x00000ba8       0x98 .\CortexM3\ARM_GCC_493\Debug\car.a(PWM_LED_1.o)
 .debug_ranges  0x00000c40       0x98 .\CortexM3\ARM_GCC_493\Debug\car.a(PWM_STEERING.o)
 .debug_ranges  0x00000cd8       0x90 .\CortexM3\ARM_GCC_493\Debug\car.a(ADC.o)
 .debug_ranges  0x00000d68       0x10 .\CortexM3\ARM_GCC_493\Debug\car.a(ADC_INT.o)
 .debug_ranges  0x00000d78       0x98 .\CortexM3\ARM_GCC_493\Debug\car.a(ADC_SAR.o)
 .debug_ranges  0x00000e10       0x18 .\CortexM3\ARM_GCC_493\Debug\car.a(ADC_TempBuf_dma.o)
 .debug_ranges  0x00000e28       0x18 .\CortexM3\ARM_GCC_493\Debug\car.a(ADC_FinalBuf_dma.o)
 .debug_ranges  0x00000e40       0x70 .\CortexM3\ARM_GCC_493\Debug\car.a(ADC_IRQ.o)
 .debug_ranges  0x00000eb0       0xe0 .\CortexM3\ARM_GCC_493\Debug\car.a(UART_LIDAR.o)
 .debug_ranges  0x00000f90       0x18 .\CortexM3\ARM_GCC_493\Debug\car.a(UART_LIDAR_INT.o)
 .debug_ranges  0x00000fa8       0x70 .\CortexM3\ARM_GCC_493\Debug\car.a(isr_rx_LIDAR.o)
 .debug_ranges  0x00001018       0x60 .\CortexM3\ARM_GCC_493\Debug\car.a(UART_LIDAR_IntClock.o)
 .debug_ranges  0x00001078       0x28 .\CortexM3\ARM_GCC_493\Debug\car.a(debug_time.o)
 .debug_ranges  0x000010a0       0x70 .\CortexM3\ARM_GCC_493\Debug\car.a(CyFlash.o)
 .debug_ranges  0x00001110       0x68 .\CortexM3\ARM_GCC_493\Debug\car.a(CySpc.o)

.comment        0x00000000       0x70
 .comment       0x00000000       0x70 .\CortexM3\ARM_GCC_493\Debug\main.o
                                 0x71 (size before relaxing)
 .comment       0x00000000       0x71 .\CortexM3\ARM_GCC_493\Debug\Transfer.o
 .comment       0x00000000       0x71 .\CortexM3\ARM_GCC_493\Debug\car.o
 .comment       0x00000000       0x71 .\CortexM3\ARM_GCC_493\Debug\battery.o
 .comment       0x00000000       0x71 .\CortexM3\ARM_GCC_493\Debug\Lidar.o
 .comment       0x00000000       0x71 .\CortexM3\ARM_GCC_493\Debug\cymetadata.o
 .comment       0x00000000       0x71 .\CortexM3\ARM_GCC_493\Debug\Cm3Start.o
 .comment       0x00000000       0x71 .\CortexM3\ARM_GCC_493\Debug\car.a(cyfitter_cfg.o)
 .comment       0x00000000       0x71 .\CortexM3\ARM_GCC_493\Debug\car.a(CyDmac.o)
 .comment       0x00000000       0x71 .\CortexM3\ARM_GCC_493\Debug\car.a(CyLib.o)
 .comment       0x00000000       0x71 .\CortexM3\ARM_GCC_493\Debug\car.a(cyPm.o)
 .comment       0x00000000       0x71 .\CortexM3\ARM_GCC_493\Debug\car.a(UART_net.o)
 .comment       0x00000000       0x71 .\CortexM3\ARM_GCC_493\Debug\car.a(UART_net_IntClock.o)
 .comment       0x00000000       0x71 .\CortexM3\ARM_GCC_493\Debug\car.a(isr_rx_net.o)
 .comment       0x00000000       0x71 .\CortexM3\ARM_GCC_493\Debug\car.a(L_IN_1.o)
 .comment       0x00000000       0x71 .\CortexM3\ARM_GCC_493\Debug\car.a(L_IN_2.o)
 .comment       0x00000000       0x71 .\CortexM3\ARM_GCC_493\Debug\car.a(R_IN_1.o)
 .comment       0x00000000       0x71 .\CortexM3\ARM_GCC_493\Debug\car.a(R_IN_2.o)
 .comment       0x00000000       0x71 .\CortexM3\ARM_GCC_493\Debug\car.a(PWM_MOTOR.o)
 .comment       0x00000000       0x71 .\CortexM3\ARM_GCC_493\Debug\car.a(Timer_1.o)
 .comment       0x00000000       0x71 .\CortexM3\ARM_GCC_493\Debug\car.a(isr_timer.o)
 .comment       0x00000000       0x71 .\CortexM3\ARM_GCC_493\Debug\car.a(UART_JY.o)
 .comment       0x00000000       0x71 .\CortexM3\ARM_GCC_493\Debug\car.a(isr_rx_jy.o)
 .comment       0x00000000       0x71 .\CortexM3\ARM_GCC_493\Debug\car.a(UART_JY_IntClock.o)
 .comment       0x00000000       0x71 .\CortexM3\ARM_GCC_493\Debug\car.a(PWM_LED.o)
 .comment       0x00000000       0x71 .\CortexM3\ARM_GCC_493\Debug\car.a(PWM_LED_1.o)
 .comment       0x00000000       0x71 .\CortexM3\ARM_GCC_493\Debug\car.a(PWM_STEERING.o)
 .comment       0x00000000       0x71 .\CortexM3\ARM_GCC_493\Debug\car.a(ADC.o)
 .comment       0x00000000       0x71 .\CortexM3\ARM_GCC_493\Debug\car.a(ADC_INT.o)
 .comment       0x00000000       0x71 .\CortexM3\ARM_GCC_493\Debug\car.a(ADC_SAR.o)
 .comment       0x00000000       0x71 .\CortexM3\ARM_GCC_493\Debug\car.a(ADC_TempBuf_dma.o)
 .comment       0x00000000       0x71 .\CortexM3\ARM_GCC_493\Debug\car.a(ADC_FinalBuf_dma.o)
 .comment       0x00000000       0x71 .\CortexM3\ARM_GCC_493\Debug\car.a(ADC_IRQ.o)
 .comment       0x00000000       0x71 .\CortexM3\ARM_GCC_493\Debug\car.a(UART_LIDAR.o)
 .comment       0x00000000       0x71 .\CortexM3\ARM_GCC_493\Debug\car.a(UART_LIDAR_INT.o)
 .comment       0x00000000       0x71 .\CortexM3\ARM_GCC_493\Debug\car.a(isr_rx_LIDAR.o)
 .comment       0x00000000       0x71 .\CortexM3\ARM_GCC_493\Debug\car.a(UART_LIDAR_IntClock.o)
 .comment       0x00000000       0x71 .\CortexM3\ARM_GCC_493\Debug\car.a(debug_time.o)
 .comment       0x00000000       0x71 .\CortexM3\ARM_GCC_493\Debug\car.a(CyFlash.o)
 .comment       0x00000000       0x71 .\CortexM3\ARM_GCC_493\Debug\car.a(CySpc.o)

.debug_weaknames
 *(.debug_weaknames)

.debug_funcnames
 *(.debug_funcnames)

.debug_typenames
 *(.debug_typenames)

.debug_varnames
 *(.debug_varnames)

.note.gnu.arm.ident
 *(.note.gnu.arm.ident)

.ARM.attributes
                0x00000000       0x29
 *(.ARM.attributes)
 .ARM.attributes
                0x00000000       0x1d c:/program files (x86)/cypress/psoc creator/3.3/psoc creator/import/gnu/arm/4.9.3/bin/../lib/gcc/arm-none-eabi/4.9.3/armv7-m/crti.o
 .ARM.attributes
                0x0000001d       0x2d c:/program files (x86)/cypress/psoc creator/3.3/psoc creator/import/gnu/arm/4.9.3/bin/../lib/gcc/arm-none-eabi/4.9.3/armv7-m/crtbegin.o
 .ARM.attributes
                0x0000004a       0x1b c:/program files (x86)/cypress/psoc creator/3.3/psoc creator/import/gnu/arm/4.9.3/bin/../lib/gcc/arm-none-eabi/4.9.3/../../../../arm-none-eabi/lib/armv7-m/crt0.o
 .ARM.attributes
                0x00000065       0x33 .\CortexM3\ARM_GCC_493\Debug\main.o
 .ARM.attributes
                0x00000098       0x33 .\CortexM3\ARM_GCC_493\Debug\Transfer.o
 .ARM.attributes
                0x000000cb       0x33 .\CortexM3\ARM_GCC_493\Debug\car.o
 .ARM.attributes
                0x000000fe       0x33 .\CortexM3\ARM_GCC_493\Debug\battery.o
 .ARM.attributes
                0x00000131       0x33 .\CortexM3\ARM_GCC_493\Debug\Lidar.o
 .ARM.attributes
                0x00000164       0x33 .\CortexM3\ARM_GCC_493\Debug\cymetadata.o
 .ARM.attributes
                0x00000197       0x33 .\CortexM3\ARM_GCC_493\Debug\Cm3Start.o
 .ARM.attributes
                0x000001ca       0x33 .\CortexM3\ARM_GCC_493\Debug\car.a(cyfitter_cfg.o)
 .ARM.attributes
                0x000001fd       0x21 .\CortexM3\ARM_GCC_493\Debug\car.a(CyBootAsmGnu.o)
 .ARM.attributes
                0x0000021e       0x33 .\CortexM3\ARM_GCC_493\Debug\car.a(CyDmac.o)
 .ARM.attributes
                0x00000251       0x33 .\CortexM3\ARM_GCC_493\Debug\car.a(CyLib.o)
 .ARM.attributes
                0x00000284       0x33 .\CortexM3\ARM_GCC_493\Debug\car.a(cyPm.o)
 .ARM.attributes
                0x000002b7       0x33 .\CortexM3\ARM_GCC_493\Debug\car.a(UART_net.o)
 .ARM.attributes
                0x000002ea       0x33 .\CortexM3\ARM_GCC_493\Debug\car.a(UART_net_IntClock.o)
 .ARM.attributes
                0x0000031d       0x33 .\CortexM3\ARM_GCC_493\Debug\car.a(isr_rx_net.o)
 .ARM.attributes
                0x00000350       0x33 .\CortexM3\ARM_GCC_493\Debug\car.a(L_IN_1.o)
 .ARM.attributes
                0x00000383       0x33 .\CortexM3\ARM_GCC_493\Debug\car.a(L_IN_2.o)
 .ARM.attributes
                0x000003b6       0x33 .\CortexM3\ARM_GCC_493\Debug\car.a(R_IN_1.o)
 .ARM.attributes
                0x000003e9       0x33 .\CortexM3\ARM_GCC_493\Debug\car.a(R_IN_2.o)
 .ARM.attributes
                0x0000041c       0x33 .\CortexM3\ARM_GCC_493\Debug\car.a(PWM_MOTOR.o)
 .ARM.attributes
                0x0000044f       0x33 .\CortexM3\ARM_GCC_493\Debug\car.a(Timer_1.o)
 .ARM.attributes
                0x00000482       0x33 .\CortexM3\ARM_GCC_493\Debug\car.a(isr_timer.o)
 .ARM.attributes
                0x000004b5       0x33 .\CortexM3\ARM_GCC_493\Debug\car.a(UART_JY.o)
 .ARM.attributes
                0x000004e8       0x33 .\CortexM3\ARM_GCC_493\Debug\car.a(isr_rx_jy.o)
 .ARM.attributes
                0x0000051b       0x33 .\CortexM3\ARM_GCC_493\Debug\car.a(UART_JY_IntClock.o)
 .ARM.attributes
                0x0000054e       0x33 .\CortexM3\ARM_GCC_493\Debug\car.a(PWM_LED.o)
 .ARM.attributes
                0x00000581       0x33 .\CortexM3\ARM_GCC_493\Debug\car.a(PWM_LED_1.o)
 .ARM.attributes
                0x000005b4       0x33 .\CortexM3\ARM_GCC_493\Debug\car.a(PWM_STEERING.o)
 .ARM.attributes
                0x000005e7       0x33 .\CortexM3\ARM_GCC_493\Debug\car.a(ADC.o)
 .ARM.attributes
                0x0000061a       0x33 .\CortexM3\ARM_GCC_493\Debug\car.a(ADC_INT.o)
 .ARM.attributes
                0x0000064d       0x33 .\CortexM3\ARM_GCC_493\Debug\car.a(ADC_SAR.o)
 .ARM.attributes
                0x00000680       0x33 .\CortexM3\ARM_GCC_493\Debug\car.a(ADC_TempBuf_dma.o)
 .ARM.attributes
                0x000006b3       0x33 .\CortexM3\ARM_GCC_493\Debug\car.a(ADC_FinalBuf_dma.o)
 .ARM.attributes
                0x000006e6       0x33 .\CortexM3\ARM_GCC_493\Debug\car.a(ADC_IRQ.o)
 .ARM.attributes
                0x00000719       0x33 .\CortexM3\ARM_GCC_493\Debug\car.a(UART_LIDAR.o)
 .ARM.attributes
                0x0000074c       0x33 .\CortexM3\ARM_GCC_493\Debug\car.a(UART_LIDAR_INT.o)
 .ARM.attributes
                0x0000077f       0x33 .\CortexM3\ARM_GCC_493\Debug\car.a(isr_rx_LIDAR.o)
 .ARM.attributes
                0x000007b2       0x33 .\CortexM3\ARM_GCC_493\Debug\car.a(UART_LIDAR_IntClock.o)
 .ARM.attributes
                0x000007e5       0x33 .\CortexM3\ARM_GCC_493\Debug\car.a(debug_time.o)
 .ARM.attributes
                0x00000818       0x33 .\CortexM3\ARM_GCC_493\Debug\car.a(CyFlash.o)
 .ARM.attributes
                0x0000084b       0x33 .\CortexM3\ARM_GCC_493\Debug\car.a(CySpc.o)
 .ARM.attributes
                0x0000087e       0x1d c:/program files (x86)/cypress/psoc creator/3.3/psoc creator/import/gnu/arm/4.9.3/bin/../lib/gcc/arm-none-eabi/4.9.3/armv7-m\libgcc.a(_arm_addsubdf3.o)
 .ARM.attributes
                0x0000089b       0x1d c:/program files (x86)/cypress/psoc creator/3.3/psoc creator/import/gnu/arm/4.9.3/bin/../lib/gcc/arm-none-eabi/4.9.3/armv7-m\libgcc.a(_arm_muldivdf3.o)
 .ARM.attributes
                0x000008b8       0x1d c:/program files (x86)/cypress/psoc creator/3.3/psoc creator/import/gnu/arm/4.9.3/bin/../lib/gcc/arm-none-eabi/4.9.3/armv7-m\libgcc.a(_arm_truncdfsf2.o)
 .ARM.attributes
                0x000008d5       0x1d c:/program files (x86)/cypress/psoc creator/3.3/psoc creator/import/gnu/arm/4.9.3/bin/../lib/gcc/arm-none-eabi/4.9.3/armv7-m\libgcc.a(_arm_addsubsf3.o)
 .ARM.attributes
                0x000008f2       0x1d c:/program files (x86)/cypress/psoc creator/3.3/psoc creator/import/gnu/arm/4.9.3/bin/../lib/gcc/arm-none-eabi/4.9.3/armv7-m\libgcc.a(_arm_muldivsf3.o)
 .ARM.attributes