Archive member included because of file (symbol)

.\CortexM3\ARM_GCC_493\Debug\car.a(cyfitter_cfg.o)
                              .\CortexM3\ARM_GCC_493\Debug\Cm3Start.o (cyfitter_cfg)
.\CortexM3\ARM_GCC_493\Debug\car.a(CyBootAsmGnu.o)
                              .\CortexM3\ARM_GCC_493\Debug\car.a(cyfitter_cfg.o) (CyDelayCycles)
.\CortexM3\ARM_GCC_493\Debug\car.a(CyDmac.o)
                              .\CortexM3\ARM_GCC_493\Debug\Cm3Start.o (CyDmacConfigure)
.\CortexM3\ARM_GCC_493\Debug\car.a(CyLib.o)
                              .\CortexM3\ARM_GCC_493\Debug\Cm3Start.o (CyHalt)
.\CortexM3\ARM_GCC_493\Debug\car.a(cyPm.o)
                              .\CortexM3\ARM_GCC_493\Debug\car.a(CyLib.o) (CyPmReadStatus)
.\CortexM3\ARM_GCC_493\Debug\car.a(UART_net.o)
                              .\CortexM3\ARM_GCC_493\Debug\main.o (UART_net_Start)
.\CortexM3\ARM_GCC_493\Debug\car.a(UART_net_IntClock.o)
                              .\CortexM3\ARM_GCC_493\Debug\car.a(UART_net.o) (UART_net_IntClock_Start)
.\CortexM3\ARM_GCC_493\Debug\car.a(isr_tx_net.o)
                              .\CortexM3\ARM_GCC_493\Debug\main.o (isr_tx_net_Start)
.\CortexM3\ARM_GCC_493\Debug\car.a(isr_rx_net.o)
                              .\CortexM3\ARM_GCC_493\Debug\main.o (isr_rx_net_Start)
.\CortexM3\ARM_GCC_493\Debug\car.a(Timer_1.o)
                              .\CortexM3\ARM_GCC_493\Debug\main.o (Timer_1_Start)
.\CortexM3\ARM_GCC_493\Debug\car.a(isr_timer.o)
                              .\CortexM3\ARM_GCC_493\Debug\main.o (isr_timer_Start)
.\CortexM3\ARM_GCC_493\Debug\car.a(UART_JY.o)
                              .\CortexM3\ARM_GCC_493\Debug\main.o (UART_JY_Start)
.\CortexM3\ARM_GCC_493\Debug\car.a(isr_rx_jy.o)
                              .\CortexM3\ARM_GCC_493\Debug\main.o (isr_rx_jy_Start)
.\CortexM3\ARM_GCC_493\Debug\car.a(UART_JY_IntClock.o)
                              .\CortexM3\ARM_GCC_493\Debug\car.a(UART_JY.o) (UART_JY_IntClock_Start)
.\CortexM3\ARM_GCC_493\Debug\car.a(PWM_LED_1.o)
                              .\CortexM3\ARM_GCC_493\Debug\Transfer.o (PWM_LED_1_WritePeriod)
.\CortexM3\ARM_GCC_493\Debug\car.a(PWM_LED_2.o)
                              .\CortexM3\ARM_GCC_493\Debug\Transfer.o (PWM_LED_2_WritePeriod)
.\CortexM3\ARM_GCC_493\Debug\car.a(PWM_LED_3.o)
                              .\CortexM3\ARM_GCC_493\Debug\Transfer.o (PWM_LED_3_WritePeriod)
.\CortexM3\ARM_GCC_493\Debug\car.a(ADC.o)
                              .\CortexM3\ARM_GCC_493\Debug\battery.o (ADC_Start)
.\CortexM3\ARM_GCC_493\Debug\car.a(ADC_INT.o)
                              .\CortexM3\ARM_GCC_493\Debug\car.a(ADC.o) (ADC_ISR)
.\CortexM3\ARM_GCC_493\Debug\car.a(ADC_SAR.o)
                              .\CortexM3\ARM_GCC_493\Debug\car.a(ADC.o) (ADC_SAR_shift)
.\CortexM3\ARM_GCC_493\Debug\car.a(ADC_TempBuf_dma.o)
                              .\CortexM3\ARM_GCC_493\Debug\car.a(ADC.o) (ADC_TempBuf_DmaInitialize)
.\CortexM3\ARM_GCC_493\Debug\car.a(ADC_FinalBuf_dma.o)
                              .\CortexM3\ARM_GCC_493\Debug\car.a(ADC.o) (ADC_FinalBuf_DmaInitialize)
.\CortexM3\ARM_GCC_493\Debug\car.a(ADC_IRQ.o)
                              .\CortexM3\ARM_GCC_493\Debug\car.a(ADC.o) (ADC_IRQ_SetVector)
.\CortexM3\ARM_GCC_493\Debug\car.a(CONTRAL_LIDAR.o)
                              .\CortexM3\ARM_GCC_493\Debug\main.o (CONTRAL_LIDAR_Write)
.\CortexM3\ARM_GCC_493\Debug\car.a(debug_time.o)
                              .\CortexM3\ARM_GCC_493\Debug\Lidar.o (debug_time_Write)
.\CortexM3\ARM_GCC_493\Debug\car.a(PTZ_UP_EN.o)
                              .\CortexM3\ARM_GCC_493\Debug\car.o (PTZ_UP_EN_Write)
.\CortexM3\ARM_GCC_493\Debug\car.a(PTZ_UP_STEP.o)
                              .\CortexM3\ARM_GCC_493\Debug\car.o (PTZ_UP_STEP_Write)
.\CortexM3\ARM_GCC_493\Debug\car.a(PTZ_UP_DIR.o)
                              .\CortexM3\ARM_GCC_493\Debug\car.o (PTZ_UP_DIR_Write)
.\CortexM3\ARM_GCC_493\Debug\car.a(PTZ_DOWN_EN.o)
                              .\CortexM3\ARM_GCC_493\Debug\car.o (PTZ_DOWN_EN_Write)
.\CortexM3\ARM_GCC_493\Debug\car.a(PTZ_DOWN_STEP.o)
                              .\CortexM3\ARM_GCC_493\Debug\car.o (PTZ_DOWN_STEP_Write)
.\CortexM3\ARM_GCC_493\Debug\car.a(PTZ_DOWN_DIR.o)
                              .\CortexM3\ARM_GCC_493\Debug\car.o (PTZ_DOWN_DIR_Write)
.\CortexM3\ARM_GCC_493\Debug\car.a(CHANGE_PWR.o)
                              .\CortexM3\ARM_GCC_493\Debug\Transfer.o (CHANGE_PWR_Write)
.\CortexM3\ARM_GCC_493\Debug\car.a(EEPROM.o)
                              .\CortexM3\ARM_GCC_493\Debug\main.o (EEPROM_Start)
.\CortexM3\ARM_GCC_493\Debug\car.a(PWM_LED_4.o)
                              .\CortexM3\ARM_GCC_493\Debug\Transfer.o (PWM_LED_4_WritePeriod)
.\CortexM3\ARM_GCC_493\Debug\car.a(UART_CH.o)
                              .\CortexM3\ARM_GCC_493\Debug\main.o (UART_CH_Start)
.\CortexM3\ARM_GCC_493\Debug\car.a(isr_rx_ch.o)
                              .\CortexM3\ARM_GCC_493\Debug\main.o (isr_rx_ch_Start)
[...]
Memory Configuration

Name             Origin             Length             Attributes
rom              0x00000000         0x00020000         xr
ram              0x1fffc000         0x00008000         xrw
*default*        0x00000000         0xffffffff

Linker script and memory map

LOAD d:/program files (x86)/cypress/psoc creator/3.3/psoc creator/import/gnu/arm/4.9.3/bin/../lib/gcc/arm-none-eabi/4.9.3/armv7-m/crti.o
LOAD d:/program files (x86)/cypress/psoc creator/3.3/psoc creator/import/gnu/arm/4.9.3/bin/../lib/gcc/arm-none-eabi/4.9.3/armv7-m/crtbegin.o
LOAD d:/program files (x86)/cypress/psoc creator/3.3/psoc creator/import/gnu/arm/4.9.3/bin/../lib/gcc/arm-none-eabi/4.9.3/../../../../arm-none-eabi/lib/armv7-m/crt0.o
START GROUP
LOAD .\CortexM3\ARM_GCC_493\Debug\main.o
LOAD .\CortexM3\ARM_GCC_493\Debug\Transfer.o
LOAD .\CortexM3\ARM_GCC_493\Debug\car.o
LOAD .\CortexM3\ARM_GCC_493\Debug\battery.o
LOAD .\CortexM3\ARM_GCC_493\Debug\Lidar.o
LOAD .\CortexM3\ARM_GCC_493\Debug\systemInfo.o
LOAD .\CortexM3\ARM_GCC_493\Debug\multi_timer.o
LOAD .\CortexM3\ARM_GCC_493\Debug\led.o
LOAD .\CortexM3\ARM_GCC_493\Debug\wave_distance.o
LOAD .\CortexM3\ARM_GCC_493\Debug\M_thickness.o
LOAD .\CortexM3\ARM_GCC_493\Debug\bq20Z75.o
LOAD .\CortexM3\ARM_GCC_493\Debug\i2c_core.o
LOAD .\CortexM3\ARM_GCC_493\Debug\cymetadata.o
LOAD .\CortexM3\ARM_GCC_493\Debug\Cm3Start.o
LOAD .\CortexM3\ARM_GCC_493\Debug\car.a
LOAD D:\Program Files (x86)\Cypress\PSoC Creator\3.3\PSoC Creator\psoc\content\cycomponentlibrary\CyComponentLibrary.cylib\CortexM3\ARM_GCC_493\Debug\CyComponentLibrary.a
END GROUP
START GROUP
LOAD d:/program files (x86)/cypress/psoc creator/3.3/psoc creator/import/gnu/arm/4.9.3/bin/../lib/gcc/arm-none-eabi/4.9.3/armv7-m\libgcc.a
LOAD d:/program files (x86)/cypress/psoc creator/3.3/psoc creator/import/gnu/arm/4.9.3/bin/../lib/gcc/arm-none-eabi/4.9.3/../../../../arm-none-eabi/lib/armv7-m\libg_nano.a
LOAD d:/program files (x86)/cypress/psoc creator/3.3/psoc creator/import/gnu/arm/4.9.3/bin/../lib/gcc/arm-none-eabi/4.9.3/../../../../arm-none-eabi/lib/armv7-m\libc_nano.a
END GROUP
START GROUP
LOAD d:/program files (x86)/cypress/psoc creator/3.3/psoc creator/import/gnu/arm/4.9.3/bin/../lib/gcc/arm-none-eabi/4.9.3/armv7-m\libgcc.a
LOAD d:/program files (x86)/cypress/psoc creator/3.3/psoc creator/import/gnu/arm/4.9.3/bin/../lib/gcc/arm-none-eabi/4.9.3/../../../../arm-none-eabi/lib/armv7-m\libc_nano.a
END GROUP
LOAD d:/program files (x86)/cypress/psoc creator/3.3/psoc creator/import/gnu/arm/4.9.3/bin/../lib/gcc/arm-none-eabi/4.9.3/armv7-m/crtend.o
LOAD d:/program files (x86)/cypress/psoc creator/3.3/psoc creator/import/gnu/arm/4.9.3/bin/../lib/gcc/arm-none-eabi/4.9.3/armv7-m/crtn.o
START GROUP
LOAD d:/program files (x86)/cypress/psoc creator/3.3/psoc creator/import/gnu/arm/4.9.3/bin/../lib/gcc/arm-none-eabi/4.9.3/armv7-m\libgcc.a
LOAD d:/program files (x86)/cypress/psoc creator/3.3/psoc creator/import/gnu/arm/4.9.3/bin/../lib/gcc/arm-none-eabi/4.9.3/../../../../arm-none-eabi/lib/armv7-m\libc.a
LOAD d:/program files (x86)/cypress/psoc creator/3.3/psoc creator/import/gnu/arm/4.9.3/bin/../lib/gcc/arm-none-eabi/4.9.3/../../../../arm-none-eabi/lib/armv7-m\libnosys.a
END GROUP
                0x00000000                CY_APPL_ORIGIN = 0x0
                0x00000100                CY_FLASH_ROW_SIZE = 0x100
                0x00000020                CY_ECC_ROW_SIZE = 0x20
                0x00000000                CY_EE_IN_BTLDR = 0x0
                0x00000000                CY_APPL_LOADABLE = 0x0
                0x00000800                CY_EE_SIZE = 0x800
                0x00000001                CY_APPL_NUM = 0x1
                0x00000001                CY_APPL_MAX = 0x1
                0x00000040                CY_METADATA_SIZE = 0x40
                0x00000000                CY_APPL_LOADABLE = 0x0
                0x00000000                CY_CHECKSUM_EXCLUDE_SIZE = ALIGN (0x0, CY_FLASH_ROW_SIZE)
                0x1fffe9e8                PROVIDE (__cy_heap_start, _end)
                0x00000001                PROVIDE (__cy_region_num, ((__cy_regions_end - __cy_regions) / 0x10))
                0x20004000                PROVIDE (__cy_stack, (ORIGIN (ram) + 0x8000))
                0x20003800                PROVIDE (__cy_heap_end, (__cy_stack - 0x800))

.cybootloader   0x00000000        0x0
 *(.cybootloader)
                0x00000000                appl1_start = CY_APPL_ORIGIN?CY_APPL_ORIGIN:ALIGN (CY_FLASH_ROW_SIZE)
                0x0000ff00                appl2_start = (appl1_start + ALIGN ((((0x20000 - appl1_start) - (0x2 * CY_FLASH_ROW_SIZE)) / 0x2), CY_FLASH_ROW_SIZE))
                0x00000000                appl_start = (CY_APPL_NUM == 0x1)?appl1_start:appl2_start
                0x00000000                ecc_offset = ((appl_start / CY_FLASH_ROW_SIZE) * CY_ECC_ROW_SIZE)
                0x00000000                ee_offset = (CY_APPL_LOADABLE && ! (CY_EE_IN_BTLDR))?((CY_EE_SIZE / CY_APPL_MAX) * (CY_APPL_NUM - 0x1)):0x0
                0x00000800                ee_size = (CY_APPL_LOADABLE && ! (CY_EE_IN_BTLDR))?(CY_EE_SIZE / CY_APPL_MAX):CY_EE_SIZE
                0x00000000                PROVIDE (CY_ECC_OFFSET, ecc_offset)

.text           0x00000000     0x3dda
 CREATE_OBJECT_SYMBOLS
                0x00000000                PROVIDE (__cy_interrupt_vector, RomVectors)
 *(.romvectors)
 .romvectors    0x00000000       0x10 .\CortexM3\ARM_GCC_493\Debug\Cm3Start.o
                0x00000000                RomVectors
                0x00000001                ASSERT ((. != __cy_interrupt_vector), No interrupt vector)
                0x00000001                ASSERT (CY_APPL_ORIGIN?(SIZEOF (.cybootloader) <= CY_APPL_ORIGIN):0x1, Wrong image location)
                0x00000010                PROVIDE (__cy_reset, Reset)
 *(.text.Reset)
 .text.Reset    0x00000010       0x18 .\CortexM3\ARM_GCC_493\Debug\Cm3Start.o
                0x00000010                Reset
                0x00000001                ASSERT ((. != __cy_reset), No reset code)
 *(.dma_init)
                0x00000001                ASSERT ((((appl_start + .) <= 0x10000) || 0x1), DMA Init must be within the first 64k of flash)
 *(.text .text.* .gnu.linkonce.t.*)
 .text          0x00000028       0x5c d:/program files (x86)/cypress/psoc creator/3.3/psoc creator/import/gnu/arm/4.9.3/bin/../lib/gcc/arm-none-eabi/4.9.3/armv7-m/crtbegin.o
 .text.ECDR_loop
                0x00000084       0x10 .\CortexM3\ARM_GCC_493\Debug\main.o
                0x00000084                ECDR_loop
 .text.main     0x00000094      0x184 .\CortexM3\ARM_GCC_493\Debug\main.o
                0x00000094                main
 .text.DT_Send_Data
                0x00000218        0x8 .\CortexM3\ARM_GCC_493\Debug\Transfer.o
                0x00000218                DT_Send_Data
 .text.DT_Send_Check
                0x00000220       0x3c .\CortexM3\ARM_GCC_493\Debug\Transfer.o
 .text.DT_Data_Receive_Anl
                0x0000025c      0x20c .\CortexM3\ARM_GCC_493\Debug\Transfer.o
                0x0000025c                DT_Data_Receive_Anl
 .text.DT_Data_Receive_Prepare
                0x00000468       0xac .\CortexM3\ARM_GCC_493\Debug\Transfer.o
                0x00000468                DT_Data_Receive_Prepare
 .text.DT_Send_SystemInfo
                0x00000514       0x70 .\CortexM3\ARM_GCC_493\Debug\Transfer.o
                0x00000514                DT_Send_SystemInfo
 .text.DT_Send_Status
                0x00000584       0x68 .\CortexM3\ARM_GCC_493\Debug\Transfer.o
                0x00000584                DT_Send_Status
 .text.DT_Send_Senser
                0x000005ec       0xb8 .\CortexM3\ARM_GCC_493\Debug\Transfer.o
                0x000005ec                DT_Send_Senser
 .text.DT_Send_Distance
                0x000006a4       0x50 .\CortexM3\ARM_GCC_493\Debug\Transfer.o
                0x000006a4                DT_Send_Distance
 .text.DT_Send_Power
                0x000006f4       0x5c .\CortexM3\ARM_GCC_493\Debug\Transfer.o
                0x000006f4                DT_Send_Power
 .text.DT_Data_Exchange
                0x00000750      0x220 .\CortexM3\ARM_GCC_493\Debug\Transfer.o
                0x00000750                DT_Data_Exchange
 .text.ptz_control
                0x00000970       0x84 .\CortexM3\ARM_GCC_493\Debug\car.o
 .text.Set_Left_Front_Speed_Turn
                0x000009f4       0x40 .\CortexM3\ARM_GCC_493\Debug\car.o
 .text.Set_Left_Behind_Speed_Turn
                0x00000a34       0x40 .\CortexM3\ARM_GCC_493\Debug\car.o
 .text.Set_Right_Behind_Speed_Turn
                0x00000a74       0x40 .\CortexM3\ARM_GCC_493\Debug\car.o
 .text.Command_Car_UP
                0x00000ab4       0x24 .\CortexM3\ARM_GCC_493\Debug\car.o
 .text.Command_Car_Down
                0x00000ad8       0x24 .\CortexM3\ARM_GCC_493\Debug\car.o
 .text.Car_init
                0x00000afc       0x58 .\CortexM3\ARM_GCC_493\Debug\car.o
                0x00000afc                Car_init
 .text.Car_Hearting_Loop
                0x00000b54       0x24 .\CortexM3\ARM_GCC_493\Debug\car.o
                0x00000b54                Car_Hearting_Loop
 .text.Car_PTZ_DIR
                0x00000b78       0x60 .\CortexM3\ARM_GCC_493\Debug\car.o
                0x00000b78                Car_PTZ_DIR
 .text.Car_PUSH_DIR
                0x00000bd8       0x84 .\CortexM3\ARM_GCC_493\Debug\car.o
                0x00000bd8                Car_PUSH_DIR
 .text.Command_Car_Left
                0x00000c5c       0x28 .\CortexM3\ARM_GCC_493\Debug\car.o
                0x00000c5c                Command_Car_Left
 .text.Command_Car_Right
                0x00000c84       0x28 .\CortexM3\ARM_GCC_493\Debug\car.o
                0x00000c84                Command_Car_Right
 .text.Command_Car_brake
                0x00000cac       0x24 .\CortexM3\ARM_GCC_493\Debug\car.o
                0x00000cac                Command_Car_brake
 .text.Car_Dir  0x00000cd0       0x3c .\CortexM3\ARM_GCC_493\Debug\car.o
                0x00000cd0                Car_Dir
 .text.Car_Control_Loop
                0x00000d0c       0x80 .\CortexM3\ARM_GCC_493\Debug\car.o
                0x00000d0c                Car_Control_Loop
 .text.Monitor_Battery_Init
                0x00000d8c        0xc .\CortexM3\ARM_GCC_493\Debug\battery.o
                0x00000d8c                Monitor_Battery_Init
 .text.Cal_Battery_loop
                0x00000d98       0x58 .\CortexM3\ARM_GCC_493\Debug\battery.o
                0x00000d98                Cal_Battery_loop
 .text.Lidar_init
                0x00000df0       0x20 .\CortexM3\ARM_GCC_493\Debug\Lidar.o
                0x00000df0                Lidar_init
 .text.SystemInfo_Init
                0x00000e10       0x3c .\CortexM3\ARM_GCC_493\Debug\systemInfo.o
                0x00000e10                SystemInfo_Init
 .text.Cal_time
                0x00000e4c       0x30 .\CortexM3\ARM_GCC_493\Debug\systemInfo.o
                0x00000e4c                Cal_time
 .text.timer_init
                0x00000e7c       0x14 .\CortexM3\ARM_GCC_493\Debug\multi_timer.o
                0x00000e7c                timer_init
 .text.timer_start
                0x00000e90       0x28 .\CortexM3\ARM_GCC_493\Debug\multi_timer.o
                0x00000e90                timer_start
 .text.timer_stop
                0x00000eb8       0x20 .\CortexM3\ARM_GCC_493\Debug\multi_timer.o
                0x00000eb8                timer_stop
 .text.timer_loop
                0x00000ed8       0x34 .\CortexM3\ARM_GCC_493\Debug\multi_timer.o
                0x00000ed8                timer_loop
 .text.timer_ticks
                0x00000f0c       0x10 .\CortexM3\ARM_GCC_493\Debug\multi_timer.o
                0x00000f0c                timer_ticks
 .text.LED_SET_NUM
                0x00000f1c        0xc .\CortexM3\ARM_GCC_493\Debug\led.o
                0x00000f1c                LED_SET_NUM
 .text.LED_loop
                0x00000f28       0x9c .\CortexM3\ARM_GCC_493\Debug\led.o
                0x00000f28                LED_loop
 .text.shutdown_50s
                0x00000fc4       0x18 .\CortexM3\ARM_GCC_493\Debug\M_thickness.o
                0x00000fc4                shutdown_50s
 .text.Control_M_loop
                0x00000fdc      0x11c .\CortexM3\ARM_GCC_493\Debug\M_thickness.o
                0x00000fdc                Control_M_loop
 .text.M_Data_Receive_Anl
                0x000010f8       0x44 .\CortexM3\ARM_GCC_493\Debug\M_thickness.o
                0x000010f8                M_Data_Receive_Anl
 .text.M_Data_Receive_Prepare
                0x0000113c       0xc4 .\CortexM3\ARM_GCC_493\Debug\M_thickness.o
                0x0000113c                M_Data_Receive_Prepare
 .text.GetCrc8  0x00001200       0x24 .\CortexM3\ARM_GCC_493\Debug\bq20Z75.o
                0x00001200                GetCrc8
 .text.bq20Z75_read_out
                0x00001224       0x60 .\CortexM3\ARM_GCC_493\Debug\bq20Z75.o
                0x00001224                bq20Z75_read_out
 .text.delay_us
                0x00001284       0x20 .\CortexM3\ARM_GCC_493\Debug\i2c_core.o
 .text.I2C_Start
                0x000012a4       0x34 .\CortexM3\ARM_GCC_493\Debug\i2c_core.o
 .text.I2C_sendbyte
                0x000012d8       0x48 .\CortexM3\ARM_GCC_493\Debug\i2c_core.o
 .text.I2C_Stop
                0x00001320       0x28 .\CortexM3\ARM_GCC_493\Debug\i2c_core.o
 .text.I2C_nack
                0x00001348       0x34 .\CortexM3\ARM_GCC_493\Debug\i2c_core.o
 .text.I2C_ack  0x0000137c       0x34 .\CortexM3\ARM_GCC_493\Debug\i2c_core.o
 .text.ReceiveACK
                0x000013b0       0x30 .\CortexM3\ARM_GCC_493\Debug\i2c_core.o
 .text.I2C_readbyte
                0x000013e0       0x40 .\CortexM3\ARM_GCC_493\Debug\i2c_core.o
 .text.I2C_Read
                0x00001420       0x84 .\CortexM3\ARM_GCC_493\Debug\i2c_core.o
                0x00001420                I2C_Read
 .text.IntDefaultHandler
                0x000014a4        0x4 .\CortexM3\ARM_GCC_493\Debug\Cm3Start.o
                0x000014a4                IntDefaultHandler
 .text.Start_c  0x000014a8       0x4c .\CortexM3\ARM_GCC_493\Debug\Cm3Start.o
                0x000014a8                Start_c
 .text.initialize_psoc
                0x000014f4       0x78 .\CortexM3\ARM_GCC_493\Debug\Cm3Start.o
                0x000014f4                initialize_psoc
 .text.cfg_write_bytes32
                0x0000156c       0x34 .\CortexM3\ARM_GCC_493\Debug\car.a(cyfitter_cfg.o)
 .text.AnalogSetDefault
                0x000015a0       0x88 .\CortexM3\ARM_GCC_493\Debug\car.a(cyfitter_cfg.o)
 .text.CYMEMZERO
                0x00001628        0xc .\CortexM3\ARM_GCC_493\Debug\car.a(cyfitter_cfg.o)
 .text.ClockSetup
                0x00001634       0xf0 .\CortexM3\ARM_GCC_493\Debug\car.a(cyfitter_cfg.o)
 .text.CYCONFIGCPY
                0x00001724        0x8 .\CortexM3\ARM_GCC_493\Debug\car.a(cyfitter_cfg.o)
 .text.cyfitter_cfg
                0x0000172c      0x1a0 .\CortexM3\ARM_GCC_493\Debug\car.a(cyfitter_cfg.o)
                0x0000172c                cyfitter_cfg
 *fill*         0x000018cc        0x4 
 .text          0x000018d0       0x20 .\CortexM3\ARM_GCC_493\Debug\car.a(CyBootAsmGnu.o)
                0x000018d0                CyDelayCycles
                0x000018e0                CyEnterCriticalSection
                0x000018e8                CyExitCriticalSection
 .text.CyDmacConfigure
                0x000018f0       0x34 .\CortexM3\ARM_GCC_493\Debug\car.a(CyDmac.o)
                0x000018f0                CyDmacConfigure
 .text.CyDmaChEnable
                0x00001924       0x38 .\CortexM3\ARM_GCC_493\Debug\car.a(CyDmac.o)
                0x00001924                CyDmaChEnable
 .text.CyDmaClearPendingDrq
                0x0000195c       0x28 .\CortexM3\ARM_GCC_493\Debug\car.a(CyDmac.o)
                0x0000195c                CyDmaClearPendingDrq
 .text.CyDmaChPriority
                0x00001984       0x24 .\CortexM3\ARM_GCC_493\Debug\car.a(CyDmac.o)
                0x00001984                CyDmaChPriority
 .text.CyDmaChSetExtendedAddress
                0x000019a8       0x34 .\CortexM3\ARM_GCC_493\Debug\car.a(CyDmac.o)
                0x000019a8                CyDmaChSetExtendedAddress
 .text.CyDmaChSetInitialTd
                0x000019dc       0x18 .\CortexM3\ARM_GCC_493\Debug\car.a(CyDmac.o)
                0x000019dc                CyDmaChSetInitialTd
 .text.CyDmaChSetConfiguration
                0x000019f4       0x48 .\CortexM3\ARM_GCC_493\Debug\car.a(CyDmac.o)
                0x000019f4                CyDmaChSetConfiguration
 .text.CyDmaTdAllocate
                0x00001a3c       0x34 .\CortexM3\ARM_GCC_493\Debug\car.a(CyDmac.o)
                0x00001a3c                CyDmaTdAllocate
 .text.CyDmaTdSetConfiguration
                0x00001a70       0x28 .\CortexM3\ARM_GCC_493\Debug\car.a(CyDmac.o)
                0x00001a70                CyDmaTdSetConfiguration
 .text.CyDmaTdSetAddress
                0x00001a98       0x1c .\CortexM3\ARM_GCC_493\Debug\car.a(CyDmac.o)
                0x00001a98                CyDmaTdSetAddress
 .text.CyHalt   0x00001ab4        0x4 .\CortexM3\ARM_GCC_493\Debug\car.a(CyLib.o)
                0x00001ab4                CyHalt
 .text.CyDelay  0x00001ab8       0x2c .\CortexM3\ARM_GCC_493\Debug\car.a(CyLib.o)
                0x00001ab8                CyDelay
 .text.CyDelayUs
                0x00001ae4       0x14 .\CortexM3\ARM_GCC_493\Debug\car.a(CyLib.o)
                0x00001ae4                CyDelayUs
 .text.CyIntSetVector
                0x00001af8       0x28 .\CortexM3\ARM_GCC_493\Debug\car.a(CyLib.o)
                0x00001af8                CyIntSetVector
 .text.CyIntSetPriority
                0x00001b20       0x30 .\CortexM3\ARM_GCC_493\Debug\car.a(CyLib.o)
                0x00001b20                CyIntSetPriority
 .text.UART_net_Init
                0x00001b50       0x24 .\CortexM3\ARM_GCC_493\Debug\car.a(UART_net.o)
                0x00001b50                UART_net_Init
 .text.UART_net_Enable
                0x00001b74       0x38 .\CortexM3\ARM_GCC_493\Debug\car.a(UART_net.o)
                0x00001b74                UART_net_Enable
 .text.UART_net_Start
                0x00001bac       0x1c .\CortexM3\ARM_GCC_493\Debug\car.a(UART_net.o)
                0x00001bac                UART_net_Start
 .text.UART_net_GetChar
                0x00001bc8       0x2c .\CortexM3\ARM_GCC_493\Debug\car.a(UART_net.o)
                0x00001bc8                UART_net_GetChar
 .text.UART_net_PutChar
                0x00001bf4       0x18 .\CortexM3\ARM_GCC_493\Debug\car.a(UART_net.o)
                0x00001bf4                UART_net_PutChar
 .text.UART_net_PutArray
                0x00001c0c       0x28 .\CortexM3\ARM_GCC_493\Debug\car.a(UART_net.o)
                0x00001c0c                UART_net_PutArray
 .text.UART_net_IntClock_Start
                0x00001c34       0x1c .\CortexM3\ARM_GCC_493\Debug\car.a(UART_net_IntClock.o)
                0x00001c34                UART_net_IntClock_Start
 .text.isr_tx_net_Interrupt
                0x00001c50        0x4 .\CortexM3\ARM_GCC_493\Debug\car.a(isr_tx_net.o)
                0x00001c50                isr_tx_net_Interrupt
 .text.isr_tx_net_SetVector
                0x00001c54        0xc .\CortexM3\ARM_GCC_493\Debug\car.a(isr_tx_net.o)
                0x00001c54                isr_tx_net_SetVector
 .text.isr_tx_net_SetPriority
                0x00001c60       0x10 .\CortexM3\ARM_GCC_493\Debug\car.a(isr_tx_net.o)
                0x00001c60                isr_tx_net_SetPriority
 .text.isr_tx_net_Enable
                0x00001c70        0xc .\CortexM3\ARM_GCC_493\Debug\car.a(isr_tx_net.o)
                0x00001c70                isr_tx_net_Enable
 .text.isr_tx_net_Disable
                0x00001c7c        0xc .\CortexM3\ARM_GCC_493\Debug\car.a(isr_tx_net.o)
                0x00001c7c                isr_tx_net_Disable
 .text.isr_tx_net_Start
                0x00001c88       0x1c .\CortexM3\ARM_GCC_493\Debug\car.a(isr_tx_net.o)
                0x00001c88                isr_tx_net_Start
 .text.isr_rx_net_Interrupt
                0x00001ca4        0xc .\CortexM3\ARM_GCC_493\Debug\car.a(isr_rx_net.o)
                0x00001ca4                isr_rx_net_Interrupt
 .text.isr_rx_net_SetVector
                0x00001cb0        0xc .\CortexM3\ARM_GCC_493\Debug\car.a(isr_rx_net.o)
                0x00001cb0                isr_rx_net_SetVector
 .text.isr_rx_net_SetPriority
                0x00001cbc       0x10 .\CortexM3\ARM_GCC_493\Debug\car.a(isr_rx_net.o)
                0x00001cbc                isr_rx_net_SetPriority
 .text.isr_rx_net_Enable
                0x00001ccc        0xc .\CortexM3\ARM_GCC_493\Debug\car.a(isr_rx_net.o)
                0x00001ccc                isr_rx_net_Enable
 .text.isr_rx_net_Disable
                0x00001cd8        0xc .\CortexM3\ARM_GCC_493\Debug\car.a(isr_rx_net.o)
                0x00001cd8                isr_rx_net_Disable
 .text.isr_rx_net_Start
                0x00001ce4       0x1c .\CortexM3\ARM_GCC_493\Debug\car.a(isr_rx_net.o)
                0x00001ce4                isr_rx_net_Start
 .text.Timer_1_Enable
                0x00001d00       0x10 .\CortexM3\ARM_GCC_493\Debug\car.a(Timer_1.o)
                0x00001d00                Timer_1_Enable
 .text.Timer_1_SetInterruptMode
                0x00001d10        0xc .\CortexM3\ARM_GCC_493\Debug\car.a(Timer_1.o)
                0x00001d10                Timer_1_SetInterruptMode
 .text.Timer_1_ReadStatusRegister
                0x00001d1c        0xc .\CortexM3\ARM_GCC_493\Debug\car.a(Timer_1.o)
                0x00001d1c                Timer_1_ReadStatusRegister
 .text.Timer_1_WritePeriod
                0x00001d28        0xc .\CortexM3\ARM_GCC_493\Debug\car.a(Timer_1.o)
                0x00001d28                Timer_1_WritePeriod
 .text.Timer_1_ReadCapture
                0x00001d34        0xc .\CortexM3\ARM_GCC_493\Debug\car.a(Timer_1.o)
                0x00001d34                Timer_1_ReadCapture
 .text.Timer_1_WriteCounter
                0x00001d40        0xc .\CortexM3\ARM_GCC_493\Debug\car.a(Timer_1.o)
                0x00001d40                Timer_1_WriteCounter
 .text.Timer_1_ClearFIFO
                0x00001d4c       0x14 .\CortexM3\ARM_GCC_493\Debug\car.a(Timer_1.o)
                0x00001d4c                Timer_1_ClearFIFO
 .text.Timer_1_Init
                0x00001d60       0x34 .\CortexM3\ARM_GCC_493\Debug\car.a(Timer_1.o)
                0x00001d60                Timer_1_Init
 .text.Timer_1_Start
                0x00001d94       0x1c .\CortexM3\ARM_GCC_493\Debug\car.a(Timer_1.o)
                0x00001d94                Timer_1_Start
 .text.isr_timer_Interrupt
                0x00001db0       0xd0 .\CortexM3\ARM_GCC_493\Debug\car.a(isr_timer.o)
                0x00001db0                isr_timer_Interrupt
 .text.isr_timer_SetVector
                0x00001e80        0xc .\CortexM3\ARM_GCC_493\Debug\car.a(isr_timer.o)
                0x00001e80                isr_timer_SetVector
 .text.isr_timer_SetPriority
                0x00001e8c       0x10 .\CortexM3\ARM_GCC_493\Debug\car.a(isr_timer.o)
                0x00001e8c                isr_timer_SetPriority
 .text.isr_timer_Enable
                0x00001e9c        0xc .\CortexM3\ARM_GCC_493\Debug\car.a(isr_timer.o)
                0x00001e9c                isr_timer_Enable
 .text.isr_timer_Disable
                0x00001ea8        0xc .\CortexM3\ARM_GCC_493\Debug\car.a(isr_timer.o)
                0x00001ea8                isr_timer_Disable
 .text.isr_timer_Start
                0x00001eb4       0x1c .\CortexM3\ARM_GCC_493\Debug\car.a(isr_timer.o)
                0x00001eb4                isr_timer_Start
 .text.UART_JY_Init
                0x00001ed0       0x14 .\CortexM3\ARM_GCC_493\Debug\car.a(UART_JY.o)
                0x00001ed0                UART_JY_Init
 .text.UART_JY_Enable
                0x00001ee4       0x2c .\CortexM3\ARM_GCC_493\Debug\car.a(UART_JY.o)
                0x00001ee4                UART_JY_Enable
 .text.UART_JY_Start
                0x00001f10       0x1c .\CortexM3\ARM_GCC_493\Debug\car.a(UART_JY.o)
                0x00001f10                UART_JY_Start
 .text.UART_JY_GetChar
                0x00001f2c       0x2c .\CortexM3\ARM_GCC_493\Debug\car.a(UART_JY.o)
                0x00001f2c                UART_JY_GetChar
 .text.isr_rx_jy_Interrupt
                0x00001f58       0xd4 .\CortexM3\ARM_GCC_493\Debug\car.a(isr_rx_jy.o)
                0x00001f58                isr_rx_jy_Interrupt
 .text.isr_rx_jy_SetVector
                0x0000202c        0xc .\CortexM3\ARM_GCC_493\Debug\car.a(isr_rx_jy.o)
                0x0000202c                isr_rx_jy_SetVector
 .text.isr_rx_jy_SetPriority
                0x00002038       0x10 .\CortexM3\ARM_GCC_493\Debug\car.a(isr_rx_jy.o)
                0x00002038                isr_rx_jy_SetPriority
 .text.isr_rx_jy_Enable
                0x00002048        0xc .\CortexM3\ARM_GCC_493\Debug\car.a(isr_rx_jy.o)
                0x00002048                isr_rx_jy_Enable
 .text.isr_rx_jy_Disable
                0x00002054        0xc .\CortexM3\ARM_GCC_493\Debug\car.a(isr_rx_jy.o)
                0x00002054                isr_rx_jy_Disable
 .text.isr_rx_jy_Start
                0x00002060       0x1c .\CortexM3\ARM_GCC_493\Debug\car.a(isr_rx_jy.o)
                0x00002060                isr_rx_jy_Start
 .text.UART_JY_IntClock_Start
                0x0000207c       0x1c .\CortexM3\ARM_GCC_493\Debug\car.a(UART_JY_IntClock.o)
                0x0000207c                UART_JY_IntClock_Start
 .text.PWM_LED_1_Enable
                0x00002098       0x28 .\CortexM3\ARM_GCC_493\Debug\car.a(PWM_LED_1.o)
                0x00002098                PWM_LED_1_Enable
 .text.PWM_LED_1_WritePeriod
                0x000020c0        0xc .\CortexM3\ARM_GCC_493\Debug\car.a(PWM_LED_1.o)
                0x000020c0                PWM_LED_1_WritePeriod
 .text.PWM_LED_1_WriteCompare
                0x000020cc        0xc .\CortexM3\ARM_GCC_493\Debug\car.a(PWM_LED_1.o)
                0x000020cc                PWM_LED_1_WriteCompare
 .text.PWM_LED_1_SetInterruptMode
                0x000020d8        0xc .\CortexM3\ARM_GCC_493\Debug\car.a(PWM_LED_1.o)
                0x000020d8                PWM_LED_1_SetInterruptMode
 .text.PWM_LED_1_Init
                0x000020e4       0x78 .\CortexM3\ARM_GCC_493\Debug\car.a(PWM_LED_1.o)
                0x000020e4                PWM_LED_1_Init
 .text.PWM_LED_1_Start
                0x0000215c       0x1c .\CortexM3\ARM_GCC_493\Debug\car.a(PWM_LED_1.o)
                0x0000215c                PWM_LED_1_Start
 .text.PWM_LED_1_ReadPeriod
                0x00002178        0xc .\CortexM3\ARM_GCC_493\Debug\car.a(PWM_LED_1.o)
                0x00002178                PWM_LED_1_ReadPeriod
 .text.PWM_LED_2_Enable
                0x00002184       0x28 .\CortexM3\ARM_GCC_493\Debug\car.a(PWM_LED_2.o)
                0x00002184                PWM_LED_2_Enable
 .text.PWM_LED_2_WritePeriod
                0x000021ac        0xc .\CortexM3\ARM_GCC_493\Debug\car.a(PWM_LED_2.o)
                0x000021ac                PWM_LED_2_WritePeriod
 .text.PWM_LED_2_WriteCompare
                0x000021b8        0xc .\CortexM3\ARM_GCC_493\Debug\car.a(PWM_LED_2.o)
                0x000021b8                PWM_LED_2_WriteCompare
 .text.PWM_LED_2_SetInterruptMode
                0x000021c4        0xc .\CortexM3\ARM_GCC_493\Debug\car.a(PWM_LED_2.o)
                0x000021c4                PWM_LED_2_SetInterruptMode
 .text.PWM_LED_2_Init
                0x000021d0       0x78 .\CortexM3\ARM_GCC_493\Debug\car.a(PWM_LED_2.o)
                0x000021d0                PWM_LED_2_Init
 .text.PWM_LED_2_Start
                0x00002248       0x1c .\CortexM3\ARM_GCC_493\Debug\car.a(PWM_LED_2.o)
                0x00002248                PWM_LED_2_Start
 .text.PWM_LED_3_Enable
                0x00002264       0x28 .\CortexM3\ARM_GCC_493\Debug\car.a(PWM_LED_3.o)
                0x00002264                PWM_LED_3_Enable
 .text.PWM_LED_3_WritePeriod
                0x0000228c        0xc .\CortexM3\ARM_GCC_493\Debug\car.a(PWM_LED_3.o)
                0x0000228c                PWM_LED_3_WritePeriod
 .text.PWM_LED_3_WriteCompare
                0x00002298        0xc .\CortexM3\ARM_GCC_493\Debug\car.a(PWM_LED_3.o)
                0x00002298                PWM_LED_3_WriteCompare
 .text.PWM_LED_3_SetInterruptMode
                0x000022a4        0xc .\CortexM3\ARM_GCC_493\Debug\car.a(PWM_LED_3.o)
                0x000022a4                PWM_LED_3_SetInterruptMode
 .text.PWM_LED_3_Init
                0x000022b0       0x78 .\CortexM3\ARM_GCC_493\Debug\car.a(PWM_LED_3.o)
                0x000022b0                PWM_LED_3_Init
 .text.PWM_LED_3_Start
                0x00002328       0x1c .\CortexM3\ARM_GCC_493\Debug\car.a(PWM_LED_3.o)
                0x00002328                PWM_LED_3_Start
 .text.ADC_Init
                0x00002344       0x3c .\CortexM3\ARM_GCC_493\Debug\car.a(ADC.o)
                0x00002344                ADC_Init
 .text.ADC_Enable
                0x00002380       0xcc .\CortexM3\ARM_GCC_493\Debug\car.a(ADC.o)
                0x00002380                ADC_Enable
 .text.ADC_Start
                0x0000244c       0x28 .\CortexM3\ARM_GCC_493\Debug\car.a(ADC.o)
                0x0000244c                ADC_Start
 .text.ADC_StartConvert
                0x00002474        0x8 .\CortexM3\ARM_GCC_493\Debug\car.a(ADC.o)
                0x00002474                ADC_StartConvert
 .text.ADC_ISR  0x0000247c        0x4 .\CortexM3\ARM_GCC_493\Debug\car.a(ADC_INT.o)
                0x0000247c                ADC_ISR
 .text.ADC_SAR_CalcGain
                0x00002480       0x64 .\CortexM3\ARM_GCC_493\Debug\car.a(ADC_SAR.o)
 .text.ADC_SAR_Enable
                0x000024e4       0x78 .\CortexM3\ARM_GCC_493\Debug\car.a(ADC_SAR.o)
                0x000024e4                ADC_SAR_Enable
 .text.ADC_SAR_SetResolution
                0x0000255c       0x38 .\CortexM3\ARM_GCC_493\Debug\car.a(ADC_SAR.o)
                0x0000255c                ADC_SAR_SetResolution
 .text.ADC_SAR_Init
                0x00002594       0x24 .\CortexM3\ARM_GCC_493\Debug\car.a(ADC_SAR.o)
                0x00002594                ADC_SAR_Init
 .text.ADC_SAR_Start
                0x000025b8       0x1c .\CortexM3\ARM_GCC_493\Debug\car.a(ADC_SAR.o)
                0x000025b8                ADC_SAR_Start
 .text.ADC_SAR_StartConvert
                0x000025d4       0x10 .\CortexM3\ARM_GCC_493\Debug\car.a(ADC_SAR.o)
                0x000025d4                ADC_SAR_StartConvert
 .text.ADC_TempBuf_DmaInitialize
                0x000025e4       0x40 .\CortexM3\ARM_GCC_493\Debug\car.a(ADC_TempBuf_dma.o)
                0x000025e4                ADC_TempBuf_DmaInitialize
 .text.ADC_FinalBuf_DmaInitialize
                0x00002624       0x3c .\CortexM3\ARM_GCC_493\Debug\car.a(ADC_FinalBuf_dma.o)
                0x00002624                ADC_FinalBuf_DmaInitialize
 .text.ADC_IRQ_SetVector
                0x00002660        0xc .\CortexM3\ARM_GCC_493\Debug\car.a(ADC_IRQ.o)
                0x00002660                ADC_IRQ_SetVector
 .text.ADC_IRQ_SetPriority
                0x0000266c       0x10 .\CortexM3\ARM_GCC_493\Debug\car.a(ADC_IRQ.o)
                0x0000266c                ADC_IRQ_SetPriority
 .text.CONTRAL_LIDAR_Write
                0x0000267c       0x18 .\CortexM3\ARM_GCC_493\Debug\car.a(CONTRAL_LIDAR.o)
                0x0000267c                CONTRAL_LIDAR_Write
 .text.debug_time_Write
                0x00002694       0x18 .\CortexM3\ARM_GCC_493\Debug\car.a(debug_time.o)
                0x00002694                debug_time_Write
 .text.PTZ_UP_EN_Write
                0x000026ac       0x18 .\CortexM3\ARM_GCC_493\Debug\car.a(PTZ_UP_EN.o)
                0x000026ac                PTZ_UP_EN_Write
 .text.PTZ_UP_STEP_Write
                0x000026c4       0x18 .\CortexM3\ARM_GCC_493\Debug\car.a(PTZ_UP_STEP.o)
                0x000026c4                PTZ_UP_STEP_Write
 .text.PTZ_UP_DIR_Write
                0x000026dc       0x18 .\CortexM3\ARM_GCC_493\Debug\car.a(PTZ_UP_DIR.o)
                0x000026dc                PTZ_UP_DIR_Write
 .text.PTZ_DOWN_EN_Write
                0x000026f4       0x18 .\CortexM3\ARM_GCC_493\Debug\car.a(PTZ_DOWN_EN.o)
                0x000026f4                PTZ_DOWN_EN_Write
 .text.PTZ_DOWN_STEP_Write
                0x0000270c       0x18 .\CortexM3\ARM_GCC_493\Debug\car.a(PTZ_DOWN_STEP.o)
                0x0000270c                PTZ_DOWN_STEP_Write
 .text.PTZ_DOWN_DIR_Write
                0x00002724       0x18 .\CortexM3\ARM_GCC_493\Debug\car.a(PTZ_DOWN_DIR.o)
                0x00002724                PTZ_DOWN_DIR_Write
 .text.CHANGE_PWR_Write
                0x0000273c       0x18 .\CortexM3\ARM_GCC_493\Debug\car.a(CHANGE_PWR.o)
                0x0000273c                CHANGE_PWR_Write
 .text.EEPROM_Enable
                0x00002754        0xc .\CortexM3\ARM_GCC_493\Debug\car.a(EEPROM.o)
                0x00002754                EEPROM_Enable
 .text.EEPROM_Start
                0x00002760        0x8 .\CortexM3\ARM_GCC_493\Debug\car.a(EEPROM.o)
                0x00002760                EEPROM_Start
 .text.EEPROM_WriteByte
                0x00002768       0xd4 .\CortexM3\ARM_GCC_493\Debug\car.a(EEPROM.o)
                0x00002768                EEPROM_WriteByte
 .text.EEPROM_ReadByte
                0x0000283c       0x28 .\CortexM3\ARM_GCC_493\Debug\car.a(EEPROM.o)
                0x0000283c                EEPROM_ReadByte
 .text.PWM_LED_4_Enable
                0x00002864       0x28 .\CortexM3\ARM_GCC_493\Debug\car.a(PWM_LED_4.o)
                0x00002864                PWM_LED_4_Enable
 .text.PWM_LED_4_WritePeriod
                0x0000288c        0xc .\CortexM3\ARM_GCC_493\Debug\car.a(PWM_LED_4.o)
                0x0000288c                PWM_LED_4_WritePeriod
 .text.PWM_LED_4_WriteCompare
                0x00002898        0xc .\CortexM3\ARM_GCC_493\Debug\car.a(PWM_LED_4.o)
                0x00002898                PWM_LED_4_WriteCompare
 .text.PWM_LED_4_SetInterruptMode
                0x000028a4        0xc .\CortexM3\ARM_GCC_493\Debug\car.a(PWM_LED_4.o)
                0x000028a4                PWM_LED_4_SetInterruptMode
 .text.PWM_LED_4_Init
                0x000028b0       0x78 .\CortexM3\ARM_GCC_493\Debug\car.a(PWM_LED_4.o)
                0x000028b0                PWM_LED_4_Init
 .text.PWM_LED_4_Start
                0x00002928       0x1c .\CortexM3\ARM_GCC_493\Debug\car.a(PWM_LED_4.o)
                0x00002928                PWM_LED_4_Start
 .text.UART_CH_Init
                0x00002944       0x28 .\CortexM3\ARM_GCC_493\Debug\car.a(UART_CH.o)
                0x00002944                UART_CH_Init
 .text.UART_CH_Enable
                0x0000296c       0x38 .\CortexM3\ARM_GCC_493\Debug\car.a(UART_CH.o)
                0x0000296c                UART_CH_Enable
 .text.UART_CH_Start
                0x000029a4       0x1c .\CortexM3\ARM_GCC_493\Debug\car.a(UART_CH.o)
                0x000029a4                UART_CH_Start
 .text.UART_CH_GetChar
                0x000029c0       0x2c .\CortexM3\ARM_GCC_493\Debug\car.a(UART_CH.o)
                0x000029c0                UART_CH_GetChar
 .text.isr_rx_ch_Interrupt
                0x000029ec        0xc .\CortexM3\ARM_GCC_493\Debug\car.a(isr_rx_ch.o)
                0x000029ec                isr_rx_ch_Interrupt
 .text.isr_rx_ch_SetVector
                0x000029f8        0xc .\CortexM3\ARM_GCC_493\Debug\car.a(isr_rx_ch.o)
                0x000029f8                isr_rx_ch_SetVector
 .text.isr_rx_ch_SetPriority
                0x00002a04       0x10 .\CortexM3\ARM_GCC_493\Debug\car.a(isr_rx_ch.o)
                0x00002a04                isr_rx_ch_SetPriority
 .text.isr_rx_ch_Enable
                0x00002a14        0xc .\CortexM3\ARM_GCC_493\Debug\car.a(isr_rx_ch.o)
                0x00002a14                isr_rx_ch_Enable
 .text.isr_rx_ch_Disable
                0x00002a20        0xc .\CortexM3\ARM_GCC_493\Debug\car.a(isr_rx_ch.o)
                0x00002a20                isr_rx_ch_Disable
 .text.isr_rx_ch_Start
                0x00002a2c       0x1c .\CortexM3\ARM_GCC_493\Debug\car.a(isr_rx_ch.o)
                0x00002a2c                isr_rx_ch_Start
 .text.UART_CH_IntClock_Start
                0x00002a48       0x1c .\CortexM3\ARM_GCC_493\Debug\car.a(UART_CH_IntClock.o)
                0x00002a48                UART_CH_IntClock_Start
 .text.SCL_Write
                0x00002a64       0x18 .\CortexM3\ARM_GCC_493\Debug\car.a(SCL.o)
                0x00002a64                SCL_Write
 .text.ECDR_Init
                0x00002a7c       0x24 .\CortexM3\ARM_GCC_493\Debug\car.a(ECDR.o)
                0x00002a7c                ECDR_Init
 .text.ECDR_GetCounter
                0x00002aa0       0x2c .\CortexM3\ARM_GCC_493\Debug\car.a(ECDR.o)
                0x00002aa0                ECDR_GetCounter
 .text.ECDR_GetEvents
                0x00002acc       0x10 .\CortexM3\ARM_GCC_493\Debug\car.a(ECDR.o)
                0x00002acc                ECDR_GetEvents
 .text.ECDR_SetInterruptMask
                0x00002adc       0x10 .\CortexM3\ARM_GCC_493\Debug\car.a(ECDR.o)
                0x00002adc                ECDR_SetInterruptMask
 .text.ECDR_Enable
                0x00002aec       0x30 .\CortexM3\ARM_GCC_493\Debug\car.a(ECDR.o)
                0x00002aec                ECDR_Enable
 .text.ECDR_Start
                0x00002b1c       0x34 .\CortexM3\ARM_GCC_493\Debug\car.a(ECDR.o)
                0x00002b1c                ECDR_Start
 .text.ECDR_ISR
                0x00002b50       0x40 .\CortexM3\ARM_GCC_493\Debug\car.a(ECDR_INT.o)
                0x00002b50                ECDR_ISR
 .text.ECDR_Cnt16_Enable
                0x00002b90       0x10 .\CortexM3\ARM_GCC_493\Debug\car.a(ECDR_Cnt16.o)
                0x00002b90                ECDR_Cnt16_Enable
 .text.ECDR_Cnt16_SetInterruptMode
                0x00002ba0        0xc .\CortexM3\ARM_GCC_493\Debug\car.a(ECDR_Cnt16.o)
                0x00002ba0                ECDR_Cnt16_SetInterruptMode
 .text.ECDR_Cnt16_ReadStatusRegister
                0x00002bac        0xc .\CortexM3\ARM_GCC_493\Debug\car.a(ECDR_Cnt16.o)
                0x00002bac                ECDR_Cnt16_ReadStatusRegister
 .text.ECDR_Cnt16_WriteCounter
                0x00002bb8        0xc .\CortexM3\ARM_GCC_493\Debug\car.a(ECDR_Cnt16.o)
                0x00002bb8                ECDR_Cnt16_WriteCounter
 .text.ECDR_Cnt16_ReadCounter
                0x00002bc4       0x14 .\CortexM3\ARM_GCC_493\Debug\car.a(ECDR_Cnt16.o)
                0x00002bc4                ECDR_Cnt16_ReadCounter
 .text.ECDR_Cnt16_ReadCapture
                0x00002bd8        0xc .\CortexM3\ARM_GCC_493\Debug\car.a(ECDR_Cnt16.o)
                0x00002bd8                ECDR_Cnt16_ReadCapture
 .text.ECDR_Cnt16_WritePeriod
                0x00002be4        0xc .\CortexM3\ARM_GCC_493\Debug\car.a(ECDR_Cnt16.o)
                0x00002be4                ECDR_Cnt16_WritePeriod
 .text.ECDR_Cnt16_WriteCompare
                0x00002bf0        0xc .\CortexM3\ARM_GCC_493\Debug\car.a(ECDR_Cnt16.o)
                0x00002bf0                ECDR_Cnt16_WriteCompare
 .text.ECDR_Cnt16_ClearFIFO
                0x00002bfc       0x14 .\CortexM3\ARM_GCC_493\Debug\car.a(ECDR_Cnt16.o)
                0x00002bfc                ECDR_Cnt16_ClearFIFO
 .text.ECDR_Cnt16_Init
                0x00002c10       0x58 .\CortexM3\ARM_GCC_493\Debug\car.a(ECDR_Cnt16.o)
                0x00002c10                ECDR_Cnt16_Init
 .text.ECDR_Cnt16_Start
                0x00002c68       0x1c .\CortexM3\ARM_GCC_493\Debug\car.a(ECDR_Cnt16.o)
                0x00002c68                ECDR_Cnt16_Start
 .text.M_PWR_Write
                0x00002c84       0x18 .\CortexM3\ARM_GCC_493\Debug\car.a(M_PWR.o)
                0x00002c84                M_PWR_Write
 .text.M_UP_Write
                0x00002c9c       0x18 .\CortexM3\ARM_GCC_493\Debug\car.a(M_UP.o)
                0x00002c9c                M_UP_Write
 .text.M_DOWN_Write
                0x00002cb4       0x18 .\CortexM3\ARM_GCC_493\Debug\car.a(M_DOWN.o)
                0x00002cb4                M_DOWN_Write
 .text.M_ZERO_Write
                0x00002ccc       0x18 .\CortexM3\ARM_GCC_493\Debug\car.a(M_ZERO.o)
                0x00002ccc                M_ZERO_Write
 .text.PUSH_DIR_Write
                0x00002ce4       0x18 .\CortexM3\ARM_GCC_493\Debug\car.a(PUSH_DIR.o)
                0x00002ce4                PUSH_DIR_Write
 .text.PUSH_EN_Write
                0x00002cfc       0x18 .\CortexM3\ARM_GCC_493\Debug\car.a(PUSH_EN.o)
                0x00002cfc                PUSH_EN_Write
 .text.PUSH_STEP_Write
                0x00002d14       0x18 .\CortexM3\ARM_GCC_493\Debug\car.a(PUSH_STEP.o)
                0x00002d14                PUSH_STEP_Write
 .text.PWM_MOTOR_RIGHT_Enable
                0x00002d2c       0x10 .\CortexM3\ARM_GCC_493\Debug\car.a(PWM_MOTOR_RIGHT.o)
                0x00002d2c                PWM_MOTOR_RIGHT_Enable
 .text.PWM_MOTOR_RIGHT_WriteCounter
                0x00002d3c        0xc .\CortexM3\ARM_GCC_493\Debug\car.a(PWM_MOTOR_RIGHT.o)
                0x00002d3c                PWM_MOTOR_RIGHT_WriteCounter
 .text.PWM_MOTOR_RIGHT_WritePeriod
                0x00002d48        0xc .\CortexM3\ARM_GCC_493\Debug\car.a(PWM_MOTOR_RIGHT.o)
                0x00002d48                PWM_MOTOR_RIGHT_WritePeriod
 .text.PWM_MOTOR_RIGHT_WriteCompare1
                0x00002d54        0xc .\CortexM3\ARM_GCC_493\Debug\car.a(PWM_MOTOR_RIGHT.o)
                0x00002d54                PWM_MOTOR_RIGHT_WriteCompare1
 .text.PWM_MOTOR_RIGHT_WriteCompare2
                0x00002d60        0xc .\CortexM3\ARM_GCC_493\Debug\car.a(PWM_MOTOR_RIGHT.o)
                0x00002d60                PWM_MOTOR_RIGHT_WriteCompare2
 .text.PWM_MOTOR_RIGHT_Init
                0x00002d6c       0x4c .\CortexM3\ARM_GCC_493\Debug\car.a(PWM_MOTOR_RIGHT.o)
                0x00002d6c                PWM_MOTOR_RIGHT_Init
 .text.PWM_MOTOR_RIGHT_Start
                0x00002db8       0x1c .\CortexM3\ARM_GCC_493\Debug\car.a(PWM_MOTOR_RIGHT.o)
                0x00002db8                PWM_MOTOR_RIGHT_Start
 .text.PWM_MOTOR_LEFT_Enable
                0x00002dd4       0x10 .\CortexM3\ARM_GCC_493\Debug\car.a(PWM_MOTOR_LEFT.o)
                0x00002dd4                PWM_MOTOR_LEFT_Enable
 .text.PWM_MOTOR_LEFT_WriteCounter
                0x00002de4        0xc .\CortexM3\ARM_GCC_493\Debug\car.a(PWM_MOTOR_LEFT.o)
                0x00002de4                PWM_MOTOR_LEFT_WriteCounter
 .text.PWM_MOTOR_LEFT_WritePeriod
                0x00002df0        0xc .\CortexM3\ARM_GCC_493\Debug\car.a(PWM_MOTOR_LEFT.o)
                0x00002df0                PWM_MOTOR_LEFT_WritePeriod
 .text.PWM_MOTOR_LEFT_WriteCompare1
                0x00002dfc        0xc .\CortexM3\ARM_GCC_493\Debug\car.a(PWM_MOTOR_LEFT.o)
                0x00002dfc                PWM_MOTOR_LEFT_WriteCompare1
 .text.PWM_MOTOR_LEFT_WriteCompare2
                0x00002e08        0xc .\CortexM3\ARM_GCC_493\Debug\car.a(PWM_MOTOR_LEFT.o)
                0x00002e08                PWM_MOTOR_LEFT_WriteCompare2
 .text.PWM_MOTOR_LEFT_Init
                0x00002e14       0x4c .\CortexM3\ARM_GCC_493\Debug\car.a(PWM_MOTOR_LEFT.o)
                0x00002e14                PWM_MOTOR_LEFT_Init
 .text.PWM_MOTOR_LEFT_Start
                0x00002e60       0x1c .\CortexM3\ARM_GCC_493\Debug\car.a(PWM_MOTOR_LEFT.o)
                0x00002e60                PWM_MOTOR_LEFT_Start
 .text.PWM_RIGHT_EN_Write
                0x00002e7c       0x18 .\CortexM3\ARM_GCC_493\Debug\car.a(PWM_RIGHT_EN.o)
                0x00002e7c                PWM_RIGHT_EN_Write
 .text.PWM_LEFT_EN_Write
                0x00002e94       0x18 .\CortexM3\ARM_GCC_493\Debug\car.a(PWM_LEFT_EN.o)
                0x00002e94                PWM_LEFT_EN_Write
 .text.EM1_Write
                0x00002eac       0x18 .\CortexM3\ARM_GCC_493\Debug\car.a(EM1.o)
                0x00002eac                EM1_Write
 .text.EM2_Write
                0x00002ec4       0x18 .\CortexM3\ARM_GCC_493\Debug\car.a(EM2.o)
                0x00002ec4                EM2_Write
 .text.SDL_Write
                0x00002edc       0x18 .\CortexM3\ARM_GCC_493\Debug\car.a(SDL.o)
                0x00002edc                SDL_Write
 .text.SDL_Read
                0x00002ef4       0x10 .\CortexM3\ARM_GCC_493\Debug\car.a(SDL.o)
                0x00002ef4                SDL_Read
 .text.CyFlashGetSpcAlgorithm
                0x00002f04       0x4c .\CortexM3\ARM_GCC_493\Debug\car.a(CyFlash.o)
 .text.CySetTempInt
                0x00002f50       0x60 .\CortexM3\ARM_GCC_493\Debug\car.a(CyFlash.o)
 .text.CySetTemp
                0x00002fb0       0x14 .\CortexM3\ARM_GCC_493\Debug\car.a(CyFlash.o)
                0x00002fb0                CySetTemp
 .text.CyEEPROM_Start
                0x00002fc4       0x54 .\CortexM3\ARM_GCC_493\Debug\car.a(CyFlash.o)
                0x00002fc4                CyEEPROM_Start
 .text.CyEEPROM_ReadReserve
                0x00003018       0x1c .\CortexM3\ARM_GCC_493\Debug\car.a(CyFlash.o)
                0x00003018                CyEEPROM_ReadReserve
 .text.CyEEPROM_ReadRelease
                0x00003034       0x10 .\CortexM3\ARM_GCC_493\Debug\car.a(CyFlash.o)
                0x00003034                CyEEPROM_ReadRelease
 .text.CySpcStart
                0x00003044       0x24 .\CortexM3\ARM_GCC_493\Debug\car.a(CySpc.o)
                0x00003044                CySpcStart
 .text.CySpcReadData
                0x00003068       0x34 .\CortexM3\ARM_GCC_493\Debug\car.a(CySpc.o)
                0x00003068                CySpcReadData
 .text.CySpcLoadMultiByte
                0x0000309c       0x78 .\CortexM3\ARM_GCC_493\Debug\car.a(CySpc.o)
                0x0000309c                CySpcLoadMultiByte
 .text.CySpcWriteRow
                0x00003114       0x4c .\CortexM3\ARM_GCC_493\Debug\car.a(CySpc.o)
                0x00003114                CySpcWriteRow
 .text.CySpcGetTemp
                0x00003160       0x3c .\CortexM3\ARM_GCC_493\Debug\car.a(CySpc.o)
                0x00003160                CySpcGetTemp
 .text.CySpcLock
                0x0000319c       0x4c .\CortexM3\ARM_GCC_493\Debug\car.a(CySpc.o)
                0x0000319c                CySpcLock
 .text.CySpcUnlock
                0x000031e8       0x38 .\CortexM3\ARM_GCC_493\Debug\car.a(CySpc.o)
                0x000031e8                CySpcUnlock
 .text.CySpcGetAlgorithm
                0x00003220       0x28 .\CortexM3\ARM_GCC_493\Debug\car.a(CySpc.o)
                0x00003220                CySpcGetAlgorithm
 .text          0x00003248      0x370 d:/program files (x86)/cypress/psoc creator/3.3/psoc creator/import/gnu/arm/4.9.3/bin/../lib/gcc/arm-none-eabi/4.9.3/armv7-m\libgcc.a(_arm_addsubdf3.o)
                0x00003248                __aeabi_drsub
                0x00003250                __aeabi_dsub
                0x00003250                __subdf3
                0x00003254                __aeabi_dadd
                0x00003254                __adddf3
                0x000034cc                __floatunsidf
                0x000034cc                __aeabi_ui2d
                0x000034ec                __floatsidf
                0x000034ec                __aeabi_i2d
                0x00003510                __aeabi_f2d
                0x00003510                __extendsfdf2
                0x0000354c                __floatundidf
                0x0000354c                __aeabi_ul2d
                0x0000355c                __floatdidf
                0x0000355c                __aeabi_l2d
 .text          0x000035b8      0x424 d:/program files (x86)/cypress/psoc creator/3.3/psoc creator/import/gnu/arm/4.9.3/bin/../lib/gcc/arm-none-eabi/4.9.3/armv7-m\libgcc.a(_arm_muldivdf3.o)
                0x000035b8                __aeabi_dmul
                0x000035b8                __muldf3
                0x0000380c                __divdf3
                0x0000380c                __aeabi_ddiv
 .text          0x000039dc       0xa0 d:/program files (x86)/cypress/psoc creator/3.3/psoc creator/import/gnu/arm/4.9.3/bin/../lib/gcc/arm-none-eabi/4.9.3/armv7-m\libgcc.a(_arm_truncdfsf2.o)
                0x000039dc                __truncdfsf2
                0x000039dc                __aeabi_d2f
 .text          0x00003a7c      0x2a0 d:/program files (x86)/cypress/psoc creator/3.3/psoc creator/import/gnu/arm/4.9.3/bin/../lib/gcc/arm-none-eabi/4.9.3/armv7-m\libgcc.a(_arm_muldivsf3.o)
                0x00003a7c                __mulsf3
                0x00003a7c                __aeabi_fmul
                0x00003be4                __aeabi_fdiv
                0x00003be4                __divsf3
 .text          0x00003d1c       0x4c d:/program files (x86)/cypress/psoc creator/3.3/psoc creator/import/gnu/arm/4.9.3/bin/../lib/gcc/arm-none-eabi/4.9.3/armv7-m\libgcc.a(_arm_fixsfsi.o)
                0x00003d1c                __aeabi_f2iz
                0x00003d1c                __fixsfsi
 .text.__libc_init_array
                0x00003d68       0x4c d:/program files (x86)/cypress/psoc creator/3.3/psoc creator/import/gnu/arm/4.9.3/bin/../lib/gcc/arm-none-eabi/4.9.3/../../../../arm-none-eabi/lib/armv7-m\libg_nano.a(lib_a-init.o)
                0x00003d68                __libc_init_array
 .text.memcpy   0x00003db4       0x16 d:/program files (x86)/cypress/psoc creator/3.3/psoc creator/import/gnu/arm/4.9.3/bin/../lib/gcc/arm-none-eabi/4.9.3/../../../../arm-none-eabi/lib/armv7-m\libg_nano.a(lib_a-memcpy.o)
                0x00003db4                memcpy
 .text.memset   0x00003dca       0x10 d:/program files (x86)/cypress/psoc creator/3.3/psoc creator/import/gnu/arm/4.9.3/bin/../lib/gcc/arm-none-eabi/4.9.3/../../../../arm-none-eabi/lib/armv7-m\libg_nano.a(lib_a-memset.o)
                0x00003dca                memset
 *(.plt)
 *(.gnu.warning)
 *(.glue_7t)
 .glue_7t       0x00000000        0x0 linker stubs
 *(.glue_7)
 .glue_7        0x00000000        0x0 linker stubs
 *(.vfp11_veneer)
 .vfp11_veneer  0x00000000        0x0 linker stubs
 *(.bootloader)
 *(.ARM.extab* .gnu.linkonce.armextab.*)
 *(.gcc_except_table)

.v4_bx          0x00003ddc        0x0
 .v4_bx         0x00000000        0x0 linker stubs

.iplt           0x00003ddc        0x0
 .iplt          0x00000000        0x0 d:/program files (x86)/cypress/psoc creator/3.3/psoc creator/import/gnu/arm/4.9.3/bin/../lib/gcc/arm-none-eabi/4.9.3/armv7-m/crtbegin.o

.eh_frame_hdr
 *(.eh_frame_hdr)

.eh_frame       0x00003ddc        0x4
 *(.eh_frame)
 .eh_frame      0x00003ddc        0x0 d:/program files (x86)/cypress/psoc creator/3.3/psoc creator/import/gnu/arm/4.9.3/bin/../lib/gcc/arm-none-eabi/4.9.3/armv7-m/crtbegin.o
 .eh_frame      0x00003ddc        0x4 d:/program files (x86)/cypress/psoc creator/3.3/psoc creator/import/gnu/arm/4.9.3/bin/../lib/gcc/arm-none-eabi/4.9.3/armv7-m/crtend.o
                0x00003de0                PROVIDE (__exidx_start, .)

.ARM.exidx
 *(.ARM.exidx* .gnu.linkonce.armexidx.*)
                0x00003de0                __exidx_end = .

.rodata         0x00003de0       0x90
 *(.rodata .rodata.* .gnu.linkonce.r.*)
 .rodata        0x00003de0       0x58 .\CortexM3\ARM_GCC_493\Debug\car.a(cyfitter_cfg.o)
                0x00003e38                . = ALIGN (0x4)
 *(.init)
 .init          0x00003e38        0x4 d:/program files (x86)/cypress/psoc creator/3.3/psoc creator/import/gnu/arm/4.9.3/bin/../lib/gcc/arm-none-eabi/4.9.3/armv7-m/crti.o
                0x00003e38                _init
 .init          0x00003e3c        0x8 d:/program files (x86)/cypress/psoc creator/3.3/psoc creator/import/gnu/arm/4.9.3/bin/../lib/gcc/arm-none-eabi/4.9.3/armv7-m/crtn.o
                0x00003e44                . = ALIGN (0x4)
                0x00003e44                __preinit_array_start = .
 *(.preinit_array)
                0x00003e44                __preinit_array_end = .
                0x00003e44                . = ALIGN (0x4)
                0x00003e44                __init_array_start = .
 *(SORT(.init_array.*))
 *(.init_array)
 .init_array    0x00003e44        0x4 d:/program files (x86)/cypress/psoc creator/3.3/psoc creator/import/gnu/arm/4.9.3/bin/../lib/gcc/arm-none-eabi/4.9.3/armv7-m/crtbegin.o
 .init_array    0x00003e48        0x4 .\CortexM3\ARM_GCC_493\Debug\Cm3Start.o
                0x00003e4c                __init_array_end = .
                0x00003e4c                . = ALIGN (0x4)
 *(.fini)
 .fini          0x00003e4c        0x4 d:/program files (x86)/cypress/psoc creator/3.3/psoc creator/import/gnu/arm/4.9.3/bin/../lib/gcc/arm-none-eabi/4.9.3/armv7-m/crti.o
                0x00003e4c                _fini
 .fini          0x00003e50        0x8 d:/program files (x86)/cypress/psoc creator/3.3/psoc creator/import/gnu/arm/4.9.3/bin/../lib/gcc/arm-none-eabi/4.9.3/armv7-m/crtn.o
                0x00003e58                . = ALIGN (0x4)
                0x00003e58                __fini_array_start = .
 *(.fini_array)
 .fini_array    0x00003e58        0x4 d:/program files (x86)/cypress/psoc creator/3.3/psoc creator/import/gnu/arm/4.9.3/bin/../lib/gcc/arm-none-eabi/4.9.3/armv7-m/crtbegin.o
 *(SORT(.fini_array.*))
                0x00003e5c                __fini_array_end = .
                0x00003e5c                . = ALIGN (0x4)
 *crtbegin.o(.ctors)
 *(EXCLUDE_FILE(*crtend.o) .ctors)
 *(SORT(.ctors.*))
 *crtend.o(.ctors)
                0x00003e5c                . = ALIGN (0x4)
 *crtbegin.o(.dtors)
 *(EXCLUDE_FILE(*crtend.o) .dtors)
 *(SORT(.dtors.*))
 *crtend.o(.dtors)
                0x00003e5c                . = ALIGN (0x4)
                0x00003e5c                __cy_regions = .
                0x00003e5c        0x4 LONG 0x3e70 __cy_region_init_ram
                0x00003e60        0x4 LONG 0x1fffc108 __cy_region_start_data
                0x00003e64        0x4 LONG 0x20 __cy_region_init_size_ram
                0x00003e68        0x4 LONG 0x28c0 __cy_region_zero_size_ram
                0x00003e6c                __cy_regions_end = .
                0x00003e70                . = ALIGN (0x8)
 *fill*         0x00003e6c        0x4 
                0x00003e70                _etext = .

.cy_checksum_exclude
                0x00003e70        0x0
 *(.cy_checksum_exclude)

.ramvectors     0x1fffc000      0x100
                0x1fffc000                __cy_region_start_ram = .
 *(.ramvectors)
 .ramvectors    0x1fffc000      0x100 .\CortexM3\ARM_GCC_493\Debug\Cm3Start.o
                0x1fffc000                CyRamVectors

.noinit         0x1fffc100        0x5
 *(.noinit)
 .noinit        0x1fffc100        0x4 .\CortexM3\ARM_GCC_493\Debug\Cm3Start.o
 .noinit        0x1fffc104        0x1 .\CortexM3\ARM_GCC_493\Debug\car.a(CyLib.o)
                0x1fffc104                CyResetStatus

.data           0x1fffc108       0x20 load address 0x00003e70
                0x1fffc108                __cy_region_start_data = .
 *(.jcr)
 .jcr           0x1fffc108        0x0 d:/program files (x86)/cypress/psoc creator/3.3/psoc creator/import/gnu/arm/4.9.3/bin/../lib/gcc/arm-none-eabi/4.9.3/armv7-m/crtbegin.o
 .jcr           0x1fffc108        0x4 d:/program files (x86)/cypress/psoc creator/3.3/psoc creator/import/gnu/arm/4.9.3/bin/../lib/gcc/arm-none-eabi/4.9.3/armv7-m/crtend.o
 *(.got.plt)
 *(.got)
 *(.shdata)
 *(.data .data.* .gnu.linkonce.d.*)
 .data          0x1fffc10c        0x8 .\CortexM3\ARM_GCC_493\Debug\car.a(CyDmac.o)
 .data          0x1fffc114       0x10 .\CortexM3\ARM_GCC_493\Debug\car.a(CyLib.o)
                0x1fffc114                cydelay_32k_ms
                0x1fffc118                cydelay_freq_khz
                0x1fffc11c                cydelay_freq_mhz
                0x1fffc120                cydelay_freq_hz
 .data          0x1fffc124        0x2 .\CortexM3\ARM_GCC_493\Debug\car.a(ADC.o)
 .data          0x1fffc126        0x1 .\CortexM3\ARM_GCC_493\Debug\car.a(ADC_TempBuf_dma.o)
                0x1fffc126                ADC_TempBuf_DmaHandle
 .data          0x1fffc127        0x1 .\CortexM3\ARM_GCC_493\Debug\car.a(ADC_FinalBuf_dma.o)
                0x1fffc127                ADC_FinalBuf_DmaHandle
                0x1fffc128                . = ALIGN (0x8)
 *(.ram)
                0x1fffc128                _edata = .

.igot.plt       0x1fffc128        0x0 load address 0x00003e90
 .igot.plt      0x00000000        0x0 d:/program files (x86)/cypress/psoc creator/3.3/psoc creator/import/gnu/arm/4.9.3/bin/../lib/gcc/arm-none-eabi/4.9.3/armv7-m/crtbegin.o

.bss            0x1fffc128     0x28c0 load address 0x00003e90
                0x1fffc128                PROVIDE (__bss_start__, .)
 *(.shbss)
 *(.bss .bss.* .gnu.linkonce.b.*)
 .bss           0x1fffc128       0x1c d:/program files (x86)/cypress/psoc creator/3.3/psoc creator/import/gnu/arm/4.9.3/bin/../lib/gcc/arm-none-eabi/4.9.3/armv7-m/crtbegin.o
 .bss           0x1fffc144       0x48 .\CortexM3\ARM_GCC_493\Debug\Transfer.o
 .bss           0x1fffc18c        0x6 .\CortexM3\ARM_GCC_493\Debug\car.o
 *fill*         0x1fffc192        0x2 
 .bss           0x1fffc194        0x8 .\CortexM3\ARM_GCC_493\Debug\multi_timer.o
 .bss           0x1fffc19c        0x4 .\CortexM3\ARM_GCC_493\Debug\led.o
 .bss           0x1fffc1a0       0x6c .\CortexM3\ARM_GCC_493\Debug\M_thickness.o
                0x1fffc1a0                change_flag
 .bss           0x1fffc20c        0x2 .\CortexM3\ARM_GCC_493\Debug\car.a(UART_net.o)
                0x1fffc20c                UART_net_initVar
 .bss           0x1fffc20e        0x1 .\CortexM3\ARM_GCC_493\Debug\car.a(Timer_1.o)
                0x1fffc20e                Timer_1_initVar
 .bss           0x1fffc20f        0x1 .\CortexM3\ARM_GCC_493\Debug\car.a(UART_JY.o)
                0x1fffc20f                UART_JY_initVar
 .bss           0x1fffc210       0x10 .\CortexM3\ARM_GCC_493\Debug\car.a(isr_rx_jy.o)
 .bss           0x1fffc220        0x1 .\CortexM3\ARM_GCC_493\Debug\car.a(PWM_LED_1.o)
                0x1fffc220                PWM_LED_1_initVar
 .bss           0x1fffc221        0x1 .\CortexM3\ARM_GCC_493\Debug\car.a(PWM_LED_2.o)
                0x1fffc221                PWM_LED_2_initVar
 .bss           0x1fffc222        0x1 .\CortexM3\ARM_GCC_493\Debug\car.a(PWM_LED_3.o)
                0x1fffc222                PWM_LED_3_initVar
 *fill*         0x1fffc223        0x1 
 .bss           0x1fffc224       0x10 .\CortexM3\ARM_GCC_493\Debug\car.a(ADC.o)
                0x1fffc230                ADC_initVar
 .bss           0x1fffc234        0x1 .\CortexM3\ARM_GCC_493\Debug\car.a(ADC_SAR.o)
                0x1fffc234                ADC_SAR_initVar
 .bss           0x1fffc235        0x1 .\CortexM3\ARM_GCC_493\Debug\car.a(PWM_LED_4.o)
                0x1fffc235                PWM_LED_4_initVar
 .bss           0x1fffc236        0x2 .\CortexM3\ARM_GCC_493\Debug\car.a(UART_CH.o)
                0x1fffc236                UART_CH_initVar
 .bss           0x1fffc238        0x1 .\CortexM3\ARM_GCC_493\Debug\car.a(ECDR.o)
                0x1fffc238                ECDR_initVar
 *fill*         0x1fffc239        0x3 
 .bss           0x1fffc23c        0x4 .\CortexM3\ARM_GCC_493\Debug\car.a(ECDR_INT.o)
                0x1fffc23c                ECDR_count32SoftPart
 .bss           0x1fffc240        0x1 .\CortexM3\ARM_GCC_493\Debug\car.a(ECDR_Cnt16.o)
                0x1fffc240                ECDR_Cnt16_initVar
 .bss           0x1fffc241        0x1 .\CortexM3\ARM_GCC_493\Debug\car.a(PWM_MOTOR_RIGHT.o)
                0x1fffc241                PWM_MOTOR_RIGHT_initVar
 .bss           0x1fffc242        0x1 .\CortexM3\ARM_GCC_493\Debug\car.a(PWM_MOTOR_LEFT.o)
                0x1fffc242                PWM_MOTOR_LEFT_initVar
 *fill*         0x1fffc243        0x1 
 .bss           0x1fffc244        0x8 .\CortexM3\ARM_GCC_493\Debug\car.a(CySpc.o)
                0x1fffc244                SpcLockState
 *(COMMON)
 COMMON         0x1fffc24c      0x130 .\CortexM3\ARM_GCC_493\Debug\main.o
                0x1fffc24c                WAVE_timer
                0x1fffc25c                M_50s
                0x1fffc26c                g_Car
                0x1fffc2cc                encoder
                0x1fffc2ce                temp
                0x1fffc2d0                Data_exchange_timer
                0x1fffc2e0                P_V
                0x1fffc2e4                S_IMU
                0x1fffc2f8                tset
                0x1fffc2fc                Car_control_timer
                0x1fffc30c                Time_1s
                0x1fffc31c                D_V
                0x1fffc320                Car_hearting_timer
                0x1fffc330                test
                0x1fffc334                Cal_battery_timer
                0x1fffc344                M_timer
                0x1fffc354                ECDR_timer
                0x1fffc364                event
                0x1fffc366                send_count_test
                0x1fffc368                count
                0x1fffc36a                C_V
                0x1fffc36c                LED_timer
 COMMON         0x1fffc37c       0x41 .\CortexM3\ARM_GCC_493\Debug\Transfer.o
                0x1fffc37c                data_to_send
                0x1fffc3b0                f
 *fill*         0x1fffc3bd        0x3 
 COMMON         0x1fffc3c0     0x25f6 .\CortexM3\ARM_GCC_493\Debug\Lidar.o
                0x1fffc3c0                nodeBuffer1
                0x1fffc3c8                node
                0x1fffc3cc                test1
                0x1fffcd90                nodeBuffer
                0x1fffcdf4                test_f_suzu
                0x1fffd5c4                net_nodeBuffer
                0x1fffd628                test2
                0x1fffdfec                normal_size
                0x1fffdff0                test3
                0x1fffe9b4                output_t
                0x1fffe9b5                start
 COMMON         0x1fffe9b6        0x2 .\CortexM3\ARM_GCC_493\Debug\systemInfo.o
                0x1fffe9b6                time_count
 COMMON         0x1fffe9b8        0x1 .\CortexM3\ARM_GCC_493\Debug\bq20Z75.o
                0x1fffe9b8                PEC
 *fill*         0x1fffe9b9        0x1 
 COMMON         0x1fffe9ba        0xf .\CortexM3\ARM_GCC_493\Debug\car.a(isr_timer.o)
                0x1fffe9ba                time_55s_state
                0x1fffe9bc                time_100ms_state
                0x1fffe9be                time_5ms
                0x1fffe9c0                time_55s
                0x1fffe9c2                time_1ms_state
                0x1fffe9c4                time_100ms
                0x1fffe9c6                time_1ms
                0x1fffe9c8                time_5ms_state
 *fill*         0x1fffe9c9        0x3 
 COMMON         0x1fffe9cc        0x6 .\CortexM3\ARM_GCC_493\Debug\car.a(ADC.o)
                0x1fffe9cc                ADC_finalArray
 *fill*         0x1fffe9d2        0x2 
 COMMON         0x1fffe9d4        0xa .\CortexM3\ARM_GCC_493\Debug\car.a(ADC_SAR.o)
                0x1fffe9d4                ADC_SAR_countsPerVolt
                0x1fffe9d6                ADC_SAR_shift
                0x1fffe9d8                ADC_SAR_countsPer10Volt
                0x1fffe9dc                ADC_SAR_offset
 *fill*         0x1fffe9de        0x2 
 COMMON         0x1fffe9e0        0x2 .\CortexM3\ARM_GCC_493\Debug\car.a(CyFlash.o)
                0x1fffe9e0                dieTemperature
                0x1fffe9e8                . = ALIGN (0x8)
 *fill*         0x1fffe9e2        0x6 
 *(.ram.b)
                0x1fffe9e8                _end = .
                0x1fffe9e8                __end = .
                0x1fffe9e8                PROVIDE (end, .)
                0x1fffe9e8                PROVIDE (__bss_end__, .)
                0x00003e70                __cy_region_init_ram = LOADADDR (.data)
                0x00000020                __cy_region_init_size_ram = (_edata - ADDR (.data))
                0x000028c0                __cy_region_zero_size_ram = (_end - _edata)

.heap           0x1fffe9e8       0x80 load address 0x00003e90
                0x1fffe9e8                . = _end
                0x1fffea68                . = (. + 0x80)
 *fill*         0x1fffe9e8       0x80 
                0x1fffea68                __cy_heap_limit = .

.stack          0x20003800      0x800
                0x20003800                __cy_stack_limit = .
                0x20004000                . = (. + 0x800)
 *fill*         0x20003800      0x800 
                0x00000001                ASSERT ((__cy_stack_limit >= __cy_heap_limit), region RAM overflowed with stack)
                0x00000000                cy_checksum_exclude_size = (CY_APPL_LOADABLE == 0x1)?SIZEOF (.cy_checksum_exclude):0x0
                0x00000001                ASSERT ((cy_checksum_exclude_size <= CY_CHECKSUM_EXCLUDE_SIZE), CY_BOOT: Section .cy_checksum_exclude size exceedes specified limit.)

.cyloadermeta
 *(.cyloadermeta)

.cyloadablemeta
 *(.cyloadablemeta)

.cyconfigecc    0x80000000     0x1164
 *(.cyconfigecc)
 .cyconfigecc   0x80000000     0x1164 .\CortexM3\ARM_GCC_493\Debug\cymetadata.o
                0x80000000                cy_meta_configecc

.cycustnvl      0x90000000        0x4
 *(.cycustnvl)
 .cycustnvl     0x90000000        0x4 .\CortexM3\ARM_GCC_493\Debug\cymetadata.o
                0x90000000                cy_meta_custnvl

.cywolatch      0x90100000        0x4
 *(.cywolatch)
 .cywolatch     0x90100000        0x4 .\CortexM3\ARM_GCC_493\Debug\cymetadata.o
                0x90100000                cy_meta_wonvl

.cyeeprom       0x90200000        0x0
 *(.cyeeprom)
                0x00000001                ASSERT ((. <= ((0x90200000 + ee_offset) + ee_size)), .cyeeprom data will not fit in EEPROM)

.cyflashprotect
                0x90400000       0x80
 *(.cyflashprotect)
 .cyflashprotect
                0x90400000       0x80 .\CortexM3\ARM_GCC_493\Debug\cymetadata.o
                0x90400000                cy_meta_flashprotect

.cymeta         0x90500000        0xc
 *(.cymeta)
 .cymeta        0x90500000        0xc .\CortexM3\ARM_GCC_493\Debug\cymetadata.o
                0x90500000                cy_metadata

.rel.dyn        0x00003e90        0x0 load address 0x9050000c
 .rel.iplt      0x00000000        0x0 d:/program files (x86)/cypress/psoc creator/3.3/psoc creator/import/gnu/arm/4.9.3/bin/../lib/gcc/arm-none-eabi/4.9.3/armv7-m/crtbegin.o

.stab
 *(.stab)

.stabstr
 *(.stabstr)

.debug
 *(.debug)

.line
 *(.line)

.debug_srcinfo
 *(.debug_srcinfo)

.debug_sfnames
 *(.debug_sfnames)

.debug_aranges  0x00000000     0x1ba8
 *(.debug_aranges)
 .debug_aranges
                0x00000000       0x30 .\CortexM3\ARM_GCC_493\Debug\main.o
 .debug_aranges
                0x00000030       0x88 .\CortexM3\ARM_GCC_493\Debug\Transfer.o
 .debug_aranges
                0x000000b8       0xa0 .\CortexM3\ARM_GCC_493\Debug\car.o
 .debug_aranges
                0x00000158       0x30 .\CortexM3\ARM_GCC_493\Debug\battery.o
 .debug_aranges
                0x00000188       0x50 .\CortexM3\ARM_GCC_493\Debug\Lidar.o
 .debug_aranges
                0x000001d8       0x38 .\CortexM3\ARM_GCC_493\Debug\systemInfo.o
 .debug_aranges
                0x00000210       0x40 .\CortexM3\ARM_GCC_493\Debug\multi_timer.o
 .debug_aranges
                0x00000250       0x38 .\CortexM3\ARM_GCC_493\Debug\led.o
 .debug_aranges
                0x00000288       0x38 .\CortexM3\ARM_GCC_493\Debug\M_thickness.o
 .debug_aranges
                0x000002c0       0x30 .\CortexM3\ARM_GCC_493\Debug\bq20Z75.o
 .debug_aranges
                0x000002f0       0x78 .\CortexM3\ARM_GCC_493\Debug\i2c_core.o
 .debug_aranges
                0x00000368       0x18 .\CortexM3\ARM_GCC_493\Debug\cymetadata.o
 .debug_aranges
                0x00000380       0x48 .\CortexM3\ARM_GCC_493\Debug\Cm3Start.o
 .debug_aranges
                0x000003c8       0x50 .\CortexM3\ARM_GCC_493\Debug\car.a(cyfitter_cfg.o)
 .debug_aranges
                0x00000418       0x20 .\CortexM3\ARM_GCC_493\Debug\car.a(CyBootAsmGnu.o)
 .debug_aranges
                0x00000438       0xd8 .\CortexM3\ARM_GCC_493\Debug\car.a(CyDmac.o)
 .debug_aranges
                0x00000510      0x298 .\CortexM3\ARM_GCC_493\Debug\car.a(CyLib.o)
 .debug_aranges
                0x000007a8       0x98 .\CortexM3\ARM_GCC_493\Debug\car.a(cyPm.o)
 .debug_aranges
                0x00000840       0xf0 .\CortexM3\ARM_GCC_493\Debug\car.a(UART_net.o)
 .debug_aranges
                0x00000930       0x70 .\CortexM3\ARM_GCC_493\Debug\car.a(UART_net_IntClock.o)
 .debug_aranges
                0x000009a0       0x80 .\CortexM3\ARM_GCC_493\Debug\car.a(isr_tx_net.o)
 .debug_aranges
                0x00000a20       0x80 .\CortexM3\ARM_GCC_493\Debug\car.a(isr_rx_net.o)
 .debug_aranges
                0x00000aa0       0x90 .\CortexM3\ARM_GCC_493\Debug\car.a(Timer_1.o)
 .debug_aranges
                0x00000b30       0x80 .\CortexM3\ARM_GCC_493\Debug\car.a(isr_timer.o)
 .debug_aranges
                0x00000bb0       0x98 .\CortexM3\ARM_GCC_493\Debug\car.a(UART_JY.o)
 .debug_aranges
                0x00000c48       0x80 .\CortexM3\ARM_GCC_493\Debug\car.a(isr_rx_jy.o)
 .debug_aranges
                0x00000cc8       0x70 .\CortexM3\ARM_GCC_493\Debug\car.a(UART_JY_IntClock.o)
 .debug_aranges
                0x00000d38       0x78 .\CortexM3\ARM_GCC_493\Debug\car.a(PWM_LED_1.o)
 .debug_aranges
                0x00000db0       0x78 .\CortexM3\ARM_GCC_493\Debug\car.a(PWM_LED_2.o)
 .debug_aranges
                0x00000e28       0x78 .\CortexM3\ARM_GCC_493\Debug\car.a(PWM_LED_3.o)
 .debug_aranges
                0x00000ea0       0xa0 .\CortexM3\ARM_GCC_493\Debug\car.a(ADC.o)
 .debug_aranges
                0x00000f40       0x20 .\CortexM3\ARM_GCC_493\Debug\car.a(ADC_INT.o)
 .debug_aranges
                0x00000f60       0xa8 .\CortexM3\ARM_GCC_493\Debug\car.a(ADC_SAR.o)
 .debug_aranges
                0x00001008       0x28 .\CortexM3\ARM_GCC_493\Debug\car.a(ADC_TempBuf_dma.o)
 .debug_aranges
                0x00001030       0x28 .\CortexM3\ARM_GCC_493\Debug\car.a(ADC_FinalBuf_dma.o)
 .debug_aranges
                0x00001058       0x80 .\CortexM3\ARM_GCC_493\Debug\car.a(ADC_IRQ.o)
 .debug_aranges
                0x000010d8       0x38 .\CortexM3\ARM_GCC_493\Debug\car.a(CONTRAL_LIDAR.o)
 .debug_aranges
                0x00001110       0x38 .\CortexM3\ARM_GCC_493\Debug\car.a(debug_time.o)
 .debug_aranges
                0x00001148       0x38 .\CortexM3\ARM_GCC_493\Debug\car.a(PTZ_UP_EN.o)
 .debug_aranges
                0x00001180       0x38 .\CortexM3\ARM_GCC_493\Debug\car.a(PTZ_UP_STEP.o)
 .debug_aranges
                0x000011b8       0x38 .\CortexM3\ARM_GCC_493\Debug\car.a(PTZ_UP_DIR.o)
 .debug_aranges
                0x000011f0       0x38 .\CortexM3\ARM_GCC_493\Debug\car.a(PTZ_DOWN_EN.o)
 .debug_aranges
                0x00001228       0x38 .\CortexM3\ARM_GCC_493\Debug\car.a(PTZ_DOWN_STEP.o)
 .debug_aranges
                0x00001260       0x38 .\CortexM3\ARM_GCC_493\Debug\car.a(PTZ_DOWN_DIR.o)
 .debug_aranges
                0x00001298       0x38 .\CortexM3\ARM_GCC_493\Debug\car.a(CHANGE_PWR.o)
 .debug_aranges
                0x000012d0       0x78 .\CortexM3\ARM_GCC_493\Debug\car.a(EEPROM.o)
 .debug_aranges
                0x00001348       0x78 .\CortexM3\ARM_GCC_493\Debug\car.a(PWM_LED_4.o)
 .debug_aranges
                0x000013c0       0xf0 .\CortexM3\ARM_GCC_493\Debug\car.a(UART_CH.o)
 .debug_aranges
                0x000014b0       0x80 .\CortexM3\ARM_GCC_493\Debug\car.a(isr_rx_ch.o)
 .debug_aranges
                0x00001530       0x70 .\CortexM3\ARM_GCC_493\Debug\car.a(UART_CH_IntClock.o)
 .debug_aranges
                0x000015a0       0x38 .\CortexM3\ARM_GCC_493\Debug\car.a(SCL.o)
 .debug_aranges
                0x000015d8       0x60 .\CortexM3\ARM_GCC_493\Debug\car.a(ECDR.o)
 .debug_aranges
                0x00001638       0x20 .\CortexM3\ARM_GCC_493\Debug\car.a(ECDR_INT.o)
 .debug_aranges
                0x00001658       0x98 .\CortexM3\ARM_GCC_493\Debug\car.a(ECDR_Cnt16.o)
 .debug_aranges
                0x000016f0       0x38 .\CortexM3\ARM_GCC_493\Debug\car.a(M_PWR.o)
 .debug_aranges
                0x00001728       0x38 .\CortexM3\ARM_GCC_493\Debug\car.a(M_UP.o)
 .debug_aranges
                0x00001760       0x38 .\CortexM3\ARM_GCC_493\Debug\car.a(M_DOWN.o)
 .debug_aranges
                0x00001798       0x38 .\CortexM3\ARM_GCC_493\Debug\car.a(M_ZERO.o)
 .debug_aranges
                0x000017d0       0x38 .\CortexM3\ARM_GCC_493\Debug\car.a(PUSH_DIR.o)
 .debug_aranges
                0x00001808       0x38 .\CortexM3\ARM_GCC_493\Debug\car.a(PUSH_EN.o)
 .debug_aranges
                0x00001840       0x38 .\CortexM3\ARM_GCC_493\Debug\car.a(PUSH_STEP.o)
 .debug_aranges
                0x00001878       0x90 .\CortexM3\ARM_GCC_493\Debug\car.a(PWM_MOTOR_RIGHT.o)
 .debug_aranges
                0x00001908       0x90 .\CortexM3\ARM_GCC_493\Debug\car.a(PWM_MOTOR_LEFT.o)
 .debug_aranges
                0x00001998       0x38 .\CortexM3\ARM_GCC_493\Debug\car.a(PWM_RIGHT_EN.o)
 .debug_aranges
                0x000019d0       0x38 .\CortexM3\ARM_GCC_493\Debug\car.a(PWM_LEFT_EN.o)
 .debug_aranges
                0x00001a08       0x38 .\CortexM3\ARM_GCC_493\Debug\car.a(EM1.o)
 .debug_aranges
                0x00001a40       0x38 .\CortexM3\ARM_GCC_493\Debug\car.a(EM2.o)
 .debug_aranges
                0x00001a78       0x38 .\CortexM3\ARM_GCC_493\Debug\car.a(SDL.o)
 .debug_aranges
                0x00001ab0       0x80 .\CortexM3\ARM_GCC_493\Debug\car.a(CyFlash.o)
 .debug_aranges
                0x00001b30       0x78 .\CortexM3\ARM_GCC_493\Debug\car.a(CySpc.o)

.debug_pubnames
 *(.debug_pubnames)

.debug_info     0x00000000    0x11583
 *(.debug_info .gnu.linkonce.wi.*)
 .debug_info    0x00000000      0xa55 .\CortexM3\ARM_GCC_493\Debug\main.o
 .debug_info    0x00000a55     0x1003 .\CortexM3\ARM_GCC_493\Debug\Transfer.o
 .debug_info    0x00001a58      0xe84 .\CortexM3\ARM_GCC_493\Debug\car.o
 .debug_info    0x000028dc      0x548 .\CortexM3\ARM_GCC_493\Debug\battery.o
 .debug_info    0x00002e24      0xb90 .\CortexM3\ARM_GCC_493\Debug\Lidar.o
 .debug_info    0x000039b4      0x4eb .\CortexM3\ARM_GCC_493\Debug\systemInfo.o
 .debug_info    0x00003e9f      0x25b .\CortexM3\ARM_GCC_493\Debug\multi_timer.o
 .debug_info    0x000040fa      0x591 .\CortexM3\ARM_GCC_493\Debug\led.o
 .debug_info    0x0000468b      0x661 .\CortexM3\ARM_GCC_493\Debug\M_thickness.o
 .debug_info    0x00004cec      0x2bf .\CortexM3\ARM_GCC_493\Debug\bq20Z75.o
 .debug_info    0x00004fab      0x8d6 .\CortexM3\ARM_GCC_493\Debug\i2c_core.o
 .debug_info    0x00005881      0x13e .\CortexM3\ARM_GCC_493\Debug\cymetadata.o
 .debug_info    0x000059bf      0x3b3 .\CortexM3\ARM_GCC_493\Debug\Cm3Start.o
 .debug_info    0x00005d72      0x6b6 .\CortexM3\ARM_GCC_493\Debug\car.a(cyfitter_cfg.o)
 .debug_info    0x00006428       0x84 .\CortexM3\ARM_GCC_493\Debug\car.a(CyBootAsmGnu.o)
 .debug_info    0x000064ac      0x941 .\CortexM3\ARM_GCC_493\Debug\car.a(CyDmac.o)
 .debug_info    0x00006ded     0x136c .\CortexM3\ARM_GCC_493\Debug\car.a(CyLib.o)
 .debug_info    0x00008159      0xa55 .\CortexM3\ARM_GCC_493\Debug\car.a(cyPm.o)
 .debug_info    0x00008bae      0x600 .\CortexM3\ARM_GCC_493\Debug\car.a(UART_net.o)
 .debug_info    0x000091ae      0x281 .\CortexM3\ARM_GCC_493\Debug\car.a(UART_net_IntClock.o)
 .debug_info    0x0000942f      0x2c9 .\CortexM3\ARM_GCC_493\Debug\car.a(isr_tx_net.o)
 .debug_info    0x000096f8      0x6c4 .\CortexM3\ARM_GCC_493\Debug\car.a(isr_rx_net.o)
 .debug_info    0x00009dbc      0x2e9 .\CortexM3\ARM_GCC_493\Debug\car.a(Timer_1.o)
 .debug_info    0x0000a0a5      0x67e .\CortexM3\ARM_GCC_493\Debug\car.a(isr_timer.o)
 .debug_info    0x0000a723      0x39c .\CortexM3\ARM_GCC_493\Debug\car.a(UART_JY.o)
 .debug_info    0x0000aabf      0x6cb .\CortexM3\ARM_GCC_493\Debug\car.a(isr_rx_jy.o)
 .debug_info    0x0000b18a      0x281 .\CortexM3\ARM_GCC_493\Debug\car.a(UART_JY_IntClock.o)
 .debug_info    0x0000b40b      0x278 .\CortexM3\ARM_GCC_493\Debug\car.a(PWM_LED_1.o)
 .debug_info    0x0000b683      0x278 .\CortexM3\ARM_GCC_493\Debug\car.a(PWM_LED_2.o)
 .debug_info    0x0000b8fb      0x278 .\CortexM3\ARM_GCC_493\Debug\car.a(PWM_LED_3.o)
 .debug_info    0x0000bb73      0x7cf .\CortexM3\ARM_GCC_493\Debug\car.a(ADC.o)
 .debug_info    0x0000c342       0x99 .\CortexM3\ARM_GCC_493\Debug\car.a(ADC_INT.o)
 .debug_info    0x0000c3db      0x542 .\CortexM3\ARM_GCC_493\Debug\car.a(ADC_SAR.o)
 .debug_info    0x0000c91d      0x1fb .\CortexM3\ARM_GCC_493\Debug\car.a(ADC_TempBuf_dma.o)
 .debug_info    0x0000cb18      0x1fb .\CortexM3\ARM_GCC_493\Debug\car.a(ADC_FinalBuf_dma.o)
 .debug_info    0x0000cd13      0x2c9 .\CortexM3\ARM_GCC_493\Debug\car.a(ADC_IRQ.o)
 .debug_info    0x0000cfdc      0x11e .\CortexM3\ARM_GCC_493\Debug\car.a(CONTRAL_LIDAR.o)
 .debug_info    0x0000d0fa      0x11e .\CortexM3\ARM_GCC_493\Debug\car.a(debug_time.o)
 .debug_info    0x0000d218      0x11e .\CortexM3\ARM_GCC_493\Debug\car.a(PTZ_UP_EN.o)
 .debug_info    0x0000d336      0x11e .\CortexM3\ARM_GCC_493\Debug\car.a(PTZ_UP_STEP.o)
 .debug_info    0x0000d454      0x120 .\CortexM3\ARM_GCC_493\Debug\car.a(PTZ_UP_DIR.o)
 .debug_info    0x0000d574      0x11e .\CortexM3\ARM_GCC_493\Debug\car.a(PTZ_DOWN_EN.o)
 .debug_info    0x0000d692      0x11e .\CortexM3\ARM_GCC_493\Debug\car.a(PTZ_DOWN_STEP.o)
 .debug_info    0x0000d7b0      0x11e .\CortexM3\ARM_GCC_493\Debug\car.a(PTZ_DOWN_DIR.o)
 .debug_info    0x0000d8ce      0x11e .\CortexM3\ARM_GCC_493\Debug\car.a(CHANGE_PWR.o)
 .debug_info    0x0000d9ec      0x666 .\CortexM3\ARM_GCC_493\Debug\car.a(EEPROM.o)
 .debug_info    0x0000e052      0x278 .\CortexM3\ARM_GCC_493\Debug\car.a(PWM_LED_4.o)
 .debug_info    0x0000e2ca      0x600 .\CortexM3\ARM_GCC_493\Debug\car.a(UART_CH.o)
 .debug_info    0x0000e8ca      0x354 .\CortexM3\ARM_GCC_493\Debug\car.a(isr_rx_ch.o)
 .debug_info    0x0000ec1e      0x281 .\CortexM3\ARM_GCC_493\Debug\car.a(UART_CH_IntClock.o)
 .debug_info    0x0000ee9f      0x11e .\CortexM3\ARM_GCC_493\Debug\car.a(SCL.o)
 .debug_info    0x0000efbd      0x37c .\CortexM3\ARM_GCC_493\Debug\car.a(ECDR.o)
 .debug_info    0x0000f339       0xea .\CortexM3\ARM_GCC_493\Debug\car.a(ECDR_INT.o)
 .debug_info    0x0000f423      0x341 .\CortexM3\ARM_GCC_493\Debug\car.a(ECDR_Cnt16.o)
 .debug_info    0x0000f764      0x120 .\CortexM3\ARM_GCC_493\Debug\car.a(M_PWR.o)
 .debug_info    0x0000f884      0x11e .\CortexM3\ARM_GCC_493\Debug\car.a(M_UP.o)
 .debug_info    0x0000f9a2      0x11e .\CortexM3\ARM_GCC_493\Debug\car.a(M_DOWN.o)
 .debug_info    0x0000fac0      0x11e .\CortexM3\ARM_GCC_493\Debug\car.a(M_ZERO.o)
 .debug_info    0x0000fbde      0x11e .\CortexM3\ARM_GCC_493\Debug\car.a(PUSH_DIR.o)
 .debug_info    0x0000fcfc      0x11e .\CortexM3\ARM_GCC_493\Debug\car.a(PUSH_EN.o)
 .debug_info    0x0000fe1a      0x11e .\CortexM3\ARM_GCC_493\Debug\car.a(PUSH_STEP.o)
 .debug_info    0x0000ff38      0x2e0 .\CortexM3\ARM_GCC_493\Debug\car.a(PWM_MOTOR_RIGHT.o)
 .debug_info    0x00010218      0x2e0 .\CortexM3\ARM_GCC_493\Debug\car.a(PWM_MOTOR_LEFT.o)
 .debug_info    0x000104f8      0x11e .\CortexM3\ARM_GCC_493\Debug\car.a(PWM_RIGHT_EN.o)
 .debug_info    0x00010616      0x11e .\CortexM3\ARM_GCC_493\Debug\car.a(PWM_LEFT_EN.o)
 .debug_info    0x00010734      0x11e .\CortexM3\ARM_GCC_493\Debug\car.a(EM1.o)
 .debug_info    0x00010852      0x11e .\CortexM3\ARM_GCC_493\Debug\car.a(EM2.o)
 .debug_info    0x00010970      0x11e .\CortexM3\ARM_GCC_493\Debug\car.a(SDL.o)
 .debug_info    0x00010a8e      0x608 .\CortexM3\ARM_GCC_493\Debug\car.a(CyFlash.o)
 .debug_info    0x00011096      0x4ed .\CortexM3\ARM_GCC_493\Debug\car.a(CySpc.o)

.debug_abbrev   0x00000000     0x56e4
 *(.debug_abbrev)
 .debug_abbrev  0x00000000      0x1c5 .\CortexM3\ARM_GCC_493\Debug\main.o
 .debug_abbrev  0x000001c5      0x2a9 .\CortexM3\ARM_GCC_493\Debug\Transfer.o
 .debug_abbrev  0x0000046e      0x23f .\CortexM3\ARM_GCC_493\Debug\car.o
 .debug_abbrev  0x000006ad      0x19f .\CortexM3\ARM_GCC_493\Debug\battery.o
 .debug_abbrev  0x0000084c      0x28d .\CortexM3\ARM_GCC_493\Debug\Lidar.o
 .debug_abbrev  0x00000ad9      0x197 .\CortexM3\ARM_GCC_493\Debug\systemInfo.o
 .debug_abbrev  0x00000c70      0x14d .\CortexM3\ARM_GCC_493\Debug\multi_timer.o
 .debug_abbrev  0x00000dbd      0x16e .\CortexM3\ARM_GCC_493\Debug\led.o
 .debug_abbrev  0x00000f2b      0x1a2 .\CortexM3\ARM_GCC_493\Debug\M_thickness.o
 .debug_abbrev  0x000010cd      0x120 .\CortexM3\ARM_GCC_493\Debug\bq20Z75.o
 .debug_abbrev  0x000011ed      0x1a6 .\CortexM3\ARM_GCC_493\Debug\i2c_core.o
 .debug_abbrev  0x00001393       0x77 .\CortexM3\ARM_GCC_493\Debug\cymetadata.o
 .debug_abbrev  0x0000140a      0x20f .\CortexM3\ARM_GCC_493\Debug\Cm3Start.o
 .debug_abbrev  0x00001619      0x221 .\CortexM3\ARM_GCC_493\Debug\car.a(cyfitter_cfg.o)
 .debug_abbrev  0x0000183a       0x14 .\CortexM3\ARM_GCC_493\Debug\car.a(CyBootAsmGnu.o)
 .debug_abbrev  0x0000184e      0x1cc .\CortexM3\ARM_GCC_493\Debug\car.a(CyDmac.o)
 .debug_abbrev  0x00001a1a      0x296 .\CortexM3\ARM_GCC_493\Debug\car.a(CyLib.o)
 .debug_abbrev  0x00001cb0      0x1fa .\CortexM3\ARM_GCC_493\Debug\car.a(cyPm.o)
 .debug_abbrev  0x00001eaa      0x1af .\CortexM3\ARM_GCC_493\Debug\car.a(UART_net.o)
 .debug_abbrev  0x00002059      0x146 .\CortexM3\ARM_GCC_493\Debug\car.a(UART_net_IntClock.o)
 .debug_abbrev  0x0000219f      0x180 .\CortexM3\ARM_GCC_493\Debug\car.a(isr_tx_net.o)
 .debug_abbrev  0x0000231f      0x21d .\CortexM3\ARM_GCC_493\Debug\car.a(isr_rx_net.o)
 .debug_abbrev  0x0000253c      0x152 .\CortexM3\ARM_GCC_493\Debug\car.a(Timer_1.o)
 .debug_abbrev  0x0000268e      0x1f0 .\CortexM3\ARM_GCC_493\Debug\car.a(isr_timer.o)
 .debug_abbrev  0x0000287e      0x17a .\CortexM3\ARM_GCC_493\Debug\car.a(UART_JY.o)
 .debug_abbrev  0x000029f8      0x217 .\CortexM3\ARM_GCC_493\Debug\car.a(isr_rx_jy.o)
 .debug_abbrev  0x00002c0f      0x146 .\CortexM3\ARM_GCC_493\Debug\car.a(UART_JY_IntClock.o)
 .debug_abbrev  0x00002d55      0x13a .\CortexM3\ARM_GCC_493\Debug\car.a(PWM_LED_1.o)
 .debug_abbrev  0x00002e8f      0x13a .\CortexM3\ARM_GCC_493\Debug\car.a(PWM_LED_2.o)
 .debug_abbrev  0x00002fc9      0x13a .\CortexM3\ARM_GCC_493\Debug\car.a(PWM_LED_3.o)
 .debug_abbrev  0x00003103      0x1b0 .\CortexM3\ARM_GCC_493\Debug\car.a(ADC.o)
 .debug_abbrev  0x000032b3       0x42 .\CortexM3\ARM_GCC_493\Debug\car.a(ADC_INT.o)
 .debug_abbrev  0x000032f5      0x1e6 .\CortexM3\ARM_GCC_493\Debug\car.a(ADC_SAR.o)
 .debug_abbrev  0x000034db       0xf8 .\CortexM3\ARM_GCC_493\Debug\car.a(ADC_TempBuf_dma.o)
 .debug_abbrev  0x000035d3       0xf8 .\CortexM3\ARM_GCC_493\Debug\car.a(ADC_FinalBuf_dma.o)
 .debug_abbrev  0x000036cb      0x180 .\CortexM3\ARM_GCC_493\Debug\car.a(ADC_IRQ.o)
 .debug_abbrev  0x0000384b       0x9d .\CortexM3\ARM_GCC_493\Debug\car.a(CONTRAL_LIDAR.o)
 .debug_abbrev  0x000038e8       0x9d .\CortexM3\ARM_GCC_493\Debug\car.a(debug_time.o)
 .debug_abbrev  0x00003985       0x9d .\CortexM3\ARM_GCC_493\Debug\car.a(PTZ_UP_EN.o)
 .debug_abbrev  0x00003a22       0x9d .\CortexM3\ARM_GCC_493\Debug\car.a(PTZ_UP_STEP.o)
 .debug_abbrev  0x00003abf       0x9d .\CortexM3\ARM_GCC_493\Debug\car.a(PTZ_UP_DIR.o)
 .debug_abbrev  0x00003b5c       0x9d .\CortexM3\ARM_GCC_493\Debug\car.a(PTZ_DOWN_EN.o)
 .debug_abbrev  0x00003bf9       0x9d .\CortexM3\ARM_GCC_493\Debug\car.a(PTZ_DOWN_STEP.o)
 .debug_abbrev  0x00003c96       0x9d .\CortexM3\ARM_GCC_493\Debug\car.a(PTZ_DOWN_DIR.o)
 .debug_abbrev  0x00003d33       0x9d .\CortexM3\ARM_GCC_493\Debug\car.a(CHANGE_PWR.o)
 .debug_abbrev  0x00003dd0      0x1b0 .\CortexM3\ARM_GCC_493\Debug\car.a(EEPROM.o)
 .debug_abbrev  0x00003f80      0x13a .\CortexM3\ARM_GCC_493\Debug\car.a(PWM_LED_4.o)
 .debug_abbrev  0x000040ba      0x1af .\CortexM3\ARM_GCC_493\Debug\car.a(UART_CH.o)
 .debug_abbrev  0x00004269      0x1d2 .\CortexM3\ARM_GCC_493\Debug\car.a(isr_rx_ch.o)
 .debug_abbrev  0x0000443b      0x146 .\CortexM3\ARM_GCC_493\Debug\car.a(UART_CH_IntClock.o)
 .debug_abbrev  0x00004581       0x9d .\CortexM3\ARM_GCC_493\Debug\car.a(SCL.o)
 .debug_abbrev  0x0000461e      0x187 .\CortexM3\ARM_GCC_493\Debug\car.a(ECDR.o)
 .debug_abbrev  0x000047a5       0x85 .\CortexM3\ARM_GCC_493\Debug\car.a(ECDR_INT.o)
 .debug_abbrev  0x0000482a      0x13e .\CortexM3\ARM_GCC_493\Debug\car.a(ECDR_Cnt16.o)
 .debug_abbrev  0x00004968       0x9d .\CortexM3\ARM_GCC_493\Debug\car.a(M_PWR.o)
 .debug_abbrev  0x00004a05       0x9d .\CortexM3\ARM_GCC_493\Debug\car.a(M_UP.o)
 .debug_abbrev  0x00004aa2       0x9d .\CortexM3\ARM_GCC_493\Debug\car.a(M_DOWN.o)
 .debug_abbrev  0x00004b3f       0x9d .\CortexM3\ARM_GCC_493\Debug\car.a(M_ZERO.o)
 .debug_abbrev  0x00004bdc       0x9d .\CortexM3\ARM_GCC_493\Debug\car.a(PUSH_DIR.o)
 .debug_abbrev  0x00004c79       0x9d .\CortexM3\ARM_GCC_493\Debug\car.a(PUSH_EN.o)
 .debug_abbrev  0x00004d16       0x9d .\CortexM3\ARM_GCC_493\Debug\car.a(PUSH_STEP.o)
 .debug_abbrev  0x00004db3      0x13a .\CortexM3\ARM_GCC_493\Debug\car.a(PWM_MOTOR_RIGHT.o)
 .debug_abbrev  0x00004eed      0x13a .\CortexM3\ARM_GCC_493\Debug\car.a(PWM_MOTOR_LEFT.o)
 .debug_abbrev  0x00005027       0x9d .\CortexM3\ARM_GCC_493\Debug\car.a(PWM_RIGHT_EN.o)
 .debug_abbrev  0x000050c4       0x9d .\CortexM3\ARM_GCC_493\Debug\car.a(PWM_LEFT_EN.o)
 .debug_abbrev  0x00005161       0x9d .\CortexM3\ARM_GCC_493\Debug\car.a(EM1.o)
 .debug_abbrev  0x000051fe       0x9d .\CortexM3\ARM_GCC_493\Debug\car.a(EM2.o)
 .debug_abbrev  0x0000529b       0x9d .\CortexM3\ARM_GCC_493\Debug\car.a(SDL.o)
 .debug_abbrev  0x00005338      0x1de .\CortexM3\ARM_GCC_493\Debug\car.a(CyFlash.o)
 .debug_abbrev  0x00005516      0x1ce .\CortexM3\ARM_GCC_493\Debug\car.a(CySpc.o)

.debug_line     0x00000000     0x70ab
 *(.debug_line)
 .debug_line    0x00000000      0x335 .\CortexM3\ARM_GCC_493\Debug\main.o
 .debug_line    0x00000335      0x508 .\CortexM3\ARM_GCC_493\Debug\Transfer.o
 .debug_line    0x0000083d      0x3f3 .\CortexM3\ARM_GCC_493\Debug\car.o
 .debug_line    0x00000c30      0x1e9 .\CortexM3\ARM_GCC_493\Debug\battery.o
 .debug_line    0x00000e19      0x40d .\CortexM3\ARM_GCC_493\Debug\Lidar.o
 .debug_line    0x00001226      0x1c8 .\CortexM3\ARM_GCC_493\Debug\systemInfo.o
 .debug_line    0x000013ee      0x1de .\CortexM3\ARM_GCC_493\Debug\multi_timer.o
 .debug_line    0x000015cc      0x1fd .\CortexM3\ARM_GCC_493\Debug\led.o
 .debug_line    0x000017c9        0x0 .\CortexM3\ARM_GCC_493\Debug\wave_distance.o
 .debug_line    0x000017c9      0x24b .\CortexM3\ARM_GCC_493\Debug\M_thickness.o
 .debug_line    0x00001a14      0x1b0 .\CortexM3\ARM_GCC_493\Debug\bq20Z75.o
 .debug_line    0x00001bc4      0x30c .\CortexM3\ARM_GCC_493\Debug\i2c_core.o
 .debug_line    0x00001ed0       0x53 .\CortexM3\ARM_GCC_493\Debug\cymetadata.o
 .debug_line    0x00001f23      0x254 .\CortexM3\ARM_GCC_493\Debug\Cm3Start.o
 .debug_line    0x00002177      0x209 .\CortexM3\ARM_GCC_493\Debug\car.a(cyfitter_cfg.o)
 .debug_line    0x00002380       0x68 .\CortexM3\ARM_GCC_493\Debug\car.a(CyBootAsmGnu.o)
 .debug_line    0x000023e8      0x2e5 .\CortexM3\ARM_GCC_493\Debug\car.a(CyDmac.o)
 .debug_line    0x000026cd      0x806 .\CortexM3\ARM_GCC_493\Debug\car.a(CyLib.o)
 .debug_line    0x00002ed3      0x366 .\CortexM3\ARM_GCC_493\Debug\car.a(cyPm.o)
 .debug_line    0x00003239      0x2c6 .\CortexM3\ARM_GCC_493\Debug\car.a(UART_net.o)
 .debug_line    0x000034ff      0x199 .\CortexM3\ARM_GCC_493\Debug\car.a(UART_net_IntClock.o)
 .debug_line    0x00003698      0x150 .\CortexM3\ARM_GCC_493\Debug\car.a(isr_tx_net.o)
 .debug_line    0x000037e8      0x282 .\CortexM3\ARM_GCC_493\Debug\car.a(isr_rx_net.o)
 .debug_line    0x00003a6a      0x174 .\CortexM3\ARM_GCC_493\Debug\car.a(Timer_1.o)
 .debug_line    0x00003bde      0x2a4 .\CortexM3\ARM_GCC_493\Debug\car.a(isr_timer.o)
 .debug_line    0x00003e82      0x1b0 .\CortexM3\ARM_GCC_493\Debug\car.a(UART_JY.o)
 .debug_line    0x00004032      0x29b .\CortexM3\ARM_GCC_493\Debug\car.a(isr_rx_jy.o)
 .debug_line    0x000042cd      0x198 .\CortexM3\ARM_GCC_493\Debug\car.a(UART_JY_IntClock.o)
 .debug_line    0x00004465      0x139 .\CortexM3\ARM_GCC_493\Debug\car.a(PWM_LED_1.o)
 .debug_line    0x0000459e      0x139 .\CortexM3\ARM_GCC_493\Debug\car.a(PWM_LED_2.o)
 .debug_line    0x000046d7      0x139 .\CortexM3\ARM_GCC_493\Debug\car.a(PWM_LED_3.o)
 .debug_line    0x00004810      0x21b .\CortexM3\ARM_GCC_493\Debug\car.a(ADC.o)
 .debug_line    0x00004a2b       0x52 .\CortexM3\ARM_GCC_493\Debug\car.a(ADC_INT.o)
 .debug_line    0x00004a7d      0x206 .\CortexM3\ARM_GCC_493\Debug\car.a(ADC_SAR.o)
 .debug_line    0x00004c83       0xa1 .\CortexM3\ARM_GCC_493\Debug\car.a(ADC_TempBuf_dma.o)
 .debug_line    0x00004d24       0xa2 .\CortexM3\ARM_GCC_493\Debug\car.a(ADC_FinalBuf_dma.o)
 .debug_line    0x00004dc6      0x14d .\CortexM3\ARM_GCC_493\Debug\car.a(ADC_IRQ.o)
 .debug_line    0x00004f13       0x9c .\CortexM3\ARM_GCC_493\Debug\car.a(CONTRAL_LIDAR.o)
 .debug_line    0x00004faf       0x99 .\CortexM3\ARM_GCC_493\Debug\car.a(debug_time.o)
 .debug_line    0x00005048       0x98 .\CortexM3\ARM_GCC_493\Debug\car.a(PTZ_UP_EN.o)
 .debug_line    0x000050e0       0x9a .\CortexM3\ARM_GCC_493\Debug\car.a(PTZ_UP_STEP.o)
 .debug_line    0x0000517a       0x99 .\CortexM3\ARM_GCC_493\Debug\car.a(PTZ_UP_DIR.o)
 .debug_line    0x00005213       0x9a .\CortexM3\ARM_GCC_493\Debug\car.a(PTZ_DOWN_EN.o)
 .debug_line    0x000052ad       0x9c .\CortexM3\ARM_GCC_493\Debug\car.a(PTZ_DOWN_STEP.o)
 .debug_line    0x00005349       0x9b .\CortexM3\ARM_GCC_493\Debug\car.a(PTZ_DOWN_DIR.o)
 .debug_line    0x000053e4       0x99 .\CortexM3\ARM_GCC_493\Debug\car.a(CHANGE_PWR.o)
 .debug_line    0x0000547d      0x266 .\CortexM3\ARM_GCC_493\Debug\car.a(EEPROM.o)
 .debug_line    0x000056e3      0x139 .\CortexM3\ARM_GCC_493\Debug\car.a(PWM_LED_4.o)
 .debug_line    0x0000581c      0x2c4 .\CortexM3\ARM_GCC_493\Debug\car.a(UART_CH.o)
 .debug_line    0x00005ae0      0x278 .\CortexM3\ARM_GCC_493\Debug\car.a(isr_rx_ch.o)
 .debug_line    0x00005d58      0x198 .\CortexM3\ARM_GCC_493\Debug\car.a(UART_CH_IntClock.o)
 .debug_line    0x00005ef0       0x92 .\CortexM3\ARM_GCC_493\Debug\car.a(SCL.o)
 .debug_line    0x00005f82      0x130 .\CortexM3\ARM_GCC_493\Debug\car.a(ECDR.o)
 .debug_line    0x000060b2       0x69 .\CortexM3\ARM_GCC_493\Debug\car.a(ECDR_INT.o)
 .debug_line    0x0000611b      0x18c .\CortexM3\ARM_GCC_493\Debug\car.a(ECDR_Cnt16.o)
 .debug_line    0x000062a7       0x94 .\CortexM3\ARM_GCC_493\Debug\car.a(M_PWR.o)
 .debug_line    0x0000633b       0x93 .\CortexM3\ARM_GCC_493\Debug\car.a(M_UP.o)
 .debug_line    0x000063ce       0x95 .\CortexM3\ARM_GCC_493\Debug\car.a(M_DOWN.o)
 .debug_line    0x00006463       0x95 .\CortexM3\ARM_GCC_493\Debug\car.a(M_ZERO.o)
 .debug_line    0x000064f8       0x97 .\CortexM3\ARM_GCC_493\Debug\car.a(PUSH_DIR.o)
 .debug_line    0x0000658f       0x96 .\CortexM3\ARM_GCC_493\Debug\car.a(PUSH_EN.o)
 .debug_line    0x00006625       0x98 .\CortexM3\ARM_GCC_493\Debug\car.a(PUSH_STEP.o)
 .debug_line    0x000066bd      0x16d .\CortexM3\ARM_GCC_493\Debug\car.a(PWM_MOTOR_RIGHT.o)
 .debug_line    0x0000682a      0x16c .\CortexM3\ARM_GCC_493\Debug\car.a(PWM_MOTOR_LEFT.o)
 .debug_line    0x00006996       0x9b .\CortexM3\ARM_GCC_493\Debug\car.a(PWM_RIGHT_EN.o)
 .debug_line    0x00006a31       0x9a .\CortexM3\ARM_GCC_493\Debug\car.a(PWM_LEFT_EN.o)
 .debug_line    0x00006acb       0x92 .\CortexM3\ARM_GCC_493\Debug\car.a(EM1.o)
 .debug_line    0x00006b5d       0x92 .\CortexM3\ARM_GCC_493\Debug\car.a(EM2.o)
 .debug_line    0x00006bef       0x92 .\CortexM3\ARM_GCC_493\Debug\car.a(SDL.o)
 .debug_line    0x00006c81      0x1ec .\CortexM3\ARM_GCC_493\Debug\car.a(CyFlash.o)
 .debug_line    0x00006e6d      0x23e .\CortexM3\ARM_GCC_493\Debug\car.a(CySpc.o)

.debug_frame    0x00000000     0x3f50
 *(.debug_frame)
 .debug_frame   0x00000000       0x58 .\CortexM3\ARM_GCC_493\Debug\main.o
 .debug_frame   0x00000058      0x208 .\CortexM3\ARM_GCC_493\Debug\Transfer.o
 .debug_frame   0x00000260      0x214 .\CortexM3\ARM_GCC_493\Debug\car.o
 .debug_frame   0x00000474       0x68 .\CortexM3\ARM_GCC_493\Debug\battery.o
 .debug_frame   0x000004dc      0x114 .\CortexM3\ARM_GCC_493\Debug\Lidar.o
 .debug_frame   0x000005f0       0x70 .\CortexM3\ARM_GCC_493\Debug\systemInfo.o
 .debug_frame   0x00000660       0x6c .\CortexM3\ARM_GCC_493\Debug\multi_timer.o
 .debug_frame   0x000006cc       0x5c .\CortexM3\ARM_GCC_493\Debug\led.o
 .debug_frame   0x00000728       0x84 .\CortexM3\ARM_GCC_493\Debug\M_thickness.o
 .debug_frame   0x000007ac       0x60 .\CortexM3\ARM_GCC_493\Debug\bq20Z75.o
 .debug_frame   0x0000080c      0x174 .\CortexM3\ARM_GCC_493\Debug\i2c_core.o
 .debug_frame   0x00000980       0xac .\CortexM3\ARM_GCC_493\Debug\Cm3Start.o
 .debug_frame   0x00000a2c       0xec .\CortexM3\ARM_GCC_493\Debug\car.a(cyfitter_cfg.o)
 .debug_frame   0x00000b18      0x1f4 .\CortexM3\ARM_GCC_493\Debug\car.a(CyDmac.o)
 .debug_frame   0x00000d0c      0x728 .\CortexM3\ARM_GCC_493\Debug\car.a(CyLib.o)
 .debug_frame   0x00001434      0x1f8 .\CortexM3\ARM_GCC_493\Debug\car.a(cyPm.o)
 .debug_frame   0x0000162c      0x250 .\CortexM3\ARM_GCC_493\Debug\car.a(UART_net.o)
 .debug_frame   0x0000187c       0xe0 .\CortexM3\ARM_GCC_493\Debug\car.a(UART_net_IntClock.o)
 .debug_frame   0x0000195c      0x104 .\CortexM3\ARM_GCC_493\Debug\car.a(isr_tx_net.o)
 .debug_frame   0x00001a60      0x110 .\CortexM3\ARM_GCC_493\Debug\car.a(isr_rx_net.o)
 .debug_frame   0x00001b70      0x124 .\CortexM3\ARM_GCC_493\Debug\car.a(Timer_1.o)
 .debug_frame   0x00001c94      0x110 .\CortexM3\ARM_GCC_493\Debug\car.a(isr_timer.o)
 .debug_frame   0x00001da4      0x14c .\CortexM3\ARM_GCC_493\Debug\car.a(UART_JY.o)
 .debug_frame   0x00001ef0      0x114 .\CortexM3\ARM_GCC_493\Debug\car.a(isr_rx_jy.o)
 .debug_frame   0x00002004       0xe0 .\CortexM3\ARM_GCC_493\Debug\car.a(UART_JY_IntClock.o)
 .debug_frame   0x000020e4       0xe8 .\CortexM3\ARM_GCC_493\Debug\car.a(PWM_LED_1.o)
 .debug_frame   0x000021cc       0xe8 .\CortexM3\ARM_GCC_493\Debug\car.a(PWM_LED_2.o)
 .debug_frame   0x000022b4       0xe8 .\CortexM3\ARM_GCC_493\Debug\car.a(PWM_LED_3.o)
 .debug_frame   0x0000239c      0x1dc .\CortexM3\ARM_GCC_493\Debug\car.a(ADC.o)
 .debug_frame   0x00002578       0x20 .\CortexM3\ARM_GCC_493\Debug\car.a(ADC_INT.o)
 .debug_frame   0x00002598      0x1a4 .\CortexM3\ARM_GCC_493\Debug\car.a(ADC_SAR.o)
 .debug_frame   0x0000273c       0x54 .\CortexM3\ARM_GCC_493\Debug\car.a(ADC_TempBuf_dma.o)
 .debug_frame   0x00002790       0x54 .\CortexM3\ARM_GCC_493\Debug\car.a(ADC_FinalBuf_dma.o)
 .debug_frame   0x000027e4      0x104 .\CortexM3\ARM_GCC_493\Debug\car.a(ADC_IRQ.o)
 .debug_frame   0x000028e8       0x50 .\CortexM3\ARM_GCC_493\Debug\car.a(CONTRAL_LIDAR.o)
 .debug_frame   0x00002938       0x50 .\CortexM3\ARM_GCC_493\Debug\car.a(debug_time.o)
 .debug_frame   0x00002988       0x50 .\CortexM3\ARM_GCC_493\Debug\car.a(PTZ_UP_EN.o)
 .debug_frame   0x000029d8       0x50 .\CortexM3\ARM_GCC_493\Debug\car.a(PTZ_UP_STEP.o)
 .debug_frame   0x00002a28       0x50 .\CortexM3\ARM_GCC_493\Debug\car.a(PTZ_UP_DIR.o)
 .debug_frame   0x00002a78       0x50 .\CortexM3\ARM_GCC_493\Debug\car.a(PTZ_DOWN_EN.o)