Archive member included because of file (symbol)

.\CortexM3\ARM_GCC_493\Debug\car.a(cyfitter_cfg.o)
                              .\CortexM3\ARM_GCC_493\Debug\Cm3Start.o (cyfitter_cfg)
.\CortexM3\ARM_GCC_493\Debug\car.a(CyBootAsmGnu.o)
                              .\CortexM3\ARM_GCC_493\Debug\car.a(cyfitter_cfg.o) (CyDelayCycles)
.\CortexM3\ARM_GCC_493\Debug\car.a(CyDmac.o)
                              .\CortexM3\ARM_GCC_493\Debug\Cm3Start.o (CyDmacConfigure)
.\CortexM3\ARM_GCC_493\Debug\car.a(CyLib.o)
                              .\CortexM3\ARM_GCC_493\Debug\Cm3Start.o (CyHalt)
.\CortexM3\ARM_GCC_493\Debug\car.a(cyPm.o)
                              .\CortexM3\ARM_GCC_493\Debug\car.a(CyLib.o) (CyPmReadStatus)
.\CortexM3\ARM_GCC_493\Debug\car.a(UART_net.o)
                              .\CortexM3\ARM_GCC_493\Debug\main.o (UART_net_Start)
.\CortexM3\ARM_GCC_493\Debug\car.a(UART_net_IntClock.o)
                              .\CortexM3\ARM_GCC_493\Debug\car.a(UART_net.o) (UART_net_IntClock_Start)
.\CortexM3\ARM_GCC_493\Debug\car.a(isr_tx_net.o)
                              .\CortexM3\ARM_GCC_493\Debug\main.o (isr_tx_net_Start)
.\CortexM3\ARM_GCC_493\Debug\car.a(isr_rx_net.o)
                              .\CortexM3\ARM_GCC_493\Debug\main.o (isr_rx_net_Start)
.\CortexM3\ARM_GCC_493\Debug\car.a(L_IN_1.o)
                              .\CortexM3\ARM_GCC_493\Debug\car.o (L_IN_1_Write)
.\CortexM3\ARM_GCC_493\Debug\car.a(L_IN_2.o)
                              .\CortexM3\ARM_GCC_493\Debug\car.o (L_IN_2_Write)
.\CortexM3\ARM_GCC_493\Debug\car.a(R_IN_1.o)
                              .\CortexM3\ARM_GCC_493\Debug\car.o (R_IN_1_Write)
.\CortexM3\ARM_GCC_493\Debug\car.a(R_IN_2.o)
                              .\CortexM3\ARM_GCC_493\Debug\car.o (R_IN_2_Write)
.\CortexM3\ARM_GCC_493\Debug\car.a(PWM_MOTOR.o)
                              .\CortexM3\ARM_GCC_493\Debug\car.o (PWM_MOTOR_WriteCompare1)
.\CortexM3\ARM_GCC_493\Debug\car.a(Timer_1.o)
                              .\CortexM3\ARM_GCC_493\Debug\main.o (Timer_1_Start)
.\CortexM3\ARM_GCC_493\Debug\car.a(isr_timer.o)
                              .\CortexM3\ARM_GCC_493\Debug\main.o (isr_timer_Start)
.\CortexM3\ARM_GCC_493\Debug\car.a(UART_JY.o)
                              .\CortexM3\ARM_GCC_493\Debug\main.o (UART_JY_Start)
.\CortexM3\ARM_GCC_493\Debug\car.a(isr_rx_jy.o)
                              .\CortexM3\ARM_GCC_493\Debug\main.o (isr_rx_jy_Start)
.\CortexM3\ARM_GCC_493\Debug\car.a(UART_JY_IntClock.o)
                              .\CortexM3\ARM_GCC_493\Debug\car.a(UART_JY.o) (UART_JY_IntClock_Start)
.\CortexM3\ARM_GCC_493\Debug\car.a(PWM_LED_1.o)
                              .\CortexM3\ARM_GCC_493\Debug\Transfer.o (PWM_LED_1_WriteCompare)
.\CortexM3\ARM_GCC_493\Debug\car.a(PWM_LED_2.o)
                              .\CortexM3\ARM_GCC_493\Debug\Transfer.o (PWM_LED_2_WriteCompare)
.\CortexM3\ARM_GCC_493\Debug\car.a(PWM_LED_3.o)
                              .\CortexM3\ARM_GCC_493\Debug\Transfer.o (PWM_LED_3_WriteCompare)
.\CortexM3\ARM_GCC_493\Debug\car.a(ADC.o)
                              .\CortexM3\ARM_GCC_493\Debug\battery.o (ADC_Start)
.\CortexM3\ARM_GCC_493\Debug\car.a(ADC_INT.o)
                              .\CortexM3\ARM_GCC_493\Debug\car.a(ADC.o) (ADC_ISR)
.\CortexM3\ARM_GCC_493\Debug\car.a(ADC_SAR.o)
                              .\CortexM3\ARM_GCC_493\Debug\car.a(ADC.o) (ADC_SAR_shift)
.\CortexM3\ARM_GCC_493\Debug\car.a(ADC_TempBuf_dma.o)
                              .\CortexM3\ARM_GCC_493\Debug\car.a(ADC.o) (ADC_TempBuf_DmaInitialize)
.\CortexM3\ARM_GCC_493\Debug\car.a(ADC_FinalBuf_dma.o)
                              .\CortexM3\ARM_GCC_493\Debug\car.a(ADC.o) (ADC_FinalBuf_DmaInitialize)
.\CortexM3\ARM_GCC_493\Debug\car.a(ADC_IRQ.o)
                              .\CortexM3\ARM_GCC_493\Debug\car.a(ADC.o) (ADC_IRQ_SetVector)
.\CortexM3\ARM_GCC_493\Debug\car.a(CONTRAL_LIDAR.o)
                              .\CortexM3\ARM_GCC_493\Debug\main.o (CONTRAL_LIDAR_Write)
.\CortexM3\ARM_GCC_493\Debug\car.a(debug_time.o)
                              .\CortexM3\ARM_GCC_493\Debug\Lidar.o (debug_time_Write)
.\CortexM3\ARM_GCC_493\Debug\car.a(PTZ_UP_EN.o)
                              .\CortexM3\ARM_GCC_493\Debug\car.o (PTZ_UP_EN_Write)
.\CortexM3\ARM_GCC_493\Debug\car.a(PTZ_UP_STEP.o)
                              .\CortexM3\ARM_GCC_493\Debug\car.o (PTZ_UP_STEP_Write)
.\CortexM3\ARM_GCC_493\Debug\car.a(PTZ_UP_DIR.o)
                              .\CortexM3\ARM_GCC_493\Debug\car.o (PTZ_UP_DIR_Write)
.\CortexM3\ARM_GCC_493\Debug\car.a(PTZ_DOWN_EN.o)
                              .\CortexM3\ARM_GCC_493\Debug\car.o (PTZ_DOWN_EN_Write)
.\CortexM3\ARM_GCC_493\Debug\car.a(PTZ_DOWN_STEP.o)
                              .\CortexM3\ARM_GCC_493\Debug\car.o (PTZ_DOWN_STEP_Write)
.\CortexM3\ARM_GCC_493\Debug\car.a(PTZ_DOWN_DIR.o)
                              .\CortexM3\ARM_GCC_493\Debug\car.o (PTZ_DOWN_DIR_Write)
.\CortexM3\ARM_GCC_493\Debug\car.a(SRF_TRG_1.o)
[...]
Memory Configuration

Name             Origin             Length             Attributes
rom              0x00000000         0x00020000         xr
ram              0x1fffc000         0x00008000         xrw
*default*        0x00000000         0xffffffff

Linker script and memory map

LOAD c:/program files (x86)/cypress/psoc creator/3.3/psoc creator/import/gnu/arm/4.9.3/bin/../lib/gcc/arm-none-eabi/4.9.3/armv7-m/crti.o
LOAD c:/program files (x86)/cypress/psoc creator/3.3/psoc creator/import/gnu/arm/4.9.3/bin/../lib/gcc/arm-none-eabi/4.9.3/armv7-m/crtbegin.o
LOAD c:/program files (x86)/cypress/psoc creator/3.3/psoc creator/import/gnu/arm/4.9.3/bin/../lib/gcc/arm-none-eabi/4.9.3/../../../../arm-none-eabi/lib/armv7-m/crt0.o
START GROUP
LOAD .\CortexM3\ARM_GCC_493\Debug\main.o
LOAD .\CortexM3\ARM_GCC_493\Debug\Transfer.o
LOAD .\CortexM3\ARM_GCC_493\Debug\car.o
LOAD .\CortexM3\ARM_GCC_493\Debug\battery.o
LOAD .\CortexM3\ARM_GCC_493\Debug\Lidar.o
LOAD .\CortexM3\ARM_GCC_493\Debug\systemInfo.o
LOAD .\CortexM3\ARM_GCC_493\Debug\multi_timer.o
LOAD .\CortexM3\ARM_GCC_493\Debug\led.o
LOAD .\CortexM3\ARM_GCC_493\Debug\cymetadata.o
LOAD .\CortexM3\ARM_GCC_493\Debug\Cm3Start.o
LOAD .\CortexM3\ARM_GCC_493\Debug\car.a
LOAD C:\Program Files (x86)\Cypress\PSoC Creator\3.3\PSoC Creator\psoc\content\cycomponentlibrary\CyComponentLibrary.cylib\CortexM3\ARM_GCC_493\Debug\CyComponentLibrary.a
END GROUP
START GROUP
LOAD c:/program files (x86)/cypress/psoc creator/3.3/psoc creator/import/gnu/arm/4.9.3/bin/../lib/gcc/arm-none-eabi/4.9.3/armv7-m\libgcc.a
LOAD c:/program files (x86)/cypress/psoc creator/3.3/psoc creator/import/gnu/arm/4.9.3/bin/../lib/gcc/arm-none-eabi/4.9.3/../../../../arm-none-eabi/lib/armv7-m\libg_nano.a
LOAD c:/program files (x86)/cypress/psoc creator/3.3/psoc creator/import/gnu/arm/4.9.3/bin/../lib/gcc/arm-none-eabi/4.9.3/../../../../arm-none-eabi/lib/armv7-m\libc_nano.a
END GROUP
START GROUP
LOAD c:/program files (x86)/cypress/psoc creator/3.3/psoc creator/import/gnu/arm/4.9.3/bin/../lib/gcc/arm-none-eabi/4.9.3/armv7-m\libgcc.a
LOAD c:/program files (x86)/cypress/psoc creator/3.3/psoc creator/import/gnu/arm/4.9.3/bin/../lib/gcc/arm-none-eabi/4.9.3/../../../../arm-none-eabi/lib/armv7-m\libc_nano.a
END GROUP
LOAD c:/program files (x86)/cypress/psoc creator/3.3/psoc creator/import/gnu/arm/4.9.3/bin/../lib/gcc/arm-none-eabi/4.9.3/armv7-m/crtend.o
LOAD c:/program files (x86)/cypress/psoc creator/3.3/psoc creator/import/gnu/arm/4.9.3/bin/../lib/gcc/arm-none-eabi/4.9.3/armv7-m/crtn.o
START GROUP
LOAD c:/program files (x86)/cypress/psoc creator/3.3/psoc creator/import/gnu/arm/4.9.3/bin/../lib/gcc/arm-none-eabi/4.9.3/armv7-m\libgcc.a
LOAD c:/program files (x86)/cypress/psoc creator/3.3/psoc creator/import/gnu/arm/4.9.3/bin/../lib/gcc/arm-none-eabi/4.9.3/../../../../arm-none-eabi/lib/armv7-m\libc.a
LOAD c:/program files (x86)/cypress/psoc creator/3.3/psoc creator/import/gnu/arm/4.9.3/bin/../lib/gcc/arm-none-eabi/4.9.3/../../../../arm-none-eabi/lib/armv7-m\libnosys.a
END GROUP
                0x00000000                CY_APPL_ORIGIN = 0x0
                0x00000100                CY_FLASH_ROW_SIZE = 0x100
                0x00000020                CY_ECC_ROW_SIZE = 0x20
                0x00000000                CY_EE_IN_BTLDR = 0x0
                0x00000000                CY_APPL_LOADABLE = 0x0
                0x00000800                CY_EE_SIZE = 0x800
                0x00000001                CY_APPL_NUM = 0x1
                0x00000001                CY_APPL_MAX = 0x1
                0x00000040                CY_METADATA_SIZE = 0x40
                0x00000000                CY_APPL_LOADABLE = 0x0
                0x00000000                CY_CHECKSUM_EXCLUDE_SIZE = ALIGN (0x0, CY_FLASH_ROW_SIZE)
                0x1fffeab8                PROVIDE (__cy_heap_start, _end)
                0x00000001                PROVIDE (__cy_region_num, ((__cy_regions_end - __cy_regions) / 0x10))
                0x20004000                PROVIDE (__cy_stack, (ORIGIN (ram) + 0x8000))
                0x20003800                PROVIDE (__cy_heap_end, (__cy_stack - 0x800))

.cybootloader   0x00000000        0x0
 *(.cybootloader)
                0x00000000                appl1_start = CY_APPL_ORIGIN?CY_APPL_ORIGIN:ALIGN (CY_FLASH_ROW_SIZE)
                0x0000ff00                appl2_start = (appl1_start + ALIGN ((((0x20000 - appl1_start) - (0x2 * CY_FLASH_ROW_SIZE)) / 0x2), CY_FLASH_ROW_SIZE))
                0x00000000                appl_start = (CY_APPL_NUM == 0x1)?appl1_start:appl2_start
                0x00000000                ecc_offset = ((appl_start / CY_FLASH_ROW_SIZE) * CY_ECC_ROW_SIZE)
                0x00000000                ee_offset = (CY_APPL_LOADABLE && ! (CY_EE_IN_BTLDR))?((CY_EE_SIZE / CY_APPL_MAX) * (CY_APPL_NUM - 0x1)):0x0
                0x00000800                ee_size = (CY_APPL_LOADABLE && ! (CY_EE_IN_BTLDR))?(CY_EE_SIZE / CY_APPL_MAX):CY_EE_SIZE
                0x00000000                PROVIDE (CY_ECC_OFFSET, ecc_offset)

.text           0x00000000     0x3686
 CREATE_OBJECT_SYMBOLS
                0x00000000                PROVIDE (__cy_interrupt_vector, RomVectors)
 *(.romvectors)
 .romvectors    0x00000000       0x10 .\CortexM3\ARM_GCC_493\Debug\Cm3Start.o
                0x00000000                RomVectors
                0x00000001                ASSERT ((. != __cy_interrupt_vector), No interrupt vector)
                0x00000001                ASSERT (CY_APPL_ORIGIN?(SIZEOF (.cybootloader) <= CY_APPL_ORIGIN):0x1, Wrong image location)
                0x00000010                PROVIDE (__cy_reset, Reset)
 *(.text.Reset)
 .text.Reset    0x00000010       0x18 .\CortexM3\ARM_GCC_493\Debug\Cm3Start.o
                0x00000010                Reset
                0x00000001                ASSERT ((. != __cy_reset), No reset code)
 *(.dma_init)
                0x00000001                ASSERT ((((appl_start + .) <= 0x10000) || 0x1), DMA Init must be within the first 64k of flash)
 *(.text .text.* .gnu.linkonce.t.*)
 .text          0x00000028       0x5c c:/program files (x86)/cypress/psoc creator/3.3/psoc creator/import/gnu/arm/4.9.3/bin/../lib/gcc/arm-none-eabi/4.9.3/armv7-m/crtbegin.o
 .text.SRF_loop
                0x00000084       0x30 .\CortexM3\ARM_GCC_493\Debug\main.o
                0x00000084                SRF_loop
 .text.main     0x000000b4      0x160 .\CortexM3\ARM_GCC_493\Debug\main.o
                0x000000b4                main
 .text.DT_Send_Data
                0x00000214        0x8 .\CortexM3\ARM_GCC_493\Debug\Transfer.o
                0x00000214                DT_Send_Data
 .text.DT_Send_Check
                0x0000021c       0x3c .\CortexM3\ARM_GCC_493\Debug\Transfer.o
 .text.DT_Data_Receive_Anl
                0x00000258      0x15c .\CortexM3\ARM_GCC_493\Debug\Transfer.o
                0x00000258                DT_Data_Receive_Anl
 .text.DT_Data_Receive_Prepare
                0x000003b4       0xac .\CortexM3\ARM_GCC_493\Debug\Transfer.o
                0x000003b4                DT_Data_Receive_Prepare
 .text.DT_Send_SystemInfo
                0x00000460       0x70 .\CortexM3\ARM_GCC_493\Debug\Transfer.o
                0x00000460                DT_Send_SystemInfo
 .text.DT_Send_Status
                0x000004d0       0x54 .\CortexM3\ARM_GCC_493\Debug\Transfer.o
                0x000004d0                DT_Send_Status
 .text.DT_Send_Senser
                0x00000524       0xb8 .\CortexM3\ARM_GCC_493\Debug\Transfer.o
                0x00000524                DT_Send_Senser
 .text.DT_Send_Distance
                0x000005dc       0x50 .\CortexM3\ARM_GCC_493\Debug\Transfer.o
                0x000005dc                DT_Send_Distance
 .text.DT_Send_Power
                0x0000062c       0x4c .\CortexM3\ARM_GCC_493\Debug\Transfer.o
                0x0000062c                DT_Send_Power
 .text.DT_Data_Exchange
                0x00000678      0x210 .\CortexM3\ARM_GCC_493\Debug\Transfer.o
                0x00000678                DT_Data_Exchange
 .text.ptz_control
                0x00000888       0x80 .\CortexM3\ARM_GCC_493\Debug\car.o
 .text.Set_Left_Front_Speed_Turn
                0x00000908       0x38 .\CortexM3\ARM_GCC_493\Debug\car.o
 .text.Set_Left_Behind_Speed_Turn
                0x00000940       0x38 .\CortexM3\ARM_GCC_493\Debug\car.o
 .text.Set_Right_Behind_Speed_Turn
                0x00000978       0x38 .\CortexM3\ARM_GCC_493\Debug\car.o
 .text.Command_Car_UP
                0x000009b0       0x24 .\CortexM3\ARM_GCC_493\Debug\car.o
 .text.Command_Car_Down
                0x000009d4       0x24 .\CortexM3\ARM_GCC_493\Debug\car.o
 .text.Car_init
                0x000009f8       0x48 .\CortexM3\ARM_GCC_493\Debug\car.o
                0x000009f8                Car_init
 .text.Car_Hearting_Loop
                0x00000a40       0x24 .\CortexM3\ARM_GCC_493\Debug\car.o
                0x00000a40                Car_Hearting_Loop
 .text.Car_PTZ_DIR
                0x00000a64       0x60 .\CortexM3\ARM_GCC_493\Debug\car.o
                0x00000a64                Car_PTZ_DIR
 .text.Command_Car_Left
                0x00000ac4       0x28 .\CortexM3\ARM_GCC_493\Debug\car.o
                0x00000ac4                Command_Car_Left
 .text.Command_Car_Right
                0x00000aec       0x28 .\CortexM3\ARM_GCC_493\Debug\car.o
                0x00000aec                Command_Car_Right
 .text.Command_Car_brake
                0x00000b14       0x24 .\CortexM3\ARM_GCC_493\Debug\car.o
                0x00000b14                Command_Car_brake
 .text.Car_Dir  0x00000b38       0x4c .\CortexM3\ARM_GCC_493\Debug\car.o
                0x00000b38                Car_Dir
 .text.Car_Control_Loop
                0x00000b84       0x5c .\CortexM3\ARM_GCC_493\Debug\car.o
                0x00000b84                Car_Control_Loop
 .text.Monitor_Battery_Init
                0x00000be0        0xc .\CortexM3\ARM_GCC_493\Debug\battery.o
                0x00000be0                Monitor_Battery_Init
 .text.Get_Battery_ADvalue
                0x00000bec       0x4c .\CortexM3\ARM_GCC_493\Debug\battery.o
                0x00000bec                Get_Battery_ADvalue
 .text.Cal_Battery_loop
                0x00000c38       0x20 .\CortexM3\ARM_GCC_493\Debug\battery.o
                0x00000c38                Cal_Battery_loop
 .text.Lidar_init
                0x00000c58       0x20 .\CortexM3\ARM_GCC_493\Debug\Lidar.o
                0x00000c58                Lidar_init
 .text.SystemInfo_Init
                0x00000c78       0x38 .\CortexM3\ARM_GCC_493\Debug\systemInfo.o
                0x00000c78                SystemInfo_Init
 .text.Cal_time
                0x00000cb0       0x28 .\CortexM3\ARM_GCC_493\Debug\systemInfo.o
                0x00000cb0                Cal_time
 .text.timer_init
                0x00000cd8       0x14 .\CortexM3\ARM_GCC_493\Debug\multi_timer.o
                0x00000cd8                timer_init
 .text.timer_start
                0x00000cec       0x28 .\CortexM3\ARM_GCC_493\Debug\multi_timer.o
                0x00000cec                timer_start
 .text.timer_stop
                0x00000d14       0x20 .\CortexM3\ARM_GCC_493\Debug\multi_timer.o
                0x00000d14                timer_stop
 .text.timer_loop
                0x00000d34       0x34 .\CortexM3\ARM_GCC_493\Debug\multi_timer.o
                0x00000d34                timer_loop
 .text.timer_ticks
                0x00000d68       0x10 .\CortexM3\ARM_GCC_493\Debug\multi_timer.o
                0x00000d68                timer_ticks
 .text.LED_SET_NUM
                0x00000d78        0xc .\CortexM3\ARM_GCC_493\Debug\led.o
                0x00000d78                LED_SET_NUM
 .text.LED_loop
                0x00000d84       0x90 .\CortexM3\ARM_GCC_493\Debug\led.o
                0x00000d84                LED_loop
 .text.IntDefaultHandler
                0x00000e14        0x4 .\CortexM3\ARM_GCC_493\Debug\Cm3Start.o
                0x00000e14                IntDefaultHandler
 .text.Start_c  0x00000e18       0x4c .\CortexM3\ARM_GCC_493\Debug\Cm3Start.o
                0x00000e18                Start_c
 .text.initialize_psoc
                0x00000e64       0x78 .\CortexM3\ARM_GCC_493\Debug\Cm3Start.o
                0x00000e64                initialize_psoc
 .text.cfg_write_bytes32
                0x00000edc       0x34 .\CortexM3\ARM_GCC_493\Debug\car.a(cyfitter_cfg.o)
 .text.AnalogSetDefault
                0x00000f10       0x7c .\CortexM3\ARM_GCC_493\Debug\car.a(cyfitter_cfg.o)
 .text.CYMEMZERO
                0x00000f8c        0xc .\CortexM3\ARM_GCC_493\Debug\car.a(cyfitter_cfg.o)
 .text.ClockSetup
                0x00000f98       0xe4 .\CortexM3\ARM_GCC_493\Debug\car.a(cyfitter_cfg.o)
 .text.CYCONFIGCPY
                0x0000107c        0x8 .\CortexM3\ARM_GCC_493\Debug\car.a(cyfitter_cfg.o)
 .text.cyfitter_cfg
                0x00001084      0x1a8 .\CortexM3\ARM_GCC_493\Debug\car.a(cyfitter_cfg.o)
                0x00001084                cyfitter_cfg
 *fill*         0x0000122c        0x4 
 .text          0x00001230       0x20 .\CortexM3\ARM_GCC_493\Debug\car.a(CyBootAsmGnu.o)
                0x00001230                CyDelayCycles
                0x00001240                CyEnterCriticalSection
                0x00001248                CyExitCriticalSection
 .text.CyDmacConfigure
                0x00001250       0x34 .\CortexM3\ARM_GCC_493\Debug\car.a(CyDmac.o)
                0x00001250                CyDmacConfigure
 .text.CyDmaChEnable
                0x00001284       0x38 .\CortexM3\ARM_GCC_493\Debug\car.a(CyDmac.o)
                0x00001284                CyDmaChEnable
 .text.CyDmaClearPendingDrq
                0x000012bc       0x28 .\CortexM3\ARM_GCC_493\Debug\car.a(CyDmac.o)
                0x000012bc                CyDmaClearPendingDrq
 .text.CyDmaChPriority
                0x000012e4       0x24 .\CortexM3\ARM_GCC_493\Debug\car.a(CyDmac.o)
                0x000012e4                CyDmaChPriority
 .text.CyDmaChSetExtendedAddress
                0x00001308       0x34 .\CortexM3\ARM_GCC_493\Debug\car.a(CyDmac.o)
                0x00001308                CyDmaChSetExtendedAddress
 .text.CyDmaChSetInitialTd
                0x0000133c       0x18 .\CortexM3\ARM_GCC_493\Debug\car.a(CyDmac.o)
                0x0000133c                CyDmaChSetInitialTd
 .text.CyDmaChSetConfiguration
                0x00001354       0x48 .\CortexM3\ARM_GCC_493\Debug\car.a(CyDmac.o)
                0x00001354                CyDmaChSetConfiguration
 .text.CyDmaTdAllocate
                0x0000139c       0x34 .\CortexM3\ARM_GCC_493\Debug\car.a(CyDmac.o)
                0x0000139c                CyDmaTdAllocate
 .text.CyDmaTdSetConfiguration
                0x000013d0       0x28 .\CortexM3\ARM_GCC_493\Debug\car.a(CyDmac.o)
                0x000013d0                CyDmaTdSetConfiguration
 .text.CyDmaTdSetAddress
                0x000013f8       0x1c .\CortexM3\ARM_GCC_493\Debug\car.a(CyDmac.o)
                0x000013f8                CyDmaTdSetAddress
 .text.CyHalt   0x00001414        0x4 .\CortexM3\ARM_GCC_493\Debug\car.a(CyLib.o)
                0x00001414                CyHalt
 .text.CyDelay  0x00001418       0x2c .\CortexM3\ARM_GCC_493\Debug\car.a(CyLib.o)
                0x00001418                CyDelay
 .text.CyDelayUs
                0x00001444       0x14 .\CortexM3\ARM_GCC_493\Debug\car.a(CyLib.o)
                0x00001444                CyDelayUs
 .text.UART_net_Init
                0x00001458       0x28 .\CortexM3\ARM_GCC_493\Debug\car.a(UART_net.o)
                0x00001458                UART_net_Init
 .text.UART_net_Enable
                0x00001480       0x38 .\CortexM3\ARM_GCC_493\Debug\car.a(UART_net.o)
                0x00001480                UART_net_Enable
 .text.UART_net_Start
                0x000014b8       0x1c .\CortexM3\ARM_GCC_493\Debug\car.a(UART_net.o)
                0x000014b8                UART_net_Start
 .text.UART_net_GetChar
                0x000014d4       0x2c .\CortexM3\ARM_GCC_493\Debug\car.a(UART_net.o)
                0x000014d4                UART_net_GetChar
 .text.UART_net_PutChar
                0x00001500       0x18 .\CortexM3\ARM_GCC_493\Debug\car.a(UART_net.o)
                0x00001500                UART_net_PutChar
 .text.UART_net_PutArray
                0x00001518       0x28 .\CortexM3\ARM_GCC_493\Debug\car.a(UART_net.o)
                0x00001518                UART_net_PutArray
 .text.UART_net_IntClock_Start
                0x00001540       0x1c .\CortexM3\ARM_GCC_493\Debug\car.a(UART_net_IntClock.o)
                0x00001540                UART_net_IntClock_Start
 .text.isr_tx_net_Interrupt
                0x0000155c        0x4 .\CortexM3\ARM_GCC_493\Debug\car.a(isr_tx_net.o)
                0x0000155c                isr_tx_net_Interrupt
 .text.isr_tx_net_SetVector
                0x00001560        0xc .\CortexM3\ARM_GCC_493\Debug\car.a(isr_tx_net.o)
                0x00001560                isr_tx_net_SetVector
 .text.isr_tx_net_SetPriority
                0x0000156c       0x10 .\CortexM3\ARM_GCC_493\Debug\car.a(isr_tx_net.o)
                0x0000156c                isr_tx_net_SetPriority
 .text.isr_tx_net_Enable
                0x0000157c        0xc .\CortexM3\ARM_GCC_493\Debug\car.a(isr_tx_net.o)
                0x0000157c                isr_tx_net_Enable
 .text.isr_tx_net_Disable
                0x00001588        0xc .\CortexM3\ARM_GCC_493\Debug\car.a(isr_tx_net.o)
                0x00001588                isr_tx_net_Disable
 .text.isr_tx_net_Start
                0x00001594       0x1c .\CortexM3\ARM_GCC_493\Debug\car.a(isr_tx_net.o)
                0x00001594                isr_tx_net_Start
 .text.isr_rx_net_Interrupt
                0x000015b0        0xc .\CortexM3\ARM_GCC_493\Debug\car.a(isr_rx_net.o)
                0x000015b0                isr_rx_net_Interrupt
 .text.isr_rx_net_SetVector
                0x000015bc        0xc .\CortexM3\ARM_GCC_493\Debug\car.a(isr_rx_net.o)
                0x000015bc                isr_rx_net_SetVector
 .text.isr_rx_net_SetPriority
                0x000015c8       0x10 .\CortexM3\ARM_GCC_493\Debug\car.a(isr_rx_net.o)
                0x000015c8                isr_rx_net_SetPriority
 .text.isr_rx_net_Enable
                0x000015d8        0xc .\CortexM3\ARM_GCC_493\Debug\car.a(isr_rx_net.o)
                0x000015d8                isr_rx_net_Enable
 .text.isr_rx_net_Disable
                0x000015e4        0xc .\CortexM3\ARM_GCC_493\Debug\car.a(isr_rx_net.o)
                0x000015e4                isr_rx_net_Disable
 .text.isr_rx_net_Start
                0x000015f0       0x1c .\CortexM3\ARM_GCC_493\Debug\car.a(isr_rx_net.o)
                0x000015f0                isr_rx_net_Start
 .text.L_IN_1_Write
                0x0000160c       0x18 .\CortexM3\ARM_GCC_493\Debug\car.a(L_IN_1.o)
                0x0000160c                L_IN_1_Write
 .text.L_IN_2_Write
                0x00001624       0x18 .\CortexM3\ARM_GCC_493\Debug\car.a(L_IN_2.o)
                0x00001624                L_IN_2_Write
 .text.R_IN_1_Write
                0x0000163c       0x18 .\CortexM3\ARM_GCC_493\Debug\car.a(R_IN_1.o)
                0x0000163c                R_IN_1_Write
 .text.R_IN_2_Write
                0x00001654       0x18 .\CortexM3\ARM_GCC_493\Debug\car.a(R_IN_2.o)
                0x00001654                R_IN_2_Write
 .text.PWM_MOTOR_Enable
                0x0000166c       0x10 .\CortexM3\ARM_GCC_493\Debug\car.a(PWM_MOTOR.o)
                0x0000166c                PWM_MOTOR_Enable
 .text.PWM_MOTOR_WriteCounter
                0x0000167c        0xc .\CortexM3\ARM_GCC_493\Debug\car.a(PWM_MOTOR.o)
                0x0000167c                PWM_MOTOR_WriteCounter
 .text.PWM_MOTOR_WritePeriod
                0x00001688        0xc .\CortexM3\ARM_GCC_493\Debug\car.a(PWM_MOTOR.o)
                0x00001688                PWM_MOTOR_WritePeriod
 .text.PWM_MOTOR_WriteCompare1
                0x00001694        0xc .\CortexM3\ARM_GCC_493\Debug\car.a(PWM_MOTOR.o)
                0x00001694                PWM_MOTOR_WriteCompare1
 .text.PWM_MOTOR_WriteCompare2
                0x000016a0        0xc .\CortexM3\ARM_GCC_493\Debug\car.a(PWM_MOTOR.o)
                0x000016a0                PWM_MOTOR_WriteCompare2
 .text.PWM_MOTOR_Init
                0x000016ac       0x48 .\CortexM3\ARM_GCC_493\Debug\car.a(PWM_MOTOR.o)
                0x000016ac                PWM_MOTOR_Init
 .text.PWM_MOTOR_Start
                0x000016f4       0x1c .\CortexM3\ARM_GCC_493\Debug\car.a(PWM_MOTOR.o)
                0x000016f4                PWM_MOTOR_Start
 .text.Timer_1_Enable
                0x00001710       0x10 .\CortexM3\ARM_GCC_493\Debug\car.a(Timer_1.o)
                0x00001710                Timer_1_Enable
 .text.Timer_1_SetInterruptMode
                0x00001720        0xc .\CortexM3\ARM_GCC_493\Debug\car.a(Timer_1.o)
                0x00001720                Timer_1_SetInterruptMode
 .text.Timer_1_ReadStatusRegister
                0x0000172c        0xc .\CortexM3\ARM_GCC_493\Debug\car.a(Timer_1.o)
                0x0000172c                Timer_1_ReadStatusRegister
 .text.Timer_1_WritePeriod
                0x00001738        0xc .\CortexM3\ARM_GCC_493\Debug\car.a(Timer_1.o)
                0x00001738                Timer_1_WritePeriod
 .text.Timer_1_ReadCapture
                0x00001744        0xc .\CortexM3\ARM_GCC_493\Debug\car.a(Timer_1.o)
                0x00001744                Timer_1_ReadCapture
 .text.Timer_1_WriteCounter
                0x00001750        0xc .\CortexM3\ARM_GCC_493\Debug\car.a(Timer_1.o)
                0x00001750                Timer_1_WriteCounter
 .text.Timer_1_ClearFIFO
                0x0000175c       0x14 .\CortexM3\ARM_GCC_493\Debug\car.a(Timer_1.o)
                0x0000175c                Timer_1_ClearFIFO
 .text.Timer_1_Init
                0x00001770       0x34 .\CortexM3\ARM_GCC_493\Debug\car.a(Timer_1.o)
                0x00001770                Timer_1_Init
 .text.Timer_1_Start
                0x000017a4       0x1c .\CortexM3\ARM_GCC_493\Debug\car.a(Timer_1.o)
                0x000017a4                Timer_1_Start
 .text.isr_timer_Interrupt
                0x000017c0       0x94 .\CortexM3\ARM_GCC_493\Debug\car.a(isr_timer.o)
                0x000017c0                isr_timer_Interrupt
 .text.isr_timer_SetVector
                0x00001854        0xc .\CortexM3\ARM_GCC_493\Debug\car.a(isr_timer.o)
                0x00001854                isr_timer_SetVector
 .text.isr_timer_SetPriority
                0x00001860       0x10 .\CortexM3\ARM_GCC_493\Debug\car.a(isr_timer.o)
                0x00001860                isr_timer_SetPriority
 .text.isr_timer_Enable
                0x00001870        0xc .\CortexM3\ARM_GCC_493\Debug\car.a(isr_timer.o)
                0x00001870                isr_timer_Enable
 .text.isr_timer_Disable
                0x0000187c        0xc .\CortexM3\ARM_GCC_493\Debug\car.a(isr_timer.o)
                0x0000187c                isr_timer_Disable
 .text.isr_timer_Start
                0x00001888       0x1c .\CortexM3\ARM_GCC_493\Debug\car.a(isr_timer.o)
                0x00001888                isr_timer_Start
 .text.UART_JY_Init
                0x000018a4       0x24 .\CortexM3\ARM_GCC_493\Debug\car.a(UART_JY.o)
                0x000018a4                UART_JY_Init
 .text.UART_JY_Enable
                0x000018c8       0x38 .\CortexM3\ARM_GCC_493\Debug\car.a(UART_JY.o)
                0x000018c8                UART_JY_Enable
 .text.UART_JY_Start
                0x00001900       0x1c .\CortexM3\ARM_GCC_493\Debug\car.a(UART_JY.o)
                0x00001900                UART_JY_Start
 .text.UART_JY_GetChar
                0x0000191c       0x2c .\CortexM3\ARM_GCC_493\Debug\car.a(UART_JY.o)
                0x0000191c                UART_JY_GetChar
 .text.isr_rx_jy_Interrupt
                0x00001948       0xd4 .\CortexM3\ARM_GCC_493\Debug\car.a(isr_rx_jy.o)
                0x00001948                isr_rx_jy_Interrupt
 .text.isr_rx_jy_SetVector
                0x00001a1c        0xc .\CortexM3\ARM_GCC_493\Debug\car.a(isr_rx_jy.o)
                0x00001a1c                isr_rx_jy_SetVector
 .text.isr_rx_jy_SetPriority
                0x00001a28       0x10 .\CortexM3\ARM_GCC_493\Debug\car.a(isr_rx_jy.o)
                0x00001a28                isr_rx_jy_SetPriority
 .text.isr_rx_jy_Enable
                0x00001a38        0xc .\CortexM3\ARM_GCC_493\Debug\car.a(isr_rx_jy.o)
                0x00001a38                isr_rx_jy_Enable
 .text.isr_rx_jy_Disable
                0x00001a44        0xc .\CortexM3\ARM_GCC_493\Debug\car.a(isr_rx_jy.o)
                0x00001a44                isr_rx_jy_Disable
 .text.isr_rx_jy_Start
                0x00001a50       0x1c .\CortexM3\ARM_GCC_493\Debug\car.a(isr_rx_jy.o)
                0x00001a50                isr_rx_jy_Start
 .text.UART_JY_IntClock_Start
                0x00001a6c       0x1c .\CortexM3\ARM_GCC_493\Debug\car.a(UART_JY_IntClock.o)
                0x00001a6c                UART_JY_IntClock_Start
 .text.PWM_LED_1_Enable
                0x00001a88       0x28 .\CortexM3\ARM_GCC_493\Debug\car.a(PWM_LED_1.o)
                0x00001a88                PWM_LED_1_Enable
 .text.PWM_LED_1_WritePeriod
                0x00001ab0        0xc .\CortexM3\ARM_GCC_493\Debug\car.a(PWM_LED_1.o)
                0x00001ab0                PWM_LED_1_WritePeriod
 .text.PWM_LED_1_WriteCompare
                0x00001abc        0xc .\CortexM3\ARM_GCC_493\Debug\car.a(PWM_LED_1.o)
                0x00001abc                PWM_LED_1_WriteCompare
 .text.PWM_LED_1_SetInterruptMode
                0x00001ac8        0xc .\CortexM3\ARM_GCC_493\Debug\car.a(PWM_LED_1.o)
                0x00001ac8                PWM_LED_1_SetInterruptMode
 .text.PWM_LED_1_Init
                0x00001ad4       0x78 .\CortexM3\ARM_GCC_493\Debug\car.a(PWM_LED_1.o)
                0x00001ad4                PWM_LED_1_Init
 .text.PWM_LED_1_Start
                0x00001b4c       0x1c .\CortexM3\ARM_GCC_493\Debug\car.a(PWM_LED_1.o)
                0x00001b4c                PWM_LED_1_Start
 .text.PWM_LED_2_Enable
                0x00001b68       0x28 .\CortexM3\ARM_GCC_493\Debug\car.a(PWM_LED_2.o)
                0x00001b68                PWM_LED_2_Enable
 .text.PWM_LED_2_WritePeriod
                0x00001b90        0xc .\CortexM3\ARM_GCC_493\Debug\car.a(PWM_LED_2.o)
                0x00001b90                PWM_LED_2_WritePeriod
 .text.PWM_LED_2_WriteCompare
                0x00001b9c        0xc .\CortexM3\ARM_GCC_493\Debug\car.a(PWM_LED_2.o)
                0x00001b9c                PWM_LED_2_WriteCompare
 .text.PWM_LED_2_SetInterruptMode
                0x00001ba8        0xc .\CortexM3\ARM_GCC_493\Debug\car.a(PWM_LED_2.o)
                0x00001ba8                PWM_LED_2_SetInterruptMode
 .text.PWM_LED_2_Init
                0x00001bb4       0x78 .\CortexM3\ARM_GCC_493\Debug\car.a(PWM_LED_2.o)
                0x00001bb4                PWM_LED_2_Init
 .text.PWM_LED_2_Start
                0x00001c2c       0x1c .\CortexM3\ARM_GCC_493\Debug\car.a(PWM_LED_2.o)
                0x00001c2c                PWM_LED_2_Start
 .text.PWM_LED_3_Enable
                0x00001c48       0x28 .\CortexM3\ARM_GCC_493\Debug\car.a(PWM_LED_3.o)
                0x00001c48                PWM_LED_3_Enable
 .text.PWM_LED_3_WritePeriod
                0x00001c70        0xc .\CortexM3\ARM_GCC_493\Debug\car.a(PWM_LED_3.o)
                0x00001c70                PWM_LED_3_WritePeriod
 .text.PWM_LED_3_WriteCompare
                0x00001c7c        0xc .\CortexM3\ARM_GCC_493\Debug\car.a(PWM_LED_3.o)
                0x00001c7c                PWM_LED_3_WriteCompare
 .text.PWM_LED_3_SetInterruptMode
                0x00001c88        0xc .\CortexM3\ARM_GCC_493\Debug\car.a(PWM_LED_3.o)
                0x00001c88                PWM_LED_3_SetInterruptMode
 .text.PWM_LED_3_Init
                0x00001c94       0x78 .\CortexM3\ARM_GCC_493\Debug\car.a(PWM_LED_3.o)
                0x00001c94                PWM_LED_3_Init
 .text.PWM_LED_3_Start
                0x00001d0c       0x1c .\CortexM3\ARM_GCC_493\Debug\car.a(PWM_LED_3.o)
                0x00001d0c                PWM_LED_3_Start
 .text.ADC_Init
                0x00001d28       0x3c .\CortexM3\ARM_GCC_493\Debug\car.a(ADC.o)
                0x00001d28                ADC_Init
 .text.ADC_Enable
                0x00001d64       0xcc .\CortexM3\ARM_GCC_493\Debug\car.a(ADC.o)
                0x00001d64                ADC_Enable
 .text.ADC_Start
                0x00001e30       0x28 .\CortexM3\ARM_GCC_493\Debug\car.a(ADC.o)
                0x00001e30                ADC_Start
 .text.ADC_StartConvert
                0x00001e58        0x8 .\CortexM3\ARM_GCC_493\Debug\car.a(ADC.o)
                0x00001e58                ADC_StartConvert
 .text.ADC_GetResult16
                0x00001e60       0x1c .\CortexM3\ARM_GCC_493\Debug\car.a(ADC.o)
                0x00001e60                ADC_GetResult16
 .text.ADC_ISR  0x00001e7c        0x4 .\CortexM3\ARM_GCC_493\Debug\car.a(ADC_INT.o)
                0x00001e7c                ADC_ISR
 .text.ADC_SAR_CalcGain
                0x00001e80       0x64 .\CortexM3\ARM_GCC_493\Debug\car.a(ADC_SAR.o)
 .text.ADC_SAR_Enable
                0x00001ee4       0x78 .\CortexM3\ARM_GCC_493\Debug\car.a(ADC_SAR.o)
                0x00001ee4                ADC_SAR_Enable
 .text.ADC_SAR_SetResolution
                0x00001f5c       0x38 .\CortexM3\ARM_GCC_493\Debug\car.a(ADC_SAR.o)
                0x00001f5c                ADC_SAR_SetResolution
 .text.ADC_SAR_Init
                0x00001f94       0x24 .\CortexM3\ARM_GCC_493\Debug\car.a(ADC_SAR.o)
                0x00001f94                ADC_SAR_Init
 .text.ADC_SAR_Start
                0x00001fb8       0x1c .\CortexM3\ARM_GCC_493\Debug\car.a(ADC_SAR.o)
                0x00001fb8                ADC_SAR_Start
 .text.ADC_SAR_StartConvert
                0x00001fd4       0x10 .\CortexM3\ARM_GCC_493\Debug\car.a(ADC_SAR.o)
                0x00001fd4                ADC_SAR_StartConvert
 .text.ADC_TempBuf_DmaInitialize
                0x00001fe4       0x40 .\CortexM3\ARM_GCC_493\Debug\car.a(ADC_TempBuf_dma.o)
                0x00001fe4                ADC_TempBuf_DmaInitialize
 .text.ADC_FinalBuf_DmaInitialize
                0x00002024       0x3c .\CortexM3\ARM_GCC_493\Debug\car.a(ADC_FinalBuf_dma.o)
                0x00002024                ADC_FinalBuf_DmaInitialize
 .text.ADC_IRQ_SetVector
                0x00002060        0xc .\CortexM3\ARM_GCC_493\Debug\car.a(ADC_IRQ.o)
                0x00002060                ADC_IRQ_SetVector
 .text.ADC_IRQ_SetPriority
                0x0000206c       0x10 .\CortexM3\ARM_GCC_493\Debug\car.a(ADC_IRQ.o)
                0x0000206c                ADC_IRQ_SetPriority
 .text.CONTRAL_LIDAR_Write
                0x0000207c       0x18 .\CortexM3\ARM_GCC_493\Debug\car.a(CONTRAL_LIDAR.o)
                0x0000207c                CONTRAL_LIDAR_Write
 .text.PTZ_UP_EN_Write
                0x00002094       0x18 .\CortexM3\ARM_GCC_493\Debug\car.a(PTZ_UP_EN.o)
                0x00002094                PTZ_UP_EN_Write
 .text.PTZ_UP_STEP_Write
                0x000020ac       0x18 .\CortexM3\ARM_GCC_493\Debug\car.a(PTZ_UP_STEP.o)
                0x000020ac                PTZ_UP_STEP_Write
 .text.PTZ_UP_DIR_Write
                0x000020c4       0x18 .\CortexM3\ARM_GCC_493\Debug\car.a(PTZ_UP_DIR.o)
                0x000020c4                PTZ_UP_DIR_Write
 .text.PTZ_DOWN_EN_Write
                0x000020dc       0x18 .\CortexM3\ARM_GCC_493\Debug\car.a(PTZ_DOWN_EN.o)
                0x000020dc                PTZ_DOWN_EN_Write
 .text.PTZ_DOWN_STEP_Write
                0x000020f4       0x18 .\CortexM3\ARM_GCC_493\Debug\car.a(PTZ_DOWN_STEP.o)
                0x000020f4                PTZ_DOWN_STEP_Write
 .text.PTZ_DOWN_DIR_Write
                0x0000210c       0x18 .\CortexM3\ARM_GCC_493\Debug\car.a(PTZ_DOWN_DIR.o)
                0x0000210c                PTZ_DOWN_DIR_Write
 .text.SRF_TRG_1_Write
                0x00002124       0x18 .\CortexM3\ARM_GCC_493\Debug\car.a(SRF_TRG_1.o)
                0x00002124                SRF_TRG_1_Write
 .text.SRF_05_Timer_Enable
                0x0000213c       0x10 .\CortexM3\ARM_GCC_493\Debug\car.a(SRF_05_Timer.o)
                0x0000213c                SRF_05_Timer_Enable
 .text.SRF_05_Timer_SetInterruptMode
                0x0000214c        0xc .\CortexM3\ARM_GCC_493\Debug\car.a(SRF_05_Timer.o)
                0x0000214c                SRF_05_Timer_SetInterruptMode
 .text.SRF_05_Timer_ReadStatusRegister
                0x00002158        0xc .\CortexM3\ARM_GCC_493\Debug\car.a(SRF_05_Timer.o)
                0x00002158                SRF_05_Timer_ReadStatusRegister
 .text.SRF_05_Timer_WritePeriod
                0x00002164        0xc .\CortexM3\ARM_GCC_493\Debug\car.a(SRF_05_Timer.o)
                0x00002164                SRF_05_Timer_WritePeriod
 .text.SRF_05_Timer_ReadCapture
                0x00002170        0xc .\CortexM3\ARM_GCC_493\Debug\car.a(SRF_05_Timer.o)
                0x00002170                SRF_05_Timer_ReadCapture
 .text.SRF_05_Timer_WriteCounter
                0x0000217c        0xc .\CortexM3\ARM_GCC_493\Debug\car.a(SRF_05_Timer.o)
                0x0000217c                SRF_05_Timer_WriteCounter
 .text.SRF_05_Timer_SetInterruptCount
                0x00002188       0x1c .\CortexM3\ARM_GCC_493\Debug\car.a(SRF_05_Timer.o)
                0x00002188                SRF_05_Timer_SetInterruptCount
 .text.SRF_05_Timer_ClearFIFO
                0x000021a4       0x14 .\CortexM3\ARM_GCC_493\Debug\car.a(SRF_05_Timer.o)
                0x000021a4                SRF_05_Timer_ClearFIFO
 .text.SRF_05_Timer_Init
                0x000021b8       0x3c .\CortexM3\ARM_GCC_493\Debug\car.a(SRF_05_Timer.o)
                0x000021b8                SRF_05_Timer_Init
 .text.SRF_05_Timer_Start
                0x000021f4       0x1c .\CortexM3\ARM_GCC_493\Debug\car.a(SRF_05_Timer.o)
                0x000021f4                SRF_05_Timer_Start
 .text.isr_srf_front_Interrupt
                0x00002210       0x64 .\CortexM3\ARM_GCC_493\Debug\car.a(isr_srf_front.o)
                0x00002210                isr_srf_front_Interrupt
 .text.isr_srf_front_SetVector
                0x00002274        0xc .\CortexM3\ARM_GCC_493\Debug\car.a(isr_srf_front.o)
                0x00002274                isr_srf_front_SetVector
 .text.isr_srf_front_SetPriority
                0x00002280       0x10 .\CortexM3\ARM_GCC_493\Debug\car.a(isr_srf_front.o)
                0x00002280                isr_srf_front_SetPriority
 .text.isr_srf_front_Enable
                0x00002290        0xc .\CortexM3\ARM_GCC_493\Debug\car.a(isr_srf_front.o)
                0x00002290                isr_srf_front_Enable
 .text.isr_srf_front_Disable
                0x0000229c        0xc .\CortexM3\ARM_GCC_493\Debug\car.a(isr_srf_front.o)
                0x0000229c                isr_srf_front_Disable
 .text.isr_srf_front_Start
                0x000022a8       0x1c .\CortexM3\ARM_GCC_493\Debug\car.a(isr_srf_front.o)
                0x000022a8                isr_srf_front_Start
 .text.isr_srf_back_Interrupt
                0x000022c4       0x64 .\CortexM3\ARM_GCC_493\Debug\car.a(isr_srf_back.o)
                0x000022c4                isr_srf_back_Interrupt
 .text.isr_srf_back_SetVector
                0x00002328        0xc .\CortexM3\ARM_GCC_493\Debug\car.a(isr_srf_back.o)
                0x00002328                isr_srf_back_SetVector
 .text.isr_srf_back_SetPriority
                0x00002334       0x10 .\CortexM3\ARM_GCC_493\Debug\car.a(isr_srf_back.o)
                0x00002334                isr_srf_back_SetPriority
 .text.isr_srf_back_Enable
                0x00002344        0xc .\CortexM3\ARM_GCC_493\Debug\car.a(isr_srf_back.o)
                0x00002344                isr_srf_back_Enable
 .text.isr_srf_back_Disable
                0x00002350        0xc .\CortexM3\ARM_GCC_493\Debug\car.a(isr_srf_back.o)
                0x00002350                isr_srf_back_Disable
 .text.isr_srf_back_Start
                0x0000235c       0x1c .\CortexM3\ARM_GCC_493\Debug\car.a(isr_srf_back.o)
                0x0000235c                isr_srf_back_Start
 .text.SRF_TRG_2_Write
                0x00002378       0x18 .\CortexM3\ARM_GCC_493\Debug\car.a(SRF_TRG_2.o)
                0x00002378                SRF_TRG_2_Write
 .text.SRF_05_Timer_1_Enable
                0x00002390       0x10 .\CortexM3\ARM_GCC_493\Debug\car.a(SRF_05_Timer_1.o)
                0x00002390                SRF_05_Timer_1_Enable
 .text.SRF_05_Timer_1_SetInterruptMode
                0x000023a0        0xc .\CortexM3\ARM_GCC_493\Debug\car.a(SRF_05_Timer_1.o)
                0x000023a0                SRF_05_Timer_1_SetInterruptMode
 .text.SRF_05_Timer_1_ReadStatusRegister
                0x000023ac        0xc .\CortexM3\ARM_GCC_493\Debug\car.a(SRF_05_Timer_1.o)
                0x000023ac                SRF_05_Timer_1_ReadStatusRegister
 .text.SRF_05_Timer_1_WritePeriod
                0x000023b8        0xc .\CortexM3\ARM_GCC_493\Debug\car.a(SRF_05_Timer_1.o)
                0x000023b8                SRF_05_Timer_1_WritePeriod
 .text.SRF_05_Timer_1_ReadCapture
                0x000023c4        0xc .\CortexM3\ARM_GCC_493\Debug\car.a(SRF_05_Timer_1.o)
                0x000023c4                SRF_05_Timer_1_ReadCapture
 .text.SRF_05_Timer_1_WriteCounter
                0x000023d0        0xc .\CortexM3\ARM_GCC_493\Debug\car.a(SRF_05_Timer_1.o)
                0x000023d0                SRF_05_Timer_1_WriteCounter
 .text.SRF_05_Timer_1_SetInterruptCount
                0x000023dc       0x1c .\CortexM3\ARM_GCC_493\Debug\car.a(SRF_05_Timer_1.o)
                0x000023dc                SRF_05_Timer_1_SetInterruptCount
 .text.SRF_05_Timer_1_ClearFIFO
                0x000023f8       0x14 .\CortexM3\ARM_GCC_493\Debug\car.a(SRF_05_Timer_1.o)
                0x000023f8                SRF_05_Timer_1_ClearFIFO
 .text.SRF_05_Timer_1_Init
                0x0000240c       0x3c .\CortexM3\ARM_GCC_493\Debug\car.a(SRF_05_Timer_1.o)
                0x0000240c                SRF_05_Timer_1_Init
 .text.SRF_05_Timer_1_Start
                0x00002448       0x1c .\CortexM3\ARM_GCC_493\Debug\car.a(SRF_05_Timer_1.o)
                0x00002448                SRF_05_Timer_1_Start
 .text.CHANGE_PWR_Write
                0x00002464       0x18 .\CortexM3\ARM_GCC_493\Debug\car.a(CHANGE_PWR.o)
                0x00002464                CHANGE_PWR_Write
 .text.QuadDec_1_GetEvents
                0x0000247c       0x10 .\CortexM3\ARM_GCC_493\Debug\car.a(QuadDec_1.o)
                0x0000247c                QuadDec_1_GetEvents
 .text.QuadDec_1_SetInterruptMask
                0x0000248c        0xc .\CortexM3\ARM_GCC_493\Debug\car.a(QuadDec_1.o)
                0x0000248c                QuadDec_1_SetInterruptMask
 .text.QuadDec_1_Enable
                0x00002498       0x24 .\CortexM3\ARM_GCC_493\Debug\car.a(QuadDec_1.o)
                0x00002498                QuadDec_1_Enable
 .text.QuadDec_1_Start
                0x000024bc       0x24 .\CortexM3\ARM_GCC_493\Debug\car.a(QuadDec_1.o)
                0x000024bc                QuadDec_1_Start
 .text.QuadDec_1_Cnt16_Enable
                0x000024e0       0x10 .\CortexM3\ARM_GCC_493\Debug\car.a(QuadDec_1_Cnt16.o)
                0x000024e0                QuadDec_1_Cnt16_Enable
 .text.QuadDec_1_Cnt16_SetInterruptMode
                0x000024f0        0xc .\CortexM3\ARM_GCC_493\Debug\car.a(QuadDec_1_Cnt16.o)
                0x000024f0                QuadDec_1_Cnt16_SetInterruptMode
 .text.QuadDec_1_Cnt16_ReadStatusRegister
                0x000024fc        0xc .\CortexM3\ARM_GCC_493\Debug\car.a(QuadDec_1_Cnt16.o)
                0x000024fc                QuadDec_1_Cnt16_ReadStatusRegister
 .text.QuadDec_1_Cnt16_WriteCounter
                0x00002508        0xc .\CortexM3\ARM_GCC_493\Debug\car.a(QuadDec_1_Cnt16.o)
                0x00002508                QuadDec_1_Cnt16_WriteCounter
 .text.QuadDec_1_Cnt16_ReadCapture
                0x00002514        0xc .\CortexM3\ARM_GCC_493\Debug\car.a(QuadDec_1_Cnt16.o)
                0x00002514                QuadDec_1_Cnt16_ReadCapture
 .text.QuadDec_1_Cnt16_WritePeriod
                0x00002520        0xc .\CortexM3\ARM_GCC_493\Debug\car.a(QuadDec_1_Cnt16.o)
                0x00002520                QuadDec_1_Cnt16_WritePeriod
 .text.QuadDec_1_Cnt16_WriteCompare
                0x0000252c        0xc .\CortexM3\ARM_GCC_493\Debug\car.a(QuadDec_1_Cnt16.o)
                0x0000252c                QuadDec_1_Cnt16_WriteCompare
 .text.QuadDec_1_Cnt16_ClearFIFO
                0x00002538       0x14 .\CortexM3\ARM_GCC_493\Debug\car.a(QuadDec_1_Cnt16.o)
                0x00002538                QuadDec_1_Cnt16_ClearFIFO
 .text.QuadDec_1_Cnt16_Init
                0x0000254c       0x58 .\CortexM3\ARM_GCC_493\Debug\car.a(QuadDec_1_Cnt16.o)
                0x0000254c                QuadDec_1_Cnt16_Init
 .text.QuadDec_1_Cnt16_Start
                0x000025a4       0x1c .\CortexM3\ARM_GCC_493\Debug\car.a(QuadDec_1_Cnt16.o)
                0x000025a4                QuadDec_1_Cnt16_Start
 .text.EEPROM_Enable
                0x000025c0        0xc .\CortexM3\ARM_GCC_493\Debug\car.a(EEPROM.o)
                0x000025c0                EEPROM_Enable
 .text.EEPROM_Start
                0x000025cc        0x8 .\CortexM3\ARM_GCC_493\Debug\car.a(EEPROM.o)
                0x000025cc                EEPROM_Start
 .text.EEPROM_WriteByte
                0x000025d4       0xd4 .\CortexM3\ARM_GCC_493\Debug\car.a(EEPROM.o)
                0x000025d4                EEPROM_WriteByte
 .text.EEPROM_ReadByte
                0x000026a8       0x28 .\CortexM3\ARM_GCC_493\Debug\car.a(EEPROM.o)
                0x000026a8                EEPROM_ReadByte
 .text.PWM_LED_4_Enable
                0x000026d0       0x28 .\CortexM3\ARM_GCC_493\Debug\car.a(PWM_LED_4.o)
                0x000026d0                PWM_LED_4_Enable
 .text.PWM_LED_4_WritePeriod
                0x000026f8        0xc .\CortexM3\ARM_GCC_493\Debug\car.a(PWM_LED_4.o)
                0x000026f8                PWM_LED_4_WritePeriod
 .text.PWM_LED_4_WriteCompare
                0x00002704        0xc .\CortexM3\ARM_GCC_493\Debug\car.a(PWM_LED_4.o)
                0x00002704                PWM_LED_4_WriteCompare
 .text.PWM_LED_4_SetInterruptMode
                0x00002710        0xc .\CortexM3\ARM_GCC_493\Debug\car.a(PWM_LED_4.o)
                0x00002710                PWM_LED_4_SetInterruptMode
 .text.PWM_LED_4_Init
                0x0000271c       0x78 .\CortexM3\ARM_GCC_493\Debug\car.a(PWM_LED_4.o)
                0x0000271c                PWM_LED_4_Init
 .text.PWM_LED_4_Start
                0x00002794       0x1c .\CortexM3\ARM_GCC_493\Debug\car.a(PWM_LED_4.o)
                0x00002794                PWM_LED_4_Start
 .text.CyFlashGetSpcAlgorithm
                0x000027b0       0x4c .\CortexM3\ARM_GCC_493\Debug\car.a(CyFlash.o)
 .text.CySetTempInt
                0x000027fc       0x60 .\CortexM3\ARM_GCC_493\Debug\car.a(CyFlash.o)
 .text.CySetTemp
                0x0000285c       0x14 .\CortexM3\ARM_GCC_493\Debug\car.a(CyFlash.o)
                0x0000285c                CySetTemp
 .text.CyEEPROM_Start
                0x00002870       0x54 .\CortexM3\ARM_GCC_493\Debug\car.a(CyFlash.o)
                0x00002870                CyEEPROM_Start
 .text.CyEEPROM_ReadReserve
                0x000028c4       0x1c .\CortexM3\ARM_GCC_493\Debug\car.a(CyFlash.o)
                0x000028c4                CyEEPROM_ReadReserve
 .text.CyEEPROM_ReadRelease
                0x000028e0       0x10 .\CortexM3\ARM_GCC_493\Debug\car.a(CyFlash.o)
                0x000028e0                CyEEPROM_ReadRelease
 .text.CySpcStart
                0x000028f0       0x24 .\CortexM3\ARM_GCC_493\Debug\car.a(CySpc.o)
                0x000028f0                CySpcStart
 .text.CySpcReadData
                0x00002914       0x34 .\CortexM3\ARM_GCC_493\Debug\car.a(CySpc.o)
                0x00002914                CySpcReadData
 .text.CySpcLoadMultiByte
                0x00002948       0x78 .\CortexM3\ARM_GCC_493\Debug\car.a(CySpc.o)
                0x00002948                CySpcLoadMultiByte
 .text.CySpcWriteRow
                0x000029c0       0x4c .\CortexM3\ARM_GCC_493\Debug\car.a(CySpc.o)
                0x000029c0                CySpcWriteRow
 .text.CySpcGetTemp
                0x00002a0c       0x3c .\CortexM3\ARM_GCC_493\Debug\car.a(CySpc.o)
                0x00002a0c                CySpcGetTemp
 .text.CySpcLock
                0x00002a48       0x4c .\CortexM3\ARM_GCC_493\Debug\car.a(CySpc.o)
                0x00002a48                CySpcLock
 .text.CySpcUnlock
                0x00002a94       0x38 .\CortexM3\ARM_GCC_493\Debug\car.a(CySpc.o)
                0x00002a94                CySpcUnlock
 .text.CySpcGetAlgorithm
                0x00002acc       0x28 .\CortexM3\ARM_GCC_493\Debug\car.a(CySpc.o)
                0x00002acc                CySpcGetAlgorithm
 .text          0x00002af4      0x370 c:/program files (x86)/cypress/psoc creator/3.3/psoc creator/import/gnu/arm/4.9.3/bin/../lib/gcc/arm-none-eabi/4.9.3/armv7-m\libgcc.a(_arm_addsubdf3.o)
                0x00002af4                __aeabi_drsub
                0x00002afc                __aeabi_dsub
                0x00002afc                __subdf3
                0x00002b00                __aeabi_dadd
                0x00002b00                __adddf3
                0x00002d78                __floatunsidf
                0x00002d78                __aeabi_ui2d
                0x00002d98                __floatsidf
                0x00002d98                __aeabi_i2d
                0x00002dbc                __aeabi_f2d
                0x00002dbc                __extendsfdf2
                0x00002df8                __floatundidf
                0x00002df8                __aeabi_ul2d
                0x00002e08                __floatdidf
                0x00002e08                __aeabi_l2d
 .text          0x00002e64      0x424 c:/program files (x86)/cypress/psoc creator/3.3/psoc creator/import/gnu/arm/4.9.3/bin/../lib/gcc/arm-none-eabi/4.9.3/armv7-m\libgcc.a(_arm_muldivdf3.o)
                0x00002e64                __aeabi_dmul
                0x00002e64                __muldf3
                0x000030b8                __divdf3
                0x000030b8                __aeabi_ddiv
 .text          0x00003288       0xa0 c:/program files (x86)/cypress/psoc creator/3.3/psoc creator/import/gnu/arm/4.9.3/bin/../lib/gcc/arm-none-eabi/4.9.3/armv7-m\libgcc.a(_arm_truncdfsf2.o)
                0x00003288                __truncdfsf2
                0x00003288                __aeabi_d2f
 .text          0x00003328      0x2a0 c:/program files (x86)/cypress/psoc creator/3.3/psoc creator/import/gnu/arm/4.9.3/bin/../lib/gcc/arm-none-eabi/4.9.3/armv7-m\libgcc.a(_arm_muldivsf3.o)
                0x00003328                __mulsf3
                0x00003328                __aeabi_fmul
                0x00003490                __aeabi_fdiv
                0x00003490                __divsf3
 .text          0x000035c8       0x4c c:/program files (x86)/cypress/psoc creator/3.3/psoc creator/import/gnu/arm/4.9.3/bin/../lib/gcc/arm-none-eabi/4.9.3/armv7-m\libgcc.a(_arm_fixsfsi.o)
                0x000035c8                __aeabi_f2iz
                0x000035c8                __fixsfsi
 .text.__libc_init_array
                0x00003614       0x4c c:/program files (x86)/cypress/psoc creator/3.3/psoc creator/import/gnu/arm/4.9.3/bin/../lib/gcc/arm-none-eabi/4.9.3/../../../../arm-none-eabi/lib/armv7-m\libg_nano.a(lib_a-init.o)
                0x00003614                __libc_init_array
 .text.memcpy   0x00003660       0x16 c:/program files (x86)/cypress/psoc creator/3.3/psoc creator/import/gnu/arm/4.9.3/bin/../lib/gcc/arm-none-eabi/4.9.3/../../../../arm-none-eabi/lib/armv7-m\libg_nano.a(lib_a-memcpy.o)
                0x00003660                memcpy
 .text.memset   0x00003676       0x10 c:/program files (x86)/cypress/psoc creator/3.3/psoc creator/import/gnu/arm/4.9.3/bin/../lib/gcc/arm-none-eabi/4.9.3/../../../../arm-none-eabi/lib/armv7-m\libg_nano.a(lib_a-memset.o)
                0x00003676                memset
 *(.plt)
 *(.gnu.warning)
 *(.glue_7t)
 .glue_7t       0x00000000        0x0 linker stubs
 *(.glue_7)
 .glue_7        0x00000000        0x0 linker stubs
 *(.vfp11_veneer)
 .vfp11_veneer  0x00000000        0x0 linker stubs
 *(.bootloader)
 *(.ARM.extab* .gnu.linkonce.armextab.*)
 *(.gcc_except_table)

.v4_bx          0x00003688        0x0
 .v4_bx         0x00000000        0x0 linker stubs

.iplt           0x00003688        0x0
 .iplt          0x00000000        0x0 c:/program files (x86)/cypress/psoc creator/3.3/psoc creator/import/gnu/arm/4.9.3/bin/../lib/gcc/arm-none-eabi/4.9.3/armv7-m/crtbegin.o

.eh_frame_hdr
 *(.eh_frame_hdr)

.eh_frame       0x00003688        0x4
 *(.eh_frame)
 .eh_frame      0x00003688        0x0 c:/program files (x86)/cypress/psoc creator/3.3/psoc creator/import/gnu/arm/4.9.3/bin/../lib/gcc/arm-none-eabi/4.9.3/armv7-m/crtbegin.o
 .eh_frame      0x00003688        0x4 c:/program files (x86)/cypress/psoc creator/3.3/psoc creator/import/gnu/arm/4.9.3/bin/../lib/gcc/arm-none-eabi/4.9.3/armv7-m/crtend.o
                0x0000368c                PROVIDE (__exidx_start, .)

.ARM.exidx
 *(.ARM.exidx* .gnu.linkonce.armexidx.*)
                0x0000368c                __exidx_end = .

.rodata         0x0000368c       0x7c
 *(.rodata .rodata.* .gnu.linkonce.r.*)
 .rodata        0x0000368c       0x44 .\CortexM3\ARM_GCC_493\Debug\car.a(cyfitter_cfg.o)
                0x000036d0                . = ALIGN (0x4)
 *(.init)
 .init          0x000036d0        0x4 c:/program files (x86)/cypress/psoc creator/3.3/psoc creator/import/gnu/arm/4.9.3/bin/../lib/gcc/arm-none-eabi/4.9.3/armv7-m/crti.o
                0x000036d0                _init
 .init          0x000036d4        0x8 c:/program files (x86)/cypress/psoc creator/3.3/psoc creator/import/gnu/arm/4.9.3/bin/../lib/gcc/arm-none-eabi/4.9.3/armv7-m/crtn.o
                0x000036dc                . = ALIGN (0x4)
                0x000036dc                __preinit_array_start = .
 *(.preinit_array)
                0x000036dc                __preinit_array_end = .
                0x000036dc                . = ALIGN (0x4)
                0x000036dc                __init_array_start = .
 *(SORT(.init_array.*))
 *(.init_array)
 .init_array    0x000036dc        0x4 c:/program files (x86)/cypress/psoc creator/3.3/psoc creator/import/gnu/arm/4.9.3/bin/../lib/gcc/arm-none-eabi/4.9.3/armv7-m/crtbegin.o
 .init_array    0x000036e0        0x4 .\CortexM3\ARM_GCC_493\Debug\Cm3Start.o
                0x000036e4                __init_array_end = .
                0x000036e4                . = ALIGN (0x4)
 *(.fini)
 .fini          0x000036e4        0x4 c:/program files (x86)/cypress/psoc creator/3.3/psoc creator/import/gnu/arm/4.9.3/bin/../lib/gcc/arm-none-eabi/4.9.3/armv7-m/crti.o
                0x000036e4                _fini
 .fini          0x000036e8        0x8 c:/program files (x86)/cypress/psoc creator/3.3/psoc creator/import/gnu/arm/4.9.3/bin/../lib/gcc/arm-none-eabi/4.9.3/armv7-m/crtn.o
                0x000036f0                . = ALIGN (0x4)
                0x000036f0                __fini_array_start = .
 *(.fini_array)
 .fini_array    0x000036f0        0x4 c:/program files (x86)/cypress/psoc creator/3.3/psoc creator/import/gnu/arm/4.9.3/bin/../lib/gcc/arm-none-eabi/4.9.3/armv7-m/crtbegin.o
 *(SORT(.fini_array.*))
                0x000036f4                __fini_array_end = .
                0x000036f4                . = ALIGN (0x4)
 *crtbegin.o(.ctors)
 *(EXCLUDE_FILE(*crtend.o) .ctors)
 *(SORT(.ctors.*))
 *crtend.o(.ctors)
                0x000036f4                . = ALIGN (0x4)
 *crtbegin.o(.dtors)
 *(EXCLUDE_FILE(*crtend.o) .dtors)
 *(SORT(.dtors.*))
 *crtend.o(.dtors)
                0x000036f4                . = ALIGN (0x4)
                0x000036f4                __cy_regions = .
                0x000036f4        0x4 LONG 0x3708 __cy_region_init_ram
                0x000036f8        0x4 LONG 0x1fffc108 __cy_region_start_data
                0x000036fc        0x4 LONG 0x20 __cy_region_init_size_ram
                0x00003700        0x4 LONG 0x2990 __cy_region_zero_size_ram
                0x00003704                __cy_regions_end = .
                0x00003708                . = ALIGN (0x8)
 *fill*         0x00003704        0x4 
                0x00003708                _etext = .

.cy_checksum_exclude
                0x00003708        0x0
 *(.cy_checksum_exclude)

.ramvectors     0x1fffc000      0x100
                0x1fffc000                __cy_region_start_ram = .
 *(.ramvectors)
 .ramvectors    0x1fffc000      0x100 .\CortexM3\ARM_GCC_493\Debug\Cm3Start.o
                0x1fffc000                CyRamVectors

.noinit         0x1fffc100        0x5
 *(.noinit)
 .noinit        0x1fffc100        0x4 .\CortexM3\ARM_GCC_493\Debug\Cm3Start.o
 .noinit        0x1fffc104        0x1 .\CortexM3\ARM_GCC_493\Debug\car.a(CyLib.o)
                0x1fffc104                CyResetStatus

.data           0x1fffc108       0x20 load address 0x00003708
                0x1fffc108                __cy_region_start_data = .
 *(.jcr)
 .jcr           0x1fffc108        0x0 c:/program files (x86)/cypress/psoc creator/3.3/psoc creator/import/gnu/arm/4.9.3/bin/../lib/gcc/arm-none-eabi/4.9.3/armv7-m/crtbegin.o
 .jcr           0x1fffc108        0x4 c:/program files (x86)/cypress/psoc creator/3.3/psoc creator/import/gnu/arm/4.9.3/bin/../lib/gcc/arm-none-eabi/4.9.3/armv7-m/crtend.o
 *(.got.plt)
 *(.got)
 *(.shdata)
 *(.data .data.* .gnu.linkonce.d.*)
 .data          0x1fffc10c        0x8 .\CortexM3\ARM_GCC_493\Debug\car.a(CyDmac.o)
 .data          0x1fffc114       0x10 .\CortexM3\ARM_GCC_493\Debug\car.a(CyLib.o)
                0x1fffc114                cydelay_32k_ms
                0x1fffc118                cydelay_freq_khz
                0x1fffc11c                cydelay_freq_mhz
                0x1fffc120                cydelay_freq_hz
 .data          0x1fffc124        0x2 .\CortexM3\ARM_GCC_493\Debug\car.a(ADC.o)
 .data          0x1fffc126        0x1 .\CortexM3\ARM_GCC_493\Debug\car.a(ADC_TempBuf_dma.o)
                0x1fffc126                ADC_TempBuf_DmaHandle
 .data          0x1fffc127        0x1 .\CortexM3\ARM_GCC_493\Debug\car.a(ADC_FinalBuf_dma.o)
                0x1fffc127                ADC_FinalBuf_DmaHandle
                0x1fffc128                . = ALIGN (0x8)
 *(.ram)
                0x1fffc128                _edata = .

.igot.plt       0x1fffc128        0x0 load address 0x00003728
 .igot.plt      0x00000000        0x0 c:/program files (x86)/cypress/psoc creator/3.3/psoc creator/import/gnu/arm/4.9.3/bin/../lib/gcc/arm-none-eabi/4.9.3/armv7-m/crtbegin.o

.bss            0x1fffc128     0x2990 load address 0x00003728
                0x1fffc128                PROVIDE (__bss_start__, .)
 *(.shbss)
 *(.bss .bss.* .gnu.linkonce.b.*)
 .bss           0x1fffc128       0x1c c:/program files (x86)/cypress/psoc creator/3.3/psoc creator/import/gnu/arm/4.9.3/bin/../lib/gcc/arm-none-eabi/4.9.3/armv7-m/crtbegin.o
 .bss           0x1fffc144       0x48 .\CortexM3\ARM_GCC_493\Debug\Transfer.o
 .bss           0x1fffc18c        0x4 .\CortexM3\ARM_GCC_493\Debug\car.o
 .bss           0x1fffc190      0x190 .\CortexM3\ARM_GCC_493\Debug\battery.o
                0x1fffc190                retADCValue2
                0x1fffc258                retADCValue1
 .bss           0x1fffc320        0x8 .\CortexM3\ARM_GCC_493\Debug\multi_timer.o
 .bss           0x1fffc328        0x4 .\CortexM3\ARM_GCC_493\Debug\led.o
 .bss           0x1fffc32c        0x2 .\CortexM3\ARM_GCC_493\Debug\car.a(UART_net.o)
                0x1fffc32c                UART_net_initVar
 .bss           0x1fffc32e        0x1 .\CortexM3\ARM_GCC_493\Debug\car.a(PWM_MOTOR.o)
                0x1fffc32e                PWM_MOTOR_initVar
 .bss           0x1fffc32f        0x1 .\CortexM3\ARM_GCC_493\Debug\car.a(Timer_1.o)
                0x1fffc32f                Timer_1_initVar
 .bss           0x1fffc330        0x2 .\CortexM3\ARM_GCC_493\Debug\car.a(UART_JY.o)
                0x1fffc330                UART_JY_initVar
 *fill*         0x1fffc332        0x2 
 .bss           0x1fffc334       0x10 .\CortexM3\ARM_GCC_493\Debug\car.a(isr_rx_jy.o)
 .bss           0x1fffc344        0x1 .\CortexM3\ARM_GCC_493\Debug\car.a(PWM_LED_1.o)
                0x1fffc344                PWM_LED_1_initVar
 .bss           0x1fffc345        0x1 .\CortexM3\ARM_GCC_493\Debug\car.a(PWM_LED_2.o)
                0x1fffc345                PWM_LED_2_initVar
 .bss           0x1fffc346        0x1 .\CortexM3\ARM_GCC_493\Debug\car.a(PWM_LED_3.o)
                0x1fffc346                PWM_LED_3_initVar
 *fill*         0x1fffc347        0x1 
 .bss           0x1fffc348       0x10 .\CortexM3\ARM_GCC_493\Debug\car.a(ADC.o)
                0x1fffc354                ADC_initVar
 .bss           0x1fffc358        0x1 .\CortexM3\ARM_GCC_493\Debug\car.a(ADC_SAR.o)
                0x1fffc358                ADC_SAR_initVar
 .bss           0x1fffc359        0x1 .\CortexM3\ARM_GCC_493\Debug\car.a(SRF_05_Timer.o)
                0x1fffc359                SRF_05_Timer_initVar
 .bss           0x1fffc35a        0x8 .\CortexM3\ARM_GCC_493\Debug\car.a(isr_srf_front.o)
 .bss           0x1fffc362        0x8 .\CortexM3\ARM_GCC_493\Debug\car.a(isr_srf_back.o)
 .bss           0x1fffc36a        0x1 .\CortexM3\ARM_GCC_493\Debug\car.a(SRF_05_Timer_1.o)
                0x1fffc36a                SRF_05_Timer_1_initVar
 .bss           0x1fffc36b        0x1 .\CortexM3\ARM_GCC_493\Debug\car.a(QuadDec_1.o)
                0x1fffc36b                QuadDec_1_initVar
 .bss           0x1fffc36c        0x1 .\CortexM3\ARM_GCC_493\Debug\car.a(QuadDec_1_Cnt16.o)
                0x1fffc36c                QuadDec_1_Cnt16_initVar
 .bss           0x1fffc36d        0x1 .\CortexM3\ARM_GCC_493\Debug\car.a(PWM_LED_4.o)
                0x1fffc36d                PWM_LED_4_initVar
 *fill*         0x1fffc36e        0x2 
 .bss           0x1fffc370        0x8 .\CortexM3\ARM_GCC_493\Debug\car.a(CySpc.o)
                0x1fffc370                SpcLockState
 *(COMMON)
 COMMON         0x1fffc378       0xdc .\CortexM3\ARM_GCC_493\Debug\main.o
                0x1fffc378                SRF_timer
                0x1fffc388                g_Car
                0x1fffc3c4                encoder
                0x1fffc3c6                temp
                0x1fffc3c8                Data_exchange_timer
                0x1fffc3d8                P_V
                0x1fffc3dc                S_IMU
                0x1fffc3f0                tset
                0x1fffc3f4                Car_control_timer
                0x1fffc404                Time_1s
                0x1fffc414                D_V
                0x1fffc418                Car_hearting_timer
                0x1fffc428                test
                0x1fffc42c                Cal_battery_timer
                0x1fffc43c                event
                0x1fffc43e                send_count_test
                0x1fffc440                count
                0x1fffc442                C_V
                0x1fffc444                LED_timer
 COMMON         0x1fffc454       0x41 .\CortexM3\ARM_GCC_493\Debug\Transfer.o
                0x1fffc454                data_to_send
                0x1fffc488                f
 *fill*         0x1fffc495        0x3 
 COMMON         0x1fffc498     0x25f6 .\CortexM3\ARM_GCC_493\Debug\Lidar.o
                0x1fffc498                nodeBuffer1
                0x1fffc4a0                node
                0x1fffc4a4                test1
                0x1fffce68                nodeBuffer
                0x1fffcecc                test_f_suzu
                0x1fffd69c                net_nodeBuffer
                0x1fffd700                test2
                0x1fffe0c4                normal_size
                0x1fffe0c8                test3
                0x1fffea8c                output_t
                0x1fffea8d                start
 COMMON         0x1fffea8e        0x2 .\CortexM3\ARM_GCC_493\Debug\systemInfo.o
                0x1fffea8e                time_count
 COMMON         0x1fffea90        0xf .\CortexM3\ARM_GCC_493\Debug\car.a(isr_timer.o)
                0x1fffea90                time_1s_state
                0x1fffea92                time_100ms_state
                0x1fffea94                time_1s
                0x1fffea96                time_5ms
                0x1fffea98                time_1ms_state
                0x1fffea9a                time_100ms
                0x1fffea9c                time_1ms
                0x1fffea9e                time_5ms_state
 *fill*         0x1fffea9f        0x1 
 COMMON         0x1fffeaa0        0x6 .\CortexM3\ARM_GCC_493\Debug\car.a(ADC.o)
                0x1fffeaa0                ADC_finalArray
 *fill*         0x1fffeaa6        0x2 
 COMMON         0x1fffeaa8        0xa .\CortexM3\ARM_GCC_493\Debug\car.a(ADC_SAR.o)
                0x1fffeaa8                ADC_SAR_countsPerVolt
                0x1fffeaaa                ADC_SAR_shift
                0x1fffeaac                ADC_SAR_countsPer10Volt
                0x1fffeab0                ADC_SAR_offset
 *fill*         0x1fffeab2        0x2 
 COMMON         0x1fffeab4        0x2 .\CortexM3\ARM_GCC_493\Debug\car.a(CyFlash.o)
                0x1fffeab4                dieTemperature
                0x1fffeab8                . = ALIGN (0x8)
 *fill*         0x1fffeab6        0x2 
 *(.ram.b)
                0x1fffeab8                _end = .
                0x1fffeab8                __end = .
                0x1fffeab8                PROVIDE (end, .)
                0x1fffeab8                PROVIDE (__bss_end__, .)
                0x00003708                __cy_region_init_ram = LOADADDR (.data)
                0x00000020                __cy_region_init_size_ram = (_edata - ADDR (.data))
                0x00002990                __cy_region_zero_size_ram = (_end - _edata)

.heap           0x1fffeab8       0x80 load address 0x00003728
                0x1fffeab8                . = _end
                0x1fffeb38                . = (. + 0x80)
 *fill*         0x1fffeab8       0x80 
                0x1fffeb38                __cy_heap_limit = .

.stack          0x20003800      0x800
                0x20003800                __cy_stack_limit = .
                0x20004000                . = (. + 0x800)
 *fill*         0x20003800      0x800 
                0x00000001                ASSERT ((__cy_stack_limit >= __cy_heap_limit), region RAM overflowed with stack)
                0x00000000                cy_checksum_exclude_size = (CY_APPL_LOADABLE == 0x1)?SIZEOF (.cy_checksum_exclude):0x0
                0x00000001                ASSERT ((cy_checksum_exclude_size <= CY_CHECKSUM_EXCLUDE_SIZE), CY_BOOT: Section .cy_checksum_exclude size exceedes specified limit.)

.cyloadermeta
 *(.cyloadermeta)

.cyloadablemeta
 *(.cyloadablemeta)

.cyconfigecc    0x80000000     0x115c
 *(.cyconfigecc)
 .cyconfigecc   0x80000000     0x115c .\CortexM3\ARM_GCC_493\Debug\cymetadata.o
                0x80000000                cy_meta_configecc

.cycustnvl      0x90000000        0x4
 *(.cycustnvl)
 .cycustnvl     0x90000000        0x4 .\CortexM3\ARM_GCC_493\Debug\cymetadata.o
                0x90000000                cy_meta_custnvl

.cywolatch      0x90100000        0x4
 *(.cywolatch)
 .cywolatch     0x90100000        0x4 .\CortexM3\ARM_GCC_493\Debug\cymetadata.o
                0x90100000                cy_meta_wonvl

.cyeeprom       0x90200000        0x0
 *(.cyeeprom)
                0x00000001                ASSERT ((. <= ((0x90200000 + ee_offset) + ee_size)), .cyeeprom data will not fit in EEPROM)

.cyflashprotect
                0x90400000       0x80
 *(.cyflashprotect)
 .cyflashprotect
                0x90400000       0x80 .\CortexM3\ARM_GCC_493\Debug\cymetadata.o
                0x90400000                cy_meta_flashprotect

.cymeta         0x90500000        0xc
 *(.cymeta)
 .cymeta        0x90500000        0xc .\CortexM3\ARM_GCC_493\Debug\cymetadata.o
                0x90500000                cy_metadata

.rel.dyn        0x00003728        0x0 load address 0x9050000c
 .rel.iplt      0x00000000        0x0 c:/program files (x86)/cypress/psoc creator/3.3/psoc creator/import/gnu/arm/4.9.3/bin/../lib/gcc/arm-none-eabi/4.9.3/armv7-m/crtbegin.o

.stab
 *(.stab)

.stabstr
 *(.stabstr)

.debug
 *(.debug)

.line
 *(.line)

.debug_srcinfo
 *(.debug_srcinfo)

.debug_sfnames
 *(.debug_sfnames)

.debug_aranges  0x00000000     0x1920
 *(.debug_aranges)
 .debug_aranges
                0x00000000       0x28 .\CortexM3\ARM_GCC_493\Debug\main.o
 .debug_aranges
                0x00000028       0x88 .\CortexM3\ARM_GCC_493\Debug\Transfer.o
 .debug_aranges
                0x000000b0       0x90 .\CortexM3\ARM_GCC_493\Debug\car.o
 .debug_aranges
                0x00000140       0x30 .\CortexM3\ARM_GCC_493\Debug\battery.o
 .debug_aranges
                0x00000170       0x50 .\CortexM3\ARM_GCC_493\Debug\Lidar.o
 .debug_aranges
                0x000001c0       0x38 .\CortexM3\ARM_GCC_493\Debug\systemInfo.o
 .debug_aranges
                0x000001f8       0x40 .\CortexM3\ARM_GCC_493\Debug\multi_timer.o
 .debug_aranges
                0x00000238       0x38 .\CortexM3\ARM_GCC_493\Debug\led.o
 .debug_aranges
                0x00000270       0x18 .\CortexM3\ARM_GCC_493\Debug\cymetadata.o
 .debug_aranges
                0x00000288       0x48 .\CortexM3\ARM_GCC_493\Debug\Cm3Start.o
 .debug_aranges
                0x000002d0       0x50 .\CortexM3\ARM_GCC_493\Debug\car.a(cyfitter_cfg.o)
 .debug_aranges
                0x00000320       0x20 .\CortexM3\ARM_GCC_493\Debug\car.a(CyBootAsmGnu.o)
 .debug_aranges
                0x00000340       0xd8 .\CortexM3\ARM_GCC_493\Debug\car.a(CyDmac.o)
 .debug_aranges
                0x00000418      0x298 .\CortexM3\ARM_GCC_493\Debug\car.a(CyLib.o)
 .debug_aranges
                0x000006b0       0x98 .\CortexM3\ARM_GCC_493\Debug\car.a(cyPm.o)
 .debug_aranges
                0x00000748       0xf0 .\CortexM3\ARM_GCC_493\Debug\car.a(UART_net.o)
 .debug_aranges
                0x00000838       0x70 .\CortexM3\ARM_GCC_493\Debug\car.a(UART_net_IntClock.o)
 .debug_aranges
                0x000008a8       0x80 .\CortexM3\ARM_GCC_493\Debug\car.a(isr_tx_net.o)
 .debug_aranges
                0x00000928       0x80 .\CortexM3\ARM_GCC_493\Debug\car.a(isr_rx_net.o)
 .debug_aranges
                0x000009a8       0x38 .\CortexM3\ARM_GCC_493\Debug\car.a(L_IN_1.o)
 .debug_aranges
                0x000009e0       0x38 .\CortexM3\ARM_GCC_493\Debug\car.a(L_IN_2.o)
 .debug_aranges
                0x00000a18       0x38 .\CortexM3\ARM_GCC_493\Debug\car.a(R_IN_1.o)
 .debug_aranges
                0x00000a50       0x38 .\CortexM3\ARM_GCC_493\Debug\car.a(R_IN_2.o)
 .debug_aranges
                0x00000a88       0x90 .\CortexM3\ARM_GCC_493\Debug\car.a(PWM_MOTOR.o)
 .debug_aranges
                0x00000b18       0x90 .\CortexM3\ARM_GCC_493\Debug\car.a(Timer_1.o)
 .debug_aranges
                0x00000ba8       0x80 .\CortexM3\ARM_GCC_493\Debug\car.a(isr_timer.o)
 .debug_aranges
                0x00000c28       0xf0 .\CortexM3\ARM_GCC_493\Debug\car.a(UART_JY.o)
 .debug_aranges
                0x00000d18       0x80 .\CortexM3\ARM_GCC_493\Debug\car.a(isr_rx_jy.o)
 .debug_aranges
                0x00000d98       0x70 .\CortexM3\ARM_GCC_493\Debug\car.a(UART_JY_IntClock.o)
 .debug_aranges
                0x00000e08       0x78 .\CortexM3\ARM_GCC_493\Debug\car.a(PWM_LED_1.o)
 .debug_aranges
                0x00000e80       0x78 .\CortexM3\ARM_GCC_493\Debug\car.a(PWM_LED_2.o)
 .debug_aranges
                0x00000ef8       0x78 .\CortexM3\ARM_GCC_493\Debug\car.a(PWM_LED_3.o)
 .debug_aranges
                0x00000f70       0xa0 .\CortexM3\ARM_GCC_493\Debug\car.a(ADC.o)
 .debug_aranges
                0x00001010       0x20 .\CortexM3\ARM_GCC_493\Debug\car.a(ADC_INT.o)
 .debug_aranges
                0x00001030       0xa8 .\CortexM3\ARM_GCC_493\Debug\car.a(ADC_SAR.o)
 .debug_aranges
                0x000010d8       0x28 .\CortexM3\ARM_GCC_493\Debug\car.a(ADC_TempBuf_dma.o)
 .debug_aranges
                0x00001100       0x28 .\CortexM3\ARM_GCC_493\Debug\car.a(ADC_FinalBuf_dma.o)
 .debug_aranges
                0x00001128       0x80 .\CortexM3\ARM_GCC_493\Debug\car.a(ADC_IRQ.o)
 .debug_aranges
                0x000011a8       0x38 .\CortexM3\ARM_GCC_493\Debug\car.a(CONTRAL_LIDAR.o)
 .debug_aranges
                0x000011e0       0x38 .\CortexM3\ARM_GCC_493\Debug\car.a(debug_time.o)
 .debug_aranges
                0x00001218       0x38 .\CortexM3\ARM_GCC_493\Debug\car.a(PTZ_UP_EN.o)
 .debug_aranges
                0x00001250       0x38 .\CortexM3\ARM_GCC_493\Debug\car.a(PTZ_UP_STEP.o)
 .debug_aranges
                0x00001288       0x38 .\CortexM3\ARM_GCC_493\Debug\car.a(PTZ_UP_DIR.o)
 .debug_aranges
                0x000012c0       0x38 .\CortexM3\ARM_GCC_493\Debug\car.a(PTZ_DOWN_EN.o)
 .debug_aranges
                0x000012f8       0x38 .\CortexM3\ARM_GCC_493\Debug\car.a(PTZ_DOWN_STEP.o)
 .debug_aranges
                0x00001330       0x38 .\CortexM3\ARM_GCC_493\Debug\car.a(PTZ_DOWN_DIR.o)
 .debug_aranges
                0x00001368       0x38 .\CortexM3\ARM_GCC_493\Debug\car.a(SRF_TRG_1.o)
 .debug_aranges
                0x000013a0       0x98 .\CortexM3\ARM_GCC_493\Debug\car.a(SRF_05_Timer.o)
 .debug_aranges
                0x00001438       0x80 .\CortexM3\ARM_GCC_493\Debug\car.a(isr_srf_front.o)
 .debug_aranges
                0x000014b8       0x80 .\CortexM3\ARM_GCC_493\Debug\car.a(isr_srf_back.o)
 .debug_aranges
                0x00001538       0x38 .\CortexM3\ARM_GCC_493\Debug\car.a(SRF_TRG_2.o)
 .debug_aranges
                0x00001570       0x98 .\CortexM3\ARM_GCC_493\Debug\car.a(SRF_05_Timer_1.o)
 .debug_aranges
                0x00001608       0x38 .\CortexM3\ARM_GCC_493\Debug\car.a(CHANGE_PWR.o)
 .debug_aranges
                0x00001640       0x60 .\CortexM3\ARM_GCC_493\Debug\car.a(QuadDec_1.o)
 .debug_aranges
                0x000016a0       0x98 .\CortexM3\ARM_GCC_493\Debug\car.a(QuadDec_1_Cnt16.o)
 .debug_aranges
                0x00001738       0x78 .\CortexM3\ARM_GCC_493\Debug\car.a(EEPROM.o)
 .debug_aranges
                0x000017b0       0x78 .\CortexM3\ARM_GCC_493\Debug\car.a(PWM_LED_4.o)
 .debug_aranges
                0x00001828       0x80 .\CortexM3\ARM_GCC_493\Debug\car.a(CyFlash.o)
 .debug_aranges
                0x000018a8       0x78 .\CortexM3\ARM_GCC_493\Debug\car.a(CySpc.o)

.debug_pubnames
 *(.debug_pubnames)

.debug_info     0x00000000     0xf022
 *(.debug_info .gnu.linkonce.wi.*)
 .debug_info    0x00000000      0x9ed .\CortexM3\ARM_GCC_493\Debug\main.o
 .debug_info    0x000009ed      0xe2a .\CortexM3\ARM_GCC_493\Debug\Transfer.o
 .debug_info    0x00001817      0xb6d .\CortexM3\ARM_GCC_493\Debug\car.o
 .debug_info    0x00002384      0x223 .\CortexM3\ARM_GCC_493\Debug\battery.o
 .debug_info    0x000025a7      0xadd .\CortexM3\ARM_GCC_493\Debug\Lidar.o
 .debug_info    0x00003084      0x42d .\CortexM3\ARM_GCC_493\Debug\systemInfo.o
 .debug_info    0x000034b1      0x25b .\CortexM3\ARM_GCC_493\Debug\multi_timer.o
 .debug_info    0x0000370c      0x49c .\CortexM3\ARM_GCC_493\Debug\led.o
 .debug_info    0x00003ba8      0x13e .\CortexM3\ARM_GCC_493\Debug\cymetadata.o
 .debug_info    0x00003ce6      0x3b3 .\CortexM3\ARM_GCC_493\Debug\Cm3Start.o
 .debug_info    0x00004099      0x6b4 .\CortexM3\ARM_GCC_493\Debug\car.a(cyfitter_cfg.o)
 .debug_info    0x0000474d       0x76 .\CortexM3\ARM_GCC_493\Debug\car.a(CyBootAsmGnu.o)
 .debug_info    0x000047c3      0x941 .\CortexM3\ARM_GCC_493\Debug\car.a(CyDmac.o)
 .debug_info    0x00005104     0x136c .\CortexM3\ARM_GCC_493\Debug\car.a(CyLib.o)
 .debug_info    0x00006470      0xa55 .\CortexM3\ARM_GCC_493\Debug\car.a(cyPm.o)
 .debug_info    0x00006ec5      0x600 .\CortexM3\ARM_GCC_493\Debug\car.a(UART_net.o)
 .debug_info    0x000074c5      0x281 .\CortexM3\ARM_GCC_493\Debug\car.a(UART_net_IntClock.o)
 .debug_info    0x00007746      0x2c9 .\CortexM3\ARM_GCC_493\Debug\car.a(isr_tx_net.o)
 .debug_info    0x00007a0f      0x611 .\CortexM3\ARM_GCC_493\Debug\car.a(isr_rx_net.o)
 .debug_info    0x00008020      0x11e .\CortexM3\ARM_GCC_493\Debug\car.a(L_IN_1.o)
 .debug_info    0x0000813e      0x11e .\CortexM3\ARM_GCC_493\Debug\car.a(L_IN_2.o)
 .debug_info    0x0000825c      0x11e .\CortexM3\ARM_GCC_493\Debug\car.a(R_IN_1.o)
 .debug_info    0x0000837a      0x120 .\CortexM3\ARM_GCC_493\Debug\car.a(R_IN_2.o)
 .debug_info    0x0000849a      0x2df .\CortexM3\ARM_GCC_493\Debug\car.a(PWM_MOTOR.o)
 .debug_info    0x00008779      0x2e9 .\CortexM3\ARM_GCC_493\Debug\car.a(Timer_1.o)
 .debug_info    0x00008a62      0x389 .\CortexM3\ARM_GCC_493\Debug\car.a(isr_timer.o)
 .debug_info    0x00008deb      0x600 .\CortexM3\ARM_GCC_493\Debug\car.a(UART_JY.o)
 .debug_info    0x000093eb      0x618 .\CortexM3\ARM_GCC_493\Debug\car.a(isr_rx_jy.o)
 .debug_info    0x00009a03      0x281 .\CortexM3\ARM_GCC_493\Debug\car.a(UART_JY_IntClock.o)
 .debug_info    0x00009c84      0x278 .\CortexM3\ARM_GCC_493\Debug\car.a(PWM_LED_1.o)
 .debug_info    0x00009efc      0x278 .\CortexM3\ARM_GCC_493\Debug\car.a(PWM_LED_2.o)
 .debug_info    0x0000a174      0x278 .\CortexM3\ARM_GCC_493\Debug\car.a(PWM_LED_3.o)
 .debug_info    0x0000a3ec      0x7cf .\CortexM3\ARM_GCC_493\Debug\car.a(ADC.o)
 .debug_info    0x0000abbb       0x99 .\CortexM3\ARM_GCC_493\Debug\car.a(ADC_INT.o)
 .debug_info    0x0000ac54      0x542 .\CortexM3\ARM_GCC_493\Debug\car.a(ADC_SAR.o)
 .debug_info    0x0000b196      0x1fb .\CortexM3\ARM_GCC_493\Debug\car.a(ADC_TempBuf_dma.o)
 .debug_info    0x0000b391      0x1fb .\CortexM3\ARM_GCC_493\Debug\car.a(ADC_FinalBuf_dma.o)
 .debug_info    0x0000b58c      0x2c9 .\CortexM3\ARM_GCC_493\Debug\car.a(ADC_IRQ.o)
 .debug_info    0x0000b855      0x120 .\CortexM3\ARM_GCC_493\Debug\car.a(CONTRAL_LIDAR.o)
 .debug_info    0x0000b975      0x11e .\CortexM3\ARM_GCC_493\Debug\car.a(debug_time.o)
 .debug_info    0x0000ba93      0x11e .\CortexM3\ARM_GCC_493\Debug\car.a(PTZ_UP_EN.o)
 .debug_info    0x0000bbb1      0x11e .\CortexM3\ARM_GCC_493\Debug\car.a(PTZ_UP_STEP.o)
 .debug_info    0x0000bccf      0x11e .\CortexM3\ARM_GCC_493\Debug\car.a(PTZ_UP_DIR.o)
 .debug_info    0x0000bded      0x11e .\CortexM3\ARM_GCC_493\Debug\car.a(PTZ_DOWN_EN.o)
 .debug_info    0x0000bf0b      0x11e .\CortexM3\ARM_GCC_493\Debug\car.a(PTZ_DOWN_STEP.o)
 .debug_info    0x0000c029      0x11e .\CortexM3\ARM_GCC_493\Debug\car.a(PTZ_DOWN_DIR.o)
 .debug_info    0x0000c147      0x11e .\CortexM3\ARM_GCC_493\Debug\car.a(SRF_TRG_1.o)
 .debug_info    0x0000c265      0x321 .\CortexM3\ARM_GCC_493\Debug\car.a(SRF_05_Timer.o)
 .debug_info    0x0000c586      0x5af .\CortexM3\ARM_GCC_493\Debug\car.a(isr_srf_front.o)
 .debug_info    0x0000cb35      0x5af .\CortexM3\ARM_GCC_493\Debug\car.a(isr_srf_back.o)
 .debug_info    0x0000d0e4      0x11e .\CortexM3\ARM_GCC_493\Debug\car.a(SRF_TRG_2.o)
 .debug_info    0x0000d202      0x321 .\CortexM3\ARM_GCC_493\Debug\car.a(SRF_05_Timer_1.o)
 .debug_info    0x0000d523      0x11e .\CortexM3\ARM_GCC_493\Debug\car.a(CHANGE_PWR.o)
 .debug_info    0x0000d641      0x2cd .\CortexM3\ARM_GCC_493\Debug\car.a(QuadDec_1.o)
 .debug_info    0x0000d90e      0x341 .\CortexM3\ARM_GCC_493\Debug\car.a(QuadDec_1_Cnt16.o)
 .debug_info    0x0000dc4f      0x666 .\CortexM3\ARM_GCC_493\Debug\car.a(EEPROM.o)
 .debug_info    0x0000e2b5      0x278 .\CortexM3\ARM_GCC_493\Debug\car.a(PWM_LED_4.o)
 .debug_info    0x0000e52d      0x608 .\CortexM3\ARM_GCC_493\Debug\car.a(CyFlash.o)
 .debug_info    0x0000eb35      0x4ed .\CortexM3\ARM_GCC_493\Debug\car.a(CySpc.o)

.debug_abbrev   0x00000000     0x4da3
 *(.debug_abbrev)
 .debug_abbrev  0x00000000      0x1a7 .\CortexM3\ARM_GCC_493\Debug\main.o
 .debug_abbrev  0x000001a7      0x296 .\CortexM3\ARM_GCC_493\Debug\Transfer.o
 .debug_abbrev  0x0000043d      0x1fd .\CortexM3\ARM_GCC_493\Debug\car.o
 .debug_abbrev  0x0000063a      0x13e .\CortexM3\ARM_GCC_493\Debug\battery.o
 .debug_abbrev  0x00000778      0x28d .\CortexM3\ARM_GCC_493\Debug\Lidar.o
 .debug_abbrev  0x00000a05      0x197 .\CortexM3\ARM_GCC_493\Debug\systemInfo.o
 .debug_abbrev  0x00000b9c      0x14d .\CortexM3\ARM_GCC_493\Debug\multi_timer.o
 .debug_abbrev  0x00000ce9      0x16e .\CortexM3\ARM_GCC_493\Debug\led.o
 .debug_abbrev  0x00000e57       0x77 .\CortexM3\ARM_GCC_493\Debug\cymetadata.o
 .debug_abbrev  0x00000ece      0x20f .\CortexM3\ARM_GCC_493\Debug\Cm3Start.o
 .debug_abbrev  0x000010dd      0x221 .\CortexM3\ARM_GCC_493\Debug\car.a(cyfitter_cfg.o)
 .debug_abbrev  0x000012fe       0x14 .\CortexM3\ARM_GCC_493\Debug\car.a(CyBootAsmGnu.o)
 .debug_abbrev  0x00001312      0x1cc .\CortexM3\ARM_GCC_493\Debug\car.a(CyDmac.o)
 .debug_abbrev  0x000014de      0x296 .\CortexM3\ARM_GCC_493\Debug\car.a(CyLib.o)
 .debug_abbrev  0x00001774      0x1fa .\CortexM3\ARM_GCC_493\Debug\car.a(cyPm.o)
 .debug_abbrev  0x0000196e      0x1af .\CortexM3\ARM_GCC_493\Debug\car.a(UART_net.o)
 .debug_abbrev  0x00001b1d      0x146 .\CortexM3\ARM_GCC_493\Debug\car.a(UART_net_IntClock.o)
 .debug_abbrev  0x00001c63      0x180 .\CortexM3\ARM_GCC_493\Debug\car.a(isr_tx_net.o)
 .debug_abbrev  0x00001de3      0x21d .\CortexM3\ARM_GCC_493\Debug\car.a(isr_rx_net.o)
 .debug_abbrev  0x00002000       0x9d .\CortexM3\ARM_GCC_493\Debug\car.a(L_IN_1.o)
 .debug_abbrev  0x0000209d       0x9d .\CortexM3\ARM_GCC_493\Debug\car.a(L_IN_2.o)
 .debug_abbrev  0x0000213a       0x9d .\CortexM3\ARM_GCC_493\Debug\car.a(R_IN_1.o)
 .debug_abbrev  0x000021d7       0x9d .\CortexM3\ARM_GCC_493\Debug\car.a(R_IN_2.o)
 .debug_abbrev  0x00002274      0x13a .\CortexM3\ARM_GCC_493\Debug\car.a(PWM_MOTOR.o)
 .debug_abbrev  0x000023ae      0x152 .\CortexM3\ARM_GCC_493\Debug\car.a(Timer_1.o)
 .debug_abbrev  0x00002500      0x1b1 .\CortexM3\ARM_GCC_493\Debug\car.a(isr_timer.o)
 .debug_abbrev  0x000026b1      0x1af .\CortexM3\ARM_GCC_493\Debug\car.a(UART_JY.o)
 .debug_abbrev  0x00002860      0x217 .\CortexM3\ARM_GCC_493\Debug\car.a(isr_rx_jy.o)
 .debug_abbrev  0x00002a77      0x146 .\CortexM3\ARM_GCC_493\Debug\car.a(UART_JY_IntClock.o)
 .debug_abbrev  0x00002bbd      0x13a .\CortexM3\ARM_GCC_493\Debug\car.a(PWM_LED_1.o)
 .debug_abbrev  0x00002cf7      0x13a .\CortexM3\ARM_GCC_493\Debug\car.a(PWM_LED_2.o)
 .debug_abbrev  0x00002e31      0x13a .\CortexM3\ARM_GCC_493\Debug\car.a(PWM_LED_3.o)
 .debug_abbrev  0x00002f6b      0x1b0 .\CortexM3\ARM_GCC_493\Debug\car.a(ADC.o)
 .debug_abbrev  0x0000311b       0x42 .\CortexM3\ARM_GCC_493\Debug\car.a(ADC_INT.o)
 .debug_abbrev  0x0000315d      0x1e6 .\CortexM3\ARM_GCC_493\Debug\car.a(ADC_SAR.o)
 .debug_abbrev  0x00003343       0xf8 .\CortexM3\ARM_GCC_493\Debug\car.a(ADC_TempBuf_dma.o)
 .debug_abbrev  0x0000343b       0xf8 .\CortexM3\ARM_GCC_493\Debug\car.a(ADC_FinalBuf_dma.o)
 .debug_abbrev  0x00003533      0x180 .\CortexM3\ARM_GCC_493\Debug\car.a(ADC_IRQ.o)
 .debug_abbrev  0x000036b3       0x9d .\CortexM3\ARM_GCC_493\Debug\car.a(CONTRAL_LIDAR.o)
 .debug_abbrev  0x00003750       0x9d .\CortexM3\ARM_GCC_493\Debug\car.a(debug_time.o)
 .debug_abbrev  0x000037ed       0x9d .\CortexM3\ARM_GCC_493\Debug\car.a(PTZ_UP_EN.o)
 .debug_abbrev  0x0000388a       0x9d .\CortexM3\ARM_GCC_493\Debug\car.a(PTZ_UP_STEP.o)
 .debug_abbrev  0x00003927       0x9d .\CortexM3\ARM_GCC_493\Debug\car.a(PTZ_UP_DIR.o)
 .debug_abbrev  0x000039c4       0x9d .\CortexM3\ARM_GCC_493\Debug\car.a(PTZ_DOWN_EN.o)
 .debug_abbrev  0x00003a61       0x9d .\CortexM3\ARM_GCC_493\Debug\car.a(PTZ_DOWN_STEP.o)
 .debug_abbrev  0x00003afe       0x9d .\CortexM3\ARM_GCC_493\Debug\car.a(PTZ_DOWN_DIR.o)
 .debug_abbrev  0x00003b9b       0x9d .\CortexM3\ARM_GCC_493\Debug\car.a(SRF_TRG_1.o)
 .debug_abbrev  0x00003c38      0x161 .\CortexM3\ARM_GCC_493\Debug\car.a(SRF_05_Timer.o)
 .debug_abbrev  0x00003d99      0x208 .\CortexM3\ARM_GCC_493\Debug\car.a(isr_srf_front.o)
 .debug_abbrev  0x00003fa1      0x208 .\CortexM3\ARM_GCC_493\Debug\car.a(isr_srf_back.o)
 .debug_abbrev  0x000041a9       0x9d .\CortexM3\ARM_GCC_493\Debug\car.a(SRF_TRG_2.o)
 .debug_abbrev  0x00004246      0x161 .\CortexM3\ARM_GCC_493\Debug\car.a(SRF_05_Timer_1.o)
 .debug_abbrev  0x000043a7       0x9d .\CortexM3\ARM_GCC_493\Debug\car.a(CHANGE_PWR.o)
 .debug_abbrev  0x00004444      0x18b .\CortexM3\ARM_GCC_493\Debug\car.a(QuadDec_1.o)
 .debug_abbrev  0x000045cf      0x13e .\CortexM3\ARM_GCC_493\Debug\car.a(QuadDec_1_Cnt16.o)
 .debug_abbrev  0x0000470d      0x1b0 .\CortexM3\ARM_GCC_493\Debug\car.a(EEPROM.o)
 .debug_abbrev  0x000048bd      0x13a .\CortexM3\ARM_GCC_493\Debug\car.a(PWM_LED_4.o)
 .debug_abbrev  0x000049f7      0x1de .\CortexM3\ARM_GCC_493\Debug\car.a(CyFlash.o)
 .debug_abbrev  0x00004bd5      0x1ce .\CortexM3\ARM_GCC_493\Debug\car.a(CySpc.o)

.debug_line     0x00000000     0x641a
 *(.debug_line)
 .debug_line    0x00000000      0x362 .\CortexM3\ARM_GCC_493\Debug\main.o
 .debug_line    0x00000362      0x4e8 .\CortexM3\ARM_GCC_493\Debug\Transfer.o
 .debug_line    0x0000084a      0x36a .\CortexM3\ARM_GCC_493\Debug\car.o
 .debug_line    0x00000bb4      0x1c5 .\CortexM3\ARM_GCC_493\Debug\battery.o
 .debug_line    0x00000d79      0x40d .\CortexM3\ARM_GCC_493\Debug\Lidar.o
 .debug_line    0x00001186      0x1c8 .\CortexM3\ARM_GCC_493\Debug\systemInfo.o
 .debug_line    0x0000134e      0x1de .\CortexM3\ARM_GCC_493\Debug\multi_timer.o
 .debug_line    0x0000152c      0x1eb .\CortexM3\ARM_GCC_493\Debug\led.o
 .debug_line    0x00001717       0x53 .\CortexM3\ARM_GCC_493\Debug\cymetadata.o
 .debug_line    0x0000176a      0x254 .\CortexM3\ARM_GCC_493\Debug\Cm3Start.o
 .debug_line    0x000019be      0x204 .\CortexM3\ARM_GCC_493\Debug\car.a(cyfitter_cfg.o)
 .debug_line    0x00001bc2       0x68 .\CortexM3\ARM_GCC_493\Debug\car.a(CyBootAsmGnu.o)
 .debug_line    0x00001c2a      0x2e5 .\CortexM3\ARM_GCC_493\Debug\car.a(CyDmac.o)
 .debug_line    0x00001f0f      0x806 .\CortexM3\ARM_GCC_493\Debug\car.a(CyLib.o)
 .debug_line    0x00002715      0x366 .\CortexM3\ARM_GCC_493\Debug\car.a(cyPm.o)
 .debug_line    0x00002a7b      0x2c6 .\CortexM3\ARM_GCC_493\Debug\car.a(UART_net.o)
 .debug_line    0x00002d41      0x199 .\CortexM3\ARM_GCC_493\Debug\car.a(UART_net_IntClock.o)
 .debug_line    0x00002eda      0x150 .\CortexM3\ARM_GCC_493\Debug\car.a(isr_tx_net.o)
 .debug_line    0x0000302a      0x282 .\CortexM3\ARM_GCC_493\Debug\car.a(isr_rx_net.o)
 .debug_line    0x000032ac       0x95 .\CortexM3\ARM_GCC_493\Debug\car.a(L_IN_1.o)
 .debug_line    0x00003341       0x95 .\CortexM3\ARM_GCC_493\Debug\car.a(L_IN_2.o)
 .debug_line    0x000033d6       0x95 .\CortexM3\ARM_GCC_493\Debug\car.a(R_IN_1.o)
 .debug_line    0x0000346b       0x95 .\CortexM3\ARM_GCC_493\Debug\car.a(R_IN_2.o)
 .debug_line    0x00003500      0x167 .\CortexM3\ARM_GCC_493\Debug\car.a(PWM_MOTOR.o)
 .debug_line    0x00003667      0x174 .\CortexM3\ARM_GCC_493\Debug\car.a(Timer_1.o)
 .debug_line    0x000037db      0x161 .\CortexM3\ARM_GCC_493\Debug\car.a(isr_timer.o)
 .debug_line    0x0000393c      0x2c4 .\CortexM3\ARM_GCC_493\Debug\car.a(UART_JY.o)
 .debug_line    0x00003c00      0x29b .\CortexM3\ARM_GCC_493\Debug\car.a(isr_rx_jy.o)
 .debug_line    0x00003e9b      0x198 .\CortexM3\ARM_GCC_493\Debug\car.a(UART_JY_IntClock.o)
 .debug_line    0x00004033      0x139 .\CortexM3\ARM_GCC_493\Debug\car.a(PWM_LED_1.o)
 .debug_line    0x0000416c      0x139 .\CortexM3\ARM_GCC_493\Debug\car.a(PWM_LED_2.o)
 .debug_line    0x000042a5      0x139 .\CortexM3\ARM_GCC_493\Debug\car.a(PWM_LED_3.o)
 .debug_line    0x000043de      0x21b .\CortexM3\ARM_GCC_493\Debug\car.a(ADC.o)
 .debug_line    0x000045f9       0x52 .\CortexM3\ARM_GCC_493\Debug\car.a(ADC_INT.o)
 .debug_line    0x0000464b      0x206 .\CortexM3\ARM_GCC_493\Debug\car.a(ADC_SAR.o)
 .debug_line    0x00004851       0xa1 .\CortexM3\ARM_GCC_493\Debug\car.a(ADC_TempBuf_dma.o)
 .debug_line    0x000048f2       0xa2 .\CortexM3\ARM_GCC_493\Debug\car.a(ADC_FinalBuf_dma.o)
 .debug_line    0x00004994      0x14d .\CortexM3\ARM_GCC_493\Debug\car.a(ADC_IRQ.o)
 .debug_line    0x00004ae1       0x9c .\CortexM3\ARM_GCC_493\Debug\car.a(CONTRAL_LIDAR.o)
 .debug_line    0x00004b7d       0x99 .\CortexM3\ARM_GCC_493\Debug\car.a(debug_time.o)
 .debug_line    0x00004c16       0x98 .\CortexM3\ARM_GCC_493\Debug\car.a(PTZ_UP_EN.o)
 .debug_line    0x00004cae       0x9a .\CortexM3\ARM_GCC_493\Debug\car.a(PTZ_UP_STEP.o)
 .debug_line    0x00004d48       0x99 .\CortexM3\ARM_GCC_493\Debug\car.a(PTZ_UP_DIR.o)
 .debug_line    0x00004de1       0x9a .\CortexM3\ARM_GCC_493\Debug\car.a(PTZ_DOWN_EN.o)
 .debug_line    0x00004e7b       0x9c .\CortexM3\ARM_GCC_493\Debug\car.a(PTZ_DOWN_STEP.o)
 .debug_line    0x00004f17       0x9b .\CortexM3\ARM_GCC_493\Debug\car.a(PTZ_DOWN_DIR.o)
 .debug_line    0x00004fb2       0x98 .\CortexM3\ARM_GCC_493\Debug\car.a(SRF_TRG_1.o)
 .debug_line    0x0000504a      0x18b .\CortexM3\ARM_GCC_493\Debug\car.a(SRF_05_Timer.o)
 .debug_line    0x000051d5      0x286 .\CortexM3\ARM_GCC_493\Debug\car.a(isr_srf_front.o)
 .debug_line    0x0000545b      0x287 .\CortexM3\ARM_GCC_493\Debug\car.a(isr_srf_back.o)
 .debug_line    0x000056e2       0x98 .\CortexM3\ARM_GCC_493\Debug\car.a(SRF_TRG_2.o)
 .debug_line    0x0000577a      0x18d .\CortexM3\ARM_GCC_493\Debug\car.a(SRF_05_Timer_1.o)
 .debug_line    0x00005907       0x99 .\CortexM3\ARM_GCC_493\Debug\car.a(CHANGE_PWR.o)
 .debug_line    0x000059a0      0x120 .\CortexM3\ARM_GCC_493\Debug\car.a(QuadDec_1.o)
 .debug_line    0x00005ac0      0x191 .\CortexM3\ARM_GCC_493\Debug\car.a(QuadDec_1_Cnt16.o)
 .debug_line    0x00005c51      0x266 .\CortexM3\ARM_GCC_493\Debug\car.a(EEPROM.o)
 .debug_line    0x00005eb7      0x139 .\CortexM3\ARM_GCC_493\Debug\car.a(PWM_LED_4.o)
 .debug_line    0x00005ff0      0x1ec .\CortexM3\ARM_GCC_493\Debug\car.a(CyFlash.o)
 .debug_line    0x000061dc      0x23e .\CortexM3\ARM_GCC_493\Debug\car.a(CySpc.o)

.debug_frame    0x00000000     0x3a70
 *(.debug_frame)
 .debug_frame   0x00000000       0x48 .\CortexM3\ARM_GCC_493\Debug\main.o
 .debug_frame   0x00000048      0x1f4 .\CortexM3\ARM_GCC_493\Debug\Transfer.o
 .debug_frame   0x0000023c      0x1dc .\CortexM3\ARM_GCC_493\Debug\car.o
 .debug_frame   0x00000418       0x68 .\CortexM3\ARM_GCC_493\Debug\battery.o
 .debug_frame   0x00000480      0x114 .\CortexM3\ARM_GCC_493\Debug\Lidar.o
 .debug_frame   0x00000594       0x70 .\CortexM3\ARM_GCC_493\Debug\systemInfo.o
 .debug_frame   0x00000604       0x6c .\CortexM3\ARM_GCC_493\Debug\multi_timer.o
 .debug_frame   0x00000670       0x5c .\CortexM3\ARM_GCC_493\Debug\led.o
 .debug_frame   0x000006cc       0xac .\CortexM3\ARM_GCC_493\Debug\Cm3Start.o
 .debug_frame   0x00000778       0xec .\CortexM3\ARM_GCC_493\Debug\car.a(cyfitter_cfg.o)
 .debug_frame   0x00000864      0x1f4 .\CortexM3\ARM_GCC_493\Debug\car.a(CyDmac.o)
 .debug_frame   0x00000a58      0x728 .\CortexM3\ARM_GCC_493\Debug\car.a(CyLib.o)
 .debug_frame   0x00001180      0x1f8 .\CortexM3\ARM_GCC_493\Debug\car.a(cyPm.o)
 .debug_frame   0x00001378      0x250 .\CortexM3\ARM_GCC_493\Debug\car.a(UART_net.o)
 .debug_frame   0x000015c8       0xe0 .\CortexM3\ARM_GCC_493\Debug\car.a(UART_net_IntClock.o)
 .debug_frame   0x000016a8      0x104 .\CortexM3\ARM_GCC_493\Debug\car.a(isr_tx_net.o)
 .debug_frame   0x000017ac      0x110 .\CortexM3\ARM_GCC_493\Debug\car.a(isr_rx_net.o)
 .debug_frame   0x000018bc       0x50 .\CortexM3\ARM_GCC_493\Debug\car.a(L_IN_1.o)
 .debug_frame   0x0000190c       0x50 .\CortexM3\ARM_GCC_493\Debug\car.a(L_IN_2.o)
 .debug_frame   0x0000195c       0x50 .\CortexM3\ARM_GCC_493\Debug\car.a(R_IN_1.o)
 .debug_frame   0x000019ac       0x50 .\CortexM3\ARM_GCC_493\Debug\car.a(R_IN_2.o)
 .debug_frame   0x000019fc      0x118 .\CortexM3\ARM_GCC_493\Debug\car.a(PWM_MOTOR.o)
 .debug_frame   0x00001b14      0x124 .\CortexM3\ARM_GCC_493\Debug\car.a(Timer_1.o)
 .debug_frame   0x00001c38      0x110 .\CortexM3\ARM_GCC_493\Debug\car.a(isr_timer.o)
 .debug_frame   0x00001d48      0x250 .\CortexM3\ARM_GCC_493\Debug\car.a(UART_JY.o)
 .debug_frame   0x00001f98      0x114 .\CortexM3\ARM_GCC_493\Debug\car.a(isr_rx_jy.o)
 .debug_frame   0x000020ac       0xe0 .\CortexM3\ARM_GCC_493\Debug\car.a(UART_JY_IntClock.o)
 .debug_frame   0x0000218c       0xe8 .\CortexM3\ARM_GCC_493\Debug\car.a(PWM_LED_1.o)
 .debug_frame   0x00002274       0xe8 .\CortexM3\ARM_GCC_493\Debug\car.a(PWM_LED_2.o)
 .debug_frame   0x0000235c       0xe8 .\CortexM3\ARM_GCC_493\Debug\car.a(PWM_LED_3.o)
 .debug_frame   0x00002444      0x1dc .\CortexM3\ARM_GCC_493\Debug\car.a(ADC.o)
 .debug_frame   0x00002620       0x20 .\CortexM3\ARM_GCC_493\Debug\car.a(ADC_INT.o)
 .debug_frame   0x00002640      0x1a4 .\CortexM3\ARM_GCC_493\Debug\car.a(ADC_SAR.o)
 .debug_frame   0x000027e4       0x54 .\CortexM3\ARM_GCC_493\Debug\car.a(ADC_TempBuf_dma.o)
 .debug_frame   0x00002838       0x54 .\CortexM3\ARM_GCC_493\Debug\car.a(ADC_FinalBuf_dma.o)
 .debug_frame   0x0000288c      0x104 .\CortexM3\ARM_GCC_493\Debug\car.a(ADC_IRQ.o)
 .debug_frame   0x00002990       0x50 .\CortexM3\ARM_GCC_493\Debug\car.a(CONTRAL_LIDAR.o)
 .debug_frame   0x000029e0       0x50 .\CortexM3\ARM_GCC_493\Debug\car.a(debug_time.o)
 .debug_frame   0x00002a30       0x50 .\CortexM3\ARM_GCC_493\Debug\car.a(PTZ_UP_EN.o)
 .debug_frame   0x00002a80       0x50 .\CortexM3\ARM_GCC_493\Debug\car.a(PTZ_UP_STEP.o)
 .debug_frame   0x00002ad0       0x50 .\CortexM3\ARM_GCC_493\Debug\car.a(PTZ_UP_DIR.o)
 .debug_frame   0x00002b20       0x50 .\CortexM3\ARM_GCC_493\Debug\car.a(PTZ_DOWN_EN.o)
 .debug_frame   0x00002b70       0x50 .\CortexM3\ARM_GCC_493\Debug\car.a(PTZ_DOWN_STEP.o)
 .debug_frame   0x00002bc0       0x50 .\CortexM3\ARM_GCC_493\Debug\car.a(PTZ_DOWN_DIR.o)
 .debug_frame   0x00002c10       0x50 .\CortexM3\ARM_GCC_493\Debug\car.a(SRF_TRG_1.o)
 .debug_frame   0x00002c60      0x134 .\CortexM3\ARM_GCC_493\Debug\car.a(SRF_05_Timer.o)
 .debug_frame   0x00002d94      0x110 .\CortexM3\ARM_GCC_493\Debug\car.a(isr_srf_front.o)
 .debug_frame   0x00002ea4      0x110 .\CortexM3\ARM_GCC_493\Debug\car.a(isr_srf_back.o)
 .debug_frame   0x00002fb4       0x50 .\CortexM3\ARM_GCC_493\Debug\car.a(SRF_TRG_2.o)
 .debug_frame   0x00003004      0x134 .\CortexM3\ARM_GCC_493\Debug\car.a(SRF_05_Timer_1.o)
 .debug_frame   0x00003138       0x50 .\CortexM3\ARM_GCC_493\Debug\car.a(CHANGE_PWR.o)
 .debug_frame   0x00003188       0xdc .\CortexM3\ARM_GCC_493\Debug\car.a(QuadDec_1.o)
 .debug_frame   0x00003264      0x134 .\CortexM3\ARM_GCC_493\Debug\car.a(QuadDec_1_Cnt16.o)
 .debug_frame   0x00003398      0x17c .\CortexM3\ARM_GCC_493\Debug\car.a(EEPROM.o)
 .debug_frame   0x00003514       0xe8 .\CortexM3\ARM_GCC_493\Debug\car.a(PWM_LED_4.o)
 .debug_frame   0x000035fc      0x174 .\CortexM3\ARM_GCC_493\Debug\car.a(CyFlash.o)
 .debug_frame   0x00003770      0x160 .\CortexM3\ARM_GCC_493\Debug\car.a(CySpc.o)
 .debug_frame   0x000038d0       0x28 c:/program files (x86)/cypress/psoc creator/3.3/psoc creator/import/gnu/arm/4.9.3/bin/../lib/gcc/arm-none-eabi/4.9.3/armv7-m\libgcc.a(_aeabi_ldivmod.o)
 .debug_frame   0x000038f8       0x54 c:/program files (x86)/cypress/psoc creator/3.3/psoc creator/import/gnu/arm/4.9.3/bin/../lib/gcc/arm-none-eabi/4.9.3/armv7-m\libgcc.a(bpabi.o)
 .debug_frame   0x0000394c       0x34 c:/program files (x86)/cypress/psoc creator/3.3/psoc creator/import/gnu/arm/4.9.3/bin/../lib/gcc/arm-none-eabi/4.9.3/armv7-m\libgcc.a(_divdi3.o)
 .debug_frame   0x00003980       0x34 c:/program files (x86)/cypress/psoc creator/3.3/psoc creator/import/gnu/arm/4.9.3/bin/../lib/gcc/arm-none-eabi/4.9.3/armv7-m\libgcc.a(_udivdi3.o)
 .debug_frame   0x000039b4       0x20 c:/program files (x86)/cypress/psoc creator/3.3/psoc creator/import/gnu/arm/4.9.3/bin/../lib/gcc/arm-none-eabi/4.9.3/../../../../arm-none-eabi/lib/armv7-m\libg_nano.a(lib_a-errno.o)
 .debug_frame   0x000039d4       0x28 c:/program files (x86)/cypress/psoc creator/3.3/psoc creator/import/gnu/arm/4.9.3/bin/../lib/gcc/arm-none-eabi/4.9.3/../../../../arm-none-eabi/lib/armv7-m\libg_nano.a(lib_a-exit.o)
 .debug_frame   0x000039fc       0x2c c:/program files (x86)/cypress/psoc creator/3.3/psoc creator/import/gnu/arm/4.9.3/bin/../lib/gcc/arm-none-eabi/4.9.3/../../../../arm-none-eabi/lib/armv7-m\libg_nano.a(lib_a-init.o)
 .debug_frame   0x00003a28       0x28 c:/program files (x86)/cypress/psoc creator/3.3/psoc creator/import/gnu/arm/4.9.3/bin/../lib/gcc/arm-none-eabi/4.9.3/../../../../arm-none-eabi/lib/armv7-m\libg_nano.a(lib_a-memcpy.o)
 .debug_frame   0x00003a50       0x20 c:/program files (x86)/cypress/psoc creator/3.3/psoc creator/import/gnu/arm/4.9.3/bin/../lib/gcc/arm-none-eabi/4.9.3/../../../../arm-none-eabi/lib/armv7-m\libg_nano.a(lib_a-memset.o)

.debug_str      0x00000000     0x4d32
 *(.debug_str)
 .debug_str     0x00000000      0x648 .\CortexM3\ARM_GCC_493\Debug\main.o
                                0x6de (size before relaxing)
 .debug_str     0x00000648      0x348 .\CortexM3\ARM_GCC_493\Debug\Transfer.o
                                0x75f (size before relaxing)
 .debug_str     0x00000990      0x1ee .\CortexM3\ARM_GCC_493\Debug\car.o
                                0x5a1 (size before relaxing)
 .debug_str     0x00000b7e       0x85 .\CortexM3\ARM_GCC_493\Debug\battery.o
                                0x225 (size before relaxing)
 .debug_str     0x00000c03      0x313 .\CortexM3\ARM_GCC_493\Debug\Lidar.o
                                0x7cb (size before relaxing)
 .debug_str     0x00000f16       0x7c .\CortexM3\ARM_GCC_493\Debug\systemInfo.o
                                0x435 (size before relaxing)
 .debug_str     0x00000f92       0x46 .\CortexM3\ARM_GCC_493\Debug\multi_timer.o
                                0x226 (size before relaxing)
 .debug_str     0x00000fd8       0x56 .\CortexM3\ARM_GCC_493\Debug\led.o
                                0x456 (size before relaxing)
 .debug_str     0x0000102e       0x77 .\CortexM3\ARM_GCC_493\Debug\cymetadata.o
                                0x1d0 (size before relaxing)
 .debug_str     0x000010a5      0x15e .\CortexM3\ARM_GCC_493\Debug\Cm3Start.o
                                0x2f4 (size before relaxing)
 .debug_str     0x00001203      0x151 .\CortexM3\ARM_GCC_493\Debug\car.a(cyfitter_cfg.o)
                                0x300 (size before relaxing)
 .debug_str     0x00001354      0x370 .\CortexM3\ARM_GCC_493\Debug\car.a(CyDmac.o)
                                0x524 (size before relaxing)
 .debug_str     0x000016c4      0x7cb .\CortexM3\ARM_GCC_493\Debug\car.a(CyLib.o)
                                0xa09 (size before relaxing)
 .debug_str     0x00001e8f      0x35b .\CortexM3\ARM_GCC_493\Debug\car.a(cyPm.o)
                                0x701 (size before relaxing)
 .debug_str     0x000021ea      0x2fc .\CortexM3\ARM_GCC_493\Debug\car.a(UART_net.o)
                                0x4cb (size before relaxing)
 .debug_str     0x000024e6      0x1ad .\CortexM3\ARM_GCC_493\Debug\car.a(UART_net_IntClock.o)