ARM GAS  C:\Users\li\AppData\Local\Temp\ccdbYecn.s 			page 1


   1              		.syntax unified
   2              		.cpu cortex-m3
   3              		.fpu softvfp
   4              		.eabi_attribute 20, 1
   5              		.eabi_attribute 21, 1
   6              		.eabi_attribute 23, 3
   7              		.eabi_attribute 24, 1
   8              		.eabi_attribute 25, 1
   9              		.eabi_attribute 26, 1
  10              		.eabi_attribute 30, 1
  11              		.eabi_attribute 34, 1
  12              		.eabi_attribute 18, 4
  13              		.thumb
  14              		.file	"isr_timer.c"
  15              		.text
  16              	.Ltext0:
  17              		.cfi_sections	.debug_frame
  18              		.section	.text.isr_timer_Interrupt,"ax",%progbits
  19              		.align	2
  20              		.global	isr_timer_Interrupt
  21              		.thumb
  22              		.thumb_func
  23              		.type	isr_timer_Interrupt, %function
  24              	isr_timer_Interrupt:
  25              	.LFB3:
  26              		.file 1 ".\\Generated_Source\\PSoC5\\isr_timer.c"
   1:.\Generated_Source\PSoC5/isr_timer.c **** /*******************************************************************************
   2:.\Generated_Source\PSoC5/isr_timer.c **** * File Name: isr_timer.c  
   3:.\Generated_Source\PSoC5/isr_timer.c **** * Version 1.70
   4:.\Generated_Source\PSoC5/isr_timer.c **** *
   5:.\Generated_Source\PSoC5/isr_timer.c **** *  Description:
   6:.\Generated_Source\PSoC5/isr_timer.c **** *   API for controlling the state of an interrupt.
   7:.\Generated_Source\PSoC5/isr_timer.c **** *
   8:.\Generated_Source\PSoC5/isr_timer.c **** *
   9:.\Generated_Source\PSoC5/isr_timer.c **** *  Note:
  10:.\Generated_Source\PSoC5/isr_timer.c **** *
  11:.\Generated_Source\PSoC5/isr_timer.c **** ********************************************************************************
  12:.\Generated_Source\PSoC5/isr_timer.c **** * Copyright 2008-2015, Cypress Semiconductor Corporation.  All rights reserved.
  13:.\Generated_Source\PSoC5/isr_timer.c **** * You may use this file only in accordance with the license, terms, conditions, 
  14:.\Generated_Source\PSoC5/isr_timer.c **** * disclaimers, and limitations in the end user license agreement accompanying 
  15:.\Generated_Source\PSoC5/isr_timer.c **** * the software package with which this file was provided.
  16:.\Generated_Source\PSoC5/isr_timer.c **** *******************************************************************************/
  17:.\Generated_Source\PSoC5/isr_timer.c **** 
  18:.\Generated_Source\PSoC5/isr_timer.c **** 
  19:.\Generated_Source\PSoC5/isr_timer.c **** #include <cydevice_trm.h>
  20:.\Generated_Source\PSoC5/isr_timer.c **** #include <CyLib.h>
  21:.\Generated_Source\PSoC5/isr_timer.c **** #include <isr_timer.h>
  22:.\Generated_Source\PSoC5/isr_timer.c **** #include "cyapicallbacks.h"
  23:.\Generated_Source\PSoC5/isr_timer.c **** 
  24:.\Generated_Source\PSoC5/isr_timer.c **** #if !defined(isr_timer__REMOVED) /* Check for removal by optimization */
  25:.\Generated_Source\PSoC5/isr_timer.c **** 
  26:.\Generated_Source\PSoC5/isr_timer.c **** /*******************************************************************************
  27:.\Generated_Source\PSoC5/isr_timer.c **** *  Place your includes, defines and code here 
  28:.\Generated_Source\PSoC5/isr_timer.c **** ********************************************************************************/
  29:.\Generated_Source\PSoC5/isr_timer.c **** /* `#START isr_timer_intc` */
  30:.\Generated_Source\PSoC5/isr_timer.c **** uint16 time_1ms;
  31:.\Generated_Source\PSoC5/isr_timer.c **** uint16 time_1ms_state;
ARM GAS  C:\Users\li\AppData\Local\Temp\ccdbYecn.s 			page 2


  32:.\Generated_Source\PSoC5/isr_timer.c **** uint16 time_5ms;   
  33:.\Generated_Source\PSoC5/isr_timer.c **** uint8  time_5ms_state;
  34:.\Generated_Source\PSoC5/isr_timer.c **** uint16 time_1s;  
  35:.\Generated_Source\PSoC5/isr_timer.c **** uint16 time_1s_state;   
  36:.\Generated_Source\PSoC5/isr_timer.c **** uint16 time_100ms;
  37:.\Generated_Source\PSoC5/isr_timer.c **** uint16 time_100ms_state;   
  38:.\Generated_Source\PSoC5/isr_timer.c **** /* `#END` */
  39:.\Generated_Source\PSoC5/isr_timer.c **** 
  40:.\Generated_Source\PSoC5/isr_timer.c **** #ifndef CYINT_IRQ_BASE
  41:.\Generated_Source\PSoC5/isr_timer.c **** #define CYINT_IRQ_BASE      16
  42:.\Generated_Source\PSoC5/isr_timer.c **** #endif /* CYINT_IRQ_BASE */
  43:.\Generated_Source\PSoC5/isr_timer.c **** #ifndef CYINT_VECT_TABLE
  44:.\Generated_Source\PSoC5/isr_timer.c **** #define CYINT_VECT_TABLE    ((cyisraddress **) CYREG_NVIC_VECT_OFFSET)
  45:.\Generated_Source\PSoC5/isr_timer.c **** #endif /* CYINT_VECT_TABLE */
  46:.\Generated_Source\PSoC5/isr_timer.c **** 
  47:.\Generated_Source\PSoC5/isr_timer.c **** /* Declared in startup, used to set unused interrupts to. */
  48:.\Generated_Source\PSoC5/isr_timer.c **** CY_ISR_PROTO(IntDefaultHandler);
  49:.\Generated_Source\PSoC5/isr_timer.c **** 
  50:.\Generated_Source\PSoC5/isr_timer.c **** 
  51:.\Generated_Source\PSoC5/isr_timer.c **** /*******************************************************************************
  52:.\Generated_Source\PSoC5/isr_timer.c **** * Function Name: isr_timer_Start
  53:.\Generated_Source\PSoC5/isr_timer.c **** ********************************************************************************
  54:.\Generated_Source\PSoC5/isr_timer.c **** *
  55:.\Generated_Source\PSoC5/isr_timer.c **** * Summary:
  56:.\Generated_Source\PSoC5/isr_timer.c **** *  Set up the interrupt and enable it. This function disables the interrupt, 
  57:.\Generated_Source\PSoC5/isr_timer.c **** *  sets the default interrupt vector, sets the priority from the value in the
  58:.\Generated_Source\PSoC5/isr_timer.c **** *  Design Wide Resources Interrupt Editor, then enables the interrupt to the 
  59:.\Generated_Source\PSoC5/isr_timer.c **** *  interrupt controller.
  60:.\Generated_Source\PSoC5/isr_timer.c **** *
  61:.\Generated_Source\PSoC5/isr_timer.c **** * Parameters:  
  62:.\Generated_Source\PSoC5/isr_timer.c **** *   None
  63:.\Generated_Source\PSoC5/isr_timer.c **** *
  64:.\Generated_Source\PSoC5/isr_timer.c **** * Return:
  65:.\Generated_Source\PSoC5/isr_timer.c **** *   None
  66:.\Generated_Source\PSoC5/isr_timer.c **** *
  67:.\Generated_Source\PSoC5/isr_timer.c **** *******************************************************************************/
  68:.\Generated_Source\PSoC5/isr_timer.c **** void isr_timer_Start(void)
  69:.\Generated_Source\PSoC5/isr_timer.c **** {
  70:.\Generated_Source\PSoC5/isr_timer.c ****     /* For all we know the interrupt is active. */
  71:.\Generated_Source\PSoC5/isr_timer.c ****     isr_timer_Disable();
  72:.\Generated_Source\PSoC5/isr_timer.c **** 
  73:.\Generated_Source\PSoC5/isr_timer.c ****     /* Set the ISR to point to the isr_timer Interrupt. */
  74:.\Generated_Source\PSoC5/isr_timer.c ****     isr_timer_SetVector(&isr_timer_Interrupt);
  75:.\Generated_Source\PSoC5/isr_timer.c **** 
  76:.\Generated_Source\PSoC5/isr_timer.c ****     /* Set the priority. */
  77:.\Generated_Source\PSoC5/isr_timer.c ****     isr_timer_SetPriority((uint8)isr_timer_INTC_PRIOR_NUMBER);
  78:.\Generated_Source\PSoC5/isr_timer.c **** 
  79:.\Generated_Source\PSoC5/isr_timer.c ****     /* Enable it. */
  80:.\Generated_Source\PSoC5/isr_timer.c ****     isr_timer_Enable();
  81:.\Generated_Source\PSoC5/isr_timer.c **** }
  82:.\Generated_Source\PSoC5/isr_timer.c **** 
  83:.\Generated_Source\PSoC5/isr_timer.c **** 
  84:.\Generated_Source\PSoC5/isr_timer.c **** /*******************************************************************************
  85:.\Generated_Source\PSoC5/isr_timer.c **** * Function Name: isr_timer_StartEx
  86:.\Generated_Source\PSoC5/isr_timer.c **** ********************************************************************************
  87:.\Generated_Source\PSoC5/isr_timer.c **** *
  88:.\Generated_Source\PSoC5/isr_timer.c **** * Summary:
ARM GAS  C:\Users\li\AppData\Local\Temp\ccdbYecn.s 			page 3


  89:.\Generated_Source\PSoC5/isr_timer.c **** *  Sets up the interrupt and enables it. This function disables the interrupt,
  90:.\Generated_Source\PSoC5/isr_timer.c **** *  sets the interrupt vector based on the address passed in, sets the priority 
  91:.\Generated_Source\PSoC5/isr_timer.c **** *  from the value in the Design Wide Resources Interrupt Editor, then enables 
  92:.\Generated_Source\PSoC5/isr_timer.c **** *  the interrupt to the interrupt controller.
  93:.\Generated_Source\PSoC5/isr_timer.c **** *  
  94:.\Generated_Source\PSoC5/isr_timer.c **** *  When defining ISR functions, the CY_ISR and CY_ISR_PROTO macros should be 
  95:.\Generated_Source\PSoC5/isr_timer.c **** *  used to provide consistent definition across compilers:
  96:.\Generated_Source\PSoC5/isr_timer.c **** *  
  97:.\Generated_Source\PSoC5/isr_timer.c **** *  Function definition example:
  98:.\Generated_Source\PSoC5/isr_timer.c **** *   CY_ISR(MyISR)
  99:.\Generated_Source\PSoC5/isr_timer.c **** *   {
 100:.\Generated_Source\PSoC5/isr_timer.c **** *   }
 101:.\Generated_Source\PSoC5/isr_timer.c **** *   Function prototype example:
 102:.\Generated_Source\PSoC5/isr_timer.c **** *   CY_ISR_PROTO(MyISR);
 103:.\Generated_Source\PSoC5/isr_timer.c **** *
 104:.\Generated_Source\PSoC5/isr_timer.c **** * Parameters:  
 105:.\Generated_Source\PSoC5/isr_timer.c **** *   address: Address of the ISR to set in the interrupt vector table.
 106:.\Generated_Source\PSoC5/isr_timer.c **** *
 107:.\Generated_Source\PSoC5/isr_timer.c **** * Return:
 108:.\Generated_Source\PSoC5/isr_timer.c **** *   None
 109:.\Generated_Source\PSoC5/isr_timer.c **** *
 110:.\Generated_Source\PSoC5/isr_timer.c **** *******************************************************************************/
 111:.\Generated_Source\PSoC5/isr_timer.c **** void isr_timer_StartEx(cyisraddress address)
 112:.\Generated_Source\PSoC5/isr_timer.c **** {
 113:.\Generated_Source\PSoC5/isr_timer.c ****     /* For all we know the interrupt is active. */
 114:.\Generated_Source\PSoC5/isr_timer.c ****     isr_timer_Disable();
 115:.\Generated_Source\PSoC5/isr_timer.c **** 
 116:.\Generated_Source\PSoC5/isr_timer.c ****     /* Set the ISR to point to the isr_timer Interrupt. */
 117:.\Generated_Source\PSoC5/isr_timer.c ****     isr_timer_SetVector(address);
 118:.\Generated_Source\PSoC5/isr_timer.c **** 
 119:.\Generated_Source\PSoC5/isr_timer.c ****     /* Set the priority. */
 120:.\Generated_Source\PSoC5/isr_timer.c ****     isr_timer_SetPriority((uint8)isr_timer_INTC_PRIOR_NUMBER);
 121:.\Generated_Source\PSoC5/isr_timer.c **** 
 122:.\Generated_Source\PSoC5/isr_timer.c ****     /* Enable it. */
 123:.\Generated_Source\PSoC5/isr_timer.c ****     isr_timer_Enable();
 124:.\Generated_Source\PSoC5/isr_timer.c **** }
 125:.\Generated_Source\PSoC5/isr_timer.c **** 
 126:.\Generated_Source\PSoC5/isr_timer.c **** 
 127:.\Generated_Source\PSoC5/isr_timer.c **** /*******************************************************************************
 128:.\Generated_Source\PSoC5/isr_timer.c **** * Function Name: isr_timer_Stop
 129:.\Generated_Source\PSoC5/isr_timer.c **** ********************************************************************************
 130:.\Generated_Source\PSoC5/isr_timer.c **** *
 131:.\Generated_Source\PSoC5/isr_timer.c **** * Summary:
 132:.\Generated_Source\PSoC5/isr_timer.c **** *   Disables and removes the interrupt.
 133:.\Generated_Source\PSoC5/isr_timer.c **** *
 134:.\Generated_Source\PSoC5/isr_timer.c **** * Parameters:  
 135:.\Generated_Source\PSoC5/isr_timer.c **** *   None
 136:.\Generated_Source\PSoC5/isr_timer.c **** *
 137:.\Generated_Source\PSoC5/isr_timer.c **** * Return:
 138:.\Generated_Source\PSoC5/isr_timer.c **** *   None
 139:.\Generated_Source\PSoC5/isr_timer.c **** *
 140:.\Generated_Source\PSoC5/isr_timer.c **** *******************************************************************************/
 141:.\Generated_Source\PSoC5/isr_timer.c **** void isr_timer_Stop(void)
 142:.\Generated_Source\PSoC5/isr_timer.c **** {
 143:.\Generated_Source\PSoC5/isr_timer.c ****     /* Disable this interrupt. */
 144:.\Generated_Source\PSoC5/isr_timer.c ****     isr_timer_Disable();
 145:.\Generated_Source\PSoC5/isr_timer.c **** 
ARM GAS  C:\Users\li\AppData\Local\Temp\ccdbYecn.s 			page 4


 146:.\Generated_Source\PSoC5/isr_timer.c ****     /* Set the ISR to point to the passive one. */
 147:.\Generated_Source\PSoC5/isr_timer.c ****     isr_timer_SetVector(&IntDefaultHandler);
 148:.\Generated_Source\PSoC5/isr_timer.c **** }
 149:.\Generated_Source\PSoC5/isr_timer.c **** 
 150:.\Generated_Source\PSoC5/isr_timer.c **** 
 151:.\Generated_Source\PSoC5/isr_timer.c **** /*******************************************************************************
 152:.\Generated_Source\PSoC5/isr_timer.c **** * Function Name: isr_timer_Interrupt
 153:.\Generated_Source\PSoC5/isr_timer.c **** ********************************************************************************
 154:.\Generated_Source\PSoC5/isr_timer.c **** *
 155:.\Generated_Source\PSoC5/isr_timer.c **** * Summary:
 156:.\Generated_Source\PSoC5/isr_timer.c **** *   The default Interrupt Service Routine for isr_timer.
 157:.\Generated_Source\PSoC5/isr_timer.c **** *
 158:.\Generated_Source\PSoC5/isr_timer.c **** *   Add custom code between the coments to keep the next version of this file
 159:.\Generated_Source\PSoC5/isr_timer.c **** *   from over writting your code.
 160:.\Generated_Source\PSoC5/isr_timer.c **** *
 161:.\Generated_Source\PSoC5/isr_timer.c **** * Parameters:  
 162:.\Generated_Source\PSoC5/isr_timer.c **** *
 163:.\Generated_Source\PSoC5/isr_timer.c **** * Return:
 164:.\Generated_Source\PSoC5/isr_timer.c **** *   None
 165:.\Generated_Source\PSoC5/isr_timer.c **** *
 166:.\Generated_Source\PSoC5/isr_timer.c **** *******************************************************************************/
 167:.\Generated_Source\PSoC5/isr_timer.c **** CY_ISR(isr_timer_Interrupt)
 168:.\Generated_Source\PSoC5/isr_timer.c **** {
  27              		.loc 1 168 0
  28              		.cfi_startproc
  29              		@ args = 0, pretend = 0, frame = 0
  30              		@ frame_needed = 0, uses_anonymous_args = 0
  31              		@ link register save eliminated.
  32 0000 10B4     		push	{r4}
  33              		.cfi_def_cfa_offset 4
  34              		.cfi_offset 4, -4
 169:.\Generated_Source\PSoC5/isr_timer.c ****     #ifdef isr_timer_INTERRUPT_INTERRUPT_CALLBACK
 170:.\Generated_Source\PSoC5/isr_timer.c ****         isr_timer_Interrupt_InterruptCallback();
 171:.\Generated_Source\PSoC5/isr_timer.c ****     #endif /* isr_timer_INTERRUPT_INTERRUPT_CALLBACK */ 
 172:.\Generated_Source\PSoC5/isr_timer.c **** 
 173:.\Generated_Source\PSoC5/isr_timer.c ****     /*  Place your Interrupt code here. */
 174:.\Generated_Source\PSoC5/isr_timer.c ****     /* `#START isr_timer_Interrupt` */
 175:.\Generated_Source\PSoC5/isr_timer.c ****     time_5ms++;
  35              		.loc 1 175 0
  36 0002 1C4B     		ldr	r3, .L7
  37 0004 1988     		ldrh	r1, [r3]
  38 0006 0131     		adds	r1, r1, #1
  39 0008 89B2     		uxth	r1, r1
  40 000a 1980     		strh	r1, [r3]	@ movhi
 176:.\Generated_Source\PSoC5/isr_timer.c ****     time_1s++;
  41              		.loc 1 176 0
  42 000c 1A4B     		ldr	r3, .L7+4
  43 000e 1888     		ldrh	r0, [r3]
  44 0010 0130     		adds	r0, r0, #1
  45 0012 80B2     		uxth	r0, r0
  46 0014 1880     		strh	r0, [r3]	@ movhi
 177:.\Generated_Source\PSoC5/isr_timer.c ****     time_1ms ++;
  47              		.loc 1 177 0
  48 0016 194A     		ldr	r2, .L7+8
  49 0018 1388     		ldrh	r3, [r2]
  50 001a 0133     		adds	r3, r3, #1
  51 001c 9BB2     		uxth	r3, r3
ARM GAS  C:\Users\li\AppData\Local\Temp\ccdbYecn.s 			page 5


  52 001e 1380     		strh	r3, [r2]	@ movhi
 178:.\Generated_Source\PSoC5/isr_timer.c ****     time_100ms++;
  53              		.loc 1 178 0
  54 0020 174C     		ldr	r4, .L7+12
  55 0022 2288     		ldrh	r2, [r4]
  56 0024 0132     		adds	r2, r2, #1
  57 0026 92B2     		uxth	r2, r2
  58 0028 2280     		strh	r2, [r4]	@ movhi
 179:.\Generated_Source\PSoC5/isr_timer.c ****     if(time_1s >1000)
  59              		.loc 1 179 0
  60 002a B0F57A7F 		cmp	r0, #1000
  61 002e 05D9     		bls	.L2
 180:.\Generated_Source\PSoC5/isr_timer.c ****     {
 181:.\Generated_Source\PSoC5/isr_timer.c ****         time_1s_state = 1;
  62              		.loc 1 181 0
  63 0030 0124     		movs	r4, #1
  64 0032 1448     		ldr	r0, .L7+16
  65 0034 0480     		strh	r4, [r0]	@ movhi
 182:.\Generated_Source\PSoC5/isr_timer.c ****         time_1s = 0;
  66              		.loc 1 182 0
  67 0036 0024     		movs	r4, #0
  68 0038 0F48     		ldr	r0, .L7+4
  69 003a 0480     		strh	r4, [r0]	@ movhi
  70              	.L2:
 183:.\Generated_Source\PSoC5/isr_timer.c ****     }
 184:.\Generated_Source\PSoC5/isr_timer.c ****       if(time_5ms > 5)
  71              		.loc 1 184 0
  72 003c 0529     		cmp	r1, #5
  73 003e 05D9     		bls	.L3
 185:.\Generated_Source\PSoC5/isr_timer.c ****       {
 186:.\Generated_Source\PSoC5/isr_timer.c ****         time_5ms_state = 1;
  74              		.loc 1 186 0
  75 0040 0120     		movs	r0, #1
  76 0042 1149     		ldr	r1, .L7+20
  77 0044 0870     		strb	r0, [r1]
 187:.\Generated_Source\PSoC5/isr_timer.c ****         time_5ms = 0;
  78              		.loc 1 187 0
  79 0046 0020     		movs	r0, #0
  80 0048 0A49     		ldr	r1, .L7
  81 004a 0880     		strh	r0, [r1]	@ movhi
  82              	.L3:
 188:.\Generated_Source\PSoC5/isr_timer.c ****       }
 189:.\Generated_Source\PSoC5/isr_timer.c ****     if(time_100ms >100 )
  83              		.loc 1 189 0
  84 004c 642A     		cmp	r2, #100
  85 004e 05D9     		bls	.L4
 190:.\Generated_Source\PSoC5/isr_timer.c ****     {
 191:.\Generated_Source\PSoC5/isr_timer.c ****         time_100ms = 0;
  86              		.loc 1 191 0
  87 0050 0021     		movs	r1, #0
  88 0052 0B4A     		ldr	r2, .L7+12
  89 0054 1180     		strh	r1, [r2]	@ movhi
 192:.\Generated_Source\PSoC5/isr_timer.c ****         time_100ms_state = 1;
  90              		.loc 1 192 0
  91 0056 0121     		movs	r1, #1
  92 0058 0C4A     		ldr	r2, .L7+24
  93 005a 1180     		strh	r1, [r2]	@ movhi
ARM GAS  C:\Users\li\AppData\Local\Temp\ccdbYecn.s 			page 6


  94              	.L4:
 193:.\Generated_Source\PSoC5/isr_timer.c ****     }
 194:.\Generated_Source\PSoC5/isr_timer.c ****      if(time_1ms >3 )
  95              		.loc 1 194 0
  96 005c 032B     		cmp	r3, #3
  97 005e 05D9     		bls	.L1
 195:.\Generated_Source\PSoC5/isr_timer.c ****     {
 196:.\Generated_Source\PSoC5/isr_timer.c ****         time_1ms = 0;
  98              		.loc 1 196 0
  99 0060 0022     		movs	r2, #0
 100 0062 064B     		ldr	r3, .L7+8
 101 0064 1A80     		strh	r2, [r3]	@ movhi
 197:.\Generated_Source\PSoC5/isr_timer.c ****         time_1ms_state = 1;
 102              		.loc 1 197 0
 103 0066 0122     		movs	r2, #1
 104 0068 094B     		ldr	r3, .L7+28
 105 006a 1A80     		strh	r2, [r3]	@ movhi
 106              	.L1:
 198:.\Generated_Source\PSoC5/isr_timer.c ****     }
 199:.\Generated_Source\PSoC5/isr_timer.c ****     /* `#END` */
 200:.\Generated_Source\PSoC5/isr_timer.c **** }
 107              		.loc 1 200 0
 108 006c 5DF8044B 		ldr	r4, [sp], #4
 109              		.cfi_restore 4
 110              		.cfi_def_cfa_offset 0
 111 0070 7047     		bx	lr
 112              	.L8:
 113 0072 00BF     		.align	2
 114              	.L7:
 115 0074 00000000 		.word	time_5ms
 116 0078 00000000 		.word	time_1s
 117 007c 00000000 		.word	time_1ms
 118 0080 00000000 		.word	time_100ms
 119 0084 00000000 		.word	time_1s_state
 120 0088 00000000 		.word	time_5ms_state
 121 008c 00000000 		.word	time_100ms_state
 122 0090 00000000 		.word	time_1ms_state
 123              		.cfi_endproc
 124              	.LFE3:
 125              		.size	isr_timer_Interrupt, .-isr_timer_Interrupt
 126              		.section	.text.isr_timer_SetVector,"ax",%progbits
 127              		.align	2
 128              		.global	isr_timer_SetVector
 129              		.thumb
 130              		.thumb_func
 131              		.type	isr_timer_SetVector, %function
 132              	isr_timer_SetVector:
 133              	.LFB4:
 201:.\Generated_Source\PSoC5/isr_timer.c **** 
 202:.\Generated_Source\PSoC5/isr_timer.c **** 
 203:.\Generated_Source\PSoC5/isr_timer.c **** /*******************************************************************************
 204:.\Generated_Source\PSoC5/isr_timer.c **** * Function Name: isr_timer_SetVector
 205:.\Generated_Source\PSoC5/isr_timer.c **** ********************************************************************************
 206:.\Generated_Source\PSoC5/isr_timer.c **** *
 207:.\Generated_Source\PSoC5/isr_timer.c **** * Summary:
 208:.\Generated_Source\PSoC5/isr_timer.c **** *   Change the ISR vector for the Interrupt. Note calling isr_timer_Start
 209:.\Generated_Source\PSoC5/isr_timer.c **** *   will override any effect this method would have had. To set the vector 
ARM GAS  C:\Users\li\AppData\Local\Temp\ccdbYecn.s 			page 7


 210:.\Generated_Source\PSoC5/isr_timer.c **** *   before the component has been started use isr_timer_StartEx instead.
 211:.\Generated_Source\PSoC5/isr_timer.c **** * 
 212:.\Generated_Source\PSoC5/isr_timer.c **** *   When defining ISR functions, the CY_ISR and CY_ISR_PROTO macros should be 
 213:.\Generated_Source\PSoC5/isr_timer.c **** *   used to provide consistent definition across compilers:
 214:.\Generated_Source\PSoC5/isr_timer.c **** *
 215:.\Generated_Source\PSoC5/isr_timer.c **** *   Function definition example:
 216:.\Generated_Source\PSoC5/isr_timer.c **** *   CY_ISR(MyISR)
 217:.\Generated_Source\PSoC5/isr_timer.c **** *   {
 218:.\Generated_Source\PSoC5/isr_timer.c **** *   }
 219:.\Generated_Source\PSoC5/isr_timer.c **** *
 220:.\Generated_Source\PSoC5/isr_timer.c **** *   Function prototype example:
 221:.\Generated_Source\PSoC5/isr_timer.c **** *     CY_ISR_PROTO(MyISR);
 222:.\Generated_Source\PSoC5/isr_timer.c **** *
 223:.\Generated_Source\PSoC5/isr_timer.c **** * Parameters:
 224:.\Generated_Source\PSoC5/isr_timer.c **** *   address: Address of the ISR to set in the interrupt vector table.
 225:.\Generated_Source\PSoC5/isr_timer.c **** *
 226:.\Generated_Source\PSoC5/isr_timer.c **** * Return:
 227:.\Generated_Source\PSoC5/isr_timer.c **** *   None
 228:.\Generated_Source\PSoC5/isr_timer.c **** *
 229:.\Generated_Source\PSoC5/isr_timer.c **** *******************************************************************************/
 230:.\Generated_Source\PSoC5/isr_timer.c **** void isr_timer_SetVector(cyisraddress address)
 231:.\Generated_Source\PSoC5/isr_timer.c **** {
 134              		.loc 1 231 0
 135              		.cfi_startproc
 136              		@ args = 0, pretend = 0, frame = 0
 137              		@ frame_needed = 0, uses_anonymous_args = 0
 138              		@ link register save eliminated.
 139              	.LVL0:
 232:.\Generated_Source\PSoC5/isr_timer.c ****     cyisraddress * ramVectorTable;
 233:.\Generated_Source\PSoC5/isr_timer.c **** 
 234:.\Generated_Source\PSoC5/isr_timer.c ****     ramVectorTable = (cyisraddress *) *CYINT_VECT_TABLE;
 140              		.loc 1 234 0
 141 0000 014B     		ldr	r3, .L10
 142 0002 1B68     		ldr	r3, [r3]
 143              	.LVL1:
 235:.\Generated_Source\PSoC5/isr_timer.c **** 
 236:.\Generated_Source\PSoC5/isr_timer.c ****     ramVectorTable[CYINT_IRQ_BASE + (uint32)isr_timer__INTC_NUMBER] = address;
 144              		.loc 1 236 0
 145 0004 5865     		str	r0, [r3, #84]
 146 0006 7047     		bx	lr
 147              	.L11:
 148              		.align	2
 149              	.L10:
 150 0008 08ED00E0 		.word	-536810232
 151              		.cfi_endproc
 152              	.LFE4:
 153              		.size	isr_timer_SetVector, .-isr_timer_SetVector
 154              		.section	.text.isr_timer_GetVector,"ax",%progbits
 155              		.align	2
 156              		.global	isr_timer_GetVector
 157              		.thumb
 158              		.thumb_func
 159              		.type	isr_timer_GetVector, %function
 160              	isr_timer_GetVector:
 161              	.LFB5:
 237:.\Generated_Source\PSoC5/isr_timer.c **** }
 238:.\Generated_Source\PSoC5/isr_timer.c **** 
ARM GAS  C:\Users\li\AppData\Local\Temp\ccdbYecn.s 			page 8


 239:.\Generated_Source\PSoC5/isr_timer.c **** 
 240:.\Generated_Source\PSoC5/isr_timer.c **** /*******************************************************************************
 241:.\Generated_Source\PSoC5/isr_timer.c **** * Function Name: isr_timer_GetVector
 242:.\Generated_Source\PSoC5/isr_timer.c **** ********************************************************************************
 243:.\Generated_Source\PSoC5/isr_timer.c **** *
 244:.\Generated_Source\PSoC5/isr_timer.c **** * Summary:
 245:.\Generated_Source\PSoC5/isr_timer.c **** *   Gets the "address" of the current ISR vector for the Interrupt.
 246:.\Generated_Source\PSoC5/isr_timer.c **** *
 247:.\Generated_Source\PSoC5/isr_timer.c **** * Parameters:
 248:.\Generated_Source\PSoC5/isr_timer.c **** *   None
 249:.\Generated_Source\PSoC5/isr_timer.c **** *
 250:.\Generated_Source\PSoC5/isr_timer.c **** * Return:
 251:.\Generated_Source\PSoC5/isr_timer.c **** *   Address of the ISR in the interrupt vector table.
 252:.\Generated_Source\PSoC5/isr_timer.c **** *
 253:.\Generated_Source\PSoC5/isr_timer.c **** *******************************************************************************/
 254:.\Generated_Source\PSoC5/isr_timer.c **** cyisraddress isr_timer_GetVector(void)
 255:.\Generated_Source\PSoC5/isr_timer.c **** {
 162              		.loc 1 255 0
 163              		.cfi_startproc
 164              		@ args = 0, pretend = 0, frame = 0
 165              		@ frame_needed = 0, uses_anonymous_args = 0
 166              		@ link register save eliminated.
 256:.\Generated_Source\PSoC5/isr_timer.c ****     cyisraddress * ramVectorTable;
 257:.\Generated_Source\PSoC5/isr_timer.c **** 
 258:.\Generated_Source\PSoC5/isr_timer.c ****     ramVectorTable = (cyisraddress *) *CYINT_VECT_TABLE;
 167              		.loc 1 258 0
 168 0000 014B     		ldr	r3, .L13
 169 0002 1B68     		ldr	r3, [r3]
 170              	.LVL2:
 259:.\Generated_Source\PSoC5/isr_timer.c **** 
 260:.\Generated_Source\PSoC5/isr_timer.c ****     return ramVectorTable[CYINT_IRQ_BASE + (uint32)isr_timer__INTC_NUMBER];
 261:.\Generated_Source\PSoC5/isr_timer.c **** }
 171              		.loc 1 261 0
 172 0004 586D     		ldr	r0, [r3, #84]
 173 0006 7047     		bx	lr
 174              	.L14:
 175              		.align	2
 176              	.L13:
 177 0008 08ED00E0 		.word	-536810232
 178              		.cfi_endproc
 179              	.LFE5:
 180              		.size	isr_timer_GetVector, .-isr_timer_GetVector
 181              		.section	.text.isr_timer_SetPriority,"ax",%progbits
 182              		.align	2
 183              		.global	isr_timer_SetPriority
 184              		.thumb
 185              		.thumb_func
 186              		.type	isr_timer_SetPriority, %function
 187              	isr_timer_SetPriority:
 188              	.LFB6:
 262:.\Generated_Source\PSoC5/isr_timer.c **** 
 263:.\Generated_Source\PSoC5/isr_timer.c **** 
 264:.\Generated_Source\PSoC5/isr_timer.c **** /*******************************************************************************
 265:.\Generated_Source\PSoC5/isr_timer.c **** * Function Name: isr_timer_SetPriority
 266:.\Generated_Source\PSoC5/isr_timer.c **** ********************************************************************************
 267:.\Generated_Source\PSoC5/isr_timer.c **** *
 268:.\Generated_Source\PSoC5/isr_timer.c **** * Summary:
ARM GAS  C:\Users\li\AppData\Local\Temp\ccdbYecn.s 			page 9


 269:.\Generated_Source\PSoC5/isr_timer.c **** *   Sets the Priority of the Interrupt. 
 270:.\Generated_Source\PSoC5/isr_timer.c **** *
 271:.\Generated_Source\PSoC5/isr_timer.c **** *   Note calling isr_timer_Start or isr_timer_StartEx will 
 272:.\Generated_Source\PSoC5/isr_timer.c **** *   override any effect this API would have had. This API should only be called
 273:.\Generated_Source\PSoC5/isr_timer.c **** *   after isr_timer_Start or isr_timer_StartEx has been called. 
 274:.\Generated_Source\PSoC5/isr_timer.c **** *   To set the initial priority for the component, use the Design-Wide Resources
 275:.\Generated_Source\PSoC5/isr_timer.c **** *   Interrupt Editor.
 276:.\Generated_Source\PSoC5/isr_timer.c **** *
 277:.\Generated_Source\PSoC5/isr_timer.c **** *   Note This API has no effect on Non-maskable interrupt NMI).
 278:.\Generated_Source\PSoC5/isr_timer.c **** *
 279:.\Generated_Source\PSoC5/isr_timer.c **** * Parameters:
 280:.\Generated_Source\PSoC5/isr_timer.c **** *   priority: Priority of the interrupt, 0 being the highest priority
 281:.\Generated_Source\PSoC5/isr_timer.c **** *             PSoC 3 and PSoC 5LP: Priority is from 0 to 7.
 282:.\Generated_Source\PSoC5/isr_timer.c **** *             PSoC 4: Priority is from 0 to 3.
 283:.\Generated_Source\PSoC5/isr_timer.c **** *
 284:.\Generated_Source\PSoC5/isr_timer.c **** * Return:
 285:.\Generated_Source\PSoC5/isr_timer.c **** *   None
 286:.\Generated_Source\PSoC5/isr_timer.c **** *
 287:.\Generated_Source\PSoC5/isr_timer.c **** *******************************************************************************/
 288:.\Generated_Source\PSoC5/isr_timer.c **** void isr_timer_SetPriority(uint8 priority)
 289:.\Generated_Source\PSoC5/isr_timer.c **** {
 189              		.loc 1 289 0
 190              		.cfi_startproc
 191              		@ args = 0, pretend = 0, frame = 0
 192              		@ frame_needed = 0, uses_anonymous_args = 0
 193              		@ link register save eliminated.
 194              	.LVL3:
 290:.\Generated_Source\PSoC5/isr_timer.c ****     *isr_timer_INTC_PRIOR = priority << 5;
 195              		.loc 1 290 0
 196 0000 4001     		lsls	r0, r0, #5
 197              	.LVL4:
 198 0002 C0B2     		uxtb	r0, r0
 199 0004 014B     		ldr	r3, .L16
 200 0006 1870     		strb	r0, [r3]
 201 0008 7047     		bx	lr
 202              	.L17:
 203 000a 00BF     		.align	2
 204              	.L16:
 205 000c 05E400E0 		.word	-536812539
 206              		.cfi_endproc
 207              	.LFE6:
 208              		.size	isr_timer_SetPriority, .-isr_timer_SetPriority
 209              		.section	.text.isr_timer_GetPriority,"ax",%progbits
 210              		.align	2
 211              		.global	isr_timer_GetPriority
 212              		.thumb
 213              		.thumb_func
 214              		.type	isr_timer_GetPriority, %function
 215              	isr_timer_GetPriority:
 216              	.LFB7:
 291:.\Generated_Source\PSoC5/isr_timer.c **** }
 292:.\Generated_Source\PSoC5/isr_timer.c **** 
 293:.\Generated_Source\PSoC5/isr_timer.c **** 
 294:.\Generated_Source\PSoC5/isr_timer.c **** /*******************************************************************************
 295:.\Generated_Source\PSoC5/isr_timer.c **** * Function Name: isr_timer_GetPriority
 296:.\Generated_Source\PSoC5/isr_timer.c **** ********************************************************************************
 297:.\Generated_Source\PSoC5/isr_timer.c **** *
ARM GAS  C:\Users\li\AppData\Local\Temp\ccdbYecn.s 			page 10


 298:.\Generated_Source\PSoC5/isr_timer.c **** * Summary:
 299:.\Generated_Source\PSoC5/isr_timer.c **** *   Gets the Priority of the Interrupt.
 300:.\Generated_Source\PSoC5/isr_timer.c **** *
 301:.\Generated_Source\PSoC5/isr_timer.c **** * Parameters:
 302:.\Generated_Source\PSoC5/isr_timer.c **** *   None
 303:.\Generated_Source\PSoC5/isr_timer.c **** *
 304:.\Generated_Source\PSoC5/isr_timer.c **** * Return:
 305:.\Generated_Source\PSoC5/isr_timer.c **** *   Priority of the interrupt, 0 being the highest priority
 306:.\Generated_Source\PSoC5/isr_timer.c **** *    PSoC 3 and PSoC 5LP: Priority is from 0 to 7.
 307:.\Generated_Source\PSoC5/isr_timer.c **** *    PSoC 4: Priority is from 0 to 3.
 308:.\Generated_Source\PSoC5/isr_timer.c **** *
 309:.\Generated_Source\PSoC5/isr_timer.c **** *******************************************************************************/
 310:.\Generated_Source\PSoC5/isr_timer.c **** uint8 isr_timer_GetPriority(void)
 311:.\Generated_Source\PSoC5/isr_timer.c **** {
 217              		.loc 1 311 0
 218              		.cfi_startproc
 219              		@ args = 0, pretend = 0, frame = 0
 220              		@ frame_needed = 0, uses_anonymous_args = 0
 221              		@ link register save eliminated.
 312:.\Generated_Source\PSoC5/isr_timer.c ****     uint8 priority;
 313:.\Generated_Source\PSoC5/isr_timer.c **** 
 314:.\Generated_Source\PSoC5/isr_timer.c **** 
 315:.\Generated_Source\PSoC5/isr_timer.c ****     priority = *isr_timer_INTC_PRIOR >> 5;
 222              		.loc 1 315 0
 223 0000 014B     		ldr	r3, .L19
 224 0002 1878     		ldrb	r0, [r3]	@ zero_extendqisi2
 225              	.LVL5:
 316:.\Generated_Source\PSoC5/isr_timer.c **** 
 317:.\Generated_Source\PSoC5/isr_timer.c ****     return priority;
 318:.\Generated_Source\PSoC5/isr_timer.c **** }
 226              		.loc 1 318 0
 227 0004 4009     		lsrs	r0, r0, #5
 228              	.LVL6:
 229 0006 7047     		bx	lr
 230              	.L20:
 231              		.align	2
 232              	.L19:
 233 0008 05E400E0 		.word	-536812539
 234              		.cfi_endproc
 235              	.LFE7:
 236              		.size	isr_timer_GetPriority, .-isr_timer_GetPriority
 237              		.section	.text.isr_timer_Enable,"ax",%progbits
 238              		.align	2
 239              		.global	isr_timer_Enable
 240              		.thumb
 241              		.thumb_func
 242              		.type	isr_timer_Enable, %function
 243              	isr_timer_Enable:
 244              	.LFB8:
 319:.\Generated_Source\PSoC5/isr_timer.c **** 
 320:.\Generated_Source\PSoC5/isr_timer.c **** 
 321:.\Generated_Source\PSoC5/isr_timer.c **** /*******************************************************************************
 322:.\Generated_Source\PSoC5/isr_timer.c **** * Function Name: isr_timer_Enable
 323:.\Generated_Source\PSoC5/isr_timer.c **** ********************************************************************************
 324:.\Generated_Source\PSoC5/isr_timer.c **** *
 325:.\Generated_Source\PSoC5/isr_timer.c **** * Summary:
 326:.\Generated_Source\PSoC5/isr_timer.c **** *   Enables the interrupt to the interrupt controller. Do not call this function
ARM GAS  C:\Users\li\AppData\Local\Temp\ccdbYecn.s 			page 11


 327:.\Generated_Source\PSoC5/isr_timer.c **** *   unless ISR_Start() has been called or the functionality of the ISR_Start() 
 328:.\Generated_Source\PSoC5/isr_timer.c **** *   function, which sets the vector and the priority, has been called.
 329:.\Generated_Source\PSoC5/isr_timer.c **** *
 330:.\Generated_Source\PSoC5/isr_timer.c **** * Parameters:
 331:.\Generated_Source\PSoC5/isr_timer.c **** *   None
 332:.\Generated_Source\PSoC5/isr_timer.c **** *
 333:.\Generated_Source\PSoC5/isr_timer.c **** * Return:
 334:.\Generated_Source\PSoC5/isr_timer.c **** *   None
 335:.\Generated_Source\PSoC5/isr_timer.c **** *
 336:.\Generated_Source\PSoC5/isr_timer.c **** *******************************************************************************/
 337:.\Generated_Source\PSoC5/isr_timer.c **** void isr_timer_Enable(void)
 338:.\Generated_Source\PSoC5/isr_timer.c **** {
 245              		.loc 1 338 0
 246              		.cfi_startproc
 247              		@ args = 0, pretend = 0, frame = 0
 248              		@ frame_needed = 0, uses_anonymous_args = 0
 249              		@ link register save eliminated.
 339:.\Generated_Source\PSoC5/isr_timer.c ****     /* Enable the general interrupt. */
 340:.\Generated_Source\PSoC5/isr_timer.c ****     *isr_timer_INTC_SET_EN = isr_timer__INTC_MASK;
 250              		.loc 1 340 0
 251 0000 2022     		movs	r2, #32
 252 0002 014B     		ldr	r3, .L22
 253 0004 1A60     		str	r2, [r3]
 254 0006 7047     		bx	lr
 255              	.L23:
 256              		.align	2
 257              	.L22:
 258 0008 00E100E0 		.word	-536813312
 259              		.cfi_endproc
 260              	.LFE8:
 261              		.size	isr_timer_Enable, .-isr_timer_Enable
 262              		.section	.text.isr_timer_GetState,"ax",%progbits
 263              		.align	2
 264              		.global	isr_timer_GetState
 265              		.thumb
 266              		.thumb_func
 267              		.type	isr_timer_GetState, %function
 268              	isr_timer_GetState:
 269              	.LFB9:
 341:.\Generated_Source\PSoC5/isr_timer.c **** }
 342:.\Generated_Source\PSoC5/isr_timer.c **** 
 343:.\Generated_Source\PSoC5/isr_timer.c **** 
 344:.\Generated_Source\PSoC5/isr_timer.c **** /*******************************************************************************
 345:.\Generated_Source\PSoC5/isr_timer.c **** * Function Name: isr_timer_GetState
 346:.\Generated_Source\PSoC5/isr_timer.c **** ********************************************************************************
 347:.\Generated_Source\PSoC5/isr_timer.c **** *
 348:.\Generated_Source\PSoC5/isr_timer.c **** * Summary:
 349:.\Generated_Source\PSoC5/isr_timer.c **** *   Gets the state (enabled, disabled) of the Interrupt.
 350:.\Generated_Source\PSoC5/isr_timer.c **** *
 351:.\Generated_Source\PSoC5/isr_timer.c **** * Parameters:
 352:.\Generated_Source\PSoC5/isr_timer.c **** *   None
 353:.\Generated_Source\PSoC5/isr_timer.c **** *
 354:.\Generated_Source\PSoC5/isr_timer.c **** * Return:
 355:.\Generated_Source\PSoC5/isr_timer.c **** *   1 if enabled, 0 if disabled.
 356:.\Generated_Source\PSoC5/isr_timer.c **** *
 357:.\Generated_Source\PSoC5/isr_timer.c **** *******************************************************************************/
 358:.\Generated_Source\PSoC5/isr_timer.c **** uint8 isr_timer_GetState(void)
ARM GAS  C:\Users\li\AppData\Local\Temp\ccdbYecn.s 			page 12


 359:.\Generated_Source\PSoC5/isr_timer.c **** {
 270              		.loc 1 359 0
 271              		.cfi_startproc
 272              		@ args = 0, pretend = 0, frame = 0
 273              		@ frame_needed = 0, uses_anonymous_args = 0
 274              		@ link register save eliminated.
 360:.\Generated_Source\PSoC5/isr_timer.c ****     /* Get the state of the general interrupt. */
 361:.\Generated_Source\PSoC5/isr_timer.c ****     return ((*isr_timer_INTC_SET_EN & (uint32)isr_timer__INTC_MASK) != 0u) ? 1u:0u;
 275              		.loc 1 361 0
 276 0000 044B     		ldr	r3, .L27
 277 0002 1B68     		ldr	r3, [r3]
 278 0004 13F0200F 		tst	r3, #32
 279 0008 01D0     		beq	.L26
 280 000a 0120     		movs	r0, #1
 281 000c 7047     		bx	lr
 282              	.L26:
 283 000e 0020     		movs	r0, #0
 362:.\Generated_Source\PSoC5/isr_timer.c **** }
 284              		.loc 1 362 0
 285 0010 7047     		bx	lr
 286              	.L28:
 287 0012 00BF     		.align	2
 288              	.L27:
 289 0014 00E100E0 		.word	-536813312
 290              		.cfi_endproc
 291              	.LFE9:
 292              		.size	isr_timer_GetState, .-isr_timer_GetState
 293              		.section	.text.isr_timer_Disable,"ax",%progbits
 294              		.align	2
 295              		.global	isr_timer_Disable
 296              		.thumb
 297              		.thumb_func
 298              		.type	isr_timer_Disable, %function
 299              	isr_timer_Disable:
 300              	.LFB10:
 363:.\Generated_Source\PSoC5/isr_timer.c **** 
 364:.\Generated_Source\PSoC5/isr_timer.c **** 
 365:.\Generated_Source\PSoC5/isr_timer.c **** /*******************************************************************************
 366:.\Generated_Source\PSoC5/isr_timer.c **** * Function Name: isr_timer_Disable
 367:.\Generated_Source\PSoC5/isr_timer.c **** ********************************************************************************
 368:.\Generated_Source\PSoC5/isr_timer.c **** *
 369:.\Generated_Source\PSoC5/isr_timer.c **** * Summary:
 370:.\Generated_Source\PSoC5/isr_timer.c **** *   Disables the Interrupt in the interrupt controller.
 371:.\Generated_Source\PSoC5/isr_timer.c **** *
 372:.\Generated_Source\PSoC5/isr_timer.c **** * Parameters:
 373:.\Generated_Source\PSoC5/isr_timer.c **** *   None
 374:.\Generated_Source\PSoC5/isr_timer.c **** *
 375:.\Generated_Source\PSoC5/isr_timer.c **** * Return:
 376:.\Generated_Source\PSoC5/isr_timer.c **** *   None
 377:.\Generated_Source\PSoC5/isr_timer.c **** *
 378:.\Generated_Source\PSoC5/isr_timer.c **** *******************************************************************************/
 379:.\Generated_Source\PSoC5/isr_timer.c **** void isr_timer_Disable(void)
 380:.\Generated_Source\PSoC5/isr_timer.c **** {
 301              		.loc 1 380 0
 302              		.cfi_startproc
 303              		@ args = 0, pretend = 0, frame = 0
 304              		@ frame_needed = 0, uses_anonymous_args = 0
ARM GAS  C:\Users\li\AppData\Local\Temp\ccdbYecn.s 			page 13


 305              		@ link register save eliminated.
 381:.\Generated_Source\PSoC5/isr_timer.c ****     /* Disable the general interrupt. */
 382:.\Generated_Source\PSoC5/isr_timer.c ****     *isr_timer_INTC_CLR_EN = isr_timer__INTC_MASK;
 306              		.loc 1 382 0
 307 0000 2022     		movs	r2, #32
 308 0002 014B     		ldr	r3, .L30
 309 0004 1A60     		str	r2, [r3]
 310 0006 7047     		bx	lr
 311              	.L31:
 312              		.align	2
 313              	.L30:
 314 0008 80E100E0 		.word	-536813184
 315              		.cfi_endproc
 316              	.LFE10:
 317              		.size	isr_timer_Disable, .-isr_timer_Disable
 318              		.section	.text.isr_timer_Start,"ax",%progbits
 319              		.align	2
 320              		.global	isr_timer_Start
 321              		.thumb
 322              		.thumb_func
 323              		.type	isr_timer_Start, %function
 324              	isr_timer_Start:
 325              	.LFB0:
  69:.\Generated_Source\PSoC5/isr_timer.c ****     /* For all we know the interrupt is active. */
 326              		.loc 1 69 0
 327              		.cfi_startproc
 328              		@ args = 0, pretend = 0, frame = 0
 329              		@ frame_needed = 0, uses_anonymous_args = 0
 330 0000 08B5     		push	{r3, lr}
 331              		.cfi_def_cfa_offset 8
 332              		.cfi_offset 3, -8
 333              		.cfi_offset 14, -4
  71:.\Generated_Source\PSoC5/isr_timer.c **** 
 334              		.loc 1 71 0
 335 0002 FFF7FEFF 		bl	isr_timer_Disable
 336              	.LVL7:
  74:.\Generated_Source\PSoC5/isr_timer.c **** 
 337              		.loc 1 74 0
 338 0006 0448     		ldr	r0, .L34
 339 0008 FFF7FEFF 		bl	isr_timer_SetVector
 340              	.LVL8:
  77:.\Generated_Source\PSoC5/isr_timer.c **** 
 341              		.loc 1 77 0
 342 000c 0720     		movs	r0, #7
 343 000e FFF7FEFF 		bl	isr_timer_SetPriority
 344              	.LVL9:
  80:.\Generated_Source\PSoC5/isr_timer.c **** }
 345              		.loc 1 80 0
 346 0012 FFF7FEFF 		bl	isr_timer_Enable
 347              	.LVL10:
 348 0016 08BD     		pop	{r3, pc}
 349              	.L35:
 350              		.align	2
 351              	.L34:
 352 0018 00000000 		.word	isr_timer_Interrupt
 353              		.cfi_endproc
 354              	.LFE0:
ARM GAS  C:\Users\li\AppData\Local\Temp\ccdbYecn.s 			page 14


 355              		.size	isr_timer_Start, .-isr_timer_Start
 356              		.section	.text.isr_timer_StartEx,"ax",%progbits
 357              		.align	2
 358              		.global	isr_timer_StartEx
 359              		.thumb
 360              		.thumb_func
 361              		.type	isr_timer_StartEx, %function
 362              	isr_timer_StartEx:
 363              	.LFB1:
 112:.\Generated_Source\PSoC5/isr_timer.c ****     /* For all we know the interrupt is active. */
 364              		.loc 1 112 0
 365              		.cfi_startproc
 366              		@ args = 0, pretend = 0, frame = 0
 367              		@ frame_needed = 0, uses_anonymous_args = 0
 368              	.LVL11:
 369 0000 10B5     		push	{r4, lr}
 370              		.cfi_def_cfa_offset 8
 371              		.cfi_offset 4, -8
 372              		.cfi_offset 14, -4
 373 0002 0446     		mov	r4, r0
 114:.\Generated_Source\PSoC5/isr_timer.c **** 
 374              		.loc 1 114 0
 375 0004 FFF7FEFF 		bl	isr_timer_Disable
 376              	.LVL12:
 117:.\Generated_Source\PSoC5/isr_timer.c **** 
 377              		.loc 1 117 0
 378 0008 2046     		mov	r0, r4
 379 000a FFF7FEFF 		bl	isr_timer_SetVector
 380              	.LVL13:
 120:.\Generated_Source\PSoC5/isr_timer.c **** 
 381              		.loc 1 120 0
 382 000e 0720     		movs	r0, #7
 383 0010 FFF7FEFF 		bl	isr_timer_SetPriority
 384              	.LVL14:
 123:.\Generated_Source\PSoC5/isr_timer.c **** }
 385              		.loc 1 123 0
 386 0014 FFF7FEFF 		bl	isr_timer_Enable
 387              	.LVL15:
 388 0018 10BD     		pop	{r4, pc}
 389              		.cfi_endproc
 390              	.LFE1:
 391              		.size	isr_timer_StartEx, .-isr_timer_StartEx
 392 001a 00BF     		.section	.text.isr_timer_Stop,"ax",%progbits
 393              		.align	2
 394              		.global	isr_timer_Stop
 395              		.thumb
 396              		.thumb_func
 397              		.type	isr_timer_Stop, %function
 398              	isr_timer_Stop:
 399              	.LFB2:
 142:.\Generated_Source\PSoC5/isr_timer.c ****     /* Disable this interrupt. */
 400              		.loc 1 142 0
 401              		.cfi_startproc
 402              		@ args = 0, pretend = 0, frame = 0
 403              		@ frame_needed = 0, uses_anonymous_args = 0
 404 0000 08B5     		push	{r3, lr}
 405              		.cfi_def_cfa_offset 8
ARM GAS  C:\Users\li\AppData\Local\Temp\ccdbYecn.s 			page 15


 406              		.cfi_offset 3, -8
 407              		.cfi_offset 14, -4
 144:.\Generated_Source\PSoC5/isr_timer.c **** 
 408              		.loc 1 144 0
 409 0002 FFF7FEFF 		bl	isr_timer_Disable
 410              	.LVL16:
 147:.\Generated_Source\PSoC5/isr_timer.c **** }
 411              		.loc 1 147 0
 412 0006 0248     		ldr	r0, .L40
 413 0008 FFF7FEFF 		bl	isr_timer_SetVector
 414              	.LVL17:
 415 000c 08BD     		pop	{r3, pc}
 416              	.L41:
 417 000e 00BF     		.align	2
 418              	.L40:
 419 0010 00000000 		.word	IntDefaultHandler
 420              		.cfi_endproc
 421              	.LFE2:
 422              		.size	isr_timer_Stop, .-isr_timer_Stop
 423              		.section	.text.isr_timer_SetPending,"ax",%progbits
 424              		.align	2
 425              		.global	isr_timer_SetPending
 426              		.thumb
 427              		.thumb_func
 428              		.type	isr_timer_SetPending, %function
 429              	isr_timer_SetPending:
 430              	.LFB11:
 383:.\Generated_Source\PSoC5/isr_timer.c **** }
 384:.\Generated_Source\PSoC5/isr_timer.c **** 
 385:.\Generated_Source\PSoC5/isr_timer.c **** 
 386:.\Generated_Source\PSoC5/isr_timer.c **** /*******************************************************************************
 387:.\Generated_Source\PSoC5/isr_timer.c **** * Function Name: isr_timer_SetPending
 388:.\Generated_Source\PSoC5/isr_timer.c **** ********************************************************************************
 389:.\Generated_Source\PSoC5/isr_timer.c **** *
 390:.\Generated_Source\PSoC5/isr_timer.c **** * Summary:
 391:.\Generated_Source\PSoC5/isr_timer.c **** *   Causes the Interrupt to enter the pending state, a software method of
 392:.\Generated_Source\PSoC5/isr_timer.c **** *   generating the interrupt.
 393:.\Generated_Source\PSoC5/isr_timer.c **** *
 394:.\Generated_Source\PSoC5/isr_timer.c **** * Parameters:
 395:.\Generated_Source\PSoC5/isr_timer.c **** *   None
 396:.\Generated_Source\PSoC5/isr_timer.c **** *
 397:.\Generated_Source\PSoC5/isr_timer.c **** * Return:
 398:.\Generated_Source\PSoC5/isr_timer.c **** *   None
 399:.\Generated_Source\PSoC5/isr_timer.c **** *
 400:.\Generated_Source\PSoC5/isr_timer.c **** * Side Effects:
 401:.\Generated_Source\PSoC5/isr_timer.c **** *   If interrupts are enabled and the interrupt is set up properly, the ISR is
 402:.\Generated_Source\PSoC5/isr_timer.c **** *   entered (depending on the priority of this interrupt and other pending 
 403:.\Generated_Source\PSoC5/isr_timer.c **** *   interrupts).
 404:.\Generated_Source\PSoC5/isr_timer.c **** *
 405:.\Generated_Source\PSoC5/isr_timer.c **** *******************************************************************************/
 406:.\Generated_Source\PSoC5/isr_timer.c **** void isr_timer_SetPending(void)
 407:.\Generated_Source\PSoC5/isr_timer.c **** {
 431              		.loc 1 407 0
 432              		.cfi_startproc
 433              		@ args = 0, pretend = 0, frame = 0
 434              		@ frame_needed = 0, uses_anonymous_args = 0
 435              		@ link register save eliminated.
ARM GAS  C:\Users\li\AppData\Local\Temp\ccdbYecn.s 			page 16


 408:.\Generated_Source\PSoC5/isr_timer.c ****     *isr_timer_INTC_SET_PD = isr_timer__INTC_MASK;
 436              		.loc 1 408 0
 437 0000 2022     		movs	r2, #32
 438 0002 014B     		ldr	r3, .L43
 439 0004 1A60     		str	r2, [r3]
 440 0006 7047     		bx	lr
 441              	.L44:
 442              		.align	2
 443              	.L43:
 444 0008 00E200E0 		.word	-536813056
 445              		.cfi_endproc
 446              	.LFE11:
 447              		.size	isr_timer_SetPending, .-isr_timer_SetPending
 448              		.section	.text.isr_timer_ClearPending,"ax",%progbits
 449              		.align	2
 450              		.global	isr_timer_ClearPending
 451              		.thumb
 452              		.thumb_func
 453              		.type	isr_timer_ClearPending, %function
 454              	isr_timer_ClearPending:
 455              	.LFB12:
 409:.\Generated_Source\PSoC5/isr_timer.c **** }
 410:.\Generated_Source\PSoC5/isr_timer.c **** 
 411:.\Generated_Source\PSoC5/isr_timer.c **** 
 412:.\Generated_Source\PSoC5/isr_timer.c **** /*******************************************************************************
 413:.\Generated_Source\PSoC5/isr_timer.c **** * Function Name: isr_timer_ClearPending
 414:.\Generated_Source\PSoC5/isr_timer.c **** ********************************************************************************
 415:.\Generated_Source\PSoC5/isr_timer.c **** *
 416:.\Generated_Source\PSoC5/isr_timer.c **** * Summary:
 417:.\Generated_Source\PSoC5/isr_timer.c **** *   Clears a pending interrupt in the interrupt controller.
 418:.\Generated_Source\PSoC5/isr_timer.c **** *
 419:.\Generated_Source\PSoC5/isr_timer.c **** *   Note Some interrupt sources are clear-on-read and require the block 
 420:.\Generated_Source\PSoC5/isr_timer.c **** *   interrupt/status register to be read/cleared with the appropriate block API 
 421:.\Generated_Source\PSoC5/isr_timer.c **** *   (GPIO, UART, and so on). Otherwise the ISR will continue to remain in 
 422:.\Generated_Source\PSoC5/isr_timer.c **** *   pending state even though the interrupt itself is cleared using this API.
 423:.\Generated_Source\PSoC5/isr_timer.c **** *
 424:.\Generated_Source\PSoC5/isr_timer.c **** * Parameters:
 425:.\Generated_Source\PSoC5/isr_timer.c **** *   None
 426:.\Generated_Source\PSoC5/isr_timer.c **** *
 427:.\Generated_Source\PSoC5/isr_timer.c **** * Return:
 428:.\Generated_Source\PSoC5/isr_timer.c **** *   None
 429:.\Generated_Source\PSoC5/isr_timer.c **** *
 430:.\Generated_Source\PSoC5/isr_timer.c **** *******************************************************************************/
 431:.\Generated_Source\PSoC5/isr_timer.c **** void isr_timer_ClearPending(void)
 432:.\Generated_Source\PSoC5/isr_timer.c **** {
 456              		.loc 1 432 0
 457              		.cfi_startproc
 458              		@ args = 0, pretend = 0, frame = 0
 459              		@ frame_needed = 0, uses_anonymous_args = 0
 460              		@ link register save eliminated.
 433:.\Generated_Source\PSoC5/isr_timer.c ****     *isr_timer_INTC_CLR_PD = isr_timer__INTC_MASK;
 461              		.loc 1 433 0
 462 0000 2022     		movs	r2, #32
 463 0002 014B     		ldr	r3, .L46
 464 0004 1A60     		str	r2, [r3]
 465 0006 7047     		bx	lr
 466              	.L47:
ARM GAS  C:\Users\li\AppData\Local\Temp\ccdbYecn.s 			page 17


 467              		.align	2
 468              	.L46:
 469 0008 80E200E0 		.word	-536812928
 470              		.cfi_endproc
 471              	.LFE12:
 472              		.size	isr_timer_ClearPending, .-isr_timer_ClearPending
 473              		.comm	time_100ms_state,2,2
 474              		.comm	time_100ms,2,2
 475              		.comm	time_1s_state,2,2
 476              		.comm	time_1s,2,2
 477              		.comm	time_5ms_state,1,1
 478              		.comm	time_5ms,2,2
 479              		.comm	time_1ms_state,2,2
 480              		.comm	time_1ms,2,2
 481              		.text
 482              	.Letext0:
 483              		.file 2 "Generated_Source\\PSoC5/cytypes.h"
 484              		.section	.debug_info,"",%progbits
 485              	.Ldebug_info0:
 486 0000 59030000 		.4byte	0x359
 487 0004 0400     		.2byte	0x4
 488 0006 00000000 		.4byte	.Ldebug_abbrev0
 489 000a 04       		.byte	0x4
 490 000b 01       		.uleb128 0x1
 491 000c 91010000 		.4byte	.LASF42
 492 0010 01       		.byte	0x1
 493 0011 C1020000 		.4byte	.LASF43
 494 0015 4F000000 		.4byte	.LASF44
 495 0019 00000000 		.4byte	.Ldebug_ranges0+0
 496 001d 00000000 		.4byte	0
 497 0021 00000000 		.4byte	.Ldebug_line0
 498 0025 02       		.uleb128 0x2
 499 0026 04       		.byte	0x4
 500 0027 05       		.byte	0x5
 501 0028 696E7400 		.ascii	"int\000"
 502 002c 03       		.uleb128 0x3
 503 002d 04       		.byte	0x4
 504 002e 07       		.byte	0x7
 505 002f 1F020000 		.4byte	.LASF0
 506 0033 03       		.uleb128 0x3
 507 0034 01       		.byte	0x1
 508 0035 06       		.byte	0x6
 509 0036 12030000 		.4byte	.LASF1
 510 003a 03       		.uleb128 0x3
 511 003b 01       		.byte	0x1
 512 003c 08       		.byte	0x8
 513 003d 3E010000 		.4byte	.LASF2
 514 0041 03       		.uleb128 0x3
 515 0042 02       		.byte	0x2
 516 0043 05       		.byte	0x5
 517 0044 69010000 		.4byte	.LASF3
 518 0048 03       		.uleb128 0x3
 519 0049 02       		.byte	0x2
 520 004a 07       		.byte	0x7
 521 004b 7B000000 		.4byte	.LASF4
 522 004f 03       		.uleb128 0x3
 523 0050 04       		.byte	0x4
ARM GAS  C:\Users\li\AppData\Local\Temp\ccdbYecn.s 			page 18


 524 0051 05       		.byte	0x5
 525 0052 00030000 		.4byte	.LASF5
 526 0056 03       		.uleb128 0x3
 527 0057 04       		.byte	0x4
 528 0058 07       		.byte	0x7
 529 0059 09010000 		.4byte	.LASF6
 530 005d 03       		.uleb128 0x3
 531 005e 08       		.byte	0x8
 532 005f 05       		.byte	0x5
 533 0060 89020000 		.4byte	.LASF7
 534 0064 03       		.uleb128 0x3
 535 0065 08       		.byte	0x8
 536 0066 07       		.byte	0x7
 537 0067 34020000 		.4byte	.LASF8
 538 006b 03       		.uleb128 0x3
 539 006c 04       		.byte	0x4
 540 006d 07       		.byte	0x7
 541 006e 80020000 		.4byte	.LASF9
 542 0072 04       		.uleb128 0x4
 543 0073 04       		.byte	0x4
 544 0074 78000000 		.4byte	0x78
 545 0078 05       		.uleb128 0x5
 546 0079 03       		.uleb128 0x3
 547 007a 01       		.byte	0x1
 548 007b 08       		.byte	0x8
 549 007c AD020000 		.4byte	.LASF10
 550 0080 06       		.uleb128 0x6
 551 0081 1B010000 		.4byte	.LASF11
 552 0085 02       		.byte	0x2
 553 0086 C2       		.byte	0xc2
 554 0087 3A000000 		.4byte	0x3a
 555 008b 06       		.uleb128 0x6
 556 008c 73010000 		.4byte	.LASF12
 557 0090 02       		.byte	0x2
 558 0091 C3       		.byte	0xc3
 559 0092 48000000 		.4byte	0x48
 560 0096 06       		.uleb128 0x6
 561 0097 8A010000 		.4byte	.LASF13
 562 009b 02       		.byte	0x2
 563 009c C4       		.byte	0xc4
 564 009d 56000000 		.4byte	0x56
 565 00a1 03       		.uleb128 0x3
 566 00a2 04       		.byte	0x4
 567 00a3 04       		.byte	0x4
 568 00a4 E5000000 		.4byte	.LASF14
 569 00a8 03       		.uleb128 0x3
 570 00a9 08       		.byte	0x8
 571 00aa 04       		.byte	0x4
 572 00ab 62010000 		.4byte	.LASF15
 573 00af 07       		.uleb128 0x7
 574 00b0 04010000 		.4byte	.LASF16
 575 00b4 02       		.byte	0x2
 576 00b5 6C01     		.2byte	0x16c
 577 00b7 BB000000 		.4byte	0xbb
 578 00bb 08       		.uleb128 0x8
 579 00bc 80000000 		.4byte	0x80
 580 00c0 07       		.uleb128 0x7
ARM GAS  C:\Users\li\AppData\Local\Temp\ccdbYecn.s 			page 19


 581 00c1 14000000 		.4byte	.LASF17
 582 00c5 02       		.byte	0x2
 583 00c6 6E01     		.2byte	0x16e
 584 00c8 CC000000 		.4byte	0xcc
 585 00cc 08       		.uleb128 0x8
 586 00cd 96000000 		.4byte	0x96
 587 00d1 07       		.uleb128 0x7
 588 00d2 4B020000 		.4byte	.LASF18
 589 00d6 02       		.byte	0x2
 590 00d7 7E01     		.2byte	0x17e
 591 00d9 72000000 		.4byte	0x72
 592 00dd 09       		.uleb128 0x9
 593 00de 21010000 		.4byte	.LASF26
 594 00e2 01       		.byte	0x1
 595 00e3 A7       		.byte	0xa7
 596 00e4 00000000 		.4byte	.LFB3
 597 00e8 94000000 		.4byte	.LFE3-.LFB3
 598 00ec 01       		.uleb128 0x1
 599 00ed 9C       		.byte	0x9c
 600 00ee 0A       		.uleb128 0xa
 601 00ef 00000000 		.4byte	.LASF20
 602 00f3 01       		.byte	0x1
 603 00f4 E6       		.byte	0xe6
 604 00f5 00000000 		.4byte	.LFB4
 605 00f9 0C000000 		.4byte	.LFE4-.LFB4
 606 00fd 01       		.uleb128 0x1
 607 00fe 9C       		.byte	0x9c
 608 00ff 1E010000 		.4byte	0x11e
 609 0103 0B       		.uleb128 0xb
 610 0104 2C020000 		.4byte	.LASF22
 611 0108 01       		.byte	0x1
 612 0109 E6       		.byte	0xe6
 613 010a D1000000 		.4byte	0xd1
 614 010e 01       		.uleb128 0x1
 615 010f 50       		.byte	0x50
 616 0110 0C       		.uleb128 0xc
 617 0111 B2020000 		.4byte	.LASF19
 618 0115 01       		.byte	0x1
 619 0116 E8       		.byte	0xe8
 620 0117 1E010000 		.4byte	0x11e
 621 011b 01       		.uleb128 0x1
 622 011c 53       		.byte	0x53
 623 011d 00       		.byte	0
 624 011e 04       		.uleb128 0x4
 625 011f 04       		.byte	0x4
 626 0120 D1000000 		.4byte	0xd1
 627 0124 0D       		.uleb128 0xd
 628 0125 1A000000 		.4byte	.LASF24
 629 0129 01       		.byte	0x1
 630 012a FE       		.byte	0xfe
 631 012b D1000000 		.4byte	0xd1
 632 012f 00000000 		.4byte	.LFB5
 633 0133 0C000000 		.4byte	.LFE5-.LFB5
 634 0137 01       		.uleb128 0x1
 635 0138 9C       		.byte	0x9c
 636 0139 4C010000 		.4byte	0x14c
 637 013d 0E       		.uleb128 0xe
ARM GAS  C:\Users\li\AppData\Local\Temp\ccdbYecn.s 			page 20


 638 013e B2020000 		.4byte	.LASF19
 639 0142 01       		.byte	0x1
 640 0143 0001     		.2byte	0x100
 641 0145 1E010000 		.4byte	0x11e
 642 0149 01       		.uleb128 0x1
 643 014a 53       		.byte	0x53
 644 014b 00       		.byte	0
 645 014c 0F       		.uleb128 0xf
 646 014d 97020000 		.4byte	.LASF21
 647 0151 01       		.byte	0x1
 648 0152 2001     		.2byte	0x120
 649 0154 00000000 		.4byte	.LFB6
 650 0158 10000000 		.4byte	.LFE6-.LFB6
 651 015c 01       		.uleb128 0x1
 652 015d 9C       		.byte	0x9c
 653 015e 73010000 		.4byte	0x173
 654 0162 10       		.uleb128 0x10
 655 0163 35010000 		.4byte	.LASF23
 656 0167 01       		.byte	0x1
 657 0168 2001     		.2byte	0x120
 658 016a 80000000 		.4byte	0x80
 659 016e 00000000 		.4byte	.LLST0
 660 0172 00       		.byte	0
 661 0173 11       		.uleb128 0x11
 662 0174 4C010000 		.4byte	.LASF25
 663 0178 01       		.byte	0x1
 664 0179 3601     		.2byte	0x136
 665 017b 80000000 		.4byte	0x80
 666 017f 00000000 		.4byte	.LFB7
 667 0183 0C000000 		.4byte	.LFE7-.LFB7
 668 0187 01       		.uleb128 0x1
 669 0188 9C       		.byte	0x9c
 670 0189 9E010000 		.4byte	0x19e
 671 018d 12       		.uleb128 0x12
 672 018e 35010000 		.4byte	.LASF23
 673 0192 01       		.byte	0x1
 674 0193 3801     		.2byte	0x138
 675 0195 80000000 		.4byte	0x80
 676 0199 21000000 		.4byte	.LLST1
 677 019d 00       		.byte	0
 678 019e 13       		.uleb128 0x13
 679 019f 58020000 		.4byte	.LASF27
 680 01a3 01       		.byte	0x1
 681 01a4 5101     		.2byte	0x151
 682 01a6 00000000 		.4byte	.LFB8
 683 01aa 0C000000 		.4byte	.LFE8-.LFB8
 684 01ae 01       		.uleb128 0x1
 685 01af 9C       		.byte	0x9c
 686 01b0 14       		.uleb128 0x14
 687 01b1 2E000000 		.4byte	.LASF45
 688 01b5 01       		.byte	0x1
 689 01b6 6601     		.2byte	0x166
 690 01b8 80000000 		.4byte	0x80
 691 01bc 00000000 		.4byte	.LFB9
 692 01c0 18000000 		.4byte	.LFE9-.LFB9
 693 01c4 01       		.uleb128 0x1
 694 01c5 9C       		.byte	0x9c
ARM GAS  C:\Users\li\AppData\Local\Temp\ccdbYecn.s 			page 21


 695 01c6 13       		.uleb128 0x13
 696 01c7 8E000000 		.4byte	.LASF28
 697 01cb 01       		.byte	0x1
 698 01cc 7B01     		.2byte	0x17b
 699 01ce 00000000 		.4byte	.LFB10
 700 01d2 0C000000 		.4byte	.LFE10-.LFB10
 701 01d6 01       		.uleb128 0x1
 702 01d7 9C       		.byte	0x9c
 703 01d8 0A       		.uleb128 0xa
 704 01d9 7A010000 		.4byte	.LASF29
 705 01dd 01       		.byte	0x1
 706 01de 44       		.byte	0x44
 707 01df 00000000 		.4byte	.LFB0
 708 01e3 1C000000 		.4byte	.LFE0-.LFB0
 709 01e7 01       		.uleb128 0x1
 710 01e8 9C       		.byte	0x9c
 711 01e9 2A020000 		.4byte	0x22a
 712 01ed 15       		.uleb128 0x15
 713 01ee 06000000 		.4byte	.LVL7
 714 01f2 C6010000 		.4byte	0x1c6
 715 01f6 16       		.uleb128 0x16
 716 01f7 0C000000 		.4byte	.LVL8
 717 01fb EE000000 		.4byte	0xee
 718 01ff 0D020000 		.4byte	0x20d
 719 0203 17       		.uleb128 0x17
 720 0204 01       		.uleb128 0x1
 721 0205 50       		.byte	0x50
 722 0206 05       		.uleb128 0x5
 723 0207 03       		.byte	0x3
 724 0208 00000000 		.4byte	isr_timer_Interrupt
 725 020c 00       		.byte	0
 726 020d 16       		.uleb128 0x16
 727 020e 12000000 		.4byte	.LVL9
 728 0212 4C010000 		.4byte	0x14c
 729 0216 20020000 		.4byte	0x220
 730 021a 17       		.uleb128 0x17
 731 021b 01       		.uleb128 0x1
 732 021c 50       		.byte	0x50
 733 021d 01       		.uleb128 0x1
 734 021e 37       		.byte	0x37
 735 021f 00       		.byte	0
 736 0220 15       		.uleb128 0x15
 737 0221 16000000 		.4byte	.LVL10
 738 0225 9E010000 		.4byte	0x19e
 739 0229 00       		.byte	0
 740 022a 0A       		.uleb128 0xa
 741 022b BE000000 		.4byte	.LASF30
 742 022f 01       		.byte	0x1
 743 0230 6F       		.byte	0x6f
 744 0231 00000000 		.4byte	.LFB1
 745 0235 1A000000 		.4byte	.LFE1-.LFB1
 746 0239 01       		.uleb128 0x1
 747 023a 9C       		.byte	0x9c
 748 023b 88020000 		.4byte	0x288
 749 023f 18       		.uleb128 0x18
 750 0240 2C020000 		.4byte	.LASF22
 751 0244 01       		.byte	0x1
ARM GAS  C:\Users\li\AppData\Local\Temp\ccdbYecn.s 			page 22


 752 0245 6F       		.byte	0x6f
 753 0246 D1000000 		.4byte	0xd1
 754 024a 38000000 		.4byte	.LLST2
 755 024e 15       		.uleb128 0x15
 756 024f 08000000 		.4byte	.LVL12
 757 0253 C6010000 		.4byte	0x1c6
 758 0257 16       		.uleb128 0x16
 759 0258 0E000000 		.4byte	.LVL13
 760 025c EE000000 		.4byte	0xee
 761 0260 6B020000 		.4byte	0x26b
 762 0264 17       		.uleb128 0x17
 763 0265 01       		.uleb128 0x1
 764 0266 50       		.byte	0x50
 765 0267 02       		.uleb128 0x2
 766 0268 74       		.byte	0x74
 767 0269 00       		.sleb128 0
 768 026a 00       		.byte	0
 769 026b 16       		.uleb128 0x16
 770 026c 14000000 		.4byte	.LVL14
 771 0270 4C010000 		.4byte	0x14c
 772 0274 7E020000 		.4byte	0x27e
 773 0278 17       		.uleb128 0x17
 774 0279 01       		.uleb128 0x1
 775 027a 50       		.byte	0x50
 776 027b 01       		.uleb128 0x1
 777 027c 37       		.byte	0x37
 778 027d 00       		.byte	0
 779 027e 15       		.uleb128 0x15
 780 027f 18000000 		.4byte	.LVL15
 781 0283 9E010000 		.4byte	0x19e
 782 0287 00       		.byte	0
 783 0288 0A       		.uleb128 0xa
 784 0289 E6020000 		.4byte	.LASF31
 785 028d 01       		.byte	0x1
 786 028e 8D       		.byte	0x8d
 787 028f 00000000 		.4byte	.LFB2
 788 0293 14000000 		.4byte	.LFE2-.LFB2
 789 0297 01       		.uleb128 0x1
 790 0298 9C       		.byte	0x9c
 791 0299 B0020000 		.4byte	0x2b0
 792 029d 15       		.uleb128 0x15
 793 029e 06000000 		.4byte	.LVL16
 794 02a2 C6010000 		.4byte	0x1c6
 795 02a6 15       		.uleb128 0x15
 796 02a7 0C000000 		.4byte	.LVL17
 797 02ab EE000000 		.4byte	0xee
 798 02af 00       		.byte	0
 799 02b0 13       		.uleb128 0x13
 800 02b1 D0000000 		.4byte	.LASF32
 801 02b5 01       		.byte	0x1
 802 02b6 9601     		.2byte	0x196
 803 02b8 00000000 		.4byte	.LFB11
 804 02bc 0C000000 		.4byte	.LFE11-.LFB11
 805 02c0 01       		.uleb128 0x1
 806 02c1 9C       		.byte	0x9c
 807 02c2 13       		.uleb128 0x13
 808 02c3 69020000 		.4byte	.LASF33
ARM GAS  C:\Users\li\AppData\Local\Temp\ccdbYecn.s 			page 23


 809 02c7 01       		.byte	0x1
 810 02c8 AF01     		.2byte	0x1af
 811 02ca 00000000 		.4byte	.LFB12
 812 02ce 0C000000 		.4byte	.LFE12-.LFB12
 813 02d2 01       		.uleb128 0x1
 814 02d3 9C       		.byte	0x9c
 815 02d4 19       		.uleb128 0x19
 816 02d5 09030000 		.4byte	.LASF34
 817 02d9 01       		.byte	0x1
 818 02da 1E       		.byte	0x1e
 819 02db 8B000000 		.4byte	0x8b
 820 02df 05       		.uleb128 0x5
 821 02e0 03       		.byte	0x3
 822 02e1 00000000 		.4byte	time_1ms
 823 02e5 19       		.uleb128 0x19
 824 02e6 AF000000 		.4byte	.LASF35
 825 02ea 01       		.byte	0x1
 826 02eb 1F       		.byte	0x1f
 827 02ec 8B000000 		.4byte	0x8b
 828 02f0 05       		.uleb128 0x5
 829 02f1 03       		.byte	0x3
 830 02f2 00000000 		.4byte	time_1ms_state
 831 02f6 19       		.uleb128 0x19
 832 02f7 1E030000 		.4byte	.LASF36
 833 02fb 01       		.byte	0x1
 834 02fc 20       		.byte	0x20
 835 02fd 8B000000 		.4byte	0x8b
 836 0301 05       		.uleb128 0x5
 837 0302 03       		.byte	0x3
 838 0303 00000000 		.4byte	time_5ms
 839 0307 19       		.uleb128 0x19
 840 0308 A0000000 		.4byte	.LASF37
 841 030c 01       		.byte	0x1
 842 030d 21       		.byte	0x21
 843 030e 80000000 		.4byte	0x80
 844 0312 05       		.uleb128 0x5
 845 0313 03       		.byte	0x3
 846 0314 00000000 		.4byte	time_5ms_state
 847 0318 19       		.uleb128 0x19
 848 0319 FC000000 		.4byte	.LASF38
 849 031d 01       		.byte	0x1
 850 031e 22       		.byte	0x22
 851 031f 8B000000 		.4byte	0x8b
 852 0323 05       		.uleb128 0x5
 853 0324 03       		.byte	0x3
 854 0325 00000000 		.4byte	time_1s
 855 0329 19       		.uleb128 0x19
 856 032a 41000000 		.4byte	.LASF39
 857 032e 01       		.byte	0x1
 858 032f 23       		.byte	0x23
 859 0330 8B000000 		.4byte	0x8b
 860 0334 05       		.uleb128 0x5
 861 0335 03       		.byte	0x3
 862 0336 00000000 		.4byte	time_1s_state
 863 033a 19       		.uleb128 0x19
 864 033b F5020000 		.4byte	.LASF40
 865 033f 01       		.byte	0x1
ARM GAS  C:\Users\li\AppData\Local\Temp\ccdbYecn.s 			page 24


 866 0340 24       		.byte	0x24
 867 0341 8B000000 		.4byte	0x8b
 868 0345 05       		.uleb128 0x5
 869 0346 03       		.byte	0x3
 870 0347 00000000 		.4byte	time_100ms
 871 034b 19       		.uleb128 0x19
 872 034c EB000000 		.4byte	.LASF41
 873 0350 01       		.byte	0x1
 874 0351 25       		.byte	0x25
 875 0352 8B000000 		.4byte	0x8b
 876 0356 05       		.uleb128 0x5
 877 0357 03       		.byte	0x3
 878 0358 00000000 		.4byte	time_100ms_state
 879 035c 00       		.byte	0
 880              		.section	.debug_abbrev,"",%progbits
 881              	.Ldebug_abbrev0:
 882 0000 01       		.uleb128 0x1
 883 0001 11       		.uleb128 0x11
 884 0002 01       		.byte	0x1
 885 0003 25       		.uleb128 0x25
 886 0004 0E       		.uleb128 0xe
 887 0005 13       		.uleb128 0x13
 888 0006 0B       		.uleb128 0xb
 889 0007 03       		.uleb128 0x3
 890 0008 0E       		.uleb128 0xe
 891 0009 1B       		.uleb128 0x1b
 892 000a 0E       		.uleb128 0xe
 893 000b 55       		.uleb128 0x55
 894 000c 17       		.uleb128 0x17
 895 000d 11       		.uleb128 0x11
 896 000e 01       		.uleb128 0x1
 897 000f 10       		.uleb128 0x10
 898 0010 17       		.uleb128 0x17
 899 0011 00       		.byte	0
 900 0012 00       		.byte	0
 901 0013 02       		.uleb128 0x2
 902 0014 24       		.uleb128 0x24
 903 0015 00       		.byte	0
 904 0016 0B       		.uleb128 0xb
 905 0017 0B       		.uleb128 0xb
 906 0018 3E       		.uleb128 0x3e
 907 0019 0B       		.uleb128 0xb
 908 001a 03       		.uleb128 0x3
 909 001b 08       		.uleb128 0x8
 910 001c 00       		.byte	0
 911 001d 00       		.byte	0
 912 001e 03       		.uleb128 0x3
 913 001f 24       		.uleb128 0x24
 914 0020 00       		.byte	0
 915 0021 0B       		.uleb128 0xb
 916 0022 0B       		.uleb128 0xb
 917 0023 3E       		.uleb128 0x3e
 918 0024 0B       		.uleb128 0xb
 919 0025 03       		.uleb128 0x3
 920 0026 0E       		.uleb128 0xe
 921 0027 00       		.byte	0
 922 0028 00       		.byte	0
ARM GAS  C:\Users\li\AppData\Local\Temp\ccdbYecn.s 			page 25


 923 0029 04       		.uleb128 0x4
 924 002a 0F       		.uleb128 0xf
 925 002b 00       		.byte	0
 926 002c 0B       		.uleb128 0xb
 927 002d 0B       		.uleb128 0xb
 928 002e 49       		.uleb128 0x49
 929 002f 13       		.uleb128 0x13
 930 0030 00       		.byte	0
 931 0031 00       		.byte	0
 932 0032 05       		.uleb128 0x5
 933 0033 15       		.uleb128 0x15
 934 0034 00       		.byte	0
 935 0035 27       		.uleb128 0x27
 936 0036 19       		.uleb128 0x19
 937 0037 00       		.byte	0
 938 0038 00       		.byte	0
 939 0039 06       		.uleb128 0x6
 940 003a 16       		.uleb128 0x16
 941 003b 00       		.byte	0
 942 003c 03       		.uleb128 0x3
 943 003d 0E       		.uleb128 0xe
 944 003e 3A       		.uleb128 0x3a
 945 003f 0B       		.uleb128 0xb
 946 0040 3B       		.uleb128 0x3b
 947 0041 0B       		.uleb128 0xb
 948 0042 49       		.uleb128 0x49
 949 0043 13       		.uleb128 0x13
 950 0044 00       		.byte	0
 951 0045 00       		.byte	0
 952 0046 07       		.uleb128 0x7
 953 0047 16       		.uleb128 0x16
 954 0048 00       		.byte	0
 955 0049 03       		.uleb128 0x3
 956 004a 0E       		.uleb128 0xe
 957 004b 3A       		.uleb128 0x3a
 958 004c 0B       		.uleb128 0xb
 959 004d 3B       		.uleb128 0x3b
 960 004e 05       		.uleb128 0x5
 961 004f 49       		.uleb128 0x49
 962 0050 13       		.uleb128 0x13
 963 0051 00       		.byte	0
 964 0052 00       		.byte	0
 965 0053 08       		.uleb128 0x8
 966 0054 35       		.uleb128 0x35
 967 0055 00       		.byte	0
 968 0056 49       		.uleb128 0x49
 969 0057 13       		.uleb128 0x13
 970 0058 00       		.byte	0
 971 0059 00       		.byte	0
 972 005a 09       		.uleb128 0x9
 973 005b 2E       		.uleb128 0x2e
 974 005c 00       		.byte	0
 975 005d 3F       		.uleb128 0x3f
 976 005e 19       		.uleb128 0x19
 977 005f 03       		.uleb128 0x3
 978 0060 0E       		.uleb128 0xe
 979 0061 3A       		.uleb128 0x3a
ARM GAS  C:\Users\li\AppData\Local\Temp\ccdbYecn.s 			page 26


 980 0062 0B       		.uleb128 0xb
 981 0063 3B       		.uleb128 0x3b
 982 0064 0B       		.uleb128 0xb
 983 0065 27       		.uleb128 0x27
 984 0066 19       		.uleb128 0x19
 985 0067 11       		.uleb128 0x11
 986 0068 01       		.uleb128 0x1
 987 0069 12       		.uleb128 0x12
 988 006a 06       		.uleb128 0x6
 989 006b 40       		.uleb128 0x40
 990 006c 18       		.uleb128 0x18
 991 006d 9742     		.uleb128 0x2117
 992 006f 19       		.uleb128 0x19
 993 0070 00       		.byte	0
 994 0071 00       		.byte	0
 995 0072 0A       		.uleb128 0xa
 996 0073 2E       		.uleb128 0x2e
 997 0074 01       		.byte	0x1
 998 0075 3F       		.uleb128 0x3f
 999 0076 19       		.uleb128 0x19
 1000 0077 03       		.uleb128 0x3
 1001 0078 0E       		.uleb128 0xe
 1002 0079 3A       		.uleb128 0x3a
 1003 007a 0B       		.uleb128 0xb
 1004 007b 3B       		.uleb128 0x3b
 1005 007c 0B       		.uleb128 0xb
 1006 007d 27       		.uleb128 0x27
 1007 007e 19       		.uleb128 0x19
 1008 007f 11       		.uleb128 0x11
 1009 0080 01       		.uleb128 0x1
 1010 0081 12       		.uleb128 0x12
 1011 0082 06       		.uleb128 0x6
 1012 0083 40       		.uleb128 0x40
 1013 0084 18       		.uleb128 0x18
 1014 0085 9742     		.uleb128 0x2117
 1015 0087 19       		.uleb128 0x19
 1016 0088 01       		.uleb128 0x1
 1017 0089 13       		.uleb128 0x13
 1018 008a 00       		.byte	0
 1019 008b 00       		.byte	0
 1020 008c 0B       		.uleb128 0xb
 1021 008d 05       		.uleb128 0x5
 1022 008e 00       		.byte	0
 1023 008f 03       		.uleb128 0x3
 1024 0090 0E       		.uleb128 0xe
 1025 0091 3A       		.uleb128 0x3a
 1026 0092 0B       		.uleb128 0xb
 1027 0093 3B       		.uleb128 0x3b
 1028 0094 0B       		.uleb128 0xb
 1029 0095 49       		.uleb128 0x49
 1030 0096 13       		.uleb128 0x13
 1031 0097 02       		.uleb128 0x2
 1032 0098 18       		.uleb128 0x18
 1033 0099 00       		.byte	0
 1034 009a 00       		.byte	0
 1035 009b 0C       		.uleb128 0xc
 1036 009c 34       		.uleb128 0x34
ARM GAS  C:\Users\li\AppData\Local\Temp\ccdbYecn.s 			page 27


 1037 009d 00       		.byte	0
 1038 009e 03       		.uleb128 0x3
 1039 009f 0E       		.uleb128 0xe
 1040 00a0 3A       		.uleb128 0x3a
 1041 00a1 0B       		.uleb128 0xb
 1042 00a2 3B       		.uleb128 0x3b
 1043 00a3 0B       		.uleb128 0xb
 1044 00a4 49       		.uleb128 0x49
 1045 00a5 13       		.uleb128 0x13
 1046 00a6 02       		.uleb128 0x2
 1047 00a7 18       		.uleb128 0x18
 1048 00a8 00       		.byte	0
 1049 00a9 00       		.byte	0
 1050 00aa 0D       		.uleb128 0xd
 1051 00ab 2E       		.uleb128 0x2e
 1052 00ac 01       		.byte	0x1
 1053 00ad 3F       		.uleb128 0x3f
 1054 00ae 19       		.uleb128 0x19
 1055 00af 03       		.uleb128 0x3
 1056 00b0 0E       		.uleb128 0xe
 1057 00b1 3A       		.uleb128 0x3a
 1058 00b2 0B       		.uleb128 0xb
 1059 00b3 3B       		.uleb128 0x3b
 1060 00b4 0B       		.uleb128 0xb
 1061 00b5 27       		.uleb128 0x27
 1062 00b6 19       		.uleb128 0x19
 1063 00b7 49       		.uleb128 0x49
 1064 00b8 13       		.uleb128 0x13
 1065 00b9 11       		.uleb128 0x11
 1066 00ba 01       		.uleb128 0x1
 1067 00bb 12       		.uleb128 0x12
 1068 00bc 06       		.uleb128 0x6
 1069 00bd 40       		.uleb128 0x40
 1070 00be 18       		.uleb128 0x18
 1071 00bf 9742     		.uleb128 0x2117
 1072 00c1 19       		.uleb128 0x19
 1073 00c2 01       		.uleb128 0x1
 1074 00c3 13       		.uleb128 0x13
 1075 00c4 00       		.byte	0
 1076 00c5 00       		.byte	0
 1077 00c6 0E       		.uleb128 0xe
 1078 00c7 34       		.uleb128 0x34
 1079 00c8 00       		.byte	0
 1080 00c9 03       		.uleb128 0x3
 1081 00ca 0E       		.uleb128 0xe
 1082 00cb 3A       		.uleb128 0x3a
 1083 00cc 0B       		.uleb128 0xb
 1084 00cd 3B       		.uleb128 0x3b
 1085 00ce 05       		.uleb128 0x5
 1086 00cf 49       		.uleb128 0x49
 1087 00d0 13       		.uleb128 0x13
 1088 00d1 02       		.uleb128 0x2
 1089 00d2 18       		.uleb128 0x18
 1090 00d3 00       		.byte	0
 1091 00d4 00       		.byte	0
 1092 00d5 0F       		.uleb128 0xf
 1093 00d6 2E       		.uleb128 0x2e
ARM GAS  C:\Users\li\AppData\Local\Temp\ccdbYecn.s 			page 28


 1094 00d7 01       		.byte	0x1
 1095 00d8 3F       		.uleb128 0x3f
 1096 00d9 19       		.uleb128 0x19
 1097 00da 03       		.uleb128 0x3
 1098 00db 0E       		.uleb128 0xe
 1099 00dc 3A       		.uleb128 0x3a
 1100 00dd 0B       		.uleb128 0xb
 1101 00de 3B       		.uleb128 0x3b
 1102 00df 05       		.uleb128 0x5
 1103 00e0 27       		.uleb128 0x27
 1104 00e1 19       		.uleb128 0x19
 1105 00e2 11       		.uleb128 0x11
 1106 00e3 01       		.uleb128 0x1
 1107 00e4 12       		.uleb128 0x12
 1108 00e5 06       		.uleb128 0x6
 1109 00e6 40       		.uleb128 0x40
 1110 00e7 18       		.uleb128 0x18
 1111 00e8 9742     		.uleb128 0x2117
 1112 00ea 19       		.uleb128 0x19
 1113 00eb 01       		.uleb128 0x1
 1114 00ec 13       		.uleb128 0x13
 1115 00ed 00       		.byte	0
 1116 00ee 00       		.byte	0
 1117 00ef 10       		.uleb128 0x10
 1118 00f0 05       		.uleb128 0x5
 1119 00f1 00       		.byte	0
 1120 00f2 03       		.uleb128 0x3
 1121 00f3 0E       		.uleb128 0xe
 1122 00f4 3A       		.uleb128 0x3a
 1123 00f5 0B       		.uleb128 0xb
 1124 00f6 3B       		.uleb128 0x3b
 1125 00f7 05       		.uleb128 0x5
 1126 00f8 49       		.uleb128 0x49
 1127 00f9 13       		.uleb128 0x13
 1128 00fa 02       		.uleb128 0x2
 1129 00fb 17       		.uleb128 0x17
 1130 00fc 00       		.byte	0
 1131 00fd 00       		.byte	0
 1132 00fe 11       		.uleb128 0x11
 1133 00ff 2E       		.uleb128 0x2e
 1134 0100 01       		.byte	0x1
 1135 0101 3F       		.uleb128 0x3f
 1136 0102 19       		.uleb128 0x19
 1137 0103 03       		.uleb128 0x3
 1138 0104 0E       		.uleb128 0xe
 1139 0105 3A       		.uleb128 0x3a
 1140 0106 0B       		.uleb128 0xb
 1141 0107 3B       		.uleb128 0x3b
 1142 0108 05       		.uleb128 0x5
 1143 0109 27       		.uleb128 0x27
 1144 010a 19       		.uleb128 0x19
 1145 010b 49       		.uleb128 0x49
 1146 010c 13       		.uleb128 0x13
 1147 010d 11       		.uleb128 0x11
 1148 010e 01       		.uleb128 0x1
 1149 010f 12       		.uleb128 0x12
 1150 0110 06       		.uleb128 0x6
ARM GAS  C:\Users\li\AppData\Local\Temp\ccdbYecn.s 			page 29


 1151 0111 40       		.uleb128 0x40
 1152 0112 18       		.uleb128 0x18
 1153 0113 9742     		.uleb128 0x2117
 1154 0115 19       		.uleb128 0x19
 1155 0116 01       		.uleb128 0x1
 1156 0117 13       		.uleb128 0x13
 1157 0118 00       		.byte	0
 1158 0119 00       		.byte	0
 1159 011a 12       		.uleb128 0x12
 1160 011b 34       		.uleb128 0x34
 1161 011c 00       		.byte	0
 1162 011d 03       		.uleb128 0x3
 1163 011e 0E       		.uleb128 0xe
 1164 011f 3A       		.uleb128 0x3a
 1165 0120 0B       		.uleb128 0xb
 1166 0121 3B       		.uleb128 0x3b
 1167 0122 05       		.uleb128 0x5
 1168 0123 49       		.uleb128 0x49
 1169 0124 13       		.uleb128 0x13
 1170 0125 02       		.uleb128 0x2
 1171 0126 17       		.uleb128 0x17
 1172 0127 00       		.byte	0
 1173 0128 00       		.byte	0
 1174 0129 13       		.uleb128 0x13
 1175 012a 2E       		.uleb128 0x2e
 1176 012b 00       		.byte	0
 1177 012c 3F       		.uleb128 0x3f
 1178 012d 19       		.uleb128 0x19
 1179 012e 03       		.uleb128 0x3
 1180 012f 0E       		.uleb128 0xe
 1181 0130 3A       		.uleb128 0x3a
 1182 0131 0B       		.uleb128 0xb
 1183 0132 3B       		.uleb128 0x3b
 1184 0133 05       		.uleb128 0x5
 1185 0134 27       		.uleb128 0x27
 1186 0135 19       		.uleb128 0x19
 1187 0136 11       		.uleb128 0x11
 1188 0137 01       		.uleb128 0x1
 1189 0138 12       		.uleb128 0x12
 1190 0139 06       		.uleb128 0x6
 1191 013a 40       		.uleb128 0x40
 1192 013b 18       		.uleb128 0x18
 1193 013c 9742     		.uleb128 0x2117
 1194 013e 19       		.uleb128 0x19
 1195 013f 00       		.byte	0
 1196 0140 00       		.byte	0
 1197 0141 14       		.uleb128 0x14
 1198 0142 2E       		.uleb128 0x2e
 1199 0143 00       		.byte	0
 1200 0144 3F       		.uleb128 0x3f
 1201 0145 19       		.uleb128 0x19
 1202 0146 03       		.uleb128 0x3
 1203 0147 0E       		.uleb128 0xe
 1204 0148 3A       		.uleb128 0x3a
 1205 0149 0B       		.uleb128 0xb
 1206 014a 3B       		.uleb128 0x3b
 1207 014b 05       		.uleb128 0x5
ARM GAS  C:\Users\li\AppData\Local\Temp\ccdbYecn.s 			page 30


 1208 014c 27       		.uleb128 0x27
 1209 014d 19       		.uleb128 0x19
 1210 014e 49       		.uleb128 0x49
 1211 014f 13       		.uleb128 0x13
 1212 0150 11       		.uleb128 0x11
 1213 0151 01       		.uleb128 0x1
 1214 0152 12       		.uleb128 0x12
 1215 0153 06       		.uleb128 0x6
 1216 0154 40       		.uleb128 0x40
 1217 0155 18       		.uleb128 0x18
 1218 0156 9742     		.uleb128 0x2117
 1219 0158 19       		.uleb128 0x19
 1220 0159 00       		.byte	0
 1221 015a 00       		.byte	0
 1222 015b 15       		.uleb128 0x15
 1223 015c 898201   		.uleb128 0x4109
 1224 015f 00       		.byte	0
 1225 0160 11       		.uleb128 0x11
 1226 0161 01       		.uleb128 0x1
 1227 0162 31       		.uleb128 0x31
 1228 0163 13       		.uleb128 0x13
 1229 0164 00       		.byte	0
 1230 0165 00       		.byte	0
 1231 0166 16       		.uleb128 0x16
 1232 0167 898201   		.uleb128 0x4109
 1233 016a 01       		.byte	0x1
 1234 016b 11       		.uleb128 0x11
 1235 016c 01       		.uleb128 0x1
 1236 016d 31       		.uleb128 0x31
 1237 016e 13       		.uleb128 0x13
 1238 016f 01       		.uleb128 0x1
 1239 0170 13       		.uleb128 0x13
 1240 0171 00       		.byte	0
 1241 0172 00       		.byte	0
 1242 0173 17       		.uleb128 0x17
 1243 0174 8A8201   		.uleb128 0x410a
 1244 0177 00       		.byte	0
 1245 0178 02       		.uleb128 0x2
 1246 0179 18       		.uleb128 0x18
 1247 017a 9142     		.uleb128 0x2111
 1248 017c 18       		.uleb128 0x18
 1249 017d 00       		.byte	0
 1250 017e 00       		.byte	0
 1251 017f 18       		.uleb128 0x18
 1252 0180 05       		.uleb128 0x5
 1253 0181 00       		.byte	0
 1254 0182 03       		.uleb128 0x3
 1255 0183 0E       		.uleb128 0xe
 1256 0184 3A       		.uleb128 0x3a
 1257 0185 0B       		.uleb128 0xb
 1258 0186 3B       		.uleb128 0x3b
 1259 0187 0B       		.uleb128 0xb
 1260 0188 49       		.uleb128 0x49
 1261 0189 13       		.uleb128 0x13
 1262 018a 02       		.uleb128 0x2
 1263 018b 17       		.uleb128 0x17
 1264 018c 00       		.byte	0
ARM GAS  C:\Users\li\AppData\Local\Temp\ccdbYecn.s 			page 31


 1265 018d 00       		.byte	0
 1266 018e 19       		.uleb128 0x19
 1267 018f 34       		.uleb128 0x34
 1268 0190 00       		.byte	0
 1269 0191 03       		.uleb128 0x3
 1270 0192 0E       		.uleb128 0xe
 1271 0193 3A       		.uleb128 0x3a
 1272 0194 0B       		.uleb128 0xb
 1273 0195 3B       		.uleb128 0x3b
 1274 0196 0B       		.uleb128 0xb
 1275 0197 49       		.uleb128 0x49
 1276 0198 13       		.uleb128 0x13
 1277 0199 3F       		.uleb128 0x3f
 1278 019a 19       		.uleb128 0x19
 1279 019b 02       		.uleb128 0x2
 1280 019c 18       		.uleb128 0x18
 1281 019d 00       		.byte	0
 1282 019e 00       		.byte	0
 1283 019f 00       		.byte	0
 1284              		.section	.debug_loc,"",%progbits
 1285              	.Ldebug_loc0:
 1286              	.LLST0:
 1287 0000 00000000 		.4byte	.LVL3
 1288 0004 02000000 		.4byte	.LVL4
 1289 0008 0100     		.2byte	0x1
 1290 000a 50       		.byte	0x50
 1291 000b 02000000 		.4byte	.LVL4
 1292 000f 10000000 		.4byte	.LFE6
 1293 0013 0400     		.2byte	0x4
 1294 0015 F3       		.byte	0xf3
 1295 0016 01       		.uleb128 0x1
 1296 0017 50       		.byte	0x50
 1297 0018 9F       		.byte	0x9f
 1298 0019 00000000 		.4byte	0
 1299 001d 00000000 		.4byte	0
 1300              	.LLST1:
 1301 0021 04000000 		.4byte	.LVL5
 1302 0025 06000000 		.4byte	.LVL6
 1303 0029 0500     		.2byte	0x5
 1304 002b 70       		.byte	0x70
 1305 002c 00       		.sleb128 0
 1306 002d 35       		.byte	0x35
 1307 002e 25       		.byte	0x25
 1308 002f 9F       		.byte	0x9f
 1309 0030 00000000 		.4byte	0
 1310 0034 00000000 		.4byte	0
 1311              	.LLST2:
 1312 0038 00000000 		.4byte	.LVL11
 1313 003c 07000000 		.4byte	.LVL12-1
 1314 0040 0100     		.2byte	0x1
 1315 0042 50       		.byte	0x50
 1316 0043 07000000 		.4byte	.LVL12-1
 1317 0047 1A000000 		.4byte	.LFE1
 1318 004b 0100     		.2byte	0x1
 1319 004d 54       		.byte	0x54
 1320 004e 00000000 		.4byte	0
 1321 0052 00000000 		.4byte	0
ARM GAS  C:\Users\li\AppData\Local\Temp\ccdbYecn.s 			page 32


 1322              		.section	.debug_aranges,"",%progbits
 1323 0000 7C000000 		.4byte	0x7c
 1324 0004 0200     		.2byte	0x2
 1325 0006 00000000 		.4byte	.Ldebug_info0
 1326 000a 04       		.byte	0x4
 1327 000b 00       		.byte	0
 1328 000c 0000     		.2byte	0
 1329 000e 0000     		.2byte	0
 1330 0010 00000000 		.4byte	.LFB3
 1331 0014 94000000 		.4byte	.LFE3-.LFB3
 1332 0018 00000000 		.4byte	.LFB4
 1333 001c 0C000000 		.4byte	.LFE4-.LFB4
 1334 0020 00000000 		.4byte	.LFB5
 1335 0024 0C000000 		.4byte	.LFE5-.LFB5
 1336 0028 00000000 		.4byte	.LFB6
 1337 002c 10000000 		.4byte	.LFE6-.LFB6
 1338 0030 00000000 		.4byte	.LFB7
 1339 0034 0C000000 		.4byte	.LFE7-.LFB7
 1340 0038 00000000 		.4byte	.LFB8
 1341 003c 0C000000 		.4byte	.LFE8-.LFB8
 1342 0040 00000000 		.4byte	.LFB9
 1343 0044 18000000 		.4byte	.LFE9-.LFB9
 1344 0048 00000000 		.4byte	.LFB10
 1345 004c 0C000000 		.4byte	.LFE10-.LFB10
 1346 0050 00000000 		.4byte	.LFB0
 1347 0054 1C000000 		.4byte	.LFE0-.LFB0
 1348 0058 00000000 		.4byte	.LFB1
 1349 005c 1A000000 		.4byte	.LFE1-.LFB1
 1350 0060 00000000 		.4byte	.LFB2
 1351 0064 14000000 		.4byte	.LFE2-.LFB2
 1352 0068 00000000 		.4byte	.LFB11
 1353 006c 0C000000 		.4byte	.LFE11-.LFB11
 1354 0070 00000000 		.4byte	.LFB12
 1355 0074 0C000000 		.4byte	.LFE12-.LFB12
 1356 0078 00000000 		.4byte	0
 1357 007c 00000000 		.4byte	0
 1358              		.section	.debug_ranges,"",%progbits
 1359              	.Ldebug_ranges0:
 1360 0000 00000000 		.4byte	.LFB3
 1361 0004 94000000 		.4byte	.LFE3
 1362 0008 00000000 		.4byte	.LFB4
 1363 000c 0C000000 		.4byte	.LFE4
 1364 0010 00000000 		.4byte	.LFB5
 1365 0014 0C000000 		.4byte	.LFE5
 1366 0018 00000000 		.4byte	.LFB6
 1367 001c 10000000 		.4byte	.LFE6
 1368 0020 00000000 		.4byte	.LFB7
 1369 0024 0C000000 		.4byte	.LFE7
 1370 0028 00000000 		.4byte	.LFB8
 1371 002c 0C000000 		.4byte	.LFE8
 1372 0030 00000000 		.4byte	.LFB9
 1373 0034 18000000 		.4byte	.LFE9
 1374 0038 00000000 		.4byte	.LFB10
 1375 003c 0C000000 		.4byte	.LFE10
 1376 0040 00000000 		.4byte	.LFB0
 1377 0044 1C000000 		.4byte	.LFE0
 1378 0048 00000000 		.4byte	.LFB1
ARM GAS  C:\Users\li\AppData\Local\Temp\ccdbYecn.s 			page 33


 1379 004c 1A000000 		.4byte	.LFE1
 1380 0050 00000000 		.4byte	.LFB2
 1381 0054 14000000 		.4byte	.LFE2
 1382 0058 00000000 		.4byte	.LFB11
 1383 005c 0C000000 		.4byte	.LFE11
 1384 0060 00000000 		.4byte	.LFB12
 1385 0064 0C000000 		.4byte	.LFE12
 1386 0068 00000000 		.4byte	0
 1387 006c 00000000 		.4byte	0
 1388              		.section	.debug_line,"",%progbits
 1389              	.Ldebug_line0:
 1390 0000 5D010000 		.section	.debug_str,"MS",%progbits,1
 1390      02005F00 
 1390      00000201 
 1390      FB0E0D00 
 1390      01010101 
 1391              	.LASF20:
 1392 0000 6973725F 		.ascii	"isr_timer_SetVector\000"
 1392      74696D65 
 1392      725F5365 
 1392      74566563 
 1392      746F7200 
 1393              	.LASF17:
 1394 0014 72656733 		.ascii	"reg32\000"
 1394      3200
 1395              	.LASF24:
 1396 001a 6973725F 		.ascii	"isr_timer_GetVector\000"
 1396      74696D65 
 1396      725F4765 
 1396      74566563 
 1396      746F7200 
 1397              	.LASF45:
 1398 002e 6973725F 		.ascii	"isr_timer_GetState\000"
 1398      74696D65 
 1398      725F4765 
 1398      74537461 
 1398      746500
 1399              	.LASF39:
 1400 0041 74696D65 		.ascii	"time_1s_state\000"
 1400      5F31735F 
 1400      73746174 
 1400      6500
 1401              	.LASF44:
 1402 004f 433A5C55 		.ascii	"C:\\Users\\li\\Desktop\\pxc\\robot-car\\car.cydsn\000"
 1402      73657273 
 1402      5C6C695C 
 1402      4465736B 
 1402      746F705C 
 1403              	.LASF4:
 1404 007b 73686F72 		.ascii	"short unsigned int\000"
 1404      7420756E 
 1404      7369676E 
 1404      65642069 
 1404      6E7400
 1405              	.LASF28:
 1406 008e 6973725F 		.ascii	"isr_timer_Disable\000"
 1406      74696D65 
ARM GAS  C:\Users\li\AppData\Local\Temp\ccdbYecn.s 			page 34


 1406      725F4469 
 1406      7361626C 
 1406      6500
 1407              	.LASF37:
 1408 00a0 74696D65 		.ascii	"time_5ms_state\000"
 1408      5F356D73 
 1408      5F737461 
 1408      746500
 1409              	.LASF35:
 1410 00af 74696D65 		.ascii	"time_1ms_state\000"
 1410      5F316D73 
 1410      5F737461 
 1410      746500
 1411              	.LASF30:
 1412 00be 6973725F 		.ascii	"isr_timer_StartEx\000"
 1412      74696D65 
 1412      725F5374 
 1412      61727445 
 1412      7800
 1413              	.LASF32:
 1414 00d0 6973725F 		.ascii	"isr_timer_SetPending\000"
 1414      74696D65 
 1414      725F5365 
 1414      7450656E 
 1414      64696E67 
 1415              	.LASF14:
 1416 00e5 666C6F61 		.ascii	"float\000"
 1416      7400
 1417              	.LASF41:
 1418 00eb 74696D65 		.ascii	"time_100ms_state\000"
 1418      5F313030 
 1418      6D735F73 
 1418      74617465 
 1418      00
 1419              	.LASF38:
 1420 00fc 74696D65 		.ascii	"time_1s\000"
 1420      5F317300 
 1421              	.LASF16:
 1422 0104 72656738 		.ascii	"reg8\000"
 1422      00
 1423              	.LASF6:
 1424 0109 6C6F6E67 		.ascii	"long unsigned int\000"
 1424      20756E73 
 1424      69676E65 
 1424      6420696E 
 1424      7400
 1425              	.LASF11:
 1426 011b 75696E74 		.ascii	"uint8\000"
 1426      3800
 1427              	.LASF26:
 1428 0121 6973725F 		.ascii	"isr_timer_Interrupt\000"
 1428      74696D65 
 1428      725F496E 
 1428      74657272 
 1428      75707400 
 1429              	.LASF23:
 1430 0135 7072696F 		.ascii	"priority\000"
ARM GAS  C:\Users\li\AppData\Local\Temp\ccdbYecn.s 			page 35


 1430      72697479 
 1430      00
 1431              	.LASF2:
 1432 013e 756E7369 		.ascii	"unsigned char\000"
 1432      676E6564 
 1432      20636861 
 1432      7200
 1433              	.LASF25:
 1434 014c 6973725F 		.ascii	"isr_timer_GetPriority\000"
 1434      74696D65 
 1434      725F4765 
 1434      74507269 
 1434      6F726974 
 1435              	.LASF15:
 1436 0162 646F7562 		.ascii	"double\000"
 1436      6C6500
 1437              	.LASF3:
 1438 0169 73686F72 		.ascii	"short int\000"
 1438      7420696E 
 1438      7400
 1439              	.LASF12:
 1440 0173 75696E74 		.ascii	"uint16\000"
 1440      313600
 1441              	.LASF29:
 1442 017a 6973725F 		.ascii	"isr_timer_Start\000"
 1442      74696D65 
 1442      725F5374 
 1442      61727400 
 1443              	.LASF13:
 1444 018a 75696E74 		.ascii	"uint32\000"
 1444      333200
 1445              	.LASF42:
 1446 0191 474E5520 		.ascii	"GNU C 4.9.3 20150303 (release) [ARM/embedded-4_9-br"
 1446      4320342E 
 1446      392E3320 
 1446      32303135 
 1446      30333033 
 1447 01c4 616E6368 		.ascii	"anch revision 221220] -mcpu=cortex-m3 -mthumb -g -O"
 1447      20726576 
 1447      6973696F 
 1447      6E203232 
 1447      31323230 
 1448 01f7 67202D66 		.ascii	"g -ffunction-sections -ffat-lto-objects\000"
 1448      66756E63 
 1448      74696F6E 
 1448      2D736563 
 1448      74696F6E 
 1449              	.LASF0:
 1450 021f 756E7369 		.ascii	"unsigned int\000"
 1450      676E6564 
 1450      20696E74 
 1450      00
 1451              	.LASF22:
 1452 022c 61646472 		.ascii	"address\000"
 1452      65737300 
 1453              	.LASF8:
 1454 0234 6C6F6E67 		.ascii	"long long unsigned int\000"
ARM GAS  C:\Users\li\AppData\Local\Temp\ccdbYecn.s 			page 36


 1454      206C6F6E 
 1454      6720756E 
 1454      7369676E 
 1454      65642069 
 1455              	.LASF18:
 1456 024b 63796973 		.ascii	"cyisraddress\000"
 1456      72616464 
 1456      72657373 
 1456      00
 1457              	.LASF27:
 1458 0258 6973725F 		.ascii	"isr_timer_Enable\000"
 1458      74696D65 
 1458      725F456E 
 1458      61626C65 
 1458      00
 1459              	.LASF33:
 1460 0269 6973725F 		.ascii	"isr_timer_ClearPending\000"
 1460      74696D65 
 1460      725F436C 
 1460      65617250 
 1460      656E6469 
 1461              	.LASF9:
 1462 0280 73697A65 		.ascii	"sizetype\000"
 1462      74797065 
 1462      00
 1463              	.LASF7:
 1464 0289 6C6F6E67 		.ascii	"long long int\000"
 1464      206C6F6E 
 1464      6720696E 
 1464      7400
 1465              	.LASF21:
 1466 0297 6973725F 		.ascii	"isr_timer_SetPriority\000"
 1466      74696D65 
 1466      725F5365 
 1466      74507269 
 1466      6F726974 
 1467              	.LASF10:
 1468 02ad 63686172 		.ascii	"char\000"
 1468      00
 1469              	.LASF19:
 1470 02b2 72616D56 		.ascii	"ramVectorTable\000"
 1470      6563746F 
 1470      72546162 
 1470      6C6500
 1471              	.LASF43:
 1472 02c1 2E5C4765 		.ascii	".\\Generated_Source\\PSoC5\\isr_timer.c\000"
 1472      6E657261 
 1472      7465645F 
 1472      536F7572 
 1472      63655C50 
 1473              	.LASF31:
 1474 02e6 6973725F 		.ascii	"isr_timer_Stop\000"
 1474      74696D65 
 1474      725F5374 
 1474      6F7000
 1475              	.LASF40:
 1476 02f5 74696D65 		.ascii	"time_100ms\000"
ARM GAS  C:\Users\li\AppData\Local\Temp\ccdbYecn.s 			page 37


 1476      5F313030 
 1476      6D7300
 1477              	.LASF5:
 1478 0300 6C6F6E67 		.ascii	"long int\000"
 1478      20696E74 
 1478      00
 1479              	.LASF34:
 1480 0309 74696D65 		.ascii	"time_1ms\000"
 1480      5F316D73 
 1480      00
 1481              	.LASF1:
 1482 0312 7369676E 		.ascii	"signed char\000"
 1482      65642063 
 1482      68617200 
 1483              	.LASF36:
 1484 031e 74696D65 		.ascii	"time_5ms\000"
 1484      5F356D73 
 1484      00
 1485              		.ident	"GCC: (GNU Tools for ARM Embedded Processors) 4.9.3 20150303 (release) [ARM/embedded-4_9-br
