ARM GAS  C:\Users\pxc\AppData\Local\Temp\ccml6rZJ.s 			page 1


   1              		.syntax unified
   2              		.cpu cortex-m3
   3              		.fpu softvfp
   4              		.eabi_attribute 20, 1
   5              		.eabi_attribute 21, 1
   6              		.eabi_attribute 23, 3
   7              		.eabi_attribute 24, 1
   8              		.eabi_attribute 25, 1
   9              		.eabi_attribute 26, 1
  10              		.eabi_attribute 30, 1
  11              		.eabi_attribute 34, 1
  12              		.eabi_attribute 18, 4
  13              		.thumb
  14              		.file	"isr_rx_ch.c"
  15              		.text
  16              	.Ltext0:
  17              		.cfi_sections	.debug_frame
  18              		.section	.text.isr_rx_ch_Interrupt,"ax",%progbits
  19              		.align	2
  20              		.global	isr_rx_ch_Interrupt
  21              		.thumb
  22              		.thumb_func
  23              		.type	isr_rx_ch_Interrupt, %function
  24              	isr_rx_ch_Interrupt:
  25              	.LFB66:
  26              		.file 1 ".\\Generated_Source\\PSoC5\\isr_rx_ch.c"
   1:.\Generated_Source\PSoC5/isr_rx_ch.c **** /*******************************************************************************
   2:.\Generated_Source\PSoC5/isr_rx_ch.c **** * File Name: isr_rx_ch.c  
   3:.\Generated_Source\PSoC5/isr_rx_ch.c **** * Version 1.70
   4:.\Generated_Source\PSoC5/isr_rx_ch.c **** *
   5:.\Generated_Source\PSoC5/isr_rx_ch.c **** *  Description:
   6:.\Generated_Source\PSoC5/isr_rx_ch.c **** *   API for controlling the state of an interrupt.
   7:.\Generated_Source\PSoC5/isr_rx_ch.c **** *
   8:.\Generated_Source\PSoC5/isr_rx_ch.c **** *
   9:.\Generated_Source\PSoC5/isr_rx_ch.c **** *  Note:
  10:.\Generated_Source\PSoC5/isr_rx_ch.c **** *
  11:.\Generated_Source\PSoC5/isr_rx_ch.c **** ********************************************************************************
  12:.\Generated_Source\PSoC5/isr_rx_ch.c **** * Copyright 2008-2015, Cypress Semiconductor Corporation.  All rights reserved.
  13:.\Generated_Source\PSoC5/isr_rx_ch.c **** * You may use this file only in accordance with the license, terms, conditions, 
  14:.\Generated_Source\PSoC5/isr_rx_ch.c **** * disclaimers, and limitations in the end user license agreement accompanying 
  15:.\Generated_Source\PSoC5/isr_rx_ch.c **** * the software package with which this file was provided.
  16:.\Generated_Source\PSoC5/isr_rx_ch.c **** *******************************************************************************/
  17:.\Generated_Source\PSoC5/isr_rx_ch.c **** 
  18:.\Generated_Source\PSoC5/isr_rx_ch.c **** 
  19:.\Generated_Source\PSoC5/isr_rx_ch.c **** #include <cydevice_trm.h>
  20:.\Generated_Source\PSoC5/isr_rx_ch.c **** #include <CyLib.h>
  21:.\Generated_Source\PSoC5/isr_rx_ch.c **** #include <isr_rx_ch.h>
  22:.\Generated_Source\PSoC5/isr_rx_ch.c **** #include "cyapicallbacks.h"
  23:.\Generated_Source\PSoC5/isr_rx_ch.c **** 
  24:.\Generated_Source\PSoC5/isr_rx_ch.c **** #if !defined(isr_rx_ch__REMOVED) /* Check for removal by optimization */
  25:.\Generated_Source\PSoC5/isr_rx_ch.c **** 
  26:.\Generated_Source\PSoC5/isr_rx_ch.c **** /*******************************************************************************
  27:.\Generated_Source\PSoC5/isr_rx_ch.c **** *  Place your includes, defines and code here 
  28:.\Generated_Source\PSoC5/isr_rx_ch.c **** ********************************************************************************/
  29:.\Generated_Source\PSoC5/isr_rx_ch.c **** /* `#START isr_rx_ch_intc` */
  30:.\Generated_Source\PSoC5/isr_rx_ch.c **** #include "UART_CH.h"
  31:.\Generated_Source\PSoC5/isr_rx_ch.c **** #include "M_thickness.h"
ARM GAS  C:\Users\pxc\AppData\Local\Temp\ccml6rZJ.s 			page 2


  32:.\Generated_Source\PSoC5/isr_rx_ch.c **** static uint8 temp[50];
  33:.\Generated_Source\PSoC5/isr_rx_ch.c **** static uint8 count;
  34:.\Generated_Source\PSoC5/isr_rx_ch.c **** /* `#END` */
  35:.\Generated_Source\PSoC5/isr_rx_ch.c **** 
  36:.\Generated_Source\PSoC5/isr_rx_ch.c **** #ifndef CYINT_IRQ_BASE
  37:.\Generated_Source\PSoC5/isr_rx_ch.c **** #define CYINT_IRQ_BASE      16
  38:.\Generated_Source\PSoC5/isr_rx_ch.c **** #endif /* CYINT_IRQ_BASE */
  39:.\Generated_Source\PSoC5/isr_rx_ch.c **** #ifndef CYINT_VECT_TABLE
  40:.\Generated_Source\PSoC5/isr_rx_ch.c **** #define CYINT_VECT_TABLE    ((cyisraddress **) CYREG_NVIC_VECT_OFFSET)
  41:.\Generated_Source\PSoC5/isr_rx_ch.c **** #endif /* CYINT_VECT_TABLE */
  42:.\Generated_Source\PSoC5/isr_rx_ch.c **** 
  43:.\Generated_Source\PSoC5/isr_rx_ch.c **** /* Declared in startup, used to set unused interrupts to. */
  44:.\Generated_Source\PSoC5/isr_rx_ch.c **** CY_ISR_PROTO(IntDefaultHandler);
  45:.\Generated_Source\PSoC5/isr_rx_ch.c **** 
  46:.\Generated_Source\PSoC5/isr_rx_ch.c **** 
  47:.\Generated_Source\PSoC5/isr_rx_ch.c **** /*******************************************************************************
  48:.\Generated_Source\PSoC5/isr_rx_ch.c **** * Function Name: isr_rx_ch_Start
  49:.\Generated_Source\PSoC5/isr_rx_ch.c **** ********************************************************************************
  50:.\Generated_Source\PSoC5/isr_rx_ch.c **** *
  51:.\Generated_Source\PSoC5/isr_rx_ch.c **** * Summary:
  52:.\Generated_Source\PSoC5/isr_rx_ch.c **** *  Set up the interrupt and enable it. This function disables the interrupt, 
  53:.\Generated_Source\PSoC5/isr_rx_ch.c **** *  sets the default interrupt vector, sets the priority from the value in the
  54:.\Generated_Source\PSoC5/isr_rx_ch.c **** *  Design Wide Resources Interrupt Editor, then enables the interrupt to the 
  55:.\Generated_Source\PSoC5/isr_rx_ch.c **** *  interrupt controller.
  56:.\Generated_Source\PSoC5/isr_rx_ch.c **** *
  57:.\Generated_Source\PSoC5/isr_rx_ch.c **** * Parameters:  
  58:.\Generated_Source\PSoC5/isr_rx_ch.c **** *   None
  59:.\Generated_Source\PSoC5/isr_rx_ch.c **** *
  60:.\Generated_Source\PSoC5/isr_rx_ch.c **** * Return:
  61:.\Generated_Source\PSoC5/isr_rx_ch.c **** *   None
  62:.\Generated_Source\PSoC5/isr_rx_ch.c **** *
  63:.\Generated_Source\PSoC5/isr_rx_ch.c **** *******************************************************************************/
  64:.\Generated_Source\PSoC5/isr_rx_ch.c **** void isr_rx_ch_Start(void)
  65:.\Generated_Source\PSoC5/isr_rx_ch.c **** {
  66:.\Generated_Source\PSoC5/isr_rx_ch.c ****     /* For all we know the interrupt is active. */
  67:.\Generated_Source\PSoC5/isr_rx_ch.c ****     isr_rx_ch_Disable();
  68:.\Generated_Source\PSoC5/isr_rx_ch.c **** 
  69:.\Generated_Source\PSoC5/isr_rx_ch.c ****     /* Set the ISR to point to the isr_rx_ch Interrupt. */
  70:.\Generated_Source\PSoC5/isr_rx_ch.c ****     isr_rx_ch_SetVector(&isr_rx_ch_Interrupt);
  71:.\Generated_Source\PSoC5/isr_rx_ch.c **** 
  72:.\Generated_Source\PSoC5/isr_rx_ch.c ****     /* Set the priority. */
  73:.\Generated_Source\PSoC5/isr_rx_ch.c ****     isr_rx_ch_SetPriority((uint8)isr_rx_ch_INTC_PRIOR_NUMBER);
  74:.\Generated_Source\PSoC5/isr_rx_ch.c **** 
  75:.\Generated_Source\PSoC5/isr_rx_ch.c ****     /* Enable it. */
  76:.\Generated_Source\PSoC5/isr_rx_ch.c ****     isr_rx_ch_Enable();
  77:.\Generated_Source\PSoC5/isr_rx_ch.c **** }
  78:.\Generated_Source\PSoC5/isr_rx_ch.c **** 
  79:.\Generated_Source\PSoC5/isr_rx_ch.c **** 
  80:.\Generated_Source\PSoC5/isr_rx_ch.c **** /*******************************************************************************
  81:.\Generated_Source\PSoC5/isr_rx_ch.c **** * Function Name: isr_rx_ch_StartEx
  82:.\Generated_Source\PSoC5/isr_rx_ch.c **** ********************************************************************************
  83:.\Generated_Source\PSoC5/isr_rx_ch.c **** *
  84:.\Generated_Source\PSoC5/isr_rx_ch.c **** * Summary:
  85:.\Generated_Source\PSoC5/isr_rx_ch.c **** *  Sets up the interrupt and enables it. This function disables the interrupt,
  86:.\Generated_Source\PSoC5/isr_rx_ch.c **** *  sets the interrupt vector based on the address passed in, sets the priority 
  87:.\Generated_Source\PSoC5/isr_rx_ch.c **** *  from the value in the Design Wide Resources Interrupt Editor, then enables 
  88:.\Generated_Source\PSoC5/isr_rx_ch.c **** *  the interrupt to the interrupt controller.
ARM GAS  C:\Users\pxc\AppData\Local\Temp\ccml6rZJ.s 			page 3


  89:.\Generated_Source\PSoC5/isr_rx_ch.c **** *  
  90:.\Generated_Source\PSoC5/isr_rx_ch.c **** *  When defining ISR functions, the CY_ISR and CY_ISR_PROTO macros should be 
  91:.\Generated_Source\PSoC5/isr_rx_ch.c **** *  used to provide consistent definition across compilers:
  92:.\Generated_Source\PSoC5/isr_rx_ch.c **** *  
  93:.\Generated_Source\PSoC5/isr_rx_ch.c **** *  Function definition example:
  94:.\Generated_Source\PSoC5/isr_rx_ch.c **** *   CY_ISR(MyISR)
  95:.\Generated_Source\PSoC5/isr_rx_ch.c **** *   {
  96:.\Generated_Source\PSoC5/isr_rx_ch.c **** *   }
  97:.\Generated_Source\PSoC5/isr_rx_ch.c **** *   Function prototype example:
  98:.\Generated_Source\PSoC5/isr_rx_ch.c **** *   CY_ISR_PROTO(MyISR);
  99:.\Generated_Source\PSoC5/isr_rx_ch.c **** *
 100:.\Generated_Source\PSoC5/isr_rx_ch.c **** * Parameters:  
 101:.\Generated_Source\PSoC5/isr_rx_ch.c **** *   address: Address of the ISR to set in the interrupt vector table.
 102:.\Generated_Source\PSoC5/isr_rx_ch.c **** *
 103:.\Generated_Source\PSoC5/isr_rx_ch.c **** * Return:
 104:.\Generated_Source\PSoC5/isr_rx_ch.c **** *   None
 105:.\Generated_Source\PSoC5/isr_rx_ch.c **** *
 106:.\Generated_Source\PSoC5/isr_rx_ch.c **** *******************************************************************************/
 107:.\Generated_Source\PSoC5/isr_rx_ch.c **** void isr_rx_ch_StartEx(cyisraddress address)
 108:.\Generated_Source\PSoC5/isr_rx_ch.c **** {
 109:.\Generated_Source\PSoC5/isr_rx_ch.c ****     /* For all we know the interrupt is active. */
 110:.\Generated_Source\PSoC5/isr_rx_ch.c ****     isr_rx_ch_Disable();
 111:.\Generated_Source\PSoC5/isr_rx_ch.c **** 
 112:.\Generated_Source\PSoC5/isr_rx_ch.c ****     /* Set the ISR to point to the isr_rx_ch Interrupt. */
 113:.\Generated_Source\PSoC5/isr_rx_ch.c ****     isr_rx_ch_SetVector(address);
 114:.\Generated_Source\PSoC5/isr_rx_ch.c **** 
 115:.\Generated_Source\PSoC5/isr_rx_ch.c ****     /* Set the priority. */
 116:.\Generated_Source\PSoC5/isr_rx_ch.c ****     isr_rx_ch_SetPriority((uint8)isr_rx_ch_INTC_PRIOR_NUMBER);
 117:.\Generated_Source\PSoC5/isr_rx_ch.c **** 
 118:.\Generated_Source\PSoC5/isr_rx_ch.c ****     /* Enable it. */
 119:.\Generated_Source\PSoC5/isr_rx_ch.c ****     isr_rx_ch_Enable();
 120:.\Generated_Source\PSoC5/isr_rx_ch.c **** }
 121:.\Generated_Source\PSoC5/isr_rx_ch.c **** 
 122:.\Generated_Source\PSoC5/isr_rx_ch.c **** 
 123:.\Generated_Source\PSoC5/isr_rx_ch.c **** /*******************************************************************************
 124:.\Generated_Source\PSoC5/isr_rx_ch.c **** * Function Name: isr_rx_ch_Stop
 125:.\Generated_Source\PSoC5/isr_rx_ch.c **** ********************************************************************************
 126:.\Generated_Source\PSoC5/isr_rx_ch.c **** *
 127:.\Generated_Source\PSoC5/isr_rx_ch.c **** * Summary:
 128:.\Generated_Source\PSoC5/isr_rx_ch.c **** *   Disables and removes the interrupt.
 129:.\Generated_Source\PSoC5/isr_rx_ch.c **** *
 130:.\Generated_Source\PSoC5/isr_rx_ch.c **** * Parameters:  
 131:.\Generated_Source\PSoC5/isr_rx_ch.c **** *   None
 132:.\Generated_Source\PSoC5/isr_rx_ch.c **** *
 133:.\Generated_Source\PSoC5/isr_rx_ch.c **** * Return:
 134:.\Generated_Source\PSoC5/isr_rx_ch.c **** *   None
 135:.\Generated_Source\PSoC5/isr_rx_ch.c **** *
 136:.\Generated_Source\PSoC5/isr_rx_ch.c **** *******************************************************************************/
 137:.\Generated_Source\PSoC5/isr_rx_ch.c **** void isr_rx_ch_Stop(void)
 138:.\Generated_Source\PSoC5/isr_rx_ch.c **** {
 139:.\Generated_Source\PSoC5/isr_rx_ch.c ****     /* Disable this interrupt. */
 140:.\Generated_Source\PSoC5/isr_rx_ch.c ****     isr_rx_ch_Disable();
 141:.\Generated_Source\PSoC5/isr_rx_ch.c **** 
 142:.\Generated_Source\PSoC5/isr_rx_ch.c ****     /* Set the ISR to point to the passive one. */
 143:.\Generated_Source\PSoC5/isr_rx_ch.c ****     isr_rx_ch_SetVector(&IntDefaultHandler);
 144:.\Generated_Source\PSoC5/isr_rx_ch.c **** }
 145:.\Generated_Source\PSoC5/isr_rx_ch.c **** 
ARM GAS  C:\Users\pxc\AppData\Local\Temp\ccml6rZJ.s 			page 4


 146:.\Generated_Source\PSoC5/isr_rx_ch.c **** 
 147:.\Generated_Source\PSoC5/isr_rx_ch.c **** /*******************************************************************************
 148:.\Generated_Source\PSoC5/isr_rx_ch.c **** * Function Name: isr_rx_ch_Interrupt
 149:.\Generated_Source\PSoC5/isr_rx_ch.c **** ********************************************************************************
 150:.\Generated_Source\PSoC5/isr_rx_ch.c **** *
 151:.\Generated_Source\PSoC5/isr_rx_ch.c **** * Summary:
 152:.\Generated_Source\PSoC5/isr_rx_ch.c **** *   The default Interrupt Service Routine for isr_rx_ch.
 153:.\Generated_Source\PSoC5/isr_rx_ch.c **** *
 154:.\Generated_Source\PSoC5/isr_rx_ch.c **** *   Add custom code between the coments to keep the next version of this file
 155:.\Generated_Source\PSoC5/isr_rx_ch.c **** *   from over writting your code.
 156:.\Generated_Source\PSoC5/isr_rx_ch.c **** *
 157:.\Generated_Source\PSoC5/isr_rx_ch.c **** * Parameters:  
 158:.\Generated_Source\PSoC5/isr_rx_ch.c **** *
 159:.\Generated_Source\PSoC5/isr_rx_ch.c **** * Return:
 160:.\Generated_Source\PSoC5/isr_rx_ch.c **** *   None
 161:.\Generated_Source\PSoC5/isr_rx_ch.c **** *
 162:.\Generated_Source\PSoC5/isr_rx_ch.c **** *******************************************************************************/
 163:.\Generated_Source\PSoC5/isr_rx_ch.c **** CY_ISR(isr_rx_ch_Interrupt)
 164:.\Generated_Source\PSoC5/isr_rx_ch.c **** {
  27              		.loc 1 164 0
  28              		.cfi_startproc
  29              		@ args = 0, pretend = 0, frame = 0
  30              		@ frame_needed = 0, uses_anonymous_args = 0
  31 0000 08B5     		push	{r3, lr}
  32              		.cfi_def_cfa_offset 8
  33              		.cfi_offset 3, -8
  34              		.cfi_offset 14, -4
 165:.\Generated_Source\PSoC5/isr_rx_ch.c ****     #ifdef isr_rx_ch_INTERRUPT_INTERRUPT_CALLBACK
 166:.\Generated_Source\PSoC5/isr_rx_ch.c ****         isr_rx_ch_Interrupt_InterruptCallback();
 167:.\Generated_Source\PSoC5/isr_rx_ch.c ****     #endif /* isr_rx_ch_INTERRUPT_INTERRUPT_CALLBACK */ 
 168:.\Generated_Source\PSoC5/isr_rx_ch.c **** 
 169:.\Generated_Source\PSoC5/isr_rx_ch.c ****     /*  Place your Interrupt code here. */
 170:.\Generated_Source\PSoC5/isr_rx_ch.c ****     /* `#START isr_rx_ch_Interrupt` */
 171:.\Generated_Source\PSoC5/isr_rx_ch.c ****     uint8 data; 
 172:.\Generated_Source\PSoC5/isr_rx_ch.c ****     data = UART_CH_GetChar();
  35              		.loc 1 172 0
  36 0002 FFF7FEFF 		bl	UART_CH_GetChar
  37              	.LVL0:
  38 0006 08BD     		pop	{r3, pc}
  39              		.cfi_endproc
  40              	.LFE66:
  41              		.size	isr_rx_ch_Interrupt, .-isr_rx_ch_Interrupt
  42              		.section	.text.isr_rx_ch_SetVector,"ax",%progbits
  43              		.align	2
  44              		.global	isr_rx_ch_SetVector
  45              		.thumb
  46              		.thumb_func
  47              		.type	isr_rx_ch_SetVector, %function
  48              	isr_rx_ch_SetVector:
  49              	.LFB67:
 173:.\Generated_Source\PSoC5/isr_rx_ch.c ****     
 174:.\Generated_Source\PSoC5/isr_rx_ch.c ****     
 175:.\Generated_Source\PSoC5/isr_rx_ch.c ****     /* `#END` */
 176:.\Generated_Source\PSoC5/isr_rx_ch.c **** }
 177:.\Generated_Source\PSoC5/isr_rx_ch.c **** 
 178:.\Generated_Source\PSoC5/isr_rx_ch.c **** 
 179:.\Generated_Source\PSoC5/isr_rx_ch.c **** /*******************************************************************************
ARM GAS  C:\Users\pxc\AppData\Local\Temp\ccml6rZJ.s 			page 5


 180:.\Generated_Source\PSoC5/isr_rx_ch.c **** * Function Name: isr_rx_ch_SetVector
 181:.\Generated_Source\PSoC5/isr_rx_ch.c **** ********************************************************************************
 182:.\Generated_Source\PSoC5/isr_rx_ch.c **** *
 183:.\Generated_Source\PSoC5/isr_rx_ch.c **** * Summary:
 184:.\Generated_Source\PSoC5/isr_rx_ch.c **** *   Change the ISR vector for the Interrupt. Note calling isr_rx_ch_Start
 185:.\Generated_Source\PSoC5/isr_rx_ch.c **** *   will override any effect this method would have had. To set the vector 
 186:.\Generated_Source\PSoC5/isr_rx_ch.c **** *   before the component has been started use isr_rx_ch_StartEx instead.
 187:.\Generated_Source\PSoC5/isr_rx_ch.c **** * 
 188:.\Generated_Source\PSoC5/isr_rx_ch.c **** *   When defining ISR functions, the CY_ISR and CY_ISR_PROTO macros should be 
 189:.\Generated_Source\PSoC5/isr_rx_ch.c **** *   used to provide consistent definition across compilers:
 190:.\Generated_Source\PSoC5/isr_rx_ch.c **** *
 191:.\Generated_Source\PSoC5/isr_rx_ch.c **** *   Function definition example:
 192:.\Generated_Source\PSoC5/isr_rx_ch.c **** *   CY_ISR(MyISR)
 193:.\Generated_Source\PSoC5/isr_rx_ch.c **** *   {
 194:.\Generated_Source\PSoC5/isr_rx_ch.c **** *   }
 195:.\Generated_Source\PSoC5/isr_rx_ch.c **** *
 196:.\Generated_Source\PSoC5/isr_rx_ch.c **** *   Function prototype example:
 197:.\Generated_Source\PSoC5/isr_rx_ch.c **** *     CY_ISR_PROTO(MyISR);
 198:.\Generated_Source\PSoC5/isr_rx_ch.c **** *
 199:.\Generated_Source\PSoC5/isr_rx_ch.c **** * Parameters:
 200:.\Generated_Source\PSoC5/isr_rx_ch.c **** *   address: Address of the ISR to set in the interrupt vector table.
 201:.\Generated_Source\PSoC5/isr_rx_ch.c **** *
 202:.\Generated_Source\PSoC5/isr_rx_ch.c **** * Return:
 203:.\Generated_Source\PSoC5/isr_rx_ch.c **** *   None
 204:.\Generated_Source\PSoC5/isr_rx_ch.c **** *
 205:.\Generated_Source\PSoC5/isr_rx_ch.c **** *******************************************************************************/
 206:.\Generated_Source\PSoC5/isr_rx_ch.c **** void isr_rx_ch_SetVector(cyisraddress address)
 207:.\Generated_Source\PSoC5/isr_rx_ch.c **** {
  50              		.loc 1 207 0
  51              		.cfi_startproc
  52              		@ args = 0, pretend = 0, frame = 0
  53              		@ frame_needed = 0, uses_anonymous_args = 0
  54              		@ link register save eliminated.
  55              	.LVL1:
 208:.\Generated_Source\PSoC5/isr_rx_ch.c ****     cyisraddress * ramVectorTable;
 209:.\Generated_Source\PSoC5/isr_rx_ch.c **** 
 210:.\Generated_Source\PSoC5/isr_rx_ch.c ****     ramVectorTable = (cyisraddress *) *CYINT_VECT_TABLE;
  56              		.loc 1 210 0
  57 0000 014B     		ldr	r3, .L4
  58 0002 1B68     		ldr	r3, [r3]
  59              	.LVL2:
 211:.\Generated_Source\PSoC5/isr_rx_ch.c **** 
 212:.\Generated_Source\PSoC5/isr_rx_ch.c ****     ramVectorTable[CYINT_IRQ_BASE + (uint32)isr_rx_ch__INTC_NUMBER] = address;
  60              		.loc 1 212 0
  61 0004 5864     		str	r0, [r3, #68]
  62 0006 7047     		bx	lr
  63              	.L5:
  64              		.align	2
  65              	.L4:
  66 0008 08ED00E0 		.word	-536810232
  67              		.cfi_endproc
  68              	.LFE67:
  69              		.size	isr_rx_ch_SetVector, .-isr_rx_ch_SetVector
  70              		.section	.text.isr_rx_ch_GetVector,"ax",%progbits
  71              		.align	2
  72              		.global	isr_rx_ch_GetVector
  73              		.thumb
ARM GAS  C:\Users\pxc\AppData\Local\Temp\ccml6rZJ.s 			page 6


  74              		.thumb_func
  75              		.type	isr_rx_ch_GetVector, %function
  76              	isr_rx_ch_GetVector:
  77              	.LFB68:
 213:.\Generated_Source\PSoC5/isr_rx_ch.c **** }
 214:.\Generated_Source\PSoC5/isr_rx_ch.c **** 
 215:.\Generated_Source\PSoC5/isr_rx_ch.c **** 
 216:.\Generated_Source\PSoC5/isr_rx_ch.c **** /*******************************************************************************
 217:.\Generated_Source\PSoC5/isr_rx_ch.c **** * Function Name: isr_rx_ch_GetVector
 218:.\Generated_Source\PSoC5/isr_rx_ch.c **** ********************************************************************************
 219:.\Generated_Source\PSoC5/isr_rx_ch.c **** *
 220:.\Generated_Source\PSoC5/isr_rx_ch.c **** * Summary:
 221:.\Generated_Source\PSoC5/isr_rx_ch.c **** *   Gets the "address" of the current ISR vector for the Interrupt.
 222:.\Generated_Source\PSoC5/isr_rx_ch.c **** *
 223:.\Generated_Source\PSoC5/isr_rx_ch.c **** * Parameters:
 224:.\Generated_Source\PSoC5/isr_rx_ch.c **** *   None
 225:.\Generated_Source\PSoC5/isr_rx_ch.c **** *
 226:.\Generated_Source\PSoC5/isr_rx_ch.c **** * Return:
 227:.\Generated_Source\PSoC5/isr_rx_ch.c **** *   Address of the ISR in the interrupt vector table.
 228:.\Generated_Source\PSoC5/isr_rx_ch.c **** *
 229:.\Generated_Source\PSoC5/isr_rx_ch.c **** *******************************************************************************/
 230:.\Generated_Source\PSoC5/isr_rx_ch.c **** cyisraddress isr_rx_ch_GetVector(void)
 231:.\Generated_Source\PSoC5/isr_rx_ch.c **** {
  78              		.loc 1 231 0
  79              		.cfi_startproc
  80              		@ args = 0, pretend = 0, frame = 0
  81              		@ frame_needed = 0, uses_anonymous_args = 0
  82              		@ link register save eliminated.
 232:.\Generated_Source\PSoC5/isr_rx_ch.c ****     cyisraddress * ramVectorTable;
 233:.\Generated_Source\PSoC5/isr_rx_ch.c **** 
 234:.\Generated_Source\PSoC5/isr_rx_ch.c ****     ramVectorTable = (cyisraddress *) *CYINT_VECT_TABLE;
  83              		.loc 1 234 0
  84 0000 014B     		ldr	r3, .L7
  85 0002 1B68     		ldr	r3, [r3]
  86              	.LVL3:
 235:.\Generated_Source\PSoC5/isr_rx_ch.c **** 
 236:.\Generated_Source\PSoC5/isr_rx_ch.c ****     return ramVectorTable[CYINT_IRQ_BASE + (uint32)isr_rx_ch__INTC_NUMBER];
 237:.\Generated_Source\PSoC5/isr_rx_ch.c **** }
  87              		.loc 1 237 0
  88 0004 586C     		ldr	r0, [r3, #68]
  89 0006 7047     		bx	lr
  90              	.L8:
  91              		.align	2
  92              	.L7:
  93 0008 08ED00E0 		.word	-536810232
  94              		.cfi_endproc
  95              	.LFE68:
  96              		.size	isr_rx_ch_GetVector, .-isr_rx_ch_GetVector
  97              		.section	.text.isr_rx_ch_SetPriority,"ax",%progbits
  98              		.align	2
  99              		.global	isr_rx_ch_SetPriority
 100              		.thumb
 101              		.thumb_func
 102              		.type	isr_rx_ch_SetPriority, %function
 103              	isr_rx_ch_SetPriority:
 104              	.LFB69:
 238:.\Generated_Source\PSoC5/isr_rx_ch.c **** 
ARM GAS  C:\Users\pxc\AppData\Local\Temp\ccml6rZJ.s 			page 7


 239:.\Generated_Source\PSoC5/isr_rx_ch.c **** 
 240:.\Generated_Source\PSoC5/isr_rx_ch.c **** /*******************************************************************************
 241:.\Generated_Source\PSoC5/isr_rx_ch.c **** * Function Name: isr_rx_ch_SetPriority
 242:.\Generated_Source\PSoC5/isr_rx_ch.c **** ********************************************************************************
 243:.\Generated_Source\PSoC5/isr_rx_ch.c **** *
 244:.\Generated_Source\PSoC5/isr_rx_ch.c **** * Summary:
 245:.\Generated_Source\PSoC5/isr_rx_ch.c **** *   Sets the Priority of the Interrupt. 
 246:.\Generated_Source\PSoC5/isr_rx_ch.c **** *
 247:.\Generated_Source\PSoC5/isr_rx_ch.c **** *   Note calling isr_rx_ch_Start or isr_rx_ch_StartEx will 
 248:.\Generated_Source\PSoC5/isr_rx_ch.c **** *   override any effect this API would have had. This API should only be called
 249:.\Generated_Source\PSoC5/isr_rx_ch.c **** *   after isr_rx_ch_Start or isr_rx_ch_StartEx has been called. 
 250:.\Generated_Source\PSoC5/isr_rx_ch.c **** *   To set the initial priority for the component, use the Design-Wide Resources
 251:.\Generated_Source\PSoC5/isr_rx_ch.c **** *   Interrupt Editor.
 252:.\Generated_Source\PSoC5/isr_rx_ch.c **** *
 253:.\Generated_Source\PSoC5/isr_rx_ch.c **** *   Note This API has no effect on Non-maskable interrupt NMI).
 254:.\Generated_Source\PSoC5/isr_rx_ch.c **** *
 255:.\Generated_Source\PSoC5/isr_rx_ch.c **** * Parameters:
 256:.\Generated_Source\PSoC5/isr_rx_ch.c **** *   priority: Priority of the interrupt, 0 being the highest priority
 257:.\Generated_Source\PSoC5/isr_rx_ch.c **** *             PSoC 3 and PSoC 5LP: Priority is from 0 to 7.
 258:.\Generated_Source\PSoC5/isr_rx_ch.c **** *             PSoC 4: Priority is from 0 to 3.
 259:.\Generated_Source\PSoC5/isr_rx_ch.c **** *
 260:.\Generated_Source\PSoC5/isr_rx_ch.c **** * Return:
 261:.\Generated_Source\PSoC5/isr_rx_ch.c **** *   None
 262:.\Generated_Source\PSoC5/isr_rx_ch.c **** *
 263:.\Generated_Source\PSoC5/isr_rx_ch.c **** *******************************************************************************/
 264:.\Generated_Source\PSoC5/isr_rx_ch.c **** void isr_rx_ch_SetPriority(uint8 priority)
 265:.\Generated_Source\PSoC5/isr_rx_ch.c **** {
 105              		.loc 1 265 0
 106              		.cfi_startproc
 107              		@ args = 0, pretend = 0, frame = 0
 108              		@ frame_needed = 0, uses_anonymous_args = 0
 109              		@ link register save eliminated.
 110              	.LVL4:
 266:.\Generated_Source\PSoC5/isr_rx_ch.c ****     *isr_rx_ch_INTC_PRIOR = priority << 5;
 111              		.loc 1 266 0
 112 0000 4001     		lsls	r0, r0, #5
 113              	.LVL5:
 114 0002 C0B2     		uxtb	r0, r0
 115 0004 014B     		ldr	r3, .L10
 116 0006 1870     		strb	r0, [r3]
 117 0008 7047     		bx	lr
 118              	.L11:
 119 000a 00BF     		.align	2
 120              	.L10:
 121 000c 01E400E0 		.word	-536812543
 122              		.cfi_endproc
 123              	.LFE69:
 124              		.size	isr_rx_ch_SetPriority, .-isr_rx_ch_SetPriority
 125              		.section	.text.isr_rx_ch_GetPriority,"ax",%progbits
 126              		.align	2
 127              		.global	isr_rx_ch_GetPriority
 128              		.thumb
 129              		.thumb_func
 130              		.type	isr_rx_ch_GetPriority, %function
 131              	isr_rx_ch_GetPriority:
 132              	.LFB70:
 267:.\Generated_Source\PSoC5/isr_rx_ch.c **** }
ARM GAS  C:\Users\pxc\AppData\Local\Temp\ccml6rZJ.s 			page 8


 268:.\Generated_Source\PSoC5/isr_rx_ch.c **** 
 269:.\Generated_Source\PSoC5/isr_rx_ch.c **** 
 270:.\Generated_Source\PSoC5/isr_rx_ch.c **** /*******************************************************************************
 271:.\Generated_Source\PSoC5/isr_rx_ch.c **** * Function Name: isr_rx_ch_GetPriority
 272:.\Generated_Source\PSoC5/isr_rx_ch.c **** ********************************************************************************
 273:.\Generated_Source\PSoC5/isr_rx_ch.c **** *
 274:.\Generated_Source\PSoC5/isr_rx_ch.c **** * Summary:
 275:.\Generated_Source\PSoC5/isr_rx_ch.c **** *   Gets the Priority of the Interrupt.
 276:.\Generated_Source\PSoC5/isr_rx_ch.c **** *
 277:.\Generated_Source\PSoC5/isr_rx_ch.c **** * Parameters:
 278:.\Generated_Source\PSoC5/isr_rx_ch.c **** *   None
 279:.\Generated_Source\PSoC5/isr_rx_ch.c **** *
 280:.\Generated_Source\PSoC5/isr_rx_ch.c **** * Return:
 281:.\Generated_Source\PSoC5/isr_rx_ch.c **** *   Priority of the interrupt, 0 being the highest priority
 282:.\Generated_Source\PSoC5/isr_rx_ch.c **** *    PSoC 3 and PSoC 5LP: Priority is from 0 to 7.
 283:.\Generated_Source\PSoC5/isr_rx_ch.c **** *    PSoC 4: Priority is from 0 to 3.
 284:.\Generated_Source\PSoC5/isr_rx_ch.c **** *
 285:.\Generated_Source\PSoC5/isr_rx_ch.c **** *******************************************************************************/
 286:.\Generated_Source\PSoC5/isr_rx_ch.c **** uint8 isr_rx_ch_GetPriority(void)
 287:.\Generated_Source\PSoC5/isr_rx_ch.c **** {
 133              		.loc 1 287 0
 134              		.cfi_startproc
 135              		@ args = 0, pretend = 0, frame = 0
 136              		@ frame_needed = 0, uses_anonymous_args = 0
 137              		@ link register save eliminated.
 288:.\Generated_Source\PSoC5/isr_rx_ch.c ****     uint8 priority;
 289:.\Generated_Source\PSoC5/isr_rx_ch.c **** 
 290:.\Generated_Source\PSoC5/isr_rx_ch.c **** 
 291:.\Generated_Source\PSoC5/isr_rx_ch.c ****     priority = *isr_rx_ch_INTC_PRIOR >> 5;
 138              		.loc 1 291 0
 139 0000 014B     		ldr	r3, .L13
 140 0002 1878     		ldrb	r0, [r3]	@ zero_extendqisi2
 141              	.LVL6:
 292:.\Generated_Source\PSoC5/isr_rx_ch.c **** 
 293:.\Generated_Source\PSoC5/isr_rx_ch.c ****     return priority;
 294:.\Generated_Source\PSoC5/isr_rx_ch.c **** }
 142              		.loc 1 294 0
 143 0004 4009     		lsrs	r0, r0, #5
 144              	.LVL7:
 145 0006 7047     		bx	lr
 146              	.L14:
 147              		.align	2
 148              	.L13:
 149 0008 01E400E0 		.word	-536812543
 150              		.cfi_endproc
 151              	.LFE70:
 152              		.size	isr_rx_ch_GetPriority, .-isr_rx_ch_GetPriority
 153              		.section	.text.isr_rx_ch_Enable,"ax",%progbits
 154              		.align	2
 155              		.global	isr_rx_ch_Enable
 156              		.thumb
 157              		.thumb_func
 158              		.type	isr_rx_ch_Enable, %function
 159              	isr_rx_ch_Enable:
 160              	.LFB71:
 295:.\Generated_Source\PSoC5/isr_rx_ch.c **** 
 296:.\Generated_Source\PSoC5/isr_rx_ch.c **** 
ARM GAS  C:\Users\pxc\AppData\Local\Temp\ccml6rZJ.s 			page 9


 297:.\Generated_Source\PSoC5/isr_rx_ch.c **** /*******************************************************************************
 298:.\Generated_Source\PSoC5/isr_rx_ch.c **** * Function Name: isr_rx_ch_Enable
 299:.\Generated_Source\PSoC5/isr_rx_ch.c **** ********************************************************************************
 300:.\Generated_Source\PSoC5/isr_rx_ch.c **** *
 301:.\Generated_Source\PSoC5/isr_rx_ch.c **** * Summary:
 302:.\Generated_Source\PSoC5/isr_rx_ch.c **** *   Enables the interrupt to the interrupt controller. Do not call this function
 303:.\Generated_Source\PSoC5/isr_rx_ch.c **** *   unless ISR_Start() has been called or the functionality of the ISR_Start() 
 304:.\Generated_Source\PSoC5/isr_rx_ch.c **** *   function, which sets the vector and the priority, has been called.
 305:.\Generated_Source\PSoC5/isr_rx_ch.c **** *
 306:.\Generated_Source\PSoC5/isr_rx_ch.c **** * Parameters:
 307:.\Generated_Source\PSoC5/isr_rx_ch.c **** *   None
 308:.\Generated_Source\PSoC5/isr_rx_ch.c **** *
 309:.\Generated_Source\PSoC5/isr_rx_ch.c **** * Return:
 310:.\Generated_Source\PSoC5/isr_rx_ch.c **** *   None
 311:.\Generated_Source\PSoC5/isr_rx_ch.c **** *
 312:.\Generated_Source\PSoC5/isr_rx_ch.c **** *******************************************************************************/
 313:.\Generated_Source\PSoC5/isr_rx_ch.c **** void isr_rx_ch_Enable(void)
 314:.\Generated_Source\PSoC5/isr_rx_ch.c **** {
 161              		.loc 1 314 0
 162              		.cfi_startproc
 163              		@ args = 0, pretend = 0, frame = 0
 164              		@ frame_needed = 0, uses_anonymous_args = 0
 165              		@ link register save eliminated.
 315:.\Generated_Source\PSoC5/isr_rx_ch.c ****     /* Enable the general interrupt. */
 316:.\Generated_Source\PSoC5/isr_rx_ch.c ****     *isr_rx_ch_INTC_SET_EN = isr_rx_ch__INTC_MASK;
 166              		.loc 1 316 0
 167 0000 0222     		movs	r2, #2
 168 0002 014B     		ldr	r3, .L16
 169 0004 1A60     		str	r2, [r3]
 170 0006 7047     		bx	lr
 171              	.L17:
 172              		.align	2
 173              	.L16:
 174 0008 00E100E0 		.word	-536813312
 175              		.cfi_endproc
 176              	.LFE71:
 177              		.size	isr_rx_ch_Enable, .-isr_rx_ch_Enable
 178              		.section	.text.isr_rx_ch_GetState,"ax",%progbits
 179              		.align	2
 180              		.global	isr_rx_ch_GetState
 181              		.thumb
 182              		.thumb_func
 183              		.type	isr_rx_ch_GetState, %function
 184              	isr_rx_ch_GetState:
 185              	.LFB72:
 317:.\Generated_Source\PSoC5/isr_rx_ch.c **** }
 318:.\Generated_Source\PSoC5/isr_rx_ch.c **** 
 319:.\Generated_Source\PSoC5/isr_rx_ch.c **** 
 320:.\Generated_Source\PSoC5/isr_rx_ch.c **** /*******************************************************************************
 321:.\Generated_Source\PSoC5/isr_rx_ch.c **** * Function Name: isr_rx_ch_GetState
 322:.\Generated_Source\PSoC5/isr_rx_ch.c **** ********************************************************************************
 323:.\Generated_Source\PSoC5/isr_rx_ch.c **** *
 324:.\Generated_Source\PSoC5/isr_rx_ch.c **** * Summary:
 325:.\Generated_Source\PSoC5/isr_rx_ch.c **** *   Gets the state (enabled, disabled) of the Interrupt.
 326:.\Generated_Source\PSoC5/isr_rx_ch.c **** *
 327:.\Generated_Source\PSoC5/isr_rx_ch.c **** * Parameters:
 328:.\Generated_Source\PSoC5/isr_rx_ch.c **** *   None
ARM GAS  C:\Users\pxc\AppData\Local\Temp\ccml6rZJ.s 			page 10


 329:.\Generated_Source\PSoC5/isr_rx_ch.c **** *
 330:.\Generated_Source\PSoC5/isr_rx_ch.c **** * Return:
 331:.\Generated_Source\PSoC5/isr_rx_ch.c **** *   1 if enabled, 0 if disabled.
 332:.\Generated_Source\PSoC5/isr_rx_ch.c **** *
 333:.\Generated_Source\PSoC5/isr_rx_ch.c **** *******************************************************************************/
 334:.\Generated_Source\PSoC5/isr_rx_ch.c **** uint8 isr_rx_ch_GetState(void)
 335:.\Generated_Source\PSoC5/isr_rx_ch.c **** {
 186              		.loc 1 335 0
 187              		.cfi_startproc
 188              		@ args = 0, pretend = 0, frame = 0
 189              		@ frame_needed = 0, uses_anonymous_args = 0
 190              		@ link register save eliminated.
 336:.\Generated_Source\PSoC5/isr_rx_ch.c ****     /* Get the state of the general interrupt. */
 337:.\Generated_Source\PSoC5/isr_rx_ch.c ****     return ((*isr_rx_ch_INTC_SET_EN & (uint32)isr_rx_ch__INTC_MASK) != 0u) ? 1u:0u;
 191              		.loc 1 337 0
 192 0000 044B     		ldr	r3, .L21
 193 0002 1B68     		ldr	r3, [r3]
 194 0004 13F0020F 		tst	r3, #2
 195 0008 01D0     		beq	.L20
 196 000a 0120     		movs	r0, #1
 197 000c 7047     		bx	lr
 198              	.L20:
 199 000e 0020     		movs	r0, #0
 338:.\Generated_Source\PSoC5/isr_rx_ch.c **** }
 200              		.loc 1 338 0
 201 0010 7047     		bx	lr
 202              	.L22:
 203 0012 00BF     		.align	2
 204              	.L21:
 205 0014 00E100E0 		.word	-536813312
 206              		.cfi_endproc
 207              	.LFE72:
 208              		.size	isr_rx_ch_GetState, .-isr_rx_ch_GetState
 209              		.section	.text.isr_rx_ch_Disable,"ax",%progbits
 210              		.align	2
 211              		.global	isr_rx_ch_Disable
 212              		.thumb
 213              		.thumb_func
 214              		.type	isr_rx_ch_Disable, %function
 215              	isr_rx_ch_Disable:
 216              	.LFB73:
 339:.\Generated_Source\PSoC5/isr_rx_ch.c **** 
 340:.\Generated_Source\PSoC5/isr_rx_ch.c **** 
 341:.\Generated_Source\PSoC5/isr_rx_ch.c **** /*******************************************************************************
 342:.\Generated_Source\PSoC5/isr_rx_ch.c **** * Function Name: isr_rx_ch_Disable
 343:.\Generated_Source\PSoC5/isr_rx_ch.c **** ********************************************************************************
 344:.\Generated_Source\PSoC5/isr_rx_ch.c **** *
 345:.\Generated_Source\PSoC5/isr_rx_ch.c **** * Summary:
 346:.\Generated_Source\PSoC5/isr_rx_ch.c **** *   Disables the Interrupt in the interrupt controller.
 347:.\Generated_Source\PSoC5/isr_rx_ch.c **** *
 348:.\Generated_Source\PSoC5/isr_rx_ch.c **** * Parameters:
 349:.\Generated_Source\PSoC5/isr_rx_ch.c **** *   None
 350:.\Generated_Source\PSoC5/isr_rx_ch.c **** *
 351:.\Generated_Source\PSoC5/isr_rx_ch.c **** * Return:
 352:.\Generated_Source\PSoC5/isr_rx_ch.c **** *   None
 353:.\Generated_Source\PSoC5/isr_rx_ch.c **** *
 354:.\Generated_Source\PSoC5/isr_rx_ch.c **** *******************************************************************************/
ARM GAS  C:\Users\pxc\AppData\Local\Temp\ccml6rZJ.s 			page 11


 355:.\Generated_Source\PSoC5/isr_rx_ch.c **** void isr_rx_ch_Disable(void)
 356:.\Generated_Source\PSoC5/isr_rx_ch.c **** {
 217              		.loc 1 356 0
 218              		.cfi_startproc
 219              		@ args = 0, pretend = 0, frame = 0
 220              		@ frame_needed = 0, uses_anonymous_args = 0
 221              		@ link register save eliminated.
 357:.\Generated_Source\PSoC5/isr_rx_ch.c ****     /* Disable the general interrupt. */
 358:.\Generated_Source\PSoC5/isr_rx_ch.c ****     *isr_rx_ch_INTC_CLR_EN = isr_rx_ch__INTC_MASK;
 222              		.loc 1 358 0
 223 0000 0222     		movs	r2, #2
 224 0002 014B     		ldr	r3, .L24
 225 0004 1A60     		str	r2, [r3]
 226 0006 7047     		bx	lr
 227              	.L25:
 228              		.align	2
 229              	.L24:
 230 0008 80E100E0 		.word	-536813184
 231              		.cfi_endproc
 232              	.LFE73:
 233              		.size	isr_rx_ch_Disable, .-isr_rx_ch_Disable
 234              		.section	.text.isr_rx_ch_Start,"ax",%progbits
 235              		.align	2
 236              		.global	isr_rx_ch_Start
 237              		.thumb
 238              		.thumb_func
 239              		.type	isr_rx_ch_Start, %function
 240              	isr_rx_ch_Start:
 241              	.LFB63:
  65:.\Generated_Source\PSoC5/isr_rx_ch.c ****     /* For all we know the interrupt is active. */
 242              		.loc 1 65 0
 243              		.cfi_startproc
 244              		@ args = 0, pretend = 0, frame = 0
 245              		@ frame_needed = 0, uses_anonymous_args = 0
 246 0000 08B5     		push	{r3, lr}
 247              		.cfi_def_cfa_offset 8
 248              		.cfi_offset 3, -8
 249              		.cfi_offset 14, -4
  67:.\Generated_Source\PSoC5/isr_rx_ch.c **** 
 250              		.loc 1 67 0
 251 0002 FFF7FEFF 		bl	isr_rx_ch_Disable
 252              	.LVL8:
  70:.\Generated_Source\PSoC5/isr_rx_ch.c **** 
 253              		.loc 1 70 0
 254 0006 0448     		ldr	r0, .L28
 255 0008 FFF7FEFF 		bl	isr_rx_ch_SetVector
 256              	.LVL9:
  73:.\Generated_Source\PSoC5/isr_rx_ch.c **** 
 257              		.loc 1 73 0
 258 000c 0720     		movs	r0, #7
 259 000e FFF7FEFF 		bl	isr_rx_ch_SetPriority
 260              	.LVL10:
  76:.\Generated_Source\PSoC5/isr_rx_ch.c **** }
 261              		.loc 1 76 0
 262 0012 FFF7FEFF 		bl	isr_rx_ch_Enable
 263              	.LVL11:
 264 0016 08BD     		pop	{r3, pc}
ARM GAS  C:\Users\pxc\AppData\Local\Temp\ccml6rZJ.s 			page 12


 265              	.L29:
 266              		.align	2
 267              	.L28:
 268 0018 00000000 		.word	isr_rx_ch_Interrupt
 269              		.cfi_endproc
 270              	.LFE63:
 271              		.size	isr_rx_ch_Start, .-isr_rx_ch_Start
 272              		.section	.text.isr_rx_ch_StartEx,"ax",%progbits
 273              		.align	2
 274              		.global	isr_rx_ch_StartEx
 275              		.thumb
 276              		.thumb_func
 277              		.type	isr_rx_ch_StartEx, %function
 278              	isr_rx_ch_StartEx:
 279              	.LFB64:
 108:.\Generated_Source\PSoC5/isr_rx_ch.c ****     /* For all we know the interrupt is active. */
 280              		.loc 1 108 0
 281              		.cfi_startproc
 282              		@ args = 0, pretend = 0, frame = 0
 283              		@ frame_needed = 0, uses_anonymous_args = 0
 284              	.LVL12:
 285 0000 10B5     		push	{r4, lr}
 286              		.cfi_def_cfa_offset 8
 287              		.cfi_offset 4, -8
 288              		.cfi_offset 14, -4
 289 0002 0446     		mov	r4, r0
 110:.\Generated_Source\PSoC5/isr_rx_ch.c **** 
 290              		.loc 1 110 0
 291 0004 FFF7FEFF 		bl	isr_rx_ch_Disable
 292              	.LVL13:
 113:.\Generated_Source\PSoC5/isr_rx_ch.c **** 
 293              		.loc 1 113 0
 294 0008 2046     		mov	r0, r4
 295 000a FFF7FEFF 		bl	isr_rx_ch_SetVector
 296              	.LVL14:
 116:.\Generated_Source\PSoC5/isr_rx_ch.c **** 
 297              		.loc 1 116 0
 298 000e 0720     		movs	r0, #7
 299 0010 FFF7FEFF 		bl	isr_rx_ch_SetPriority
 300              	.LVL15:
 119:.\Generated_Source\PSoC5/isr_rx_ch.c **** }
 301              		.loc 1 119 0
 302 0014 FFF7FEFF 		bl	isr_rx_ch_Enable
 303              	.LVL16:
 304 0018 10BD     		pop	{r4, pc}
 305              		.cfi_endproc
 306              	.LFE64:
 307              		.size	isr_rx_ch_StartEx, .-isr_rx_ch_StartEx
 308 001a 00BF     		.section	.text.isr_rx_ch_Stop,"ax",%progbits
 309              		.align	2
 310              		.global	isr_rx_ch_Stop
 311              		.thumb
 312              		.thumb_func
 313              		.type	isr_rx_ch_Stop, %function
 314              	isr_rx_ch_Stop:
 315              	.LFB65:
 138:.\Generated_Source\PSoC5/isr_rx_ch.c ****     /* Disable this interrupt. */
ARM GAS  C:\Users\pxc\AppData\Local\Temp\ccml6rZJ.s 			page 13


 316              		.loc 1 138 0
 317              		.cfi_startproc
 318              		@ args = 0, pretend = 0, frame = 0
 319              		@ frame_needed = 0, uses_anonymous_args = 0
 320 0000 08B5     		push	{r3, lr}
 321              		.cfi_def_cfa_offset 8
 322              		.cfi_offset 3, -8
 323              		.cfi_offset 14, -4
 140:.\Generated_Source\PSoC5/isr_rx_ch.c **** 
 324              		.loc 1 140 0
 325 0002 FFF7FEFF 		bl	isr_rx_ch_Disable
 326              	.LVL17:
 143:.\Generated_Source\PSoC5/isr_rx_ch.c **** }
 327              		.loc 1 143 0
 328 0006 0248     		ldr	r0, .L34
 329 0008 FFF7FEFF 		bl	isr_rx_ch_SetVector
 330              	.LVL18:
 331 000c 08BD     		pop	{r3, pc}
 332              	.L35:
 333 000e 00BF     		.align	2
 334              	.L34:
 335 0010 00000000 		.word	IntDefaultHandler
 336              		.cfi_endproc
 337              	.LFE65:
 338              		.size	isr_rx_ch_Stop, .-isr_rx_ch_Stop
 339              		.section	.text.isr_rx_ch_SetPending,"ax",%progbits
 340              		.align	2
 341              		.global	isr_rx_ch_SetPending
 342              		.thumb
 343              		.thumb_func
 344              		.type	isr_rx_ch_SetPending, %function
 345              	isr_rx_ch_SetPending:
 346              	.LFB74:
 359:.\Generated_Source\PSoC5/isr_rx_ch.c **** }
 360:.\Generated_Source\PSoC5/isr_rx_ch.c **** 
 361:.\Generated_Source\PSoC5/isr_rx_ch.c **** 
 362:.\Generated_Source\PSoC5/isr_rx_ch.c **** /*******************************************************************************
 363:.\Generated_Source\PSoC5/isr_rx_ch.c **** * Function Name: isr_rx_ch_SetPending
 364:.\Generated_Source\PSoC5/isr_rx_ch.c **** ********************************************************************************
 365:.\Generated_Source\PSoC5/isr_rx_ch.c **** *
 366:.\Generated_Source\PSoC5/isr_rx_ch.c **** * Summary:
 367:.\Generated_Source\PSoC5/isr_rx_ch.c **** *   Causes the Interrupt to enter the pending state, a software method of
 368:.\Generated_Source\PSoC5/isr_rx_ch.c **** *   generating the interrupt.
 369:.\Generated_Source\PSoC5/isr_rx_ch.c **** *
 370:.\Generated_Source\PSoC5/isr_rx_ch.c **** * Parameters:
 371:.\Generated_Source\PSoC5/isr_rx_ch.c **** *   None
 372:.\Generated_Source\PSoC5/isr_rx_ch.c **** *
 373:.\Generated_Source\PSoC5/isr_rx_ch.c **** * Return:
 374:.\Generated_Source\PSoC5/isr_rx_ch.c **** *   None
 375:.\Generated_Source\PSoC5/isr_rx_ch.c **** *
 376:.\Generated_Source\PSoC5/isr_rx_ch.c **** * Side Effects:
 377:.\Generated_Source\PSoC5/isr_rx_ch.c **** *   If interrupts are enabled and the interrupt is set up properly, the ISR is
 378:.\Generated_Source\PSoC5/isr_rx_ch.c **** *   entered (depending on the priority of this interrupt and other pending 
 379:.\Generated_Source\PSoC5/isr_rx_ch.c **** *   interrupts).
 380:.\Generated_Source\PSoC5/isr_rx_ch.c **** *
 381:.\Generated_Source\PSoC5/isr_rx_ch.c **** *******************************************************************************/
 382:.\Generated_Source\PSoC5/isr_rx_ch.c **** void isr_rx_ch_SetPending(void)
ARM GAS  C:\Users\pxc\AppData\Local\Temp\ccml6rZJ.s 			page 14


 383:.\Generated_Source\PSoC5/isr_rx_ch.c **** {
 347              		.loc 1 383 0
 348              		.cfi_startproc
 349              		@ args = 0, pretend = 0, frame = 0
 350              		@ frame_needed = 0, uses_anonymous_args = 0
 351              		@ link register save eliminated.
 384:.\Generated_Source\PSoC5/isr_rx_ch.c ****     *isr_rx_ch_INTC_SET_PD = isr_rx_ch__INTC_MASK;
 352              		.loc 1 384 0
 353 0000 0222     		movs	r2, #2
 354 0002 014B     		ldr	r3, .L37
 355 0004 1A60     		str	r2, [r3]
 356 0006 7047     		bx	lr
 357              	.L38:
 358              		.align	2
 359              	.L37:
 360 0008 00E200E0 		.word	-536813056
 361              		.cfi_endproc
 362              	.LFE74:
 363              		.size	isr_rx_ch_SetPending, .-isr_rx_ch_SetPending
 364              		.section	.text.isr_rx_ch_ClearPending,"ax",%progbits
 365              		.align	2
 366              		.global	isr_rx_ch_ClearPending
 367              		.thumb
 368              		.thumb_func
 369              		.type	isr_rx_ch_ClearPending, %function
 370              	isr_rx_ch_ClearPending:
 371              	.LFB75:
 385:.\Generated_Source\PSoC5/isr_rx_ch.c **** }
 386:.\Generated_Source\PSoC5/isr_rx_ch.c **** 
 387:.\Generated_Source\PSoC5/isr_rx_ch.c **** 
 388:.\Generated_Source\PSoC5/isr_rx_ch.c **** /*******************************************************************************
 389:.\Generated_Source\PSoC5/isr_rx_ch.c **** * Function Name: isr_rx_ch_ClearPending
 390:.\Generated_Source\PSoC5/isr_rx_ch.c **** ********************************************************************************
 391:.\Generated_Source\PSoC5/isr_rx_ch.c **** *
 392:.\Generated_Source\PSoC5/isr_rx_ch.c **** * Summary:
 393:.\Generated_Source\PSoC5/isr_rx_ch.c **** *   Clears a pending interrupt in the interrupt controller.
 394:.\Generated_Source\PSoC5/isr_rx_ch.c **** *
 395:.\Generated_Source\PSoC5/isr_rx_ch.c **** *   Note Some interrupt sources are clear-on-read and require the block 
 396:.\Generated_Source\PSoC5/isr_rx_ch.c **** *   interrupt/status register to be read/cleared with the appropriate block API 
 397:.\Generated_Source\PSoC5/isr_rx_ch.c **** *   (GPIO, UART, and so on). Otherwise the ISR will continue to remain in 
 398:.\Generated_Source\PSoC5/isr_rx_ch.c **** *   pending state even though the interrupt itself is cleared using this API.
 399:.\Generated_Source\PSoC5/isr_rx_ch.c **** *
 400:.\Generated_Source\PSoC5/isr_rx_ch.c **** * Parameters:
 401:.\Generated_Source\PSoC5/isr_rx_ch.c **** *   None
 402:.\Generated_Source\PSoC5/isr_rx_ch.c **** *
 403:.\Generated_Source\PSoC5/isr_rx_ch.c **** * Return:
 404:.\Generated_Source\PSoC5/isr_rx_ch.c **** *   None
 405:.\Generated_Source\PSoC5/isr_rx_ch.c **** *
 406:.\Generated_Source\PSoC5/isr_rx_ch.c **** *******************************************************************************/
 407:.\Generated_Source\PSoC5/isr_rx_ch.c **** void isr_rx_ch_ClearPending(void)
 408:.\Generated_Source\PSoC5/isr_rx_ch.c **** {
 372              		.loc 1 408 0
 373              		.cfi_startproc
 374              		@ args = 0, pretend = 0, frame = 0
 375              		@ frame_needed = 0, uses_anonymous_args = 0
 376              		@ link register save eliminated.
 409:.\Generated_Source\PSoC5/isr_rx_ch.c ****     *isr_rx_ch_INTC_CLR_PD = isr_rx_ch__INTC_MASK;
ARM GAS  C:\Users\pxc\AppData\Local\Temp\ccml6rZJ.s 			page 15


 377              		.loc 1 409 0
 378 0000 0222     		movs	r2, #2
 379 0002 014B     		ldr	r3, .L40
 380 0004 1A60     		str	r2, [r3]
 381 0006 7047     		bx	lr
 382              	.L41:
 383              		.align	2
 384              	.L40:
 385 0008 80E200E0 		.word	-536812928
 386              		.cfi_endproc
 387              	.LFE75:
 388              		.size	isr_rx_ch_ClearPending, .-isr_rx_ch_ClearPending
 389              		.text
 390              	.Letext0:
 391              		.file 2 "c:\\program files (x86)\\cypress\\psoc creator\\3.3\\psoc creator\\import\\gnu\\arm\\4.9.
 392              		.file 3 "c:\\program files (x86)\\cypress\\psoc creator\\3.3\\psoc creator\\import\\gnu\\arm\\4.9.
 393              		.file 4 "Generated_Source\\PSoC5/cytypes.h"
 394              		.file 5 "Generated_Source\\PSoC5/core_cm3.h"
 395              		.file 6 ".\\Generated_Source\\PSoC5\\UART_CH.h"
 396              		.section	.debug_info,"",%progbits
 397              	.Ldebug_info0:
 398 0000 36030000 		.4byte	0x336
 399 0004 0400     		.2byte	0x4
 400 0006 00000000 		.4byte	.Ldebug_abbrev0
 401 000a 04       		.byte	0x4
 402 000b 01       		.uleb128 0x1
 403 000c 72010000 		.4byte	.LASF38
 404 0010 01       		.byte	0x1
 405 0011 4F000000 		.4byte	.LASF39
 406 0015 98000000 		.4byte	.LASF40
 407 0019 00000000 		.4byte	.Ldebug_ranges0+0
 408 001d 00000000 		.4byte	0
 409 0021 00000000 		.4byte	.Ldebug_line0
 410 0025 02       		.uleb128 0x2
 411 0026 04       		.byte	0x4
 412 0027 05       		.byte	0x5
 413 0028 696E7400 		.ascii	"int\000"
 414 002c 03       		.uleb128 0x3
 415 002d 04       		.byte	0x4
 416 002e 07       		.byte	0x7
 417 002f 00020000 		.4byte	.LASF0
 418 0033 03       		.uleb128 0x3
 419 0034 01       		.byte	0x1
 420 0035 06       		.byte	0x6
 421 0036 DE020000 		.4byte	.LASF1
 422 003a 03       		.uleb128 0x3
 423 003b 01       		.byte	0x1
 424 003c 08       		.byte	0x8
 425 003d ED000000 		.4byte	.LASF2
 426 0041 03       		.uleb128 0x3
 427 0042 02       		.byte	0x2
 428 0043 05       		.byte	0x5
 429 0044 BF020000 		.4byte	.LASF3
 430 0048 03       		.uleb128 0x3
 431 0049 02       		.byte	0x2
 432 004a 07       		.byte	0x7
 433 004b 7E000000 		.4byte	.LASF4
ARM GAS  C:\Users\pxc\AppData\Local\Temp\ccml6rZJ.s 			page 16


 434 004f 04       		.uleb128 0x4
 435 0050 74000000 		.4byte	.LASF11
 436 0054 02       		.byte	0x2
 437 0055 3F       		.byte	0x3f
 438 0056 5A000000 		.4byte	0x5a
 439 005a 03       		.uleb128 0x3
 440 005b 04       		.byte	0x4
 441 005c 05       		.byte	0x5
 442 005d CF020000 		.4byte	.LASF5
 443 0061 03       		.uleb128 0x3
 444 0062 04       		.byte	0x4
 445 0063 07       		.byte	0x7
 446 0064 00010000 		.4byte	.LASF6
 447 0068 03       		.uleb128 0x3
 448 0069 08       		.byte	0x8
 449 006a 05       		.byte	0x5
 450 006b 97020000 		.4byte	.LASF7
 451 006f 03       		.uleb128 0x3
 452 0070 08       		.byte	0x8
 453 0071 07       		.byte	0x7
 454 0072 15020000 		.4byte	.LASF8
 455 0076 03       		.uleb128 0x3
 456 0077 04       		.byte	0x4
 457 0078 07       		.byte	0x7
 458 0079 6B020000 		.4byte	.LASF9
 459 007d 05       		.uleb128 0x5
 460 007e 04       		.byte	0x4
 461 007f 83000000 		.4byte	0x83
 462 0083 06       		.uleb128 0x6
 463 0084 03       		.uleb128 0x3
 464 0085 01       		.byte	0x1
 465 0086 08       		.byte	0x8
 466 0087 A5020000 		.4byte	.LASF10
 467 008b 04       		.uleb128 0x4
 468 008c 63020000 		.4byte	.LASF12
 469 0090 03       		.byte	0x3
 470 0091 2C       		.byte	0x2c
 471 0092 4F000000 		.4byte	0x4f
 472 0096 04       		.uleb128 0x4
 473 0097 C9020000 		.4byte	.LASF13
 474 009b 04       		.byte	0x4
 475 009c C2       		.byte	0xc2
 476 009d 3A000000 		.4byte	0x3a
 477 00a1 04       		.uleb128 0x4
 478 00a2 6B010000 		.4byte	.LASF14
 479 00a6 04       		.byte	0x4
 480 00a7 C4       		.byte	0xc4
 481 00a8 61000000 		.4byte	0x61
 482 00ac 03       		.uleb128 0x3
 483 00ad 04       		.byte	0x4
 484 00ae 04       		.byte	0x4
 485 00af E2000000 		.4byte	.LASF15
 486 00b3 03       		.uleb128 0x3
 487 00b4 08       		.byte	0x8
 488 00b5 04       		.byte	0x4
 489 00b6 91000000 		.4byte	.LASF16
 490 00ba 07       		.uleb128 0x7
ARM GAS  C:\Users\pxc\AppData\Local\Temp\ccml6rZJ.s 			page 17


 491 00bb FB000000 		.4byte	.LASF17
 492 00bf 04       		.byte	0x4
 493 00c0 6C01     		.2byte	0x16c
 494 00c2 C6000000 		.4byte	0xc6
 495 00c6 08       		.uleb128 0x8
 496 00c7 96000000 		.4byte	0x96
 497 00cb 07       		.uleb128 0x7
 498 00cc D8020000 		.4byte	.LASF18
 499 00d0 04       		.byte	0x4
 500 00d1 6E01     		.2byte	0x16e
 501 00d3 D7000000 		.4byte	0xd7
 502 00d7 08       		.uleb128 0x8
 503 00d8 A1000000 		.4byte	0xa1
 504 00dc 07       		.uleb128 0x7
 505 00dd 2C020000 		.4byte	.LASF19
 506 00e1 04       		.byte	0x4
 507 00e2 7E01     		.2byte	0x17e
 508 00e4 7D000000 		.4byte	0x7d
 509 00e8 09       		.uleb128 0x9
 510 00e9 14000000 		.4byte	.LASF20
 511 00ed 01       		.byte	0x1
 512 00ee A3       		.byte	0xa3
 513 00ef 00000000 		.4byte	.LFB66
 514 00f3 08000000 		.4byte	.LFE66-.LFB66
 515 00f7 01       		.uleb128 0x1
 516 00f8 9C       		.byte	0x9c
 517 00f9 12010000 		.4byte	0x112
 518 00fd 0A       		.uleb128 0xa
 519 00fe E8000000 		.4byte	.LASF35
 520 0102 01       		.byte	0x1
 521 0103 AB       		.byte	0xab
 522 0104 96000000 		.4byte	0x96
 523 0108 0B       		.uleb128 0xb
 524 0109 06000000 		.4byte	.LVL0
 525 010d 2E030000 		.4byte	0x32e
 526 0111 00       		.byte	0
 527 0112 09       		.uleb128 0x9
 528 0113 39020000 		.4byte	.LASF21
 529 0117 01       		.byte	0x1
 530 0118 CE       		.byte	0xce
 531 0119 00000000 		.4byte	.LFB67
 532 011d 0C000000 		.4byte	.LFE67-.LFB67
 533 0121 01       		.uleb128 0x1
 534 0122 9C       		.byte	0x9c
 535 0123 42010000 		.4byte	0x142
 536 0127 0C       		.uleb128 0xc
 537 0128 0D020000 		.4byte	.LASF24
 538 012c 01       		.byte	0x1
 539 012d CE       		.byte	0xce
 540 012e DC000000 		.4byte	0xdc
 541 0132 01       		.uleb128 0x1
 542 0133 50       		.byte	0x50
 543 0134 0D       		.uleb128 0xd
 544 0135 AA020000 		.4byte	.LASF22
 545 0139 01       		.byte	0x1
 546 013a D0       		.byte	0xd0
 547 013b 42010000 		.4byte	0x142
ARM GAS  C:\Users\pxc\AppData\Local\Temp\ccml6rZJ.s 			page 18


 548 013f 01       		.uleb128 0x1
 549 0140 53       		.byte	0x53
 550 0141 00       		.byte	0
 551 0142 05       		.uleb128 0x5
 552 0143 04       		.byte	0x4
 553 0144 DC000000 		.4byte	0xdc
 554 0148 0E       		.uleb128 0xe
 555 0149 00000000 		.4byte	.LASF26
 556 014d 01       		.byte	0x1
 557 014e E6       		.byte	0xe6
 558 014f DC000000 		.4byte	0xdc
 559 0153 00000000 		.4byte	.LFB68
 560 0157 0C000000 		.4byte	.LFE68-.LFB68
 561 015b 01       		.uleb128 0x1
 562 015c 9C       		.byte	0x9c
 563 015d 6F010000 		.4byte	0x16f
 564 0161 0D       		.uleb128 0xd
 565 0162 AA020000 		.4byte	.LASF22
 566 0166 01       		.byte	0x1
 567 0167 E8       		.byte	0xe8
 568 0168 42010000 		.4byte	0x142
 569 016c 01       		.uleb128 0x1
 570 016d 53       		.byte	0x53
 571 016e 00       		.byte	0
 572 016f 0F       		.uleb128 0xf
 573 0170 39000000 		.4byte	.LASF23
 574 0174 01       		.byte	0x1
 575 0175 0801     		.2byte	0x108
 576 0177 00000000 		.4byte	.LFB69
 577 017b 10000000 		.4byte	.LFE69-.LFB69
 578 017f 01       		.uleb128 0x1
 579 0180 9C       		.byte	0x9c
 580 0181 96010000 		.4byte	0x196
 581 0185 10       		.uleb128 0x10
 582 0186 62010000 		.4byte	.LASF25
 583 018a 01       		.byte	0x1
 584 018b 0801     		.2byte	0x108
 585 018d 96000000 		.4byte	0x96
 586 0191 00000000 		.4byte	.LLST0
 587 0195 00       		.byte	0
 588 0196 11       		.uleb128 0x11
 589 0197 4D020000 		.4byte	.LASF27
 590 019b 01       		.byte	0x1
 591 019c 1E01     		.2byte	0x11e
 592 019e 96000000 		.4byte	0x96
 593 01a2 00000000 		.4byte	.LFB70
 594 01a6 0C000000 		.4byte	.LFE70-.LFB70
 595 01aa 01       		.uleb128 0x1
 596 01ab 9C       		.byte	0x9c
 597 01ac C1010000 		.4byte	0x1c1
 598 01b0 12       		.uleb128 0x12
 599 01b1 62010000 		.4byte	.LASF25
 600 01b5 01       		.byte	0x1
 601 01b6 2001     		.2byte	0x120
 602 01b8 96000000 		.4byte	0x96
 603 01bc 21000000 		.4byte	.LLST1
 604 01c0 00       		.byte	0
ARM GAS  C:\Users\pxc\AppData\Local\Temp\ccml6rZJ.s 			page 19


 605 01c1 13       		.uleb128 0x13
 606 01c2 28000000 		.4byte	.LASF28
 607 01c6 01       		.byte	0x1
 608 01c7 3901     		.2byte	0x139
 609 01c9 00000000 		.4byte	.LFB71
 610 01cd 0C000000 		.4byte	.LFE71-.LFB71
 611 01d1 01       		.uleb128 0x1
 612 01d2 9C       		.byte	0x9c
 613 01d3 14       		.uleb128 0x14
 614 01d4 74020000 		.4byte	.LASF41
 615 01d8 01       		.byte	0x1
 616 01d9 4E01     		.2byte	0x14e
 617 01db 96000000 		.4byte	0x96
 618 01df 00000000 		.4byte	.LFB72
 619 01e3 18000000 		.4byte	.LFE72-.LFB72
 620 01e7 01       		.uleb128 0x1
 621 01e8 9C       		.byte	0x9c
 622 01e9 13       		.uleb128 0x13
 623 01ea 3B010000 		.4byte	.LASF29
 624 01ee 01       		.byte	0x1
 625 01ef 6301     		.2byte	0x163
 626 01f1 00000000 		.4byte	.LFB73
 627 01f5 0C000000 		.4byte	.LFE73-.LFB73
 628 01f9 01       		.uleb128 0x1
 629 01fa 9C       		.byte	0x9c
 630 01fb 09       		.uleb128 0x9
 631 01fc EA020000 		.4byte	.LASF30
 632 0200 01       		.byte	0x1
 633 0201 40       		.byte	0x40
 634 0202 00000000 		.4byte	.LFB63
 635 0206 1C000000 		.4byte	.LFE63-.LFB63
 636 020a 01       		.uleb128 0x1
 637 020b 9C       		.byte	0x9c
 638 020c 4D020000 		.4byte	0x24d
 639 0210 0B       		.uleb128 0xb
 640 0211 06000000 		.4byte	.LVL8
 641 0215 E9010000 		.4byte	0x1e9
 642 0219 15       		.uleb128 0x15
 643 021a 0C000000 		.4byte	.LVL9
 644 021e 12010000 		.4byte	0x112
 645 0222 30020000 		.4byte	0x230
 646 0226 16       		.uleb128 0x16
 647 0227 01       		.uleb128 0x1
 648 0228 50       		.byte	0x50
 649 0229 05       		.uleb128 0x5
 650 022a 03       		.byte	0x3
 651 022b 00000000 		.4byte	isr_rx_ch_Interrupt
 652 022f 00       		.byte	0
 653 0230 15       		.uleb128 0x15
 654 0231 12000000 		.4byte	.LVL10
 655 0235 6F010000 		.4byte	0x16f
 656 0239 43020000 		.4byte	0x243
 657 023d 16       		.uleb128 0x16
 658 023e 01       		.uleb128 0x1
 659 023f 50       		.byte	0x50
 660 0240 01       		.uleb128 0x1
 661 0241 37       		.byte	0x37
ARM GAS  C:\Users\pxc\AppData\Local\Temp\ccml6rZJ.s 			page 20


 662 0242 00       		.byte	0
 663 0243 0B       		.uleb128 0xb
 664 0244 16000000 		.4byte	.LVL11
 665 0248 C1010000 		.4byte	0x1c1
 666 024c 00       		.byte	0
 667 024d 09       		.uleb128 0x9
 668 024e D0000000 		.4byte	.LASF31
 669 0252 01       		.byte	0x1
 670 0253 6B       		.byte	0x6b
 671 0254 00000000 		.4byte	.LFB64
 672 0258 1A000000 		.4byte	.LFE64-.LFB64
 673 025c 01       		.uleb128 0x1
 674 025d 9C       		.byte	0x9c
 675 025e AB020000 		.4byte	0x2ab
 676 0262 17       		.uleb128 0x17
 677 0263 0D020000 		.4byte	.LASF24
 678 0267 01       		.byte	0x1
 679 0268 6B       		.byte	0x6b
 680 0269 DC000000 		.4byte	0xdc
 681 026d 38000000 		.4byte	.LLST2
 682 0271 0B       		.uleb128 0xb
 683 0272 08000000 		.4byte	.LVL13
 684 0276 E9010000 		.4byte	0x1e9
 685 027a 15       		.uleb128 0x15
 686 027b 0E000000 		.4byte	.LVL14
 687 027f 12010000 		.4byte	0x112
 688 0283 8E020000 		.4byte	0x28e
 689 0287 16       		.uleb128 0x16
 690 0288 01       		.uleb128 0x1
 691 0289 50       		.byte	0x50
 692 028a 02       		.uleb128 0x2
 693 028b 74       		.byte	0x74
 694 028c 00       		.sleb128 0
 695 028d 00       		.byte	0
 696 028e 15       		.uleb128 0x15
 697 028f 14000000 		.4byte	.LVL15
 698 0293 6F010000 		.4byte	0x16f
 699 0297 A1020000 		.4byte	0x2a1
 700 029b 16       		.uleb128 0x16
 701 029c 01       		.uleb128 0x1
 702 029d 50       		.byte	0x50
 703 029e 01       		.uleb128 0x1
 704 029f 37       		.byte	0x37
 705 02a0 00       		.byte	0
 706 02a1 0B       		.uleb128 0xb
 707 02a2 18000000 		.4byte	.LVL16
 708 02a6 C1010000 		.4byte	0x1c1
 709 02aa 00       		.byte	0
 710 02ab 09       		.uleb128 0x9
 711 02ac C1000000 		.4byte	.LASF32
 712 02b0 01       		.byte	0x1
 713 02b1 89       		.byte	0x89
 714 02b2 00000000 		.4byte	.LFB65
 715 02b6 14000000 		.4byte	.LFE65-.LFB65
 716 02ba 01       		.uleb128 0x1
 717 02bb 9C       		.byte	0x9c
 718 02bc D3020000 		.4byte	0x2d3
ARM GAS  C:\Users\pxc\AppData\Local\Temp\ccml6rZJ.s 			page 21


 719 02c0 0B       		.uleb128 0xb
 720 02c1 06000000 		.4byte	.LVL17
 721 02c5 E9010000 		.4byte	0x1e9
 722 02c9 0B       		.uleb128 0xb
 723 02ca 0C000000 		.4byte	.LVL18
 724 02ce 12010000 		.4byte	0x112
 725 02d2 00       		.byte	0
 726 02d3 13       		.uleb128 0x13
 727 02d4 4D010000 		.4byte	.LASF33
 728 02d8 01       		.byte	0x1
 729 02d9 7E01     		.2byte	0x17e
 730 02db 00000000 		.4byte	.LFB74
 731 02df 0C000000 		.4byte	.LFE74-.LFB74
 732 02e3 01       		.uleb128 0x1
 733 02e4 9C       		.byte	0x9c
 734 02e5 13       		.uleb128 0x13
 735 02e6 17010000 		.4byte	.LASF34
 736 02ea 01       		.byte	0x1
 737 02eb 9701     		.2byte	0x197
 738 02ed 00000000 		.4byte	.LFB75
 739 02f1 0C000000 		.4byte	.LFE75-.LFB75
 740 02f5 01       		.uleb128 0x1
 741 02f6 9C       		.byte	0x9c
 742 02f7 18       		.uleb128 0x18
 743 02f8 96000000 		.4byte	0x96
 744 02fc 07030000 		.4byte	0x307
 745 0300 19       		.uleb128 0x19
 746 0301 76000000 		.4byte	0x76
 747 0305 31       		.byte	0x31
 748 0306 00       		.byte	0
 749 0307 0A       		.uleb128 0xa
 750 0308 12010000 		.4byte	.LASF36
 751 030c 01       		.byte	0x1
 752 030d 20       		.byte	0x20
 753 030e F7020000 		.4byte	0x2f7
 754 0312 0A       		.uleb128 0xa
 755 0313 B9020000 		.4byte	.LASF37
 756 0317 01       		.byte	0x1
 757 0318 21       		.byte	0x21
 758 0319 96000000 		.4byte	0x96
 759 031d 1A       		.uleb128 0x1a
 760 031e 2E010000 		.4byte	.LASF42
 761 0322 05       		.byte	0x5
 762 0323 2A06     		.2byte	0x62a
 763 0325 29030000 		.4byte	0x329
 764 0329 08       		.uleb128 0x8
 765 032a 8B000000 		.4byte	0x8b
 766 032e 1B       		.uleb128 0x1b
 767 032f 87020000 		.4byte	.LASF43
 768 0333 06       		.byte	0x6
 769 0334 71       		.byte	0x71
 770 0335 96000000 		.4byte	0x96
 771 0339 00       		.byte	0
 772              		.section	.debug_abbrev,"",%progbits
 773              	.Ldebug_abbrev0:
 774 0000 01       		.uleb128 0x1
 775 0001 11       		.uleb128 0x11
ARM GAS  C:\Users\pxc\AppData\Local\Temp\ccml6rZJ.s 			page 22


 776 0002 01       		.byte	0x1
 777 0003 25       		.uleb128 0x25
 778 0004 0E       		.uleb128 0xe
 779 0005 13       		.uleb128 0x13
 780 0006 0B       		.uleb128 0xb
 781 0007 03       		.uleb128 0x3
 782 0008 0E       		.uleb128 0xe
 783 0009 1B       		.uleb128 0x1b
 784 000a 0E       		.uleb128 0xe
 785 000b 55       		.uleb128 0x55
 786 000c 17       		.uleb128 0x17
 787 000d 11       		.uleb128 0x11
 788 000e 01       		.uleb128 0x1
 789 000f 10       		.uleb128 0x10
 790 0010 17       		.uleb128 0x17
 791 0011 00       		.byte	0
 792 0012 00       		.byte	0
 793 0013 02       		.uleb128 0x2
 794 0014 24       		.uleb128 0x24
 795 0015 00       		.byte	0
 796 0016 0B       		.uleb128 0xb
 797 0017 0B       		.uleb128 0xb
 798 0018 3E       		.uleb128 0x3e
 799 0019 0B       		.uleb128 0xb
 800 001a 03       		.uleb128 0x3
 801 001b 08       		.uleb128 0x8
 802 001c 00       		.byte	0
 803 001d 00       		.byte	0
 804 001e 03       		.uleb128 0x3
 805 001f 24       		.uleb128 0x24
 806 0020 00       		.byte	0
 807 0021 0B       		.uleb128 0xb
 808 0022 0B       		.uleb128 0xb
 809 0023 3E       		.uleb128 0x3e
 810 0024 0B       		.uleb128 0xb
 811 0025 03       		.uleb128 0x3
 812 0026 0E       		.uleb128 0xe
 813 0027 00       		.byte	0
 814 0028 00       		.byte	0
 815 0029 04       		.uleb128 0x4
 816 002a 16       		.uleb128 0x16
 817 002b 00       		.byte	0
 818 002c 03       		.uleb128 0x3
 819 002d 0E       		.uleb128 0xe
 820 002e 3A       		.uleb128 0x3a
 821 002f 0B       		.uleb128 0xb
 822 0030 3B       		.uleb128 0x3b
 823 0031 0B       		.uleb128 0xb
 824 0032 49       		.uleb128 0x49
 825 0033 13       		.uleb128 0x13
 826 0034 00       		.byte	0
 827 0035 00       		.byte	0
 828 0036 05       		.uleb128 0x5
 829 0037 0F       		.uleb128 0xf
 830 0038 00       		.byte	0
 831 0039 0B       		.uleb128 0xb
 832 003a 0B       		.uleb128 0xb
ARM GAS  C:\Users\pxc\AppData\Local\Temp\ccml6rZJ.s 			page 23


 833 003b 49       		.uleb128 0x49
 834 003c 13       		.uleb128 0x13
 835 003d 00       		.byte	0
 836 003e 00       		.byte	0
 837 003f 06       		.uleb128 0x6
 838 0040 15       		.uleb128 0x15
 839 0041 00       		.byte	0
 840 0042 27       		.uleb128 0x27
 841 0043 19       		.uleb128 0x19
 842 0044 00       		.byte	0
 843 0045 00       		.byte	0
 844 0046 07       		.uleb128 0x7
 845 0047 16       		.uleb128 0x16
 846 0048 00       		.byte	0
 847 0049 03       		.uleb128 0x3
 848 004a 0E       		.uleb128 0xe
 849 004b 3A       		.uleb128 0x3a
 850 004c 0B       		.uleb128 0xb
 851 004d 3B       		.uleb128 0x3b
 852 004e 05       		.uleb128 0x5
 853 004f 49       		.uleb128 0x49
 854 0050 13       		.uleb128 0x13
 855 0051 00       		.byte	0
 856 0052 00       		.byte	0
 857 0053 08       		.uleb128 0x8
 858 0054 35       		.uleb128 0x35
 859 0055 00       		.byte	0
 860 0056 49       		.uleb128 0x49
 861 0057 13       		.uleb128 0x13
 862 0058 00       		.byte	0
 863 0059 00       		.byte	0
 864 005a 09       		.uleb128 0x9
 865 005b 2E       		.uleb128 0x2e
 866 005c 01       		.byte	0x1
 867 005d 3F       		.uleb128 0x3f
 868 005e 19       		.uleb128 0x19
 869 005f 03       		.uleb128 0x3
 870 0060 0E       		.uleb128 0xe
 871 0061 3A       		.uleb128 0x3a
 872 0062 0B       		.uleb128 0xb
 873 0063 3B       		.uleb128 0x3b
 874 0064 0B       		.uleb128 0xb
 875 0065 27       		.uleb128 0x27
 876 0066 19       		.uleb128 0x19
 877 0067 11       		.uleb128 0x11
 878 0068 01       		.uleb128 0x1
 879 0069 12       		.uleb128 0x12
 880 006a 06       		.uleb128 0x6
 881 006b 40       		.uleb128 0x40
 882 006c 18       		.uleb128 0x18
 883 006d 9742     		.uleb128 0x2117
 884 006f 19       		.uleb128 0x19
 885 0070 01       		.uleb128 0x1
 886 0071 13       		.uleb128 0x13
 887 0072 00       		.byte	0
 888 0073 00       		.byte	0
 889 0074 0A       		.uleb128 0xa
ARM GAS  C:\Users\pxc\AppData\Local\Temp\ccml6rZJ.s 			page 24


 890 0075 34       		.uleb128 0x34
 891 0076 00       		.byte	0
 892 0077 03       		.uleb128 0x3
 893 0078 0E       		.uleb128 0xe
 894 0079 3A       		.uleb128 0x3a
 895 007a 0B       		.uleb128 0xb
 896 007b 3B       		.uleb128 0x3b
 897 007c 0B       		.uleb128 0xb
 898 007d 49       		.uleb128 0x49
 899 007e 13       		.uleb128 0x13
 900 007f 00       		.byte	0
 901 0080 00       		.byte	0
 902 0081 0B       		.uleb128 0xb
 903 0082 898201   		.uleb128 0x4109
 904 0085 00       		.byte	0
 905 0086 11       		.uleb128 0x11
 906 0087 01       		.uleb128 0x1
 907 0088 31       		.uleb128 0x31
 908 0089 13       		.uleb128 0x13
 909 008a 00       		.byte	0
 910 008b 00       		.byte	0
 911 008c 0C       		.uleb128 0xc
 912 008d 05       		.uleb128 0x5
 913 008e 00       		.byte	0
 914 008f 03       		.uleb128 0x3
 915 0090 0E       		.uleb128 0xe
 916 0091 3A       		.uleb128 0x3a
 917 0092 0B       		.uleb128 0xb
 918 0093 3B       		.uleb128 0x3b
 919 0094 0B       		.uleb128 0xb
 920 0095 49       		.uleb128 0x49
 921 0096 13       		.uleb128 0x13
 922 0097 02       		.uleb128 0x2
 923 0098 18       		.uleb128 0x18
 924 0099 00       		.byte	0
 925 009a 00       		.byte	0
 926 009b 0D       		.uleb128 0xd
 927 009c 34       		.uleb128 0x34
 928 009d 00       		.byte	0
 929 009e 03       		.uleb128 0x3
 930 009f 0E       		.uleb128 0xe
 931 00a0 3A       		.uleb128 0x3a
 932 00a1 0B       		.uleb128 0xb
 933 00a2 3B       		.uleb128 0x3b
 934 00a3 0B       		.uleb128 0xb
 935 00a4 49       		.uleb128 0x49
 936 00a5 13       		.uleb128 0x13
 937 00a6 02       		.uleb128 0x2
 938 00a7 18       		.uleb128 0x18
 939 00a8 00       		.byte	0
 940 00a9 00       		.byte	0
 941 00aa 0E       		.uleb128 0xe
 942 00ab 2E       		.uleb128 0x2e
 943 00ac 01       		.byte	0x1
 944 00ad 3F       		.uleb128 0x3f
 945 00ae 19       		.uleb128 0x19
 946 00af 03       		.uleb128 0x3
ARM GAS  C:\Users\pxc\AppData\Local\Temp\ccml6rZJ.s 			page 25


 947 00b0 0E       		.uleb128 0xe
 948 00b1 3A       		.uleb128 0x3a
 949 00b2 0B       		.uleb128 0xb
 950 00b3 3B       		.uleb128 0x3b
 951 00b4 0B       		.uleb128 0xb
 952 00b5 27       		.uleb128 0x27
 953 00b6 19       		.uleb128 0x19
 954 00b7 49       		.uleb128 0x49
 955 00b8 13       		.uleb128 0x13
 956 00b9 11       		.uleb128 0x11
 957 00ba 01       		.uleb128 0x1
 958 00bb 12       		.uleb128 0x12
 959 00bc 06       		.uleb128 0x6
 960 00bd 40       		.uleb128 0x40
 961 00be 18       		.uleb128 0x18
 962 00bf 9742     		.uleb128 0x2117
 963 00c1 19       		.uleb128 0x19
 964 00c2 01       		.uleb128 0x1
 965 00c3 13       		.uleb128 0x13
 966 00c4 00       		.byte	0
 967 00c5 00       		.byte	0
 968 00c6 0F       		.uleb128 0xf
 969 00c7 2E       		.uleb128 0x2e
 970 00c8 01       		.byte	0x1
 971 00c9 3F       		.uleb128 0x3f
 972 00ca 19       		.uleb128 0x19
 973 00cb 03       		.uleb128 0x3
 974 00cc 0E       		.uleb128 0xe
 975 00cd 3A       		.uleb128 0x3a
 976 00ce 0B       		.uleb128 0xb
 977 00cf 3B       		.uleb128 0x3b
 978 00d0 05       		.uleb128 0x5
 979 00d1 27       		.uleb128 0x27
 980 00d2 19       		.uleb128 0x19
 981 00d3 11       		.uleb128 0x11
 982 00d4 01       		.uleb128 0x1
 983 00d5 12       		.uleb128 0x12
 984 00d6 06       		.uleb128 0x6
 985 00d7 40       		.uleb128 0x40
 986 00d8 18       		.uleb128 0x18
 987 00d9 9742     		.uleb128 0x2117
 988 00db 19       		.uleb128 0x19
 989 00dc 01       		.uleb128 0x1
 990 00dd 13       		.uleb128 0x13
 991 00de 00       		.byte	0
 992 00df 00       		.byte	0
 993 00e0 10       		.uleb128 0x10
 994 00e1 05       		.uleb128 0x5
 995 00e2 00       		.byte	0
 996 00e3 03       		.uleb128 0x3
 997 00e4 0E       		.uleb128 0xe
 998 00e5 3A       		.uleb128 0x3a
 999 00e6 0B       		.uleb128 0xb
 1000 00e7 3B       		.uleb128 0x3b
 1001 00e8 05       		.uleb128 0x5
 1002 00e9 49       		.uleb128 0x49
 1003 00ea 13       		.uleb128 0x13
ARM GAS  C:\Users\pxc\AppData\Local\Temp\ccml6rZJ.s 			page 26


 1004 00eb 02       		.uleb128 0x2
 1005 00ec 17       		.uleb128 0x17
 1006 00ed 00       		.byte	0
 1007 00ee 00       		.byte	0
 1008 00ef 11       		.uleb128 0x11
 1009 00f0 2E       		.uleb128 0x2e
 1010 00f1 01       		.byte	0x1
 1011 00f2 3F       		.uleb128 0x3f
 1012 00f3 19       		.uleb128 0x19
 1013 00f4 03       		.uleb128 0x3
 1014 00f5 0E       		.uleb128 0xe
 1015 00f6 3A       		.uleb128 0x3a
 1016 00f7 0B       		.uleb128 0xb
 1017 00f8 3B       		.uleb128 0x3b
 1018 00f9 05       		.uleb128 0x5
 1019 00fa 27       		.uleb128 0x27
 1020 00fb 19       		.uleb128 0x19
 1021 00fc 49       		.uleb128 0x49
 1022 00fd 13       		.uleb128 0x13
 1023 00fe 11       		.uleb128 0x11
 1024 00ff 01       		.uleb128 0x1
 1025 0100 12       		.uleb128 0x12
 1026 0101 06       		.uleb128 0x6
 1027 0102 40       		.uleb128 0x40
 1028 0103 18       		.uleb128 0x18
 1029 0104 9742     		.uleb128 0x2117
 1030 0106 19       		.uleb128 0x19
 1031 0107 01       		.uleb128 0x1
 1032 0108 13       		.uleb128 0x13
 1033 0109 00       		.byte	0
 1034 010a 00       		.byte	0
 1035 010b 12       		.uleb128 0x12
 1036 010c 34       		.uleb128 0x34
 1037 010d 00       		.byte	0
 1038 010e 03       		.uleb128 0x3
 1039 010f 0E       		.uleb128 0xe
 1040 0110 3A       		.uleb128 0x3a
 1041 0111 0B       		.uleb128 0xb
 1042 0112 3B       		.uleb128 0x3b
 1043 0113 05       		.uleb128 0x5
 1044 0114 49       		.uleb128 0x49
 1045 0115 13       		.uleb128 0x13
 1046 0116 02       		.uleb128 0x2
 1047 0117 17       		.uleb128 0x17
 1048 0118 00       		.byte	0
 1049 0119 00       		.byte	0
 1050 011a 13       		.uleb128 0x13
 1051 011b 2E       		.uleb128 0x2e
 1052 011c 00       		.byte	0
 1053 011d 3F       		.uleb128 0x3f
 1054 011e 19       		.uleb128 0x19
 1055 011f 03       		.uleb128 0x3
 1056 0120 0E       		.uleb128 0xe
 1057 0121 3A       		.uleb128 0x3a
 1058 0122 0B       		.uleb128 0xb
 1059 0123 3B       		.uleb128 0x3b
 1060 0124 05       		.uleb128 0x5
ARM GAS  C:\Users\pxc\AppData\Local\Temp\ccml6rZJ.s 			page 27


 1061 0125 27       		.uleb128 0x27
 1062 0126 19       		.uleb128 0x19
 1063 0127 11       		.uleb128 0x11
 1064 0128 01       		.uleb128 0x1
 1065 0129 12       		.uleb128 0x12
 1066 012a 06       		.uleb128 0x6
 1067 012b 40       		.uleb128 0x40
 1068 012c 18       		.uleb128 0x18
 1069 012d 9742     		.uleb128 0x2117
 1070 012f 19       		.uleb128 0x19
 1071 0130 00       		.byte	0
 1072 0131 00       		.byte	0
 1073 0132 14       		.uleb128 0x14
 1074 0133 2E       		.uleb128 0x2e
 1075 0134 00       		.byte	0
 1076 0135 3F       		.uleb128 0x3f
 1077 0136 19       		.uleb128 0x19
 1078 0137 03       		.uleb128 0x3
 1079 0138 0E       		.uleb128 0xe
 1080 0139 3A       		.uleb128 0x3a
 1081 013a 0B       		.uleb128 0xb
 1082 013b 3B       		.uleb128 0x3b
 1083 013c 05       		.uleb128 0x5
 1084 013d 27       		.uleb128 0x27
 1085 013e 19       		.uleb128 0x19
 1086 013f 49       		.uleb128 0x49
 1087 0140 13       		.uleb128 0x13
 1088 0141 11       		.uleb128 0x11
 1089 0142 01       		.uleb128 0x1
 1090 0143 12       		.uleb128 0x12
 1091 0144 06       		.uleb128 0x6
 1092 0145 40       		.uleb128 0x40
 1093 0146 18       		.uleb128 0x18
 1094 0147 9742     		.uleb128 0x2117
 1095 0149 19       		.uleb128 0x19
 1096 014a 00       		.byte	0
 1097 014b 00       		.byte	0
 1098 014c 15       		.uleb128 0x15
 1099 014d 898201   		.uleb128 0x4109
 1100 0150 01       		.byte	0x1
 1101 0151 11       		.uleb128 0x11
 1102 0152 01       		.uleb128 0x1
 1103 0153 31       		.uleb128 0x31
 1104 0154 13       		.uleb128 0x13
 1105 0155 01       		.uleb128 0x1
 1106 0156 13       		.uleb128 0x13
 1107 0157 00       		.byte	0
 1108 0158 00       		.byte	0
 1109 0159 16       		.uleb128 0x16
 1110 015a 8A8201   		.uleb128 0x410a
 1111 015d 00       		.byte	0
 1112 015e 02       		.uleb128 0x2
 1113 015f 18       		.uleb128 0x18
 1114 0160 9142     		.uleb128 0x2111
 1115 0162 18       		.uleb128 0x18
 1116 0163 00       		.byte	0
 1117 0164 00       		.byte	0
ARM GAS  C:\Users\pxc\AppData\Local\Temp\ccml6rZJ.s 			page 28


 1118 0165 17       		.uleb128 0x17
 1119 0166 05       		.uleb128 0x5
 1120 0167 00       		.byte	0
 1121 0168 03       		.uleb128 0x3
 1122 0169 0E       		.uleb128 0xe
 1123 016a 3A       		.uleb128 0x3a
 1124 016b 0B       		.uleb128 0xb
 1125 016c 3B       		.uleb128 0x3b
 1126 016d 0B       		.uleb128 0xb
 1127 016e 49       		.uleb128 0x49
 1128 016f 13       		.uleb128 0x13
 1129 0170 02       		.uleb128 0x2
 1130 0171 17       		.uleb128 0x17
 1131 0172 00       		.byte	0
 1132 0173 00       		.byte	0
 1133 0174 18       		.uleb128 0x18
 1134 0175 01       		.uleb128 0x1
 1135 0176 01       		.byte	0x1
 1136 0177 49       		.uleb128 0x49
 1137 0178 13       		.uleb128 0x13
 1138 0179 01       		.uleb128 0x1
 1139 017a 13       		.uleb128 0x13
 1140 017b 00       		.byte	0
 1141 017c 00       		.byte	0
 1142 017d 19       		.uleb128 0x19
 1143 017e 21       		.uleb128 0x21
 1144 017f 00       		.byte	0
 1145 0180 49       		.uleb128 0x49
 1146 0181 13       		.uleb128 0x13
 1147 0182 2F       		.uleb128 0x2f
 1148 0183 0B       		.uleb128 0xb
 1149 0184 00       		.byte	0
 1150 0185 00       		.byte	0
 1151 0186 1A       		.uleb128 0x1a
 1152 0187 34       		.uleb128 0x34
 1153 0188 00       		.byte	0
 1154 0189 03       		.uleb128 0x3
 1155 018a 0E       		.uleb128 0xe
 1156 018b 3A       		.uleb128 0x3a
 1157 018c 0B       		.uleb128 0xb
 1158 018d 3B       		.uleb128 0x3b
 1159 018e 05       		.uleb128 0x5
 1160 018f 49       		.uleb128 0x49
 1161 0190 13       		.uleb128 0x13
 1162 0191 3F       		.uleb128 0x3f
 1163 0192 19       		.uleb128 0x19
 1164 0193 3C       		.uleb128 0x3c
 1165 0194 19       		.uleb128 0x19
 1166 0195 00       		.byte	0
 1167 0196 00       		.byte	0
 1168 0197 1B       		.uleb128 0x1b
 1169 0198 2E       		.uleb128 0x2e
 1170 0199 00       		.byte	0
 1171 019a 3F       		.uleb128 0x3f
 1172 019b 19       		.uleb128 0x19
 1173 019c 03       		.uleb128 0x3
 1174 019d 0E       		.uleb128 0xe
ARM GAS  C:\Users\pxc\AppData\Local\Temp\ccml6rZJ.s 			page 29


 1175 019e 3A       		.uleb128 0x3a
 1176 019f 0B       		.uleb128 0xb
 1177 01a0 3B       		.uleb128 0x3b
 1178 01a1 0B       		.uleb128 0xb
 1179 01a2 27       		.uleb128 0x27
 1180 01a3 19       		.uleb128 0x19
 1181 01a4 49       		.uleb128 0x49
 1182 01a5 13       		.uleb128 0x13
 1183 01a6 3C       		.uleb128 0x3c
 1184 01a7 19       		.uleb128 0x19
 1185 01a8 00       		.byte	0
 1186 01a9 00       		.byte	0
 1187 01aa 00       		.byte	0
 1188              		.section	.debug_loc,"",%progbits
 1189              	.Ldebug_loc0:
 1190              	.LLST0:
 1191 0000 00000000 		.4byte	.LVL4
 1192 0004 02000000 		.4byte	.LVL5
 1193 0008 0100     		.2byte	0x1
 1194 000a 50       		.byte	0x50
 1195 000b 02000000 		.4byte	.LVL5
 1196 000f 10000000 		.4byte	.LFE69
 1197 0013 0400     		.2byte	0x4
 1198 0015 F3       		.byte	0xf3
 1199 0016 01       		.uleb128 0x1
 1200 0017 50       		.byte	0x50
 1201 0018 9F       		.byte	0x9f
 1202 0019 00000000 		.4byte	0
 1203 001d 00000000 		.4byte	0
 1204              	.LLST1:
 1205 0021 04000000 		.4byte	.LVL6
 1206 0025 06000000 		.4byte	.LVL7
 1207 0029 0500     		.2byte	0x5
 1208 002b 70       		.byte	0x70
 1209 002c 00       		.sleb128 0
 1210 002d 35       		.byte	0x35
 1211 002e 25       		.byte	0x25
 1212 002f 9F       		.byte	0x9f
 1213 0030 00000000 		.4byte	0
 1214 0034 00000000 		.4byte	0
 1215              	.LLST2:
 1216 0038 00000000 		.4byte	.LVL12
 1217 003c 07000000 		.4byte	.LVL13-1
 1218 0040 0100     		.2byte	0x1
 1219 0042 50       		.byte	0x50
 1220 0043 07000000 		.4byte	.LVL13-1
 1221 0047 1A000000 		.4byte	.LFE64
 1222 004b 0100     		.2byte	0x1
 1223 004d 54       		.byte	0x54
 1224 004e 00000000 		.4byte	0
 1225 0052 00000000 		.4byte	0
 1226              		.section	.debug_aranges,"",%progbits
 1227 0000 7C000000 		.4byte	0x7c
 1228 0004 0200     		.2byte	0x2
 1229 0006 00000000 		.4byte	.Ldebug_info0
 1230 000a 04       		.byte	0x4
 1231 000b 00       		.byte	0
ARM GAS  C:\Users\pxc\AppData\Local\Temp\ccml6rZJ.s 			page 30


 1232 000c 0000     		.2byte	0
 1233 000e 0000     		.2byte	0
 1234 0010 00000000 		.4byte	.LFB66
 1235 0014 08000000 		.4byte	.LFE66-.LFB66
 1236 0018 00000000 		.4byte	.LFB67
 1237 001c 0C000000 		.4byte	.LFE67-.LFB67
 1238 0020 00000000 		.4byte	.LFB68
 1239 0024 0C000000 		.4byte	.LFE68-.LFB68
 1240 0028 00000000 		.4byte	.LFB69
 1241 002c 10000000 		.4byte	.LFE69-.LFB69
 1242 0030 00000000 		.4byte	.LFB70
 1243 0034 0C000000 		.4byte	.LFE70-.LFB70
 1244 0038 00000000 		.4byte	.LFB71
 1245 003c 0C000000 		.4byte	.LFE71-.LFB71
 1246 0040 00000000 		.4byte	.LFB72
 1247 0044 18000000 		.4byte	.LFE72-.LFB72
 1248 0048 00000000 		.4byte	.LFB73
 1249 004c 0C000000 		.4byte	.LFE73-.LFB73
 1250 0050 00000000 		.4byte	.LFB63
 1251 0054 1C000000 		.4byte	.LFE63-.LFB63
 1252 0058 00000000 		.4byte	.LFB64
 1253 005c 1A000000 		.4byte	.LFE64-.LFB64
 1254 0060 00000000 		.4byte	.LFB65
 1255 0064 14000000 		.4byte	.LFE65-.LFB65
 1256 0068 00000000 		.4byte	.LFB74
 1257 006c 0C000000 		.4byte	.LFE74-.LFB74
 1258 0070 00000000 		.4byte	.LFB75
 1259 0074 0C000000 		.4byte	.LFE75-.LFB75
 1260 0078 00000000 		.4byte	0
 1261 007c 00000000 		.4byte	0
 1262              		.section	.debug_ranges,"",%progbits
 1263              	.Ldebug_ranges0:
 1264 0000 00000000 		.4byte	.LFB66
 1265 0004 08000000 		.4byte	.LFE66
 1266 0008 00000000 		.4byte	.LFB67
 1267 000c 0C000000 		.4byte	.LFE67
 1268 0010 00000000 		.4byte	.LFB68
 1269 0014 0C000000 		.4byte	.LFE68
 1270 0018 00000000 		.4byte	.LFB69
 1271 001c 10000000 		.4byte	.LFE69
 1272 0020 00000000 		.4byte	.LFB70
 1273 0024 0C000000 		.4byte	.LFE70
 1274 0028 00000000 		.4byte	.LFB71
 1275 002c 0C000000 		.4byte	.LFE71
 1276 0030 00000000 		.4byte	.LFB72
 1277 0034 18000000 		.4byte	.LFE72
 1278 0038 00000000 		.4byte	.LFB73
 1279 003c 0C000000 		.4byte	.LFE73
 1280 0040 00000000 		.4byte	.LFB63
 1281 0044 1C000000 		.4byte	.LFE63
 1282 0048 00000000 		.4byte	.LFB64
 1283 004c 1A000000 		.4byte	.LFE64
 1284 0050 00000000 		.4byte	.LFB65
 1285 0054 14000000 		.4byte	.LFE65
 1286 0058 00000000 		.4byte	.LFB74
 1287 005c 0C000000 		.4byte	.LFE74
 1288 0060 00000000 		.4byte	.LFB75
ARM GAS  C:\Users\pxc\AppData\Local\Temp\ccml6rZJ.s 			page 31


 1289 0064 0C000000 		.4byte	.LFE75
 1290 0068 00000000 		.4byte	0
 1291 006c 00000000 		.4byte	0
 1292              		.section	.debug_line,"",%progbits
 1293              	.Ldebug_line0:
 1294 0000 60020000 		.section	.debug_str,"MS",%progbits,1
 1294      02007201 
 1294      00000201 
 1294      FB0E0D00 
 1294      01010101 
 1295              	.LASF26:
 1296 0000 6973725F 		.ascii	"isr_rx_ch_GetVector\000"
 1296      72785F63 
 1296      685F4765 
 1296      74566563 
 1296      746F7200 
 1297              	.LASF20:
 1298 0014 6973725F 		.ascii	"isr_rx_ch_Interrupt\000"
 1298      72785F63 
 1298      685F496E 
 1298      74657272 
 1298      75707400 
 1299              	.LASF28:
 1300 0028 6973725F 		.ascii	"isr_rx_ch_Enable\000"
 1300      72785F63 
 1300      685F456E 
 1300      61626C65 
 1300      00
 1301              	.LASF23:
 1302 0039 6973725F 		.ascii	"isr_rx_ch_SetPriority\000"
 1302      72785F63 
 1302      685F5365 
 1302      74507269 
 1302      6F726974 
 1303              	.LASF39:
 1304 004f 2E5C4765 		.ascii	".\\Generated_Source\\PSoC5\\isr_rx_ch.c\000"
 1304      6E657261 
 1304      7465645F 
 1304      536F7572 
 1304      63655C50 
 1305              	.LASF11:
 1306 0074 5F5F696E 		.ascii	"__int32_t\000"
 1306      7433325F 
 1306      7400
 1307              	.LASF4:
 1308 007e 73686F72 		.ascii	"short unsigned int\000"
 1308      7420756E 
 1308      7369676E 
 1308      65642069 
 1308      6E7400
 1309              	.LASF16:
 1310 0091 646F7562 		.ascii	"double\000"
 1310      6C6500
 1311              	.LASF40:
 1312 0098 443A5C72 		.ascii	"D:\\robot\\git_code\\robot_car_V5\\car.cydsn\000"
 1312      6F626F74 
 1312      5C676974 
ARM GAS  C:\Users\pxc\AppData\Local\Temp\ccml6rZJ.s 			page 32


 1312      5F636F64 
 1312      655C726F 
 1313              	.LASF32:
 1314 00c1 6973725F 		.ascii	"isr_rx_ch_Stop\000"
 1314      72785F63 
 1314      685F5374 
 1314      6F7000
 1315              	.LASF31:
 1316 00d0 6973725F 		.ascii	"isr_rx_ch_StartEx\000"
 1316      72785F63 
 1316      685F5374 
 1316      61727445 
 1316      7800
 1317              	.LASF15:
 1318 00e2 666C6F61 		.ascii	"float\000"
 1318      7400
 1319              	.LASF35:
 1320 00e8 64617461 		.ascii	"data\000"
 1320      00
 1321              	.LASF2:
 1322 00ed 756E7369 		.ascii	"unsigned char\000"
 1322      676E6564 
 1322      20636861 
 1322      7200
 1323              	.LASF17:
 1324 00fb 72656738 		.ascii	"reg8\000"
 1324      00
 1325              	.LASF6:
 1326 0100 6C6F6E67 		.ascii	"long unsigned int\000"
 1326      20756E73 
 1326      69676E65 
 1326      6420696E 
 1326      7400
 1327              	.LASF36:
 1328 0112 74656D70 		.ascii	"temp\000"
 1328      00
 1329              	.LASF34:
 1330 0117 6973725F 		.ascii	"isr_rx_ch_ClearPending\000"
 1330      72785F63 
 1330      685F436C 
 1330      65617250 
 1330      656E6469 
 1331              	.LASF42:
 1332 012e 49544D5F 		.ascii	"ITM_RxBuffer\000"
 1332      52784275 
 1332      66666572 
 1332      00
 1333              	.LASF29:
 1334 013b 6973725F 		.ascii	"isr_rx_ch_Disable\000"
 1334      72785F63 
 1334      685F4469 
 1334      7361626C 
 1334      6500
 1335              	.LASF33:
 1336 014d 6973725F 		.ascii	"isr_rx_ch_SetPending\000"
 1336      72785F63 
 1336      685F5365 
ARM GAS  C:\Users\pxc\AppData\Local\Temp\ccml6rZJ.s 			page 33


 1336      7450656E 
 1336      64696E67 
 1337              	.LASF25:
 1338 0162 7072696F 		.ascii	"priority\000"
 1338      72697479 
 1338      00
 1339              	.LASF14:
 1340 016b 75696E74 		.ascii	"uint32\000"
 1340      333200
 1341              	.LASF38:
 1342 0172 474E5520 		.ascii	"GNU C 4.9.3 20150303 (release) [ARM/embedded-4_9-br"
 1342      4320342E 
 1342      392E3320 
 1342      32303135 
 1342      30333033 
 1343 01a5 616E6368 		.ascii	"anch revision 221220] -mcpu=cortex-m3 -mthumb -g -O"
 1343      20726576 
 1343      6973696F 
 1343      6E203232 
 1343      31323230 
 1344 01d8 67202D66 		.ascii	"g -ffunction-sections -ffat-lto-objects\000"
 1344      66756E63 
 1344      74696F6E 
 1344      2D736563 
 1344      74696F6E 
 1345              	.LASF0:
 1346 0200 756E7369 		.ascii	"unsigned int\000"
 1346      676E6564 
 1346      20696E74 
 1346      00
 1347              	.LASF24:
 1348 020d 61646472 		.ascii	"address\000"
 1348      65737300 
 1349              	.LASF8:
 1350 0215 6C6F6E67 		.ascii	"long long unsigned int\000"
 1350      206C6F6E 
 1350      6720756E 
 1350      7369676E 
 1350      65642069 
 1351              	.LASF19:
 1352 022c 63796973 		.ascii	"cyisraddress\000"
 1352      72616464 
 1352      72657373 
 1352      00
 1353              	.LASF21:
 1354 0239 6973725F 		.ascii	"isr_rx_ch_SetVector\000"
 1354      72785F63 
 1354      685F5365 
 1354      74566563 
 1354      746F7200 
 1355              	.LASF27:
 1356 024d 6973725F 		.ascii	"isr_rx_ch_GetPriority\000"
 1356      72785F63 
 1356      685F4765 
 1356      74507269 
 1356      6F726974 
 1357              	.LASF12:
ARM GAS  C:\Users\pxc\AppData\Local\Temp\ccml6rZJ.s 			page 34


 1358 0263 696E7433 		.ascii	"int32_t\000"
 1358      325F7400 
 1359              	.LASF9:
 1360 026b 73697A65 		.ascii	"sizetype\000"
 1360      74797065 
 1360      00
 1361              	.LASF41:
 1362 0274 6973725F 		.ascii	"isr_rx_ch_GetState\000"
 1362      72785F63 
 1362      685F4765 
 1362      74537461 
 1362      746500
 1363              	.LASF43:
 1364 0287 55415254 		.ascii	"UART_CH_GetChar\000"
 1364      5F43485F 
 1364      47657443 
 1364      68617200 
 1365              	.LASF7:
 1366 0297 6C6F6E67 		.ascii	"long long int\000"
 1366      206C6F6E 
 1366      6720696E 
 1366      7400
 1367              	.LASF10:
 1368 02a5 63686172 		.ascii	"char\000"
 1368      00
 1369              	.LASF22:
 1370 02aa 72616D56 		.ascii	"ramVectorTable\000"
 1370      6563746F 
 1370      72546162 
 1370      6C6500
 1371              	.LASF37:
 1372 02b9 636F756E 		.ascii	"count\000"
 1372      7400
 1373              	.LASF3:
 1374 02bf 73686F72 		.ascii	"short int\000"
 1374      7420696E 
 1374      7400
 1375              	.LASF13:
 1376 02c9 75696E74 		.ascii	"uint8\000"
 1376      3800
 1377              	.LASF5:
 1378 02cf 6C6F6E67 		.ascii	"long int\000"
 1378      20696E74 
 1378      00
 1379              	.LASF18:
 1380 02d8 72656733 		.ascii	"reg32\000"
 1380      3200
 1381              	.LASF1:
 1382 02de 7369676E 		.ascii	"signed char\000"
 1382      65642063 
 1382      68617200 
 1383              	.LASF30:
 1384 02ea 6973725F 		.ascii	"isr_rx_ch_Start\000"
 1384      72785F63 
 1384      685F5374 
 1384      61727400 
 1385              		.ident	"GCC: (GNU Tools for ARM Embedded Processors) 4.9.3 20150303 (release) [ARM/embedded-4_9-br
ARM GAS  C:\Users\pxc\AppData\Local\Temp\ccml6rZJ.s 			page 35


